ARM GAS  /tmp/cccN9hLS.s 			page 1


   1              		.cpu cortex-m3
   2              		.arch armv7-m
   3              		.fpu softvfp
   4              		.eabi_attribute 20, 1
   5              		.eabi_attribute 21, 1
   6              		.eabi_attribute 23, 3
   7              		.eabi_attribute 24, 1
   8              		.eabi_attribute 25, 1
   9              		.eabi_attribute 26, 1
  10              		.eabi_attribute 30, 1
  11              		.eabi_attribute 34, 1
  12              		.eabi_attribute 18, 4
  13              		.file	"can_app.c"
  14              		.text
  15              	.Ltext0:
  16              		.cfi_sections	.debug_frame
  17              		.file 1 "Core/Src/can_app.c"
  18              		.section	.text.CAN_SendFloat,"ax",%progbits
  19              		.align	1
  20              		.global	CAN_SendFloat
  21              		.syntax unified
  22              		.thumb
  23              		.thumb_func
  25              	CAN_SendFloat:
  26              	.LVL0:
  27              	.LFB68:
   1:Core/Src/can_app.c **** #include "can.h" 
   2:Core/Src/can_app.c **** #include "can_app.h" 
   3:Core/Src/can_app.c **** #include <stdio.h>
   4:Core/Src/can_app.c **** 
   5:Core/Src/can_app.c **** extern CAN_HandleTypeDef hcan; // Usamos la hcan que ya configuramos
   6:Core/Src/can_app.c **** 
   7:Core/Src/can_app.c **** void CAN_SendFloat(uint16_t id, float value)
   8:Core/Src/can_app.c **** {
  28              		.loc 1 8 1 view -0
  29              		.cfi_startproc
  30              		@ args = 0, pretend = 0, frame = 32
  31              		@ frame_needed = 0, uses_anonymous_args = 0
  32              		.loc 1 8 1 is_stmt 0 view .LVU1
  33 0000 00B5     		push	{lr}
  34              	.LCFI0:
  35              		.cfi_def_cfa_offset 4
  36              		.cfi_offset 14, -4
  37 0002 89B0     		sub	sp, sp, #36
  38              	.LCFI1:
  39              		.cfi_def_cfa_offset 40
   9:Core/Src/can_app.c ****     CAN_TxHeaderTypeDef TxHeader;
  40              		.loc 1 9 5 is_stmt 1 view .LVU2
  10:Core/Src/can_app.c ****     uint32_t TxMailbox;
  41              		.loc 1 10 5 view .LVU3
  11:Core/Src/can_app.c ****     
  12:Core/Src/can_app.c ****     // Unión para convertir float a bytes sin perder precisión
  13:Core/Src/can_app.c ****     union {
  42              		.loc 1 13 5 view .LVU4
  14:Core/Src/can_app.c ****         float f;
  15:Core/Src/can_app.c ****         uint8_t bytes[4];
  16:Core/Src/can_app.c ****     } data;
ARM GAS  /tmp/cccN9hLS.s 			page 2


  17:Core/Src/can_app.c ****     
  18:Core/Src/can_app.c ****     data.f = value;
  43              		.loc 1 18 5 view .LVU5
  44              		.loc 1 18 12 is_stmt 0 view .LVU6
  45 0004 0091     		str	r1, [sp]	@ float
  19:Core/Src/can_app.c **** 
  20:Core/Src/can_app.c ****     TxHeader.StdId = id;
  46              		.loc 1 20 5 is_stmt 1 view .LVU7
  47              		.loc 1 20 20 is_stmt 0 view .LVU8
  48 0006 0290     		str	r0, [sp, #8]
  21:Core/Src/can_app.c ****     TxHeader.RTR = CAN_RTR_DATA;
  49              		.loc 1 21 5 is_stmt 1 view .LVU9
  50              		.loc 1 21 18 is_stmt 0 view .LVU10
  51 0008 0023     		movs	r3, #0
  52 000a 0593     		str	r3, [sp, #20]
  22:Core/Src/can_app.c ****     TxHeader.IDE = CAN_ID_STD;
  53              		.loc 1 22 5 is_stmt 1 view .LVU11
  54              		.loc 1 22 18 is_stmt 0 view .LVU12
  55 000c 0493     		str	r3, [sp, #16]
  23:Core/Src/can_app.c ****     TxHeader.DLC = 4; // Un float ocupa 4 bytes
  56              		.loc 1 23 5 is_stmt 1 view .LVU13
  57              		.loc 1 23 18 is_stmt 0 view .LVU14
  58 000e 0422     		movs	r2, #4
  59 0010 0692     		str	r2, [sp, #24]
  24:Core/Src/can_app.c ****     TxHeader.TransmitGlobalTime = DISABLE;
  60              		.loc 1 24 5 is_stmt 1 view .LVU15
  61              		.loc 1 24 33 is_stmt 0 view .LVU16
  62 0012 8DF81C30 		strb	r3, [sp, #28]
  25:Core/Src/can_app.c **** 
  26:Core/Src/can_app.c ****     // Enviamos
  27:Core/Src/can_app.c **** if (HAL_CAN_AddTxMessage(&hcan, &TxHeader, data.bytes, &TxMailbox) != HAL_OK)    {
  63              		.loc 1 27 1 is_stmt 1 view .LVU17
  64              		.loc 1 27 5 is_stmt 0 view .LVU18
  65 0016 0DEB0203 		add	r3, sp, r2
  66 001a 6A46     		mov	r2, sp
  67 001c 02A9     		add	r1, sp, #8
  68              	.LVL1:
  69              		.loc 1 27 5 view .LVU19
  70 001e 0348     		ldr	r0, .L3
  71              	.LVL2:
  72              		.loc 1 27 5 view .LVU20
  73 0020 FFF7FEFF 		bl	HAL_CAN_AddTxMessage
  74              	.LVL3:
  28:Core/Src/can_app.c ****         // Si falla, al menos sabemos por qué
  29:Core/Src/can_app.c ****         // printf("Error TX CAN\r\n"); 
  30:Core/Src/can_app.c ****     }
  75              		.loc 1 30 5 is_stmt 1 view .LVU21
  31:Core/Src/can_app.c **** }...
  76              		.loc 1 31 1 is_stmt 0 view .LVU22
  77 0024 09B0     		add	sp, sp, #36
  78              	.LCFI2:
  79              		.cfi_def_cfa_offset 4
  80              		@ sp needed
  81 0026 5DF804FB 		ldr	pc, [sp], #4
  82              	.L4:
  83 002a 00BF     		.align	2
  84              	.L3:
ARM GAS  /tmp/cccN9hLS.s 			page 3


  85 002c 00000000 		.word	hcan
  86              		.cfi_endproc
  87              	.LFE68:
  89              		.text
  90              	.Letext0:
  91              		.file 2 "/usr/lib/gcc/arm-none-eabi/13.2.1/include/stdint.h"
  92              		.file 3 "Drivers/CMSIS/Device/ST/STM32F1xx/Include/stm32f103xb.h"
  93              		.file 4 "Drivers/CMSIS/Device/ST/STM32F1xx/Include/stm32f1xx.h"
  94              		.file 5 "Drivers/STM32F1xx_HAL_Driver/Inc/stm32f1xx_hal_def.h"
  95              		.file 6 "Drivers/STM32F1xx_HAL_Driver/Inc/stm32f1xx_hal_can.h"
  96              		.file 7 "Core/Inc/can.h"
ARM GAS  /tmp/cccN9hLS.s 			page 4


DEFINED SYMBOLS
                            *ABS*:00000000 can_app.c
     /tmp/cccN9hLS.s:19     .text.CAN_SendFloat:00000000 $t
     /tmp/cccN9hLS.s:25     .text.CAN_SendFloat:00000000 CAN_SendFloat
     /tmp/cccN9hLS.s:85     .text.CAN_SendFloat:0000002c $d

UNDEFINED SYMBOLS
HAL_CAN_AddTxMessage
hcan
