ARM GAS  /tmp/ccauqFTX.s 			page 1


   1              		.cpu cortex-m3
   2              		.arch armv7-m
   3              		.fpu softvfp
   4              		.eabi_attribute 20, 1
   5              		.eabi_attribute 21, 1
   6              		.eabi_attribute 23, 3
   7              		.eabi_attribute 24, 1
   8              		.eabi_attribute 25, 1
   9              		.eabi_attribute 26, 1
  10              		.eabi_attribute 30, 1
  11              		.eabi_attribute 34, 1
  12              		.eabi_attribute 18, 4
  13              		.file	"regression_tree.c"
  14              		.text
  15              	.Ltext0:
  16              		.cfi_sections	.debug_frame
  17              		.global	__aeabi_fcmple
  18              		.section	.text.PredictSpeed,"ax",%progbits
  19              		.align	1
  20              		.global	PredictSpeed
  21              		.syntax unified
  22              		.thumb
  23              		.thumb_func
  25              	PredictSpeed:
  26              	.LVL0:
  27              	.LFB3:
  28              		.file 1 "Core/Src/regression_tree.c"
   1:Core/Src/regression_tree.c **** /* USER CODE BEGIN Header */
   2:Core/Src/regression_tree.c **** /**
   3:Core/Src/regression_tree.c ****   ******************************************************************************
   4:Core/Src/regression_tree.c ****   * File Name          : freertos.c
   5:Core/Src/regression_tree.c ****   * Description        : Code for freertos applications (Merged Version)
   6:Core/Src/regression_tree.c ****   ******************************************************************************
   7:Core/Src/regression_tree.c ****   * @attention
   8:Core/Src/regression_tree.c ****   *
   9:Core/Src/regression_tree.c ****   * Copyright (c) 2026 STMicroelectronics.
  10:Core/Src/regression_tree.c ****   * All rights reserved.
  11:Core/Src/regression_tree.c ****   *
  12:Core/Src/regression_tree.c ****   * This software is licensed under terms that can be found in the LICENSE file
  13:Core/Src/regression_tree.c ****   * in the root directory of this software component.
  14:Core/Src/regression_tree.c ****   * If no LICENSE file comes with this software, it is provided AS-IS.
  15:Core/Src/regression_tree.c ****   *
  16:Core/Src/regression_tree.c ****   ******************************************************************************
  17:Core/Src/regression_tree.c ****   */
  18:Core/Src/regression_tree.c **** /* USER CODE END Header */
  19:Core/Src/regression_tree.c **** 
  20:Core/Src/regression_tree.c **** /* Includes ------------------------------------------------------------------*/
  21:Core/Src/regression_tree.c **** #include "math.h"
  22:Core/Src/regression_tree.c **** #include <stdio.h>
  23:Core/Src/regression_tree.c **** 
  24:Core/Src/regression_tree.c **** /* Private function prototypes -----------------------------------------------*/
  25:Core/Src/regression_tree.c **** /* USER CODE BEGIN FunctionPrototypes */
  26:Core/Src/regression_tree.c **** float PredictSpeed(
  27:Core/Src/regression_tree.c ****     float rms,
  28:Core/Src/regression_tree.c ****     float crest,
  29:Core/Src/regression_tree.c ****     float peak,
  30:Core/Src/regression_tree.c ****     float temp,
ARM GAS  /tmp/ccauqFTX.s 			page 2


  31:Core/Src/regression_tree.c ****     float current);
  32:Core/Src/regression_tree.c **** 
  33:Core/Src/regression_tree.c **** 
  34:Core/Src/regression_tree.c **** float PredictSpeed(
  35:Core/Src/regression_tree.c ****     float rms,
  36:Core/Src/regression_tree.c ****     float crest,
  37:Core/Src/regression_tree.c ****     float peak,
  38:Core/Src/regression_tree.c ****     float temp,
  39:Core/Src/regression_tree.c ****     float current)
  40:Core/Src/regression_tree.c **** {
  29              		.loc 1 40 1 view -0
  30              		.cfi_startproc
  31              		@ args = 4, pretend = 0, frame = 0
  32              		@ frame_needed = 0, uses_anonymous_args = 0
  33              		.loc 1 40 1 is_stmt 0 view .LVU1
  34 0000 F8B5     		push	{r3, r4, r5, r6, r7, lr}
  35              	.LCFI0:
  36              		.cfi_def_cfa_offset 24
  37              		.cfi_offset 3, -24
  38              		.cfi_offset 4, -20
  39              		.cfi_offset 5, -16
  40              		.cfi_offset 6, -12
  41              		.cfi_offset 7, -8
  42              		.cfi_offset 14, -4
  43 0002 0746     		mov	r7, r0
  44 0004 1546     		mov	r5, r2
  45 0006 1C46     		mov	r4, r3
  46 0008 069E     		ldr	r6, [sp, #24]	@ float
  41:Core/Src/regression_tree.c ****     if(current <= 0.18f)
  47              		.loc 1 41 5 is_stmt 1 view .LVU2
  48              		.loc 1 41 7 is_stmt 0 view .LVU3
  49 000a 4849     		ldr	r1, .L71
  50              	.LVL1:
  51              		.loc 1 41 7 view .LVU4
  52 000c 3046     		mov	r0, r6
  53              	.LVL2:
  54              		.loc 1 41 7 view .LVU5
  55 000e FFF7FEFF 		bl	__aeabi_fcmple
  56              	.LVL3:
  57              		.loc 1 41 7 view .LVU6
  58 0012 0028     		cmp	r0, #0
  59 0014 2DD0     		beq	.L54
  42:Core/Src/regression_tree.c ****     {
  43:Core/Src/regression_tree.c ****         if(temp <= 46.95f)
  60              		.loc 1 43 9 is_stmt 1 view .LVU7
  61              		.loc 1 43 11 is_stmt 0 view .LVU8
  62 0016 4649     		ldr	r1, .L71+4
  63 0018 2046     		mov	r0, r4
  64 001a FFF7FEFF 		bl	__aeabi_fcmple
  65              	.LVL4:
  66 001e 0028     		cmp	r0, #0
  67 0020 6BD1     		bne	.L26
  44:Core/Src/regression_tree.c ****         {
  45:Core/Src/regression_tree.c ****             return 0.0f;
  46:Core/Src/regression_tree.c ****         }
  47:Core/Src/regression_tree.c ****         else
  48:Core/Src/regression_tree.c ****         {
ARM GAS  /tmp/ccauqFTX.s 			page 3


  49:Core/Src/regression_tree.c ****             if(temp <= 47.01f)
  68              		.loc 1 49 13 is_stmt 1 view .LVU9
  69              		.loc 1 49 15 is_stmt 0 view .LVU10
  70 0022 4449     		ldr	r1, .L71+8
  71 0024 2046     		mov	r0, r4
  72 0026 FFF7FEFF 		bl	__aeabi_fcmple
  73              	.LVL5:
  74 002a 68B1     		cbz	r0, .L55
  50:Core/Src/regression_tree.c ****             {
  51:Core/Src/regression_tree.c ****                 if(rms <= 1.94f)
  75              		.loc 1 51 17 is_stmt 1 view .LVU11
  76              		.loc 1 51 19 is_stmt 0 view .LVU12
  77 002c 4249     		ldr	r1, .L71+12
  78 002e 3846     		mov	r0, r7
  79 0030 FFF7FEFF 		bl	__aeabi_fcmple
  80              	.LVL6:
  81 0034 0028     		cmp	r0, #0
  82 0036 62D1     		bne	.L27
  52:Core/Src/regression_tree.c ****                 {
  53:Core/Src/regression_tree.c ****                     return 236.19f;
  54:Core/Src/regression_tree.c ****                 }
  55:Core/Src/regression_tree.c ****                 else
  56:Core/Src/regression_tree.c ****                 {
  57:Core/Src/regression_tree.c ****                     if(current <= 0.07f)
  83              		.loc 1 57 21 is_stmt 1 view .LVU13
  84              		.loc 1 57 23 is_stmt 0 view .LVU14
  85 0038 4049     		ldr	r1, .L71+16
  86 003a 3046     		mov	r0, r6
  87 003c FFF7FEFF 		bl	__aeabi_fcmple
  88              	.LVL7:
  89 0040 0028     		cmp	r0, #0
  90 0042 5ED0     		beq	.L56
  58:Core/Src/regression_tree.c ****                     {
  59:Core/Src/regression_tree.c ****                         return 844.11f;
  91              		.loc 1 59 32 view .LVU15
  92 0044 3E48     		ldr	r0, .L71+20
  93 0046 59E0     		b	.L1
  94              	.L55:
  60:Core/Src/regression_tree.c ****                     }
  61:Core/Src/regression_tree.c ****                     else
  62:Core/Src/regression_tree.c ****                     {
  63:Core/Src/regression_tree.c ****                         return 579.04f;
  64:Core/Src/regression_tree.c ****                     }
  65:Core/Src/regression_tree.c ****                 }
  66:Core/Src/regression_tree.c ****             }
  67:Core/Src/regression_tree.c ****             else
  68:Core/Src/regression_tree.c ****             {
  69:Core/Src/regression_tree.c ****                 if(peak <= 6.44f)
  95              		.loc 1 69 17 is_stmt 1 view .LVU16
  96              		.loc 1 69 19 is_stmt 0 view .LVU17
  97 0048 3E49     		ldr	r1, .L71+24
  98 004a 2846     		mov	r0, r5
  99 004c FFF7FEFF 		bl	__aeabi_fcmple
 100              	.LVL8:
 101 0050 38B1     		cbz	r0, .L57
  70:Core/Src/regression_tree.c ****                 {
  71:Core/Src/regression_tree.c ****                     if(current <= 0.07f)
ARM GAS  /tmp/ccauqFTX.s 			page 4


 102              		.loc 1 71 21 is_stmt 1 view .LVU18
 103              		.loc 1 71 23 is_stmt 0 view .LVU19
 104 0052 3A49     		ldr	r1, .L71+16
 105 0054 3046     		mov	r0, r6
 106 0056 FFF7FEFF 		bl	__aeabi_fcmple
 107              	.LVL9:
 108 005a 0028     		cmp	r0, #0
 109 005c 53D0     		beq	.L58
  72:Core/Src/regression_tree.c ****                     {
  73:Core/Src/regression_tree.c ****                         return 45.70f;
 110              		.loc 1 73 32 view .LVU20
 111 005e 3A48     		ldr	r0, .L71+28
 112 0060 4CE0     		b	.L1
 113              	.L57:
  74:Core/Src/regression_tree.c ****                     }
  75:Core/Src/regression_tree.c ****                     else
  76:Core/Src/regression_tree.c ****                     {
  77:Core/Src/regression_tree.c ****                         return 4.35f;
  78:Core/Src/regression_tree.c ****                     }
  79:Core/Src/regression_tree.c ****                 }
  80:Core/Src/regression_tree.c ****                 else
  81:Core/Src/regression_tree.c ****                 {
  82:Core/Src/regression_tree.c ****                     if(rms <= 2.58f)
 114              		.loc 1 82 21 is_stmt 1 view .LVU21
 115              		.loc 1 82 23 is_stmt 0 view .LVU22
 116 0062 3A49     		ldr	r1, .L71+32
 117 0064 3846     		mov	r0, r7
 118 0066 FFF7FEFF 		bl	__aeabi_fcmple
 119              	.LVL10:
 120 006a 0028     		cmp	r0, #0
 121 006c 4DD0     		beq	.L59
  83:Core/Src/regression_tree.c ****                     {
  84:Core/Src/regression_tree.c ****                         return 458.38f;
 122              		.loc 1 84 32 view .LVU23
 123 006e 3848     		ldr	r0, .L71+36
 124 0070 44E0     		b	.L1
 125              	.L54:
  85:Core/Src/regression_tree.c ****                     }
  86:Core/Src/regression_tree.c ****                     else
  87:Core/Src/regression_tree.c ****                     {
  88:Core/Src/regression_tree.c ****                         return 0.0f;
  89:Core/Src/regression_tree.c ****                     }
  90:Core/Src/regression_tree.c ****                 }
  91:Core/Src/regression_tree.c ****             }
  92:Core/Src/regression_tree.c ****         }
  93:Core/Src/regression_tree.c ****     }
  94:Core/Src/regression_tree.c ****     else
  95:Core/Src/regression_tree.c ****     {
  96:Core/Src/regression_tree.c ****         if(current <= 0.35f)
 126              		.loc 1 96 9 is_stmt 1 view .LVU24
 127              		.loc 1 96 11 is_stmt 0 view .LVU25
 128 0072 3849     		ldr	r1, .L71+40
 129 0074 3046     		mov	r0, r6
 130 0076 FFF7FEFF 		bl	__aeabi_fcmple
 131              	.LVL11:
 132 007a 0028     		cmp	r0, #0
 133 007c 2CD0     		beq	.L60
ARM GAS  /tmp/ccauqFTX.s 			page 5


  97:Core/Src/regression_tree.c ****         {
  98:Core/Src/regression_tree.c ****             if(temp <= 23.48f)
 134              		.loc 1 98 13 is_stmt 1 view .LVU26
 135              		.loc 1 98 15 is_stmt 0 view .LVU27
 136 007e 3649     		ldr	r1, .L71+44
 137 0080 2046     		mov	r0, r4
 138 0082 FFF7FEFF 		bl	__aeabi_fcmple
 139              	.LVL12:
 140 0086 A0B1     		cbz	r0, .L61
  99:Core/Src/regression_tree.c ****             {
 100:Core/Src/regression_tree.c ****                 if(temp <= 21.37f)
 141              		.loc 1 100 17 is_stmt 1 view .LVU28
 142              		.loc 1 100 19 is_stmt 0 view .LVU29
 143 0088 3449     		ldr	r1, .L71+48
 144 008a 2046     		mov	r0, r4
 145 008c FFF7FEFF 		bl	__aeabi_fcmple
 146              	.LVL13:
 147 0090 38B1     		cbz	r0, .L62
 101:Core/Src/regression_tree.c ****                 {
 102:Core/Src/regression_tree.c ****                     if(temp <= 21.07f)
 148              		.loc 1 102 21 is_stmt 1 view .LVU30
 149              		.loc 1 102 23 is_stmt 0 view .LVU31
 150 0092 3349     		ldr	r1, .L71+52
 151 0094 2046     		mov	r0, r4
 152 0096 FFF7FEFF 		bl	__aeabi_fcmple
 153              	.LVL14:
 154 009a 0028     		cmp	r0, #0
 155 009c 37D0     		beq	.L63
 103:Core/Src/regression_tree.c ****                     {
 104:Core/Src/regression_tree.c ****                         return 1440.49f;
 156              		.loc 1 104 32 view .LVU32
 157 009e 3148     		ldr	r0, .L71+56
 158 00a0 2CE0     		b	.L1
 159              	.L62:
 105:Core/Src/regression_tree.c ****                     }
 106:Core/Src/regression_tree.c ****                     else
 107:Core/Src/regression_tree.c ****                     {
 108:Core/Src/regression_tree.c ****                         return 1428.96f;
 109:Core/Src/regression_tree.c ****                     }
 110:Core/Src/regression_tree.c ****                 }
 111:Core/Src/regression_tree.c ****                 else
 112:Core/Src/regression_tree.c ****                 {
 113:Core/Src/regression_tree.c ****                     if(temp <= 21.76f)
 160              		.loc 1 113 21 is_stmt 1 view .LVU33
 161              		.loc 1 113 23 is_stmt 0 view .LVU34
 162 00a2 3149     		ldr	r1, .L71+60
 163 00a4 2046     		mov	r0, r4
 164 00a6 FFF7FEFF 		bl	__aeabi_fcmple
 165              	.LVL15:
 166 00aa 0028     		cmp	r0, #0
 167 00ac 31D0     		beq	.L64
 114:Core/Src/regression_tree.c ****                     {
 115:Core/Src/regression_tree.c ****                         return 1448.71f;
 168              		.loc 1 115 32 view .LVU35
 169 00ae 2F48     		ldr	r0, .L71+64
 170 00b0 24E0     		b	.L1
 171              	.L61:
ARM GAS  /tmp/ccauqFTX.s 			page 6


 116:Core/Src/regression_tree.c ****                     }
 117:Core/Src/regression_tree.c ****                     else
 118:Core/Src/regression_tree.c ****                     {
 119:Core/Src/regression_tree.c ****                         return 1435.06f;
 120:Core/Src/regression_tree.c ****                     }
 121:Core/Src/regression_tree.c ****                 }
 122:Core/Src/regression_tree.c ****             }
 123:Core/Src/regression_tree.c ****             else
 124:Core/Src/regression_tree.c ****             {
 125:Core/Src/regression_tree.c ****                 if(temp <= 41.41f)
 172              		.loc 1 125 17 is_stmt 1 view .LVU36
 173              		.loc 1 125 19 is_stmt 0 view .LVU37
 174 00b2 2F49     		ldr	r1, .L71+68
 175 00b4 2046     		mov	r0, r4
 176 00b6 FFF7FEFF 		bl	__aeabi_fcmple
 177              	.LVL16:
 178 00ba 30B1     		cbz	r0, .L65
 126:Core/Src/regression_tree.c ****                 {
 127:Core/Src/regression_tree.c ****                     if(temp <= 30.16f)
 179              		.loc 1 127 21 is_stmt 1 view .LVU38
 180              		.loc 1 127 23 is_stmt 0 view .LVU39
 181 00bc 2D49     		ldr	r1, .L71+72
 182 00be 2046     		mov	r0, r4
 183 00c0 FFF7FEFF 		bl	__aeabi_fcmple
 184              	.LVL17:
 185 00c4 38B3     		cbz	r0, .L66
 128:Core/Src/regression_tree.c ****                     {
 129:Core/Src/regression_tree.c ****                         return 1451.64f;
 186              		.loc 1 129 32 view .LVU40
 187 00c6 2C48     		ldr	r0, .L71+76
 188 00c8 18E0     		b	.L1
 189              	.L65:
 130:Core/Src/regression_tree.c ****                     }
 131:Core/Src/regression_tree.c ****                     else
 132:Core/Src/regression_tree.c ****                     {
 133:Core/Src/regression_tree.c ****                         return 1445.59f;
 134:Core/Src/regression_tree.c ****                     }
 135:Core/Src/regression_tree.c ****                 }
 136:Core/Src/regression_tree.c ****                 else
 137:Core/Src/regression_tree.c ****                 {
 138:Core/Src/regression_tree.c ****                     if(temp <= 42.83f)
 190              		.loc 1 138 21 is_stmt 1 view .LVU41
 191              		.loc 1 138 23 is_stmt 0 view .LVU42
 192 00ca 2C49     		ldr	r1, .L71+80
 193 00cc 2046     		mov	r0, r4
 194 00ce FFF7FEFF 		bl	__aeabi_fcmple
 195              	.LVL18:
 196 00d2 10B3     		cbz	r0, .L67
 139:Core/Src/regression_tree.c ****                     {
 140:Core/Src/regression_tree.c ****                         return 1455.13f;
 197              		.loc 1 140 32 view .LVU43
 198 00d4 2A48     		ldr	r0, .L71+84
 199 00d6 11E0     		b	.L1
 200              	.L60:
 141:Core/Src/regression_tree.c ****                     }
 142:Core/Src/regression_tree.c ****                     else
 143:Core/Src/regression_tree.c ****                     {
ARM GAS  /tmp/ccauqFTX.s 			page 7


 144:Core/Src/regression_tree.c ****                         return 1449.16f;
 145:Core/Src/regression_tree.c ****                     }
 146:Core/Src/regression_tree.c ****                 }
 147:Core/Src/regression_tree.c ****             }
 148:Core/Src/regression_tree.c ****         }
 149:Core/Src/regression_tree.c ****         else
 150:Core/Src/regression_tree.c ****         {
 151:Core/Src/regression_tree.c ****             if(temp <= 45.21f)
 201              		.loc 1 151 13 is_stmt 1 view .LVU44
 202              		.loc 1 151 15 is_stmt 0 view .LVU45
 203 00d8 2A49     		ldr	r1, .L71+88
 204 00da 2046     		mov	r0, r4
 205 00dc FFF7FEFF 		bl	__aeabi_fcmple
 206              	.LVL19:
 207 00e0 E8B1     		cbz	r0, .L68
 152:Core/Src/regression_tree.c ****             {
 153:Core/Src/regression_tree.c ****                 if(temp <= 40.12f)
 208              		.loc 1 153 17 is_stmt 1 view .LVU46
 209              		.loc 1 153 19 is_stmt 0 view .LVU47
 210 00e2 2949     		ldr	r1, .L71+92
 211 00e4 2046     		mov	r0, r4
 212 00e6 FFF7FEFF 		bl	__aeabi_fcmple
 213              	.LVL20:
 214 00ea D0B9     		cbnz	r0, .L36
 154:Core/Src/regression_tree.c ****                 {
 155:Core/Src/regression_tree.c ****                     if(current <= 0.35f)
 156:Core/Src/regression_tree.c ****                     {
 157:Core/Src/regression_tree.c ****                         return 1431.21f;
 158:Core/Src/regression_tree.c ****                     }
 159:Core/Src/regression_tree.c ****                     else
 160:Core/Src/regression_tree.c ****                     {
 161:Core/Src/regression_tree.c ****                         return 1444.92f;
 162:Core/Src/regression_tree.c ****                     }
 163:Core/Src/regression_tree.c ****                 }
 164:Core/Src/regression_tree.c ****                 else
 165:Core/Src/regression_tree.c ****                 {
 166:Core/Src/regression_tree.c ****                     if(temp <= 43.18f)
 215              		.loc 1 166 21 is_stmt 1 view .LVU48
 216              		.loc 1 166 23 is_stmt 0 view .LVU49
 217 00ec 2749     		ldr	r1, .L71+96
 218 00ee 2046     		mov	r0, r4
 219 00f0 FFF7FEFF 		bl	__aeabi_fcmple
 220              	.LVL21:
 221 00f4 B8B1     		cbz	r0, .L69
 167:Core/Src/regression_tree.c ****                     {
 168:Core/Src/regression_tree.c ****                         return 1463.65f;
 222              		.loc 1 168 32 view .LVU50
 223 00f6 2648     		ldr	r0, .L71+100
 224 00f8 00E0     		b	.L1
 225              	.L26:
  45:Core/Src/regression_tree.c ****         }
 226              		.loc 1 45 20 view .LVU51
 227 00fa 0020     		movs	r0, #0
 228              	.L1:
 169:Core/Src/regression_tree.c ****                     }
 170:Core/Src/regression_tree.c ****                     else
 171:Core/Src/regression_tree.c ****                     {
ARM GAS  /tmp/ccauqFTX.s 			page 8


 172:Core/Src/regression_tree.c ****                         return 1450.40f;
 173:Core/Src/regression_tree.c ****                     }
 174:Core/Src/regression_tree.c ****                 }
 175:Core/Src/regression_tree.c ****             }
 176:Core/Src/regression_tree.c ****             else
 177:Core/Src/regression_tree.c ****             {
 178:Core/Src/regression_tree.c ****                 return 896.06f;
 179:Core/Src/regression_tree.c ****             }
 180:Core/Src/regression_tree.c ****         }
 181:Core/Src/regression_tree.c ****     }
 182:Core/Src/regression_tree.c **** }
 229              		.loc 1 182 1 view .LVU52
 230 00fc F8BD     		pop	{r3, r4, r5, r6, r7, pc}
 231              	.LVL22:
 232              	.L27:
  53:Core/Src/regression_tree.c ****                 }
 233              		.loc 1 53 28 view .LVU53
 234 00fe 2548     		ldr	r0, .L71+104
 235 0100 FCE7     		b	.L1
 236              	.L56:
  63:Core/Src/regression_tree.c ****                     }
 237              		.loc 1 63 32 view .LVU54
 238 0102 2548     		ldr	r0, .L71+108
 239 0104 FAE7     		b	.L1
 240              	.L58:
  77:Core/Src/regression_tree.c ****                     }
 241              		.loc 1 77 32 view .LVU55
 242 0106 2548     		ldr	r0, .L71+112
 243 0108 F8E7     		b	.L1
 244              	.L59:
  88:Core/Src/regression_tree.c ****                     }
 245              		.loc 1 88 32 view .LVU56
 246 010a 0020     		movs	r0, #0
 247 010c F6E7     		b	.L1
 248              	.L63:
 108:Core/Src/regression_tree.c ****                     }
 249              		.loc 1 108 32 view .LVU57
 250 010e 2448     		ldr	r0, .L71+116
 251 0110 F4E7     		b	.L1
 252              	.L64:
 119:Core/Src/regression_tree.c ****                     }
 253              		.loc 1 119 32 view .LVU58
 254 0112 2448     		ldr	r0, .L71+120
 255 0114 F2E7     		b	.L1
 256              	.L66:
 133:Core/Src/regression_tree.c ****                     }
 257              		.loc 1 133 32 view .LVU59
 258 0116 2448     		ldr	r0, .L71+124
 259 0118 F0E7     		b	.L1
 260              	.L67:
 144:Core/Src/regression_tree.c ****                     }
 261              		.loc 1 144 32 view .LVU60
 262 011a 2448     		ldr	r0, .L71+128
 263 011c EEE7     		b	.L1
 264              	.L68:
 178:Core/Src/regression_tree.c ****             }
 265              		.loc 1 178 24 view .LVU61
ARM GAS  /tmp/ccauqFTX.s 			page 9


 266 011e 2448     		ldr	r0, .L71+132
 267 0120 ECE7     		b	.L1
 268              	.L36:
 161:Core/Src/regression_tree.c ****                     }
 269              		.loc 1 161 32 view .LVU62
 270 0122 2448     		ldr	r0, .L71+136
 271 0124 EAE7     		b	.L1
 272              	.L69:
 172:Core/Src/regression_tree.c ****                     }
 273              		.loc 1 172 32 view .LVU63
 274 0126 2448     		ldr	r0, .L71+140
 275 0128 E8E7     		b	.L1
 276              	.L72:
 277 012a 00BF     		.align	2
 278              	.L71:
 279 012c EC51383E 		.word	1043878380
 280 0130 CDCC3B42 		.word	1111215309
 281 0134 3D0A3C42 		.word	1111231037
 282 0138 EC51F83F 		.word	1073238508
 283 013c 295C8F3D 		.word	1032805417
 284 0140 0A075344 		.word	1146291978
 285 0144 7B14CE40 		.word	1087247483
 286 0148 CDCC3642 		.word	1110887629
 287 014c B81E2540 		.word	1076174520
 288 0150 A430E543 		.word	1139093668
 289 0154 3333B33E 		.word	1051931443
 290 0158 0AD7BB41 		.word	1102829322
 291 015c C3F5AA41 		.word	1101723075
 292 0160 5C8FA841 		.word	1101565788
 293 0164 AE0FB444 		.word	1152651182
 294 0168 7B14AE41 		.word	1101927547
 295 016c B816B544 		.word	1152718520
 296 0170 D7A32542 		.word	1109763031
 297 0174 AE47F141 		.word	1106331566
 298 0178 7B74B544 		.word	1152742523
 299 017c EC512B42 		.word	1110135276
 300 0180 29E4B544 		.word	1152771113
 301 0184 0AD73442 		.word	1110759178
 302 0188 E17A2042 		.word	1109424865
 303 018c 52B82C42 		.word	1110227026
 304 0190 CDF4B644 		.word	1152840909
 305 0194 A4306C43 		.word	1131163812
 306 0198 8FC21044 		.word	1141949071
 307 019c 33338B40 		.word	1082864435
 308 01a0 B89EB244 		.word	1152556728
 309 01a4 EC61B344 		.word	1152606700
 310 01a8 E1B2B444 		.word	1152692961
 311 01ac 1F25B544 		.word	1152722207
 312 01b0 D7036044 		.word	1147143127
 313 01b4 719DB444 		.word	1152687473
 314 01b8 CD4CB544 		.word	1152732365
 315              		.cfi_endproc
 316              	.LFE3:
 318              		.text
 319              	.Letext0:
ARM GAS  /tmp/ccauqFTX.s 			page 10


DEFINED SYMBOLS
                            *ABS*:0000000000000000 regression_tree.c
     /tmp/ccauqFTX.s:19     .text.PredictSpeed:0000000000000000 $t
     /tmp/ccauqFTX.s:25     .text.PredictSpeed:0000000000000000 PredictSpeed
     /tmp/ccauqFTX.s:279    .text.PredictSpeed:000000000000012c $d

UNDEFINED SYMBOLS
__aeabi_fcmple
