ARM GAS  /tmp/ccdSoNLE.s 			page 1


   1              		.cpu cortex-m3
   2              		.arch armv7-m
   3              		.fpu softvfp
   4              		.eabi_attribute 20, 1
   5              		.eabi_attribute 21, 1
   6              		.eabi_attribute 23, 3
   7              		.eabi_attribute 24, 1
   8              		.eabi_attribute 25, 1
   9              		.eabi_attribute 26, 1
  10              		.eabi_attribute 30, 1
  11              		.eabi_attribute 34, 1
  12              		.eabi_attribute 18, 4
  13              		.file	"freertos.c"
  14              		.text
  15              	.Ltext0:
  16              		.cfi_sections	.debug_frame
  17              		.file 1 "Core/Src/freertos.c"
  18              		.section	.rodata.CAN_Rx_Task.str1.4,"aMS",%progbits,1
  19              		.align	2
  20              	.LC0:
  21 0000 524D5300 		.ascii	"RMS\000"
  22              		.align	2
  23              	.LC1:
  24 0004 43524553 		.ascii	"CREST\000"
  24      5400
  25 000a 0000     		.align	2
  26              	.LC2:
  27 000c 44415441 		.ascii	"DATA\000"
  27      00
  28 0011 000000   		.align	2
  29              	.LC3:
  30 0014 5045414B 		.ascii	"PEAK\000"
  30      00
  31 0019 000000   		.align	2
  32              	.LC4:
  33 001c 5B52585D 		.ascii	"[RX] %s (0x%03lX): %.3f\015\012\000"
  33      20257320 
  33      28307825 
  33      30336C58 
  33      293A2025 
  34              		.global	__aeabi_f2d
  35              		.section	.text.CAN_Rx_Task,"ax",%progbits
  36              		.align	1
  37              		.global	CAN_Rx_Task
  38              		.syntax unified
  39              		.thumb
  40              		.thumb_func
  42              	CAN_Rx_Task:
  43              	.LFB75:
   1:Core/Src/freertos.c **** /* USER CODE BEGIN Header */
   2:Core/Src/freertos.c **** /**
   3:Core/Src/freertos.c ****   ******************************************************************************
   4:Core/Src/freertos.c ****   * File Name          : freertos.c
   5:Core/Src/freertos.c ****   * Description        : Code for freertos applications
   6:Core/Src/freertos.c ****   ******************************************************************************
   7:Core/Src/freertos.c ****   * @attention
   8:Core/Src/freertos.c ****   *
ARM GAS  /tmp/ccdSoNLE.s 			page 2


   9:Core/Src/freertos.c ****   * Copyright (c) 2026 STMicroelectronics.
  10:Core/Src/freertos.c ****   * All rights reserved.
  11:Core/Src/freertos.c ****   *
  12:Core/Src/freertos.c ****   * This software is licensed under terms that can be found in the LICENSE file
  13:Core/Src/freertos.c ****   * in the root directory of this software component.
  14:Core/Src/freertos.c ****   * If no LICENSE file comes with this software, it is provided AS-IS.
  15:Core/Src/freertos.c ****   *
  16:Core/Src/freertos.c ****   ******************************************************************************
  17:Core/Src/freertos.c ****   */
  18:Core/Src/freertos.c **** /* USER CODE END Header */
  19:Core/Src/freertos.c **** 
  20:Core/Src/freertos.c **** /* Includes ------------------------------------------------------------------*/
  21:Core/Src/freertos.c **** //#include "FreeRTOS.h"
  22:Core/Src/freertos.c **** //#include "task.h"
  23:Core/Src/freertos.c **** //#include "main.h"
  24:Core/Src/freertos.c **** //#include "cmsis_os.h"
  25:Core/Src/freertos.c **** 
  26:Core/Src/freertos.c **** #include "FreeRTOS.h"
  27:Core/Src/freertos.c **** #include "task.h"
  28:Core/Src/freertos.c **** #include "main.h"
  29:Core/Src/freertos.c **** #include "cmsis_os.h"
  30:Core/Src/freertos.c **** #include "queue.h"
  31:Core/Src/freertos.c **** 
  32:Core/Src/freertos.c **** #include "adxl345.h"
  33:Core/Src/freertos.c **** 
  34:Core/Src/freertos.c **** #include "i2c.h"
  35:Core/Src/freertos.c **** #include "usart.h"
  36:Core/Src/freertos.c **** 
  37:Core/Src/freertos.c **** #include "features.h"
  38:Core/Src/freertos.c **** #include "can_app.h"
  39:Core/Src/freertos.c **** 
  40:Core/Src/freertos.c **** #include <stdint.h>
  41:Core/Src/freertos.c **** #include <stdio.h>
  42:Core/Src/freertos.c **** #include <stdlib.h>
  43:Core/Src/freertos.c **** #include <string.h>   
  44:Core/Src/freertos.c **** 
  45:Core/Src/freertos.c **** /* Private includes ----------------------------------------------------------*/
  46:Core/Src/freertos.c **** /* USER CODE BEGIN Includes */
  47:Core/Src/freertos.c **** 
  48:Core/Src/freertos.c **** /* USER CODE END Includes */
  49:Core/Src/freertos.c **** 
  50:Core/Src/freertos.c **** /* Private typedef -----------------------------------------------------------*/
  51:Core/Src/freertos.c **** /* USER CODE BEGIN PTD */
  52:Core/Src/freertos.c **** //typedef struct {
  53:Core/Src/freertos.c ****   //  int16_t ax;
  54:Core/Src/freertos.c ****   //  int16_t ay;
  55:Core/Src/freertos.c ****   //  int16_t az;
  56:Core/Src/freertos.c **** //} accel_msg_t;
  57:Core/Src/freertos.c **** 
  58:Core/Src/freertos.c **** //typedef struct {
  59:Core/Src/freertos.c **** //    accel_window_t accel;
  60:Core/Src/freertos.c **** //    uint16_t temp;
  61:Core/Src/freertos.c **** //} raw_data_t;
  62:Core/Src/freertos.c **** 
  63:Core/Src/freertos.c **** //typedef struct {
  64:Core/Src/freertos.c **** //    uint16_t rms;
  65:Core/Src/freertos.c **** //    uint16_t variance;
ARM GAS  /tmp/ccdSoNLE.s 			page 3


  66:Core/Src/freertos.c **** //    uint16_t temp;
  67:Core/Src/freertos.c **** //} feature_frame_t;
  68:Core/Src/freertos.c **** 
  69:Core/Src/freertos.c **** //typedef enum {
  70:Core/Src/freertos.c **** //    CAN_MSG_ACCEL,
  71:Core/Src/freertos.c **** //    CAN_MSG_FEATURE
  72:Core/Src/freertos.c **** //} can_msg_type_t;
  73:Core/Src/freertos.c **** 
  74:Core/Src/freertos.c **** //typedef struct {
  75:Core/Src/freertos.c **** //    can_msg_type_t type;
  76:Core/Src/freertos.c **** //    union {
  77:Core/Src/freertos.c **** //        accel_msg_t        accel;
  78:Core/Src/freertos.c **** //        feature_frame_t    feature;
  79:Core/Src/freertos.c **** //    };
  80:Core/Src/freertos.c **** 
  81:Core/Src/freertos.c **** QueueHandle_t canRxQueue;
  82:Core/Src/freertos.c **** 
  83:Core/Src/freertos.c **** //} can_msg_t;
  84:Core/Src/freertos.c **** /* USER CODE END PTD */
  85:Core/Src/freertos.c **** 
  86:Core/Src/freertos.c **** /* Private define ------------------------------------------------------------*/
  87:Core/Src/freertos.c **** /* USER CODE BEGIN PD */
  88:Core/Src/freertos.c **** 
  89:Core/Src/freertos.c **** /* USER CODE END PD */
  90:Core/Src/freertos.c **** 
  91:Core/Src/freertos.c **** /* Private macro -------------------------------------------------------------*/
  92:Core/Src/freertos.c **** /* USER CODE BEGIN PM */
  93:Core/Src/freertos.c **** 
  94:Core/Src/freertos.c **** /* USER CODE END PM */
  95:Core/Src/freertos.c **** 
  96:Core/Src/freertos.c **** /* Private variables ---------------------------------------------------------*/
  97:Core/Src/freertos.c **** /* USER CODE BEGIN Variables */
  98:Core/Src/freertos.c **** 
  99:Core/Src/freertos.c **** /* USER CODE END Variables */
 100:Core/Src/freertos.c **** osThreadId acquireHandle;
 101:Core/Src/freertos.c **** osThreadId packageHandle;
 102:Core/Src/freertos.c **** osThreadId txCANHandle;
 103:Core/Src/freertos.c **** 
 104:Core/Src/freertos.c **** osMessageQId rawQueueHandle;
 105:Core/Src/freertos.c **** osMessageQId canQueueHandle;
 106:Core/Src/freertos.c **** 
 107:Core/Src/freertos.c **** QueueHandle_t rawQueue;
 108:Core/Src/freertos.c **** QueueHandle_t canQueue;
 109:Core/Src/freertos.c **** 
 110:Core/Src/freertos.c **** /* Private function prototypes -----------------------------------------------*/
 111:Core/Src/freertos.c **** /* USER CODE BEGIN FunctionPrototypes */
 112:Core/Src/freertos.c **** 
 113:Core/Src/freertos.c **** /* USER CODE END FunctionPrototypes */
 114:Core/Src/freertos.c **** 
 115:Core/Src/freertos.c **** void StartAcquireTask(void const * argument);
 116:Core/Src/freertos.c **** void StartPackageTask(void const * argument);
 117:Core/Src/freertos.c **** void StartTxCAN(void const * argument);
 118:Core/Src/freertos.c **** 
 119:Core/Src/freertos.c **** void MX_FREERTOS_Init(void); /* (MISRA C 2004 rule 8.1) */
 120:Core/Src/freertos.c **** 
 121:Core/Src/freertos.c **** /* GetIdleTaskMemory prototype (linked to static allocation support) */
 122:Core/Src/freertos.c **** void vApplicationGetIdleTaskMemory( StaticTask_t **ppxIdleTaskTCBBuffer, StackType_t **ppxIdleTaskS
ARM GAS  /tmp/ccdSoNLE.s 			page 4


 123:Core/Src/freertos.c **** 
 124:Core/Src/freertos.c **** /* USER CODE BEGIN GET_IDLE_TASK_MEMORY */
 125:Core/Src/freertos.c **** static StaticTask_t xIdleTaskTCBBuffer;
 126:Core/Src/freertos.c **** static StackType_t xIdleStack[configMINIMAL_STACK_SIZE];
 127:Core/Src/freertos.c **** 
 128:Core/Src/freertos.c **** void vApplicationGetIdleTaskMemory( StaticTask_t **ppxIdleTaskTCBBuffer, StackType_t **ppxIdleTaskS
 129:Core/Src/freertos.c **** {
 130:Core/Src/freertos.c ****   *ppxIdleTaskTCBBuffer = &xIdleTaskTCBBuffer;
 131:Core/Src/freertos.c ****   *ppxIdleTaskStackBuffer = &xIdleStack[0];
 132:Core/Src/freertos.c ****   *pulIdleTaskStackSize = configMINIMAL_STACK_SIZE;
 133:Core/Src/freertos.c ****   /* place for user code */
 134:Core/Src/freertos.c **** }
 135:Core/Src/freertos.c **** /* USER CODE END GET_IDLE_TASK_MEMORY */
 136:Core/Src/freertos.c **** 
 137:Core/Src/freertos.c **** /**
 138:Core/Src/freertos.c ****   * @brief  FreeRTOS initialization
 139:Core/Src/freertos.c ****   * @param  None
 140:Core/Src/freertos.c ****   * @retval None
 141:Core/Src/freertos.c ****   */
 142:Core/Src/freertos.c **** void MX_FREERTOS_Init(void) {
 143:Core/Src/freertos.c ****   /* USER CODE BEGIN Init */
 144:Core/Src/freertos.c **** 
 145:Core/Src/freertos.c ****   /* USER CODE END Init */
 146:Core/Src/freertos.c **** 
 147:Core/Src/freertos.c ****   /* USER CODE BEGIN RTOS_MUTEX */
 148:Core/Src/freertos.c ****   /* add mutexes, ... */
 149:Core/Src/freertos.c ****   /* USER CODE END RTOS_MUTEX */
 150:Core/Src/freertos.c **** 
 151:Core/Src/freertos.c ****   /* USER CODE BEGIN RTOS_SEMAPHORES */
 152:Core/Src/freertos.c ****   /* add semaphores, ... */
 153:Core/Src/freertos.c ****   /* USER CODE END RTOS_SEMAPHORES */
 154:Core/Src/freertos.c **** 
 155:Core/Src/freertos.c ****   /* USER CODE BEGIN RTOS_TIMERS */
 156:Core/Src/freertos.c ****   /* start timers, add new ones, ... */
 157:Core/Src/freertos.c ****   /* USER CODE END RTOS_TIMERS */
 158:Core/Src/freertos.c **** 
 159:Core/Src/freertos.c ****   /* Create the queue(s) */
 160:Core/Src/freertos.c ****   /* definition and creation of rawQueue */
 161:Core/Src/freertos.c ****   //osMessageQDef(rawQueue, 16, sizeof(raw_data_t));
 162:Core/Src/freertos.c ****   //rawQueueHandle = osMessageCreate(osMessageQ(rawQueue), NULL);
 163:Core/Src/freertos.c **** 
 164:Core/Src/freertos.c ****   /* definition and creation of canQueue */
 165:Core/Src/freertos.c ****   //osMessageQDef(canQueue, 16, sizeof(can_msg_t));
 166:Core/Src/freertos.c ****   //canQueueHandle = osMessageCreate(osMessageQ(canQueue), NULL);
 167:Core/Src/freertos.c **** 
 168:Core/Src/freertos.c **** 
 169:Core/Src/freertos.c ****   canRxQueue = xQueueCreate(8, sizeof(CAN_Message_t));
 170:Core/Src/freertos.c **** 
 171:Core/Src/freertos.c ****   /* USER CODE BEGIN RTOS_QUEUES */
 172:Core/Src/freertos.c ****   /* add queues, ... */
 173:Core/Src/freertos.c ****   /* USER CODE END RTOS_QUEUES */
 174:Core/Src/freertos.c **** 
 175:Core/Src/freertos.c ****   /* Create the thread(s) */
 176:Core/Src/freertos.c **** 
 177:Core/Src/freertos.c ****   /* definition and creation of rxCAN */
 178:Core/Src/freertos.c **** xTaskCreate(
 179:Core/Src/freertos.c ****     CAN_Rx_Task,
ARM GAS  /tmp/ccdSoNLE.s 			page 5


 180:Core/Src/freertos.c ****     "CAN_RX",
 181:Core/Src/freertos.c ****     512,
 182:Core/Src/freertos.c ****     NULL,
 183:Core/Src/freertos.c ****     osPriorityNormal,
 184:Core/Src/freertos.c ****     NULL
 185:Core/Src/freertos.c **** );
 186:Core/Src/freertos.c **** 
 187:Core/Src/freertos.c ****   /* USER CODE BEGIN RTOS_THREADS */
 188:Core/Src/freertos.c ****   /* add threads, ... */
 189:Core/Src/freertos.c ****   /* USER CODE END RTOS_THREADS */
 190:Core/Src/freertos.c **** 
 191:Core/Src/freertos.c **** }
 192:Core/Src/freertos.c **** 
 193:Core/Src/freertos.c **** 
 194:Core/Src/freertos.c **** /* USER CODE BEGIN Header_StartTxCAN */
 195:Core/Src/freertos.c **** /**
 196:Core/Src/freertos.c **** * @brief Function implementing the txCAN thread.
 197:Core/Src/freertos.c **** * @param argument: Not used
 198:Core/Src/freertos.c **** * @retval None
 199:Core/Src/freertos.c **** */
 200:Core/Src/freertos.c **** /* USER CODE END Header_StartTxCAN */
 201:Core/Src/freertos.c **** void CAN_Rx_Task(void *argument)
 202:Core/Src/freertos.c **** {
  44              		.loc 1 202 1 view -0
  45              		.cfi_startproc
  46              		@ args = 0, pretend = 0, frame = 40
  47              		@ frame_needed = 0, uses_anonymous_args = 0
  48              	.LVL0:
  49              		.loc 1 202 1 is_stmt 0 view .LVU1
  50 0000 30B5     		push	{r4, r5, lr}
  51              	.LCFI0:
  52              		.cfi_def_cfa_offset 12
  53              		.cfi_offset 4, -12
  54              		.cfi_offset 5, -8
  55              		.cfi_offset 14, -4
  56 0002 8DB0     		sub	sp, sp, #52
  57              	.LCFI1:
  58              		.cfi_def_cfa_offset 64
  59 0004 0BE0     		b	.L2
  60              	.LVL1:
  61              	.L5:
  62              	.LBB2:
 203:Core/Src/freertos.c ****     CAN_Message_t msg;
 204:Core/Src/freertos.c ****     float value;
 205:Core/Src/freertos.c **** 
 206:Core/Src/freertos.c ****     for (;;)
 207:Core/Src/freertos.c ****     {
 208:Core/Src/freertos.c ****         if (xQueueReceive(canRxQueue, &msg, portMAX_DELAY) == pdTRUE)
 209:Core/Src/freertos.c ****         {
 210:Core/Src/freertos.c ****             memcpy(&value, msg.data, sizeof(float));
 211:Core/Src/freertos.c **** 
 212:Core/Src/freertos.c ****             const char *label = "DATA";
 213:Core/Src/freertos.c ****             if (msg.header.StdId == 0x101) label = "RMS";
  63              		.loc 1 213 50 discriminator 1 view .LVU2
  64 0006 134D     		ldr	r5, .L9
  65 0008 00E0     		b	.L3
  66              	.L6:
ARM GAS  /tmp/ccdSoNLE.s 			page 6


 214:Core/Src/freertos.c ****             else if (msg.header.StdId == 0x102) label = "CREST";
  67              		.loc 1 214 55 discriminator 1 view .LVU3
  68 000a 134D     		ldr	r5, .L9+4
  69              	.L3:
  70              	.LVL2:
 215:Core/Src/freertos.c ****             else if (msg.header.StdId == 0x103) label = "PEAK";
 216:Core/Src/freertos.c **** 
 217:Core/Src/freertos.c ****             printf("[RX] %s (0x%03lX): %.3f\r\n",
  71              		.loc 1 217 13 is_stmt 1 view .LVU4
  72 000c FFF7FEFF 		bl	__aeabi_f2d
  73              	.LVL3:
  74 0010 CDE90001 		strd	r0, [sp]
  75 0014 2246     		mov	r2, r4
  76 0016 2946     		mov	r1, r5
  77 0018 1048     		ldr	r0, .L9+8
  78 001a FFF7FEFF 		bl	printf
  79              	.LVL4:
  80              	.L2:
  81              		.loc 1 217 13 is_stmt 0 view .LVU5
  82              	.LBE2:
 203:Core/Src/freertos.c ****     float value;
  83              		.loc 1 203 5 is_stmt 1 view .LVU6
 204:Core/Src/freertos.c **** 
  84              		.loc 1 204 5 view .LVU7
 206:Core/Src/freertos.c ****     {
  85              		.loc 1 206 5 view .LVU8
 208:Core/Src/freertos.c ****         {
  86              		.loc 1 208 9 view .LVU9
 208:Core/Src/freertos.c ****         {
  87              		.loc 1 208 13 is_stmt 0 view .LVU10
  88 001e 4FF0FF32 		mov	r2, #-1
  89 0022 03A9     		add	r1, sp, #12
  90 0024 0E4B     		ldr	r3, .L9+12
  91 0026 1868     		ldr	r0, [r3]
  92 0028 FFF7FEFF 		bl	xQueueReceive
  93              	.LVL5:
 208:Core/Src/freertos.c ****         {
  94              		.loc 1 208 12 discriminator 1 view .LVU11
  95 002c 0128     		cmp	r0, #1
  96 002e F6D1     		bne	.L2
  97              	.LBB3:
 210:Core/Src/freertos.c **** 
  98              		.loc 1 210 13 is_stmt 1 view .LVU12
  99 0030 0A98     		ldr	r0, [sp, #40]
 212:Core/Src/freertos.c ****             if (msg.header.StdId == 0x101) label = "RMS";
 100              		.loc 1 212 13 view .LVU13
 101              	.LVL6:
 213:Core/Src/freertos.c ****             else if (msg.header.StdId == 0x102) label = "CREST";
 102              		.loc 1 213 13 view .LVU14
 213:Core/Src/freertos.c ****             else if (msg.header.StdId == 0x102) label = "CREST";
 103              		.loc 1 213 27 is_stmt 0 view .LVU15
 104 0032 039C     		ldr	r4, [sp, #12]
 213:Core/Src/freertos.c ****             else if (msg.header.StdId == 0x102) label = "CREST";
 105              		.loc 1 213 16 view .LVU16
 106 0034 40F20113 		movw	r3, #257
 107 0038 9C42     		cmp	r4, r3
 108 003a E4D0     		beq	.L5
ARM GAS  /tmp/ccdSoNLE.s 			page 7


 214:Core/Src/freertos.c ****             else if (msg.header.StdId == 0x103) label = "PEAK";
 109              		.loc 1 214 18 is_stmt 1 view .LVU17
 214:Core/Src/freertos.c ****             else if (msg.header.StdId == 0x103) label = "PEAK";
 110              		.loc 1 214 21 is_stmt 0 view .LVU18
 111 003c B4F5817F 		cmp	r4, #258
 112 0040 E3D0     		beq	.L6
 215:Core/Src/freertos.c **** 
 113              		.loc 1 215 18 is_stmt 1 view .LVU19
 215:Core/Src/freertos.c **** 
 114              		.loc 1 215 21 is_stmt 0 view .LVU20
 115 0042 40F20313 		movw	r3, #259
 116 0046 9C42     		cmp	r4, r3
 117 0048 01D0     		beq	.L7
 212:Core/Src/freertos.c ****             if (msg.header.StdId == 0x101) label = "RMS";
 118              		.loc 1 212 25 view .LVU21
 119 004a 064D     		ldr	r5, .L9+16
 120 004c DEE7     		b	.L3
 121              	.L7:
 215:Core/Src/freertos.c **** 
 122              		.loc 1 215 55 discriminator 1 view .LVU22
 123 004e 064D     		ldr	r5, .L9+20
 124 0050 DCE7     		b	.L3
 125              	.L10:
 126 0052 00BF     		.align	2
 127              	.L9:
 128 0054 00000000 		.word	.LC0
 129 0058 04000000 		.word	.LC1
 130 005c 1C000000 		.word	.LC4
 131 0060 00000000 		.word	canRxQueue
 132 0064 0C000000 		.word	.LC2
 133 0068 14000000 		.word	.LC3
 134              	.LBE3:
 135              		.cfi_endproc
 136              	.LFE75:
 138              		.section	.text.vApplicationGetIdleTaskMemory,"ax",%progbits
 139              		.align	1
 140              		.global	vApplicationGetIdleTaskMemory
 141              		.syntax unified
 142              		.thumb
 143              		.thumb_func
 145              	vApplicationGetIdleTaskMemory:
 146              	.LVL7:
 147              	.LFB73:
 129:Core/Src/freertos.c ****   *ppxIdleTaskTCBBuffer = &xIdleTaskTCBBuffer;
 148              		.loc 1 129 1 is_stmt 1 view -0
 149              		.cfi_startproc
 150              		@ args = 0, pretend = 0, frame = 0
 151              		@ frame_needed = 0, uses_anonymous_args = 0
 152              		@ link register save eliminated.
 130:Core/Src/freertos.c ****   *ppxIdleTaskStackBuffer = &xIdleStack[0];
 153              		.loc 1 130 3 view .LVU24
 130:Core/Src/freertos.c ****   *ppxIdleTaskStackBuffer = &xIdleStack[0];
 154              		.loc 1 130 25 is_stmt 0 view .LVU25
 155 0000 034B     		ldr	r3, .L12
 156 0002 0360     		str	r3, [r0]
 131:Core/Src/freertos.c ****   *pulIdleTaskStackSize = configMINIMAL_STACK_SIZE;
 157              		.loc 1 131 3 is_stmt 1 view .LVU26
ARM GAS  /tmp/ccdSoNLE.s 			page 8


 131:Core/Src/freertos.c ****   *pulIdleTaskStackSize = configMINIMAL_STACK_SIZE;
 158              		.loc 1 131 27 is_stmt 0 view .LVU27
 159 0004 034B     		ldr	r3, .L12+4
 160 0006 0B60     		str	r3, [r1]
 132:Core/Src/freertos.c ****   /* place for user code */
 161              		.loc 1 132 3 is_stmt 1 view .LVU28
 132:Core/Src/freertos.c ****   /* place for user code */
 162              		.loc 1 132 25 is_stmt 0 view .LVU29
 163 0008 8023     		movs	r3, #128
 164 000a 1360     		str	r3, [r2]
 134:Core/Src/freertos.c **** /* USER CODE END GET_IDLE_TASK_MEMORY */
 165              		.loc 1 134 1 view .LVU30
 166 000c 7047     		bx	lr
 167              	.L13:
 168 000e 00BF     		.align	2
 169              	.L12:
 170 0010 00000000 		.word	xIdleTaskTCBBuffer
 171 0014 00000000 		.word	xIdleStack
 172              		.cfi_endproc
 173              	.LFE73:
 175              		.section	.rodata.MX_FREERTOS_Init.str1.4,"aMS",%progbits,1
 176              		.align	2
 177              	.LC5:
 178 0000 43414E5F 		.ascii	"CAN_RX\000"
 178      525800
 179              		.section	.text.MX_FREERTOS_Init,"ax",%progbits
 180              		.align	1
 181              		.global	MX_FREERTOS_Init
 182              		.syntax unified
 183              		.thumb
 184              		.thumb_func
 186              	MX_FREERTOS_Init:
 187              	.LFB74:
 142:Core/Src/freertos.c ****   /* USER CODE BEGIN Init */
 188              		.loc 1 142 29 is_stmt 1 view -0
 189              		.cfi_startproc
 190              		@ args = 0, pretend = 0, frame = 0
 191              		@ frame_needed = 0, uses_anonymous_args = 0
 192 0000 00B5     		push	{lr}
 193              	.LCFI2:
 194              		.cfi_def_cfa_offset 4
 195              		.cfi_offset 14, -4
 196 0002 83B0     		sub	sp, sp, #12
 197              	.LCFI3:
 198              		.cfi_def_cfa_offset 16
 169:Core/Src/freertos.c **** 
 199              		.loc 1 169 3 view .LVU32
 169:Core/Src/freertos.c **** 
 200              		.loc 1 169 16 is_stmt 0 view .LVU33
 201 0004 0022     		movs	r2, #0
 202 0006 2421     		movs	r1, #36
 203 0008 0820     		movs	r0, #8
 204 000a FFF7FEFF 		bl	xQueueGenericCreate
 205              	.LVL8:
 169:Core/Src/freertos.c **** 
 206              		.loc 1 169 14 discriminator 1 view .LVU34
 207 000e 074B     		ldr	r3, .L16
ARM GAS  /tmp/ccdSoNLE.s 			page 9


 208 0010 1860     		str	r0, [r3]
 178:Core/Src/freertos.c ****     CAN_Rx_Task,
 209              		.loc 1 178 1 is_stmt 1 view .LVU35
 210 0012 0023     		movs	r3, #0
 211 0014 0193     		str	r3, [sp, #4]
 212 0016 0093     		str	r3, [sp]
 213 0018 4FF40072 		mov	r2, #512
 214 001c 0449     		ldr	r1, .L16+4
 215 001e 0548     		ldr	r0, .L16+8
 216 0020 FFF7FEFF 		bl	xTaskCreate
 217              	.LVL9:
 191:Core/Src/freertos.c **** 
 218              		.loc 1 191 1 is_stmt 0 view .LVU36
 219 0024 03B0     		add	sp, sp, #12
 220              	.LCFI4:
 221              		.cfi_def_cfa_offset 4
 222              		@ sp needed
 223 0026 5DF804FB 		ldr	pc, [sp], #4
 224              	.L17:
 225 002a 00BF     		.align	2
 226              	.L16:
 227 002c 00000000 		.word	canRxQueue
 228 0030 00000000 		.word	.LC5
 229 0034 00000000 		.word	CAN_Rx_Task
 230              		.cfi_endproc
 231              	.LFE74:
 233              		.section	.bss.xIdleStack,"aw",%nobits
 234              		.align	2
 237              	xIdleStack:
 238 0000 00000000 		.space	512
 238      00000000 
 238      00000000 
 238      00000000 
 238      00000000 
 239              		.section	.bss.xIdleTaskTCBBuffer,"aw",%nobits
 240              		.align	2
 243              	xIdleTaskTCBBuffer:
 244 0000 00000000 		.space	84
 244      00000000 
 244      00000000 
 244      00000000 
 244      00000000 
 245              		.global	canQueue
 246              		.section	.bss.canQueue,"aw",%nobits
 247              		.align	2
 250              	canQueue:
 251 0000 00000000 		.space	4
 252              		.global	rawQueue
 253              		.section	.bss.rawQueue,"aw",%nobits
 254              		.align	2
 257              	rawQueue:
 258 0000 00000000 		.space	4
 259              		.global	canQueueHandle
 260              		.section	.bss.canQueueHandle,"aw",%nobits
 261              		.align	2
 264              	canQueueHandle:
 265 0000 00000000 		.space	4
ARM GAS  /tmp/ccdSoNLE.s 			page 10


 266              		.global	rawQueueHandle
 267              		.section	.bss.rawQueueHandle,"aw",%nobits
 268              		.align	2
 271              	rawQueueHandle:
 272 0000 00000000 		.space	4
 273              		.global	txCANHandle
 274              		.section	.bss.txCANHandle,"aw",%nobits
 275              		.align	2
 278              	txCANHandle:
 279 0000 00000000 		.space	4
 280              		.global	packageHandle
 281              		.section	.bss.packageHandle,"aw",%nobits
 282              		.align	2
 285              	packageHandle:
 286 0000 00000000 		.space	4
 287              		.global	acquireHandle
 288              		.section	.bss.acquireHandle,"aw",%nobits
 289              		.align	2
 292              	acquireHandle:
 293 0000 00000000 		.space	4
 294              		.global	canRxQueue
 295              		.section	.bss.canRxQueue,"aw",%nobits
 296              		.align	2
 299              	canRxQueue:
 300 0000 00000000 		.space	4
 301              		.text
 302              	.Letext0:
 303              		.file 2 "/usr/lib/gcc/arm-none-eabi/13.2.1/include/stdint.h"
 304              		.file 3 "Middlewares/Third_Party/FreeRTOS/Source/include/projdefs.h"
 305              		.file 4 "Middlewares/Third_Party/FreeRTOS/Source/portable/GCC/ARM_CM3/portmacro.h"
 306              		.file 5 "Middlewares/Third_Party/FreeRTOS/Source/include/FreeRTOS.h"
 307              		.file 6 "Middlewares/Third_Party/FreeRTOS/Source/include/task.h"
 308              		.file 7 "Drivers/STM32F1xx_HAL_Driver/Inc/stm32f1xx_hal_can.h"
 309              		.file 8 "Middlewares/Third_Party/FreeRTOS/Source/include/queue.h"
 310              		.file 9 "Middlewares/Third_Party/FreeRTOS/Source/CMSIS_RTOS/cmsis_os.h"
 311              		.file 10 "Core/Inc/can_app.h"
 312              		.file 11 "/usr/include/newlib/stdio.h"
ARM GAS  /tmp/ccdSoNLE.s 			page 11


DEFINED SYMBOLS
                            *ABS*:00000000 freertos.c
     /tmp/ccdSoNLE.s:19     .rodata.CAN_Rx_Task.str1.4:00000000 $d
     /tmp/ccdSoNLE.s:36     .text.CAN_Rx_Task:00000000 $t
     /tmp/ccdSoNLE.s:42     .text.CAN_Rx_Task:00000000 CAN_Rx_Task
     /tmp/ccdSoNLE.s:128    .text.CAN_Rx_Task:00000054 $d
     /tmp/ccdSoNLE.s:299    .bss.canRxQueue:00000000 canRxQueue
     /tmp/ccdSoNLE.s:139    .text.vApplicationGetIdleTaskMemory:00000000 $t
     /tmp/ccdSoNLE.s:145    .text.vApplicationGetIdleTaskMemory:00000000 vApplicationGetIdleTaskMemory
     /tmp/ccdSoNLE.s:170    .text.vApplicationGetIdleTaskMemory:00000010 $d
     /tmp/ccdSoNLE.s:243    .bss.xIdleTaskTCBBuffer:00000000 xIdleTaskTCBBuffer
     /tmp/ccdSoNLE.s:237    .bss.xIdleStack:00000000 xIdleStack
     /tmp/ccdSoNLE.s:176    .rodata.MX_FREERTOS_Init.str1.4:00000000 $d
     /tmp/ccdSoNLE.s:180    .text.MX_FREERTOS_Init:00000000 $t
     /tmp/ccdSoNLE.s:186    .text.MX_FREERTOS_Init:00000000 MX_FREERTOS_Init
     /tmp/ccdSoNLE.s:227    .text.MX_FREERTOS_Init:0000002c $d
     /tmp/ccdSoNLE.s:234    .bss.xIdleStack:00000000 $d
     /tmp/ccdSoNLE.s:240    .bss.xIdleTaskTCBBuffer:00000000 $d
     /tmp/ccdSoNLE.s:250    .bss.canQueue:00000000 canQueue
     /tmp/ccdSoNLE.s:247    .bss.canQueue:00000000 $d
     /tmp/ccdSoNLE.s:257    .bss.rawQueue:00000000 rawQueue
     /tmp/ccdSoNLE.s:254    .bss.rawQueue:00000000 $d
     /tmp/ccdSoNLE.s:264    .bss.canQueueHandle:00000000 canQueueHandle
     /tmp/ccdSoNLE.s:261    .bss.canQueueHandle:00000000 $d
     /tmp/ccdSoNLE.s:271    .bss.rawQueueHandle:00000000 rawQueueHandle
     /tmp/ccdSoNLE.s:268    .bss.rawQueueHandle:00000000 $d
     /tmp/ccdSoNLE.s:278    .bss.txCANHandle:00000000 txCANHandle
     /tmp/ccdSoNLE.s:275    .bss.txCANHandle:00000000 $d
     /tmp/ccdSoNLE.s:285    .bss.packageHandle:00000000 packageHandle
     /tmp/ccdSoNLE.s:282    .bss.packageHandle:00000000 $d
     /tmp/ccdSoNLE.s:292    .bss.acquireHandle:00000000 acquireHandle
     /tmp/ccdSoNLE.s:289    .bss.acquireHandle:00000000 $d
     /tmp/ccdSoNLE.s:296    .bss.canRxQueue:00000000 $d

UNDEFINED SYMBOLS
__aeabi_f2d
printf
xQueueReceive
xQueueGenericCreate
xTaskCreate
