ARM GAS  /tmp/cce1hHfa.s 			page 1


   1              		.cpu cortex-m3
   2              		.arch armv7-m
   3              		.fpu softvfp
   4              		.eabi_attribute 20, 1
   5              		.eabi_attribute 21, 1
   6              		.eabi_attribute 23, 3
   7              		.eabi_attribute 24, 1
   8              		.eabi_attribute 25, 1
   9              		.eabi_attribute 26, 1
  10              		.eabi_attribute 30, 1
  11              		.eabi_attribute 34, 1
  12              		.eabi_attribute 18, 4
  13              		.file	"freertos.c"
  14              		.section	.rodata.str1.4,"aMS",%progbits,1
  15              		.align	2
  16              	.LC0:
  17 0000 6C6F6767 		.ascii	"logger\000"
  17      657200
  18              		.text
  19              	.Ltext0:
  20              		.cfi_sections	.debug_frame
  21              		.global	__aeabi_ui2f
  22              		.global	__aeabi_fmul
  23              		.global	__aeabi_f2d
  24              		.section	.rodata.StartLogger.str1.4,"aMS",%progbits,1
  25              		.align	2
  26              	.LC2:
  27 0000 52504D3A 		.ascii	"RPM: %.2f | Delta: %lu | Total: %lu\012\000"
  27      20252E32 
  27      66207C20 
  27      44656C74 
  27      613A2025 
  28              		.section	.text.StartLogger,"ax",%progbits
  29              		.align	1
  30              		.global	StartLogger
  31              		.syntax unified
  32              		.thumb
  33              		.thumb_func
  35              	StartLogger:
  36              	.LVL0:
  37              	.LFB72:
  38              		.file 1 "Core/Src/freertos.c"
   1:Core/Src/freertos.c **** /* USER CODE BEGIN Header */
   2:Core/Src/freertos.c **** /**
   3:Core/Src/freertos.c ****   ******************************************************************************
   4:Core/Src/freertos.c ****   * File Name          : freertos.c
   5:Core/Src/freertos.c ****   * Description        : Code for freertos applications
   6:Core/Src/freertos.c ****   ******************************************************************************
   7:Core/Src/freertos.c ****   * @attention
   8:Core/Src/freertos.c ****   *
   9:Core/Src/freertos.c ****   * Copyright (c) 2026 STMicroelectronics.
  10:Core/Src/freertos.c ****   * All rights reserved.
  11:Core/Src/freertos.c ****   *
  12:Core/Src/freertos.c ****   * This software is licensed under terms that can be found in the LICENSE file
  13:Core/Src/freertos.c ****   * in the root directory of this software component.
  14:Core/Src/freertos.c ****   * If no LICENSE file comes with this software, it is provided AS-IS.
  15:Core/Src/freertos.c ****   *
ARM GAS  /tmp/cce1hHfa.s 			page 2


  16:Core/Src/freertos.c ****   ******************************************************************************
  17:Core/Src/freertos.c ****   */
  18:Core/Src/freertos.c **** /* USER CODE END Header */
  19:Core/Src/freertos.c **** 
  20:Core/Src/freertos.c **** /* Includes ------------------------------------------------------------------*/
  21:Core/Src/freertos.c **** #include "FreeRTOS.h"
  22:Core/Src/freertos.c **** #include "task.h"
  23:Core/Src/freertos.c **** #include "main.h"
  24:Core/Src/freertos.c **** #include "cmsis_os.h"
  25:Core/Src/freertos.c **** 
  26:Core/Src/freertos.c **** /* Private includes ----------------------------------------------------------*/
  27:Core/Src/freertos.c **** /* USER CODE BEGIN Includes */
  28:Core/Src/freertos.c **** 
  29:Core/Src/freertos.c **** /* USER CODE END Includes */
  30:Core/Src/freertos.c **** 
  31:Core/Src/freertos.c **** /* Private typedef -----------------------------------------------------------*/
  32:Core/Src/freertos.c **** /* USER CODE BEGIN PTD */
  33:Core/Src/freertos.c **** 
  34:Core/Src/freertos.c **** /* USER CODE END PTD */
  35:Core/Src/freertos.c **** 
  36:Core/Src/freertos.c **** /* Private define ------------------------------------------------------------*/
  37:Core/Src/freertos.c **** /* USER CODE BEGIN PD */
  38:Core/Src/freertos.c **** 
  39:Core/Src/freertos.c **** /* USER CODE END PD */
  40:Core/Src/freertos.c **** 
  41:Core/Src/freertos.c **** /* Private macro -------------------------------------------------------------*/
  42:Core/Src/freertos.c **** /* USER CODE BEGIN PM */
  43:Core/Src/freertos.c **** 
  44:Core/Src/freertos.c **** /* USER CODE END PM */
  45:Core/Src/freertos.c **** 
  46:Core/Src/freertos.c **** /* Private variables ---------------------------------------------------------*/
  47:Core/Src/freertos.c **** /* USER CODE BEGIN Variables */
  48:Core/Src/freertos.c **** extern volatile uint32_t contador_pulsos;
  49:Core/Src/freertos.c **** /* USER CODE END Variables */
  50:Core/Src/freertos.c **** osThreadId loggerHandle;
  51:Core/Src/freertos.c **** 
  52:Core/Src/freertos.c **** /* Private function prototypes -----------------------------------------------*/
  53:Core/Src/freertos.c **** /* USER CODE BEGIN FunctionPrototypes */
  54:Core/Src/freertos.c **** 
  55:Core/Src/freertos.c **** /* USER CODE END FunctionPrototypes */
  56:Core/Src/freertos.c **** 
  57:Core/Src/freertos.c **** void StartLogger(void const * argument);
  58:Core/Src/freertos.c **** 
  59:Core/Src/freertos.c **** void MX_FREERTOS_Init(void); /* (MISRA C 2004 rule 8.1) */
  60:Core/Src/freertos.c **** 
  61:Core/Src/freertos.c **** /* GetIdleTaskMemory prototype (linked to static allocation support) */
  62:Core/Src/freertos.c **** void vApplicationGetIdleTaskMemory( StaticTask_t **ppxIdleTaskTCBBuffer, StackType_t **ppxIdleTaskS
  63:Core/Src/freertos.c **** 
  64:Core/Src/freertos.c **** /* USER CODE BEGIN GET_IDLE_TASK_MEMORY */
  65:Core/Src/freertos.c **** static StaticTask_t xIdleTaskTCBBuffer;
  66:Core/Src/freertos.c **** static StackType_t xIdleStack[configMINIMAL_STACK_SIZE];
  67:Core/Src/freertos.c **** 
  68:Core/Src/freertos.c **** void vApplicationGetIdleTaskMemory( StaticTask_t **ppxIdleTaskTCBBuffer, StackType_t **ppxIdleTaskS
  69:Core/Src/freertos.c **** {
  70:Core/Src/freertos.c ****   *ppxIdleTaskTCBBuffer = &xIdleTaskTCBBuffer;
  71:Core/Src/freertos.c ****   *ppxIdleTaskStackBuffer = &xIdleStack[0];
  72:Core/Src/freertos.c ****   *pulIdleTaskStackSize = configMINIMAL_STACK_SIZE;
ARM GAS  /tmp/cce1hHfa.s 			page 3


  73:Core/Src/freertos.c ****   /* place for user code */
  74:Core/Src/freertos.c **** }
  75:Core/Src/freertos.c **** /* USER CODE END GET_IDLE_TASK_MEMORY */
  76:Core/Src/freertos.c **** 
  77:Core/Src/freertos.c **** /**
  78:Core/Src/freertos.c ****   * @brief  FreeRTOS initialization
  79:Core/Src/freertos.c ****   * @param  None
  80:Core/Src/freertos.c ****   * @retval None
  81:Core/Src/freertos.c ****   */
  82:Core/Src/freertos.c **** void MX_FREERTOS_Init(void) {
  83:Core/Src/freertos.c ****   /* USER CODE BEGIN Init */
  84:Core/Src/freertos.c **** 
  85:Core/Src/freertos.c ****   /* USER CODE END Init */
  86:Core/Src/freertos.c **** 
  87:Core/Src/freertos.c ****   /* USER CODE BEGIN RTOS_MUTEX */
  88:Core/Src/freertos.c ****   /* add mutexes, ... */
  89:Core/Src/freertos.c ****   /* USER CODE END RTOS_MUTEX */
  90:Core/Src/freertos.c **** 
  91:Core/Src/freertos.c ****   /* USER CODE BEGIN RTOS_SEMAPHORES */
  92:Core/Src/freertos.c ****   /* add semaphores, ... */
  93:Core/Src/freertos.c ****   /* USER CODE END RTOS_SEMAPHORES */
  94:Core/Src/freertos.c **** 
  95:Core/Src/freertos.c ****   /* USER CODE BEGIN RTOS_TIMERS */
  96:Core/Src/freertos.c ****   /* start timers, add new ones, ... */
  97:Core/Src/freertos.c ****   /* USER CODE END RTOS_TIMERS */
  98:Core/Src/freertos.c **** 
  99:Core/Src/freertos.c ****   /* USER CODE BEGIN RTOS_QUEUES */
 100:Core/Src/freertos.c ****   /* add queues, ... */
 101:Core/Src/freertos.c ****   /* USER CODE END RTOS_QUEUES */
 102:Core/Src/freertos.c **** 
 103:Core/Src/freertos.c ****   /* Create the thread(s) */
 104:Core/Src/freertos.c ****   /* definition and creation of logger */
 105:Core/Src/freertos.c ****   osThreadDef(logger, StartLogger, osPriorityNormal, 0, 512);
 106:Core/Src/freertos.c ****   loggerHandle = osThreadCreate(osThread(logger), NULL);
 107:Core/Src/freertos.c **** 
 108:Core/Src/freertos.c ****   /* USER CODE BEGIN RTOS_THREADS */
 109:Core/Src/freertos.c ****   /* add threads, ... */
 110:Core/Src/freertos.c ****   /* USER CODE END RTOS_THREADS */
 111:Core/Src/freertos.c **** 
 112:Core/Src/freertos.c **** }
 113:Core/Src/freertos.c **** 
 114:Core/Src/freertos.c **** /* USER CODE BEGIN Header_StartLogger */
 115:Core/Src/freertos.c **** /**
 116:Core/Src/freertos.c ****   * @brief  Function implementing the logger thread.
 117:Core/Src/freertos.c ****   * @param  argument: Not used
 118:Core/Src/freertos.c ****   * @retval None
 119:Core/Src/freertos.c ****   */
 120:Core/Src/freertos.c **** /* USER CODE END Header_StartLogger */
 121:Core/Src/freertos.c **** void StartLogger(void const * argument)
 122:Core/Src/freertos.c **** {
  39              		.loc 1 122 1 view -0
  40              		.cfi_startproc
  41              		@ args = 0, pretend = 0, frame = 8
  42              		@ frame_needed = 0, uses_anonymous_args = 0
  43              		.loc 1 122 1 is_stmt 0 view .LVU1
  44 0000 30B5     		push	{r4, r5, lr}
  45              	.LCFI0:
ARM GAS  /tmp/cce1hHfa.s 			page 4


  46              		.cfi_def_cfa_offset 12
  47              		.cfi_offset 4, -12
  48              		.cfi_offset 5, -8
  49              		.cfi_offset 14, -4
  50 0002 85B0     		sub	sp, sp, #20
  51              	.LCFI1:
  52              		.cfi_def_cfa_offset 32
 123:Core/Src/freertos.c ****   TickType_t xLastWakeTime = xTaskGetTickCount();
  53              		.loc 1 123 3 is_stmt 1 view .LVU2
  54              		.loc 1 123 30 is_stmt 0 view .LVU3
  55 0004 FFF7FEFF 		bl	xTaskGetTickCount
  56              	.LVL1:
  57              		.loc 1 123 14 view .LVU4
  58 0008 0390     		str	r0, [sp, #12]
 124:Core/Src/freertos.c ****   const TickType_t xPeriodo = pdMS_TO_TICKS(100); // Ventana de 100ms
  59              		.loc 1 124 3 is_stmt 1 view .LVU5
  60              	.LVL2:
 125:Core/Src/freertos.c ****   uint32_t pulsos_actuales = 0;
  61              		.loc 1 125 3 view .LVU6
 126:Core/Src/freertos.c ****   uint32_t pulsos_anteriores = 0;
  62              		.loc 1 126 3 view .LVU7
  63              		.loc 1 126 12 is_stmt 0 view .LVU8
  64 000a 0024     		movs	r4, #0
  65              	.LVL3:
  66              	.L2:
 127:Core/Src/freertos.c ****   for(;;) {    
  67              		.loc 1 127 3 is_stmt 1 discriminator 1 view .LVU9
  68              	.LBB2:
 128:Core/Src/freertos.c ****       vTaskDelayUntil(&xLastWakeTime, xPeriodo);
  69              		.loc 1 128 7 discriminator 1 view .LVU10
  70 000c 6421     		movs	r1, #100
  71 000e 03A8     		add	r0, sp, #12
  72 0010 FFF7FEFF 		bl	vTaskDelayUntil
  73              	.LVL4:
 129:Core/Src/freertos.c ****       taskENTER_CRITICAL();
  74              		.loc 1 129 7 discriminator 1 view .LVU11
  75 0014 FFF7FEFF 		bl	vPortEnterCritical
  76              	.LVL5:
 130:Core/Src/freertos.c ****       pulsos_actuales = contador_pulsos;
  77              		.loc 1 130 7 discriminator 1 view .LVU12
  78              		.loc 1 130 23 is_stmt 0 discriminator 1 view .LVU13
  79 0018 0A4B     		ldr	r3, .L4
  80 001a 1D68     		ldr	r5, [r3]
  81              	.LVL6:
 131:Core/Src/freertos.c ****       taskEXIT_CRITICAL();
  82              		.loc 1 131 7 is_stmt 1 discriminator 1 view .LVU14
  83 001c FFF7FEFF 		bl	vPortExitCritical
  84              	.LVL7:
 132:Core/Src/freertos.c ****       uint32_t delta_pulsos = pulsos_actuales - pulsos_anteriores;
  85              		.loc 1 132 7 discriminator 1 view .LVU15
  86              		.loc 1 132 16 is_stmt 0 discriminator 1 view .LVU16
  87 0020 2C1B     		subs	r4, r5, r4
  88              	.LVL8:
 133:Core/Src/freertos.c ****       pulsos_anteriores = pulsos_actuales;
  89              		.loc 1 133 7 is_stmt 1 discriminator 1 view .LVU17
 134:Core/Src/freertos.c ****       // Cálculo: 
 135:Core/Src/freertos.c ****       // RPM = (delta_pulsos / ranuras) * (60,000 / tiempo_ms)
ARM GAS  /tmp/cce1hHfa.s 			page 5


 136:Core/Src/freertos.c ****       // Para 8 ranuras y 100ms:
 137:Core/Src/freertos.c ****       // RPM = (delta_pulsos / 8) * (600) -> delta_pulsos * 75
 138:Core/Src/freertos.c ****       float rpm_actual = (float)delta_pulsos * 75.0f;
  90              		.loc 1 138 7 discriminator 1 view .LVU18
  91              		.loc 1 138 26 is_stmt 0 discriminator 1 view .LVU19
  92 0022 2046     		mov	r0, r4
  93 0024 FFF7FEFF 		bl	__aeabi_ui2f
  94              	.LVL9:
  95              		.loc 1 138 13 discriminator 1 view .LVU20
  96 0028 0749     		ldr	r1, .L4+4
  97 002a FFF7FEFF 		bl	__aeabi_fmul
  98              	.LVL10:
 139:Core/Src/freertos.c ****       printf("RPM: %.2f | Delta: %lu | Total: %lu\n", rpm_actual, (unsigned long)delta_pulsos, (uns
  99              		.loc 1 139 7 is_stmt 1 discriminator 1 view .LVU21
 100 002e FFF7FEFF 		bl	__aeabi_f2d
 101              	.LVL11:
 102              		.loc 1 139 7 is_stmt 0 discriminator 1 view .LVU22
 103 0032 0246     		mov	r2, r0
 104 0034 0B46     		mov	r3, r1
 105 0036 0195     		str	r5, [sp, #4]
 106 0038 0094     		str	r4, [sp]
 107 003a 0448     		ldr	r0, .L4+8
 108 003c FFF7FEFF 		bl	printf
 109              	.LVL12:
 110              	.LBE2:
 127:Core/Src/freertos.c ****       vTaskDelayUntil(&xLastWakeTime, xPeriodo);
 111              		.loc 1 127 8 is_stmt 1 discriminator 1 view .LVU23
 112              	.LBB3:
 133:Core/Src/freertos.c ****       // Cálculo: 
 113              		.loc 1 133 25 is_stmt 0 discriminator 1 view .LVU24
 114 0040 2C46     		mov	r4, r5
 115              	.LVL13:
 133:Core/Src/freertos.c ****       // Cálculo: 
 116              		.loc 1 133 25 discriminator 1 view .LVU25
 117 0042 E3E7     		b	.L2
 118              	.L5:
 119              		.align	2
 120              	.L4:
 121 0044 00000000 		.word	contador_pulsos
 122 0048 00009642 		.word	1117126656
 123 004c 00000000 		.word	.LC2
 124              	.LBE3:
 125              		.cfi_endproc
 126              	.LFE72:
 128              		.section	.text.vApplicationGetIdleTaskMemory,"ax",%progbits
 129              		.align	1
 130              		.global	vApplicationGetIdleTaskMemory
 131              		.syntax unified
 132              		.thumb
 133              		.thumb_func
 135              	vApplicationGetIdleTaskMemory:
 136              	.LVL14:
 137              	.LFB70:
  69:Core/Src/freertos.c ****   *ppxIdleTaskTCBBuffer = &xIdleTaskTCBBuffer;
 138              		.loc 1 69 1 is_stmt 1 view -0
 139              		.cfi_startproc
 140              		@ args = 0, pretend = 0, frame = 0
ARM GAS  /tmp/cce1hHfa.s 			page 6


 141              		@ frame_needed = 0, uses_anonymous_args = 0
 142              		@ link register save eliminated.
  70:Core/Src/freertos.c ****   *ppxIdleTaskStackBuffer = &xIdleStack[0];
 143              		.loc 1 70 3 view .LVU27
  70:Core/Src/freertos.c ****   *ppxIdleTaskStackBuffer = &xIdleStack[0];
 144              		.loc 1 70 25 is_stmt 0 view .LVU28
 145 0000 034B     		ldr	r3, .L7
 146 0002 0360     		str	r3, [r0]
  71:Core/Src/freertos.c ****   *pulIdleTaskStackSize = configMINIMAL_STACK_SIZE;
 147              		.loc 1 71 3 is_stmt 1 view .LVU29
  71:Core/Src/freertos.c ****   *pulIdleTaskStackSize = configMINIMAL_STACK_SIZE;
 148              		.loc 1 71 27 is_stmt 0 view .LVU30
 149 0004 034B     		ldr	r3, .L7+4
 150 0006 0B60     		str	r3, [r1]
  72:Core/Src/freertos.c ****   /* place for user code */
 151              		.loc 1 72 3 is_stmt 1 view .LVU31
  72:Core/Src/freertos.c ****   /* place for user code */
 152              		.loc 1 72 25 is_stmt 0 view .LVU32
 153 0008 8023     		movs	r3, #128
 154 000a 1360     		str	r3, [r2]
  74:Core/Src/freertos.c **** /* USER CODE END GET_IDLE_TASK_MEMORY */
 155              		.loc 1 74 1 view .LVU33
 156 000c 7047     		bx	lr
 157              	.L8:
 158 000e 00BF     		.align	2
 159              	.L7:
 160 0010 00000000 		.word	.LANCHOR0
 161 0014 00000000 		.word	.LANCHOR1
 162              		.cfi_endproc
 163              	.LFE70:
 165              		.section	.text.MX_FREERTOS_Init,"ax",%progbits
 166              		.align	1
 167              		.global	MX_FREERTOS_Init
 168              		.syntax unified
 169              		.thumb
 170              		.thumb_func
 172              	MX_FREERTOS_Init:
 173              	.LFB71:
  82:Core/Src/freertos.c ****   /* USER CODE BEGIN Init */
 174              		.loc 1 82 29 is_stmt 1 view -0
 175              		.cfi_startproc
 176              		@ args = 0, pretend = 0, frame = 32
 177              		@ frame_needed = 0, uses_anonymous_args = 0
 178 0000 10B5     		push	{r4, lr}
 179              	.LCFI2:
 180              		.cfi_def_cfa_offset 8
 181              		.cfi_offset 4, -8
 182              		.cfi_offset 14, -4
 183 0002 88B0     		sub	sp, sp, #32
 184              	.LCFI3:
 185              		.cfi_def_cfa_offset 40
 105:Core/Src/freertos.c ****   loggerHandle = osThreadCreate(osThread(logger), NULL);
 186              		.loc 1 105 3 view .LVU35
 187 0004 0DF1040C 		add	ip, sp, #4
 188 0008 074C     		ldr	r4, .L11
 189 000a 0FCC     		ldmia	r4!, {r0, r1, r2, r3}
 190 000c ACE80F00 		stmia	ip!, {r0, r1, r2, r3}
ARM GAS  /tmp/cce1hHfa.s 			page 7


 191 0010 94E80700 		ldm	r4, {r0, r1, r2}
 192 0014 8CE80700 		stm	ip, {r0, r1, r2}
 106:Core/Src/freertos.c **** 
 193              		.loc 1 106 3 view .LVU36
 106:Core/Src/freertos.c **** 
 194              		.loc 1 106 18 is_stmt 0 view .LVU37
 195 0018 0021     		movs	r1, #0
 196 001a 01A8     		add	r0, sp, #4
 197 001c FFF7FEFF 		bl	osThreadCreate
 198              	.LVL15:
 106:Core/Src/freertos.c **** 
 199              		.loc 1 106 16 view .LVU38
 200 0020 024B     		ldr	r3, .L11+4
 201 0022 1860     		str	r0, [r3]
 112:Core/Src/freertos.c **** 
 202              		.loc 1 112 1 view .LVU39
 203 0024 08B0     		add	sp, sp, #32
 204              	.LCFI4:
 205              		.cfi_def_cfa_offset 8
 206              		@ sp needed
 207 0026 10BD     		pop	{r4, pc}
 208              	.L12:
 209              		.align	2
 210              	.L11:
 211 0028 00000000 		.word	.LANCHOR2
 212 002c 00000000 		.word	.LANCHOR3
 213              		.cfi_endproc
 214              	.LFE71:
 216              		.global	loggerHandle
 217              		.section	.rodata
 218              		.align	2
 219              		.set	.LANCHOR2,. + 0
 220              	.LC3:
 221 0000 00000000 		.word	.LC0
 222 0004 00000000 		.word	StartLogger
 223 0008 0000     		.short	0
 224 000a 0000     		.space	2
 225 000c 00000000 		.word	0
 226 0010 00020000 		.word	512
 227 0014 00000000 		.word	0
 228 0018 00000000 		.word	0
 229              		.section	.bss.loggerHandle,"aw",%nobits
 230              		.align	2
 231              		.set	.LANCHOR3,. + 0
 234              	loggerHandle:
 235 0000 00000000 		.space	4
 236              		.section	.bss.xIdleStack,"aw",%nobits
 237              		.align	2
 238              		.set	.LANCHOR1,. + 0
 241              	xIdleStack:
 242 0000 00000000 		.space	512
 242      00000000 
 242      00000000 
 242      00000000 
 242      00000000 
 243              		.section	.bss.xIdleTaskTCBBuffer,"aw",%nobits
 244              		.align	2
ARM GAS  /tmp/cce1hHfa.s 			page 8


 245              		.set	.LANCHOR0,. + 0
 248              	xIdleTaskTCBBuffer:
 249 0000 00000000 		.space	84
 249      00000000 
 249      00000000 
 249      00000000 
 249      00000000 
 250              		.text
 251              	.Letext0:
 252              		.file 2 "/home/santiago/gcc-arm-none-eabi-10.3-2021.10-x86_64-linux/gcc-arm-none-eabi-10.3-2021.10
 253              		.file 3 "/home/santiago/gcc-arm-none-eabi-10.3-2021.10-x86_64-linux/gcc-arm-none-eabi-10.3-2021.10
 254              		.file 4 "Middlewares/Third_Party/FreeRTOS/Source/portable/GCC/ARM_CM3/portmacro.h"
 255              		.file 5 "Middlewares/Third_Party/FreeRTOS/Source/include/FreeRTOS.h"
 256              		.file 6 "Middlewares/Third_Party/FreeRTOS/Source/include/task.h"
 257              		.file 7 "Middlewares/Third_Party/FreeRTOS/Source/CMSIS_RTOS/cmsis_os.h"
 258              		.file 8 "<built-in>"
ARM GAS  /tmp/cce1hHfa.s 			page 9


DEFINED SYMBOLS
                            *ABS*:0000000000000000 freertos.c
     /tmp/cce1hHfa.s:15     .rodata.str1.4:0000000000000000 $d
     /tmp/cce1hHfa.s:25     .rodata.StartLogger.str1.4:0000000000000000 $d
     /tmp/cce1hHfa.s:29     .text.StartLogger:0000000000000000 $t
     /tmp/cce1hHfa.s:35     .text.StartLogger:0000000000000000 StartLogger
     /tmp/cce1hHfa.s:121    .text.StartLogger:0000000000000044 $d
     /tmp/cce1hHfa.s:129    .text.vApplicationGetIdleTaskMemory:0000000000000000 $t
     /tmp/cce1hHfa.s:135    .text.vApplicationGetIdleTaskMemory:0000000000000000 vApplicationGetIdleTaskMemory
     /tmp/cce1hHfa.s:160    .text.vApplicationGetIdleTaskMemory:0000000000000010 $d
     /tmp/cce1hHfa.s:166    .text.MX_FREERTOS_Init:0000000000000000 $t
     /tmp/cce1hHfa.s:172    .text.MX_FREERTOS_Init:0000000000000000 MX_FREERTOS_Init
     /tmp/cce1hHfa.s:211    .text.MX_FREERTOS_Init:0000000000000028 $d
     /tmp/cce1hHfa.s:234    .bss.loggerHandle:0000000000000000 loggerHandle
     /tmp/cce1hHfa.s:218    .rodata:0000000000000000 $d
     /tmp/cce1hHfa.s:230    .bss.loggerHandle:0000000000000000 $d
     /tmp/cce1hHfa.s:237    .bss.xIdleStack:0000000000000000 $d
     /tmp/cce1hHfa.s:241    .bss.xIdleStack:0000000000000000 xIdleStack
     /tmp/cce1hHfa.s:244    .bss.xIdleTaskTCBBuffer:0000000000000000 $d
     /tmp/cce1hHfa.s:248    .bss.xIdleTaskTCBBuffer:0000000000000000 xIdleTaskTCBBuffer

UNDEFINED SYMBOLS
__aeabi_ui2f
__aeabi_fmul
__aeabi_f2d
xTaskGetTickCount
vTaskDelayUntil
vPortEnterCritical
vPortExitCritical
printf
contador_pulsos
osThreadCreate
