ARM GAS  /tmp/ccfAvAg6.s 			page 1


   1              		.cpu cortex-m3
   2              		.arch armv7-m
   3              		.fpu softvfp
   4              		.eabi_attribute 20, 1
   5              		.eabi_attribute 21, 1
   6              		.eabi_attribute 23, 3
   7              		.eabi_attribute 24, 1
   8              		.eabi_attribute 25, 1
   9              		.eabi_attribute 26, 1
  10              		.eabi_attribute 30, 1
  11              		.eabi_attribute 34, 1
  12              		.eabi_attribute 18, 4
  13              		.file	"main.c"
  14              		.text
  15              	.Ltext0:
  16              		.cfi_sections	.debug_frame
  17              		.section	.text.HAL_GPIO_EXTI_Callback,"ax",%progbits
  18              		.align	1
  19              		.global	HAL_GPIO_EXTI_Callback
  20              		.syntax unified
  21              		.thumb
  22              		.thumb_func
  24              	HAL_GPIO_EXTI_Callback:
  25              	.LVL0:
  26              	.LFB72:
  27              		.file 1 "Core/Src/main.c"
   1:Core/Src/main.c **** /* USER CODE BEGIN Header */
   2:Core/Src/main.c **** /**
   3:Core/Src/main.c ****   ******************************************************************************
   4:Core/Src/main.c ****   * @file           : main.c
   5:Core/Src/main.c ****   * @brief          : Main program body
   6:Core/Src/main.c ****   ******************************************************************************
   7:Core/Src/main.c ****   * @attention
   8:Core/Src/main.c ****   *
   9:Core/Src/main.c ****   * Copyright (c) 2026 STMicroelectronics.
  10:Core/Src/main.c ****   * All rights reserved.
  11:Core/Src/main.c ****   *
  12:Core/Src/main.c ****   * This software is licensed under terms that can be found in the LICENSE file
  13:Core/Src/main.c ****   * in the root directory of this software component.
  14:Core/Src/main.c ****   * If no LICENSE file comes with this software, it is provided AS-IS.
  15:Core/Src/main.c ****   *
  16:Core/Src/main.c ****   ******************************************************************************
  17:Core/Src/main.c ****   */
  18:Core/Src/main.c **** /* USER CODE END Header */
  19:Core/Src/main.c **** /* Includes ------------------------------------------------------------------*/
  20:Core/Src/main.c **** #include "main.h"
  21:Core/Src/main.c **** #include "cmsis_os.h"
  22:Core/Src/main.c **** #include "usart.h"
  23:Core/Src/main.c **** #include "gpio.h"
  24:Core/Src/main.c **** 
  25:Core/Src/main.c **** /* Private includes ----------------------------------------------------------*/
  26:Core/Src/main.c **** /* USER CODE BEGIN Includes */
  27:Core/Src/main.c **** 
  28:Core/Src/main.c **** /* USER CODE END Includes */
  29:Core/Src/main.c **** 
  30:Core/Src/main.c **** /* Private typedef -----------------------------------------------------------*/
  31:Core/Src/main.c **** /* USER CODE BEGIN PTD */
ARM GAS  /tmp/ccfAvAg6.s 			page 2


  32:Core/Src/main.c **** 
  33:Core/Src/main.c **** /* USER CODE END PTD */
  34:Core/Src/main.c **** 
  35:Core/Src/main.c **** /* Private define ------------------------------------------------------------*/
  36:Core/Src/main.c **** /* USER CODE BEGIN PD */
  37:Core/Src/main.c **** 
  38:Core/Src/main.c **** /* USER CODE END PD */
  39:Core/Src/main.c **** 
  40:Core/Src/main.c **** /* Private macro -------------------------------------------------------------*/
  41:Core/Src/main.c **** /* USER CODE BEGIN PM */
  42:Core/Src/main.c **** 
  43:Core/Src/main.c **** /* USER CODE END PM */
  44:Core/Src/main.c **** 
  45:Core/Src/main.c **** /* Private variables ---------------------------------------------------------*/
  46:Core/Src/main.c **** 
  47:Core/Src/main.c **** /* USER CODE BEGIN PV */
  48:Core/Src/main.c **** volatile uint32_t contador_pulsos = 0; // Variable para contar los pulsos del sensor
  49:Core/Src/main.c **** /* USER CODE END PV */
  50:Core/Src/main.c **** 
  51:Core/Src/main.c **** /* Private function prototypes -----------------------------------------------*/
  52:Core/Src/main.c **** void SystemClock_Config(void);
  53:Core/Src/main.c **** void MX_FREERTOS_Init(void);
  54:Core/Src/main.c **** /* USER CODE BEGIN PFP */
  55:Core/Src/main.c **** 
  56:Core/Src/main.c **** /* USER CODE END PFP */
  57:Core/Src/main.c **** 
  58:Core/Src/main.c **** /* Private user code ---------------------------------------------------------*/
  59:Core/Src/main.c **** /* USER CODE BEGIN 0 */
  60:Core/Src/main.c **** 
  61:Core/Src/main.c **** /* USER CODE END 0 */
  62:Core/Src/main.c **** 
  63:Core/Src/main.c **** /**
  64:Core/Src/main.c ****   * @brief  The application entry point.
  65:Core/Src/main.c ****   * @retval int
  66:Core/Src/main.c ****   */
  67:Core/Src/main.c **** int main(void)
  68:Core/Src/main.c **** {
  69:Core/Src/main.c **** 
  70:Core/Src/main.c ****   /* USER CODE BEGIN 1 */
  71:Core/Src/main.c **** 
  72:Core/Src/main.c ****   /* USER CODE END 1 */
  73:Core/Src/main.c **** 
  74:Core/Src/main.c ****   /* MCU Configuration--------------------------------------------------------*/
  75:Core/Src/main.c **** 
  76:Core/Src/main.c ****   /* Reset of all peripherals, Initializes the Flash interface and the Systick. */
  77:Core/Src/main.c ****   HAL_Init();
  78:Core/Src/main.c **** 
  79:Core/Src/main.c ****   /* USER CODE BEGIN Init */
  80:Core/Src/main.c **** 
  81:Core/Src/main.c ****   /* USER CODE END Init */
  82:Core/Src/main.c **** 
  83:Core/Src/main.c ****   /* Configure the system clock */
  84:Core/Src/main.c ****   SystemClock_Config();
  85:Core/Src/main.c **** 
  86:Core/Src/main.c ****   /* USER CODE BEGIN SysInit */
  87:Core/Src/main.c **** 
  88:Core/Src/main.c ****   /* USER CODE END SysInit */
ARM GAS  /tmp/ccfAvAg6.s 			page 3


  89:Core/Src/main.c **** 
  90:Core/Src/main.c ****   /* Initialize all configured peripherals */
  91:Core/Src/main.c ****   MX_GPIO_Init();
  92:Core/Src/main.c ****   MX_USART1_UART_Init();
  93:Core/Src/main.c ****   /* USER CODE BEGIN 2 */
  94:Core/Src/main.c **** 
  95:Core/Src/main.c ****   /* USER CODE END 2 */
  96:Core/Src/main.c **** 
  97:Core/Src/main.c ****   /* Call init function for freertos objects (in cmsis_os2.c) */
  98:Core/Src/main.c ****   MX_FREERTOS_Init();
  99:Core/Src/main.c **** 
 100:Core/Src/main.c ****   /* Start scheduler */
 101:Core/Src/main.c ****   osKernelStart();
 102:Core/Src/main.c **** 
 103:Core/Src/main.c ****   /* We should never get here as control is now taken by the scheduler */
 104:Core/Src/main.c **** 
 105:Core/Src/main.c ****   /* Infinite loop */
 106:Core/Src/main.c ****   /* USER CODE BEGIN WHILE */
 107:Core/Src/main.c ****   while (1)
 108:Core/Src/main.c ****   {
 109:Core/Src/main.c ****     /* USER CODE END WHILE */
 110:Core/Src/main.c **** 
 111:Core/Src/main.c ****     /* USER CODE BEGIN 3 */
 112:Core/Src/main.c ****   }
 113:Core/Src/main.c ****   /* USER CODE END 3 */
 114:Core/Src/main.c **** }
 115:Core/Src/main.c **** 
 116:Core/Src/main.c **** /**
 117:Core/Src/main.c ****   * @brief System Clock Configuration
 118:Core/Src/main.c ****   * @retval None
 119:Core/Src/main.c ****   */
 120:Core/Src/main.c **** void SystemClock_Config(void)
 121:Core/Src/main.c **** {
 122:Core/Src/main.c ****   RCC_OscInitTypeDef RCC_OscInitStruct = {0};
 123:Core/Src/main.c ****   RCC_ClkInitTypeDef RCC_ClkInitStruct = {0};
 124:Core/Src/main.c **** 
 125:Core/Src/main.c ****   /** Initializes the RCC Oscillators according to the specified parameters
 126:Core/Src/main.c ****   * in the RCC_OscInitTypeDef structure.
 127:Core/Src/main.c ****   */
 128:Core/Src/main.c ****   RCC_OscInitStruct.OscillatorType = RCC_OSCILLATORTYPE_HSE;
 129:Core/Src/main.c ****   RCC_OscInitStruct.HSEState = RCC_HSE_ON;
 130:Core/Src/main.c ****   RCC_OscInitStruct.HSEPredivValue = RCC_HSE_PREDIV_DIV1;
 131:Core/Src/main.c ****   RCC_OscInitStruct.HSIState = RCC_HSI_ON;
 132:Core/Src/main.c ****   RCC_OscInitStruct.PLL.PLLState = RCC_PLL_ON;
 133:Core/Src/main.c ****   RCC_OscInitStruct.PLL.PLLSource = RCC_PLLSOURCE_HSE;
 134:Core/Src/main.c ****   RCC_OscInitStruct.PLL.PLLMUL = RCC_PLL_MUL9;
 135:Core/Src/main.c ****   if (HAL_RCC_OscConfig(&RCC_OscInitStruct) != HAL_OK)
 136:Core/Src/main.c ****   {
 137:Core/Src/main.c ****     Error_Handler();
 138:Core/Src/main.c ****   }
 139:Core/Src/main.c **** 
 140:Core/Src/main.c ****   /** Initializes the CPU, AHB and APB buses clocks
 141:Core/Src/main.c ****   */
 142:Core/Src/main.c ****   RCC_ClkInitStruct.ClockType = RCC_CLOCKTYPE_HCLK|RCC_CLOCKTYPE_SYSCLK
 143:Core/Src/main.c ****                               |RCC_CLOCKTYPE_PCLK1|RCC_CLOCKTYPE_PCLK2;
 144:Core/Src/main.c ****   RCC_ClkInitStruct.SYSCLKSource = RCC_SYSCLKSOURCE_PLLCLK;
 145:Core/Src/main.c ****   RCC_ClkInitStruct.AHBCLKDivider = RCC_SYSCLK_DIV1;
ARM GAS  /tmp/ccfAvAg6.s 			page 4


 146:Core/Src/main.c ****   RCC_ClkInitStruct.APB1CLKDivider = RCC_HCLK_DIV2;
 147:Core/Src/main.c ****   RCC_ClkInitStruct.APB2CLKDivider = RCC_HCLK_DIV1;
 148:Core/Src/main.c **** 
 149:Core/Src/main.c ****   if (HAL_RCC_ClockConfig(&RCC_ClkInitStruct, FLASH_LATENCY_2) != HAL_OK)
 150:Core/Src/main.c ****   {
 151:Core/Src/main.c ****     Error_Handler();
 152:Core/Src/main.c ****   }
 153:Core/Src/main.c **** }
 154:Core/Src/main.c **** 
 155:Core/Src/main.c **** /* USER CODE BEGIN 4 */
 156:Core/Src/main.c **** void HAL_GPIO_EXTI_Callback(uint16_t GPIO_Pin)
 157:Core/Src/main.c **** {
  28              		.loc 1 157 1 view -0
  29              		.cfi_startproc
  30              		@ args = 0, pretend = 0, frame = 0
  31              		@ frame_needed = 0, uses_anonymous_args = 0
  32              		@ link register save eliminated.
 158:Core/Src/main.c ****     if(GPIO_Pin == D0_Speed_Pin) 
  33              		.loc 1 158 5 view .LVU1
  34              		.loc 1 158 7 is_stmt 0 view .LVU2
  35 0000 0128     		cmp	r0, #1
  36 0002 00D0     		beq	.L3
  37              	.L1:
 159:Core/Src/main.c ****     {
 160:Core/Src/main.c ****         contador_pulsos++; // Incrementas el contador para RPM
 161:Core/Src/main.c ****     }
 162:Core/Src/main.c **** }
  38              		.loc 1 162 1 view .LVU3
  39 0004 7047     		bx	lr
  40              	.L3:
 160:Core/Src/main.c ****     }
  41              		.loc 1 160 9 is_stmt 1 view .LVU4
 160:Core/Src/main.c ****     }
  42              		.loc 1 160 24 is_stmt 0 view .LVU5
  43 0006 024A     		ldr	r2, .L4
  44 0008 1368     		ldr	r3, [r2]
  45 000a 0133     		adds	r3, r3, #1
  46 000c 1360     		str	r3, [r2]
  47              		.loc 1 162 1 view .LVU6
  48 000e F9E7     		b	.L1
  49              	.L5:
  50              		.align	2
  51              	.L4:
  52 0010 00000000 		.word	.LANCHOR0
  53              		.cfi_endproc
  54              	.LFE72:
  56              		.section	.text._write,"ax",%progbits
  57              		.align	1
  58              		.global	_write
  59              		.syntax unified
  60              		.thumb
  61              		.thumb_func
  63              	_write:
  64              	.LVL1:
  65              	.LFB73:
 163:Core/Src/main.c **** 
 164:Core/Src/main.c **** /* UART printf support */
ARM GAS  /tmp/ccfAvAg6.s 			page 5


 165:Core/Src/main.c **** int _write(int file, char *ptr, int len)
 166:Core/Src/main.c **** {
  66              		.loc 1 166 1 is_stmt 1 view -0
  67              		.cfi_startproc
  68              		@ args = 0, pretend = 0, frame = 0
  69              		@ frame_needed = 0, uses_anonymous_args = 0
  70              		.loc 1 166 1 is_stmt 0 view .LVU8
  71 0000 10B5     		push	{r4, lr}
  72              	.LCFI0:
  73              		.cfi_def_cfa_offset 8
  74              		.cfi_offset 4, -8
  75              		.cfi_offset 14, -4
  76 0002 1446     		mov	r4, r2
 167:Core/Src/main.c ****   HAL_UART_Transmit(&huart1, (uint8_t*)ptr, len, HAL_MAX_DELAY);
  77              		.loc 1 167 3 is_stmt 1 view .LVU9
  78 0004 4FF0FF33 		mov	r3, #-1
  79 0008 92B2     		uxth	r2, r2
  80              	.LVL2:
  81              		.loc 1 167 3 is_stmt 0 view .LVU10
  82 000a 0248     		ldr	r0, .L8
  83              	.LVL3:
  84              		.loc 1 167 3 view .LVU11
  85 000c FFF7FEFF 		bl	HAL_UART_Transmit
  86              	.LVL4:
 168:Core/Src/main.c ****   return len;
  87              		.loc 1 168 3 is_stmt 1 view .LVU12
 169:Core/Src/main.c **** }
  88              		.loc 1 169 1 is_stmt 0 view .LVU13
  89 0010 2046     		mov	r0, r4
  90 0012 10BD     		pop	{r4, pc}
  91              	.LVL5:
  92              	.L9:
  93              		.loc 1 169 1 view .LVU14
  94              		.align	2
  95              	.L8:
  96 0014 00000000 		.word	huart1
  97              		.cfi_endproc
  98              	.LFE73:
 100              		.section	.text.HAL_TIM_PeriodElapsedCallback,"ax",%progbits
 101              		.align	1
 102              		.global	HAL_TIM_PeriodElapsedCallback
 103              		.syntax unified
 104              		.thumb
 105              		.thumb_func
 107              	HAL_TIM_PeriodElapsedCallback:
 108              	.LVL6:
 109              	.LFB74:
 170:Core/Src/main.c **** /* USER CODE END 4 */
 171:Core/Src/main.c **** 
 172:Core/Src/main.c **** /**
 173:Core/Src/main.c ****   * @brief  Period elapsed callback in non blocking mode
 174:Core/Src/main.c ****   * @note   This function is called  when TIM2 interrupt took place, inside
 175:Core/Src/main.c ****   * HAL_TIM_IRQHandler(). It makes a direct call to HAL_IncTick() to increment
 176:Core/Src/main.c ****   * a global variable "uwTick" used as application time base.
 177:Core/Src/main.c ****   * @param  htim : TIM handle
 178:Core/Src/main.c ****   * @retval None
 179:Core/Src/main.c ****   */
ARM GAS  /tmp/ccfAvAg6.s 			page 6


 180:Core/Src/main.c **** void HAL_TIM_PeriodElapsedCallback(TIM_HandleTypeDef *htim)
 181:Core/Src/main.c **** {
 110              		.loc 1 181 1 is_stmt 1 view -0
 111              		.cfi_startproc
 112              		@ args = 0, pretend = 0, frame = 0
 113              		@ frame_needed = 0, uses_anonymous_args = 0
 114              		.loc 1 181 1 is_stmt 0 view .LVU16
 115 0000 08B5     		push	{r3, lr}
 116              	.LCFI1:
 117              		.cfi_def_cfa_offset 8
 118              		.cfi_offset 3, -8
 119              		.cfi_offset 14, -4
 182:Core/Src/main.c ****   /* USER CODE BEGIN Callback 0 */
 183:Core/Src/main.c **** 
 184:Core/Src/main.c ****   /* USER CODE END Callback 0 */
 185:Core/Src/main.c ****   if (htim->Instance == TIM2)
 120              		.loc 1 185 3 is_stmt 1 view .LVU17
 121              		.loc 1 185 11 is_stmt 0 view .LVU18
 122 0002 0368     		ldr	r3, [r0]
 123              		.loc 1 185 6 view .LVU19
 124 0004 B3F1804F 		cmp	r3, #1073741824
 125 0008 00D0     		beq	.L13
 126              	.LVL7:
 127              	.L10:
 186:Core/Src/main.c ****   {
 187:Core/Src/main.c ****     HAL_IncTick();
 188:Core/Src/main.c ****   }
 189:Core/Src/main.c ****   /* USER CODE BEGIN Callback 1 */
 190:Core/Src/main.c **** 
 191:Core/Src/main.c ****   /* USER CODE END Callback 1 */
 192:Core/Src/main.c **** }
 128              		.loc 1 192 1 view .LVU20
 129 000a 08BD     		pop	{r3, pc}
 130              	.LVL8:
 131              	.L13:
 187:Core/Src/main.c ****   }
 132              		.loc 1 187 5 is_stmt 1 view .LVU21
 133 000c FFF7FEFF 		bl	HAL_IncTick
 134              	.LVL9:
 135              		.loc 1 192 1 is_stmt 0 view .LVU22
 136 0010 FBE7     		b	.L10
 137              		.cfi_endproc
 138              	.LFE74:
 140              		.section	.text.Error_Handler,"ax",%progbits
 141              		.align	1
 142              		.global	Error_Handler
 143              		.syntax unified
 144              		.thumb
 145              		.thumb_func
 147              	Error_Handler:
 148              	.LFB75:
 193:Core/Src/main.c **** 
 194:Core/Src/main.c **** /**
 195:Core/Src/main.c ****   * @brief  This function is executed in case of error occurrence.
 196:Core/Src/main.c ****   * @retval None
 197:Core/Src/main.c ****   */
 198:Core/Src/main.c **** void Error_Handler(void)
ARM GAS  /tmp/ccfAvAg6.s 			page 7


 199:Core/Src/main.c **** {
 149              		.loc 1 199 1 is_stmt 1 view -0
 150              		.cfi_startproc
 151              		@ Volatile: function does not return.
 152              		@ args = 0, pretend = 0, frame = 0
 153              		@ frame_needed = 0, uses_anonymous_args = 0
 154              		@ link register save eliminated.
 200:Core/Src/main.c ****   /* USER CODE BEGIN Error_Handler_Debug */
 201:Core/Src/main.c ****   /* User can add his own implementation to report the HAL error return state */
 202:Core/Src/main.c ****   __disable_irq();
 155              		.loc 1 202 3 view .LVU24
 156              	.LBB4:
 157              	.LBI4:
 158              		.file 2 "Drivers/CMSIS/Include/cmsis_gcc.h"
   1:Drivers/CMSIS/Include/cmsis_gcc.h **** /**************************************************************************//**
   2:Drivers/CMSIS/Include/cmsis_gcc.h ****  * @file     cmsis_gcc.h
   3:Drivers/CMSIS/Include/cmsis_gcc.h ****  * @brief    CMSIS compiler GCC header file
   4:Drivers/CMSIS/Include/cmsis_gcc.h ****  * @version  V5.0.4
   5:Drivers/CMSIS/Include/cmsis_gcc.h ****  * @date     09. April 2018
   6:Drivers/CMSIS/Include/cmsis_gcc.h ****  ******************************************************************************/
   7:Drivers/CMSIS/Include/cmsis_gcc.h **** /*
   8:Drivers/CMSIS/Include/cmsis_gcc.h ****  * Copyright (c) 2009-2018 Arm Limited. All rights reserved.
   9:Drivers/CMSIS/Include/cmsis_gcc.h ****  *
  10:Drivers/CMSIS/Include/cmsis_gcc.h ****  * SPDX-License-Identifier: Apache-2.0
  11:Drivers/CMSIS/Include/cmsis_gcc.h ****  *
  12:Drivers/CMSIS/Include/cmsis_gcc.h ****  * Licensed under the Apache License, Version 2.0 (the License); you may
  13:Drivers/CMSIS/Include/cmsis_gcc.h ****  * not use this file except in compliance with the License.
  14:Drivers/CMSIS/Include/cmsis_gcc.h ****  * You may obtain a copy of the License at
  15:Drivers/CMSIS/Include/cmsis_gcc.h ****  *
  16:Drivers/CMSIS/Include/cmsis_gcc.h ****  * www.apache.org/licenses/LICENSE-2.0
  17:Drivers/CMSIS/Include/cmsis_gcc.h ****  *
  18:Drivers/CMSIS/Include/cmsis_gcc.h ****  * Unless required by applicable law or agreed to in writing, software
  19:Drivers/CMSIS/Include/cmsis_gcc.h ****  * distributed under the License is distributed on an AS IS BASIS, WITHOUT
  20:Drivers/CMSIS/Include/cmsis_gcc.h ****  * WARRANTIES OR CONDITIONS OF ANY KIND, either express or implied.
  21:Drivers/CMSIS/Include/cmsis_gcc.h ****  * See the License for the specific language governing permissions and
  22:Drivers/CMSIS/Include/cmsis_gcc.h ****  * limitations under the License.
  23:Drivers/CMSIS/Include/cmsis_gcc.h ****  */
  24:Drivers/CMSIS/Include/cmsis_gcc.h **** 
  25:Drivers/CMSIS/Include/cmsis_gcc.h **** #ifndef __CMSIS_GCC_H
  26:Drivers/CMSIS/Include/cmsis_gcc.h **** #define __CMSIS_GCC_H
  27:Drivers/CMSIS/Include/cmsis_gcc.h **** 
  28:Drivers/CMSIS/Include/cmsis_gcc.h **** /* ignore some GCC warnings */
  29:Drivers/CMSIS/Include/cmsis_gcc.h **** #pragma GCC diagnostic push
  30:Drivers/CMSIS/Include/cmsis_gcc.h **** #pragma GCC diagnostic ignored "-Wsign-conversion"
  31:Drivers/CMSIS/Include/cmsis_gcc.h **** #pragma GCC diagnostic ignored "-Wconversion"
  32:Drivers/CMSIS/Include/cmsis_gcc.h **** #pragma GCC diagnostic ignored "-Wunused-parameter"
  33:Drivers/CMSIS/Include/cmsis_gcc.h **** 
  34:Drivers/CMSIS/Include/cmsis_gcc.h **** /* Fallback for __has_builtin */
  35:Drivers/CMSIS/Include/cmsis_gcc.h **** #ifndef __has_builtin
  36:Drivers/CMSIS/Include/cmsis_gcc.h ****   #define __has_builtin(x) (0)
  37:Drivers/CMSIS/Include/cmsis_gcc.h **** #endif
  38:Drivers/CMSIS/Include/cmsis_gcc.h **** 
  39:Drivers/CMSIS/Include/cmsis_gcc.h **** /* CMSIS compiler specific defines */
  40:Drivers/CMSIS/Include/cmsis_gcc.h **** #ifndef   __ASM
  41:Drivers/CMSIS/Include/cmsis_gcc.h ****   #define __ASM                                  __asm
  42:Drivers/CMSIS/Include/cmsis_gcc.h **** #endif
  43:Drivers/CMSIS/Include/cmsis_gcc.h **** #ifndef   __INLINE
ARM GAS  /tmp/ccfAvAg6.s 			page 8


  44:Drivers/CMSIS/Include/cmsis_gcc.h ****   #define __INLINE                               inline
  45:Drivers/CMSIS/Include/cmsis_gcc.h **** #endif
  46:Drivers/CMSIS/Include/cmsis_gcc.h **** #ifndef   __STATIC_INLINE
  47:Drivers/CMSIS/Include/cmsis_gcc.h ****   #define __STATIC_INLINE                        static inline
  48:Drivers/CMSIS/Include/cmsis_gcc.h **** #endif
  49:Drivers/CMSIS/Include/cmsis_gcc.h **** #ifndef   __STATIC_FORCEINLINE                 
  50:Drivers/CMSIS/Include/cmsis_gcc.h ****   #define __STATIC_FORCEINLINE                   __attribute__((always_inline)) static inline
  51:Drivers/CMSIS/Include/cmsis_gcc.h **** #endif                                           
  52:Drivers/CMSIS/Include/cmsis_gcc.h **** #ifndef   __NO_RETURN
  53:Drivers/CMSIS/Include/cmsis_gcc.h ****   #define __NO_RETURN                            __attribute__((__noreturn__))
  54:Drivers/CMSIS/Include/cmsis_gcc.h **** #endif
  55:Drivers/CMSIS/Include/cmsis_gcc.h **** #ifndef   __USED
  56:Drivers/CMSIS/Include/cmsis_gcc.h ****   #define __USED                                 __attribute__((used))
  57:Drivers/CMSIS/Include/cmsis_gcc.h **** #endif
  58:Drivers/CMSIS/Include/cmsis_gcc.h **** #ifndef   __WEAK
  59:Drivers/CMSIS/Include/cmsis_gcc.h ****   #define __WEAK                                 __attribute__((weak))
  60:Drivers/CMSIS/Include/cmsis_gcc.h **** #endif
  61:Drivers/CMSIS/Include/cmsis_gcc.h **** #ifndef   __PACKED
  62:Drivers/CMSIS/Include/cmsis_gcc.h ****   #define __PACKED                               __attribute__((packed, aligned(1)))
  63:Drivers/CMSIS/Include/cmsis_gcc.h **** #endif
  64:Drivers/CMSIS/Include/cmsis_gcc.h **** #ifndef   __PACKED_STRUCT
  65:Drivers/CMSIS/Include/cmsis_gcc.h ****   #define __PACKED_STRUCT                        struct __attribute__((packed, aligned(1)))
  66:Drivers/CMSIS/Include/cmsis_gcc.h **** #endif
  67:Drivers/CMSIS/Include/cmsis_gcc.h **** #ifndef   __PACKED_UNION
  68:Drivers/CMSIS/Include/cmsis_gcc.h ****   #define __PACKED_UNION                         union __attribute__((packed, aligned(1)))
  69:Drivers/CMSIS/Include/cmsis_gcc.h **** #endif
  70:Drivers/CMSIS/Include/cmsis_gcc.h **** #ifndef   __UNALIGNED_UINT32        /* deprecated */
  71:Drivers/CMSIS/Include/cmsis_gcc.h ****   #pragma GCC diagnostic push
  72:Drivers/CMSIS/Include/cmsis_gcc.h ****   #pragma GCC diagnostic ignored "-Wpacked"
  73:Drivers/CMSIS/Include/cmsis_gcc.h ****   #pragma GCC diagnostic ignored "-Wattributes"
  74:Drivers/CMSIS/Include/cmsis_gcc.h ****   struct __attribute__((packed)) T_UINT32 { uint32_t v; };
  75:Drivers/CMSIS/Include/cmsis_gcc.h ****   #pragma GCC diagnostic pop
  76:Drivers/CMSIS/Include/cmsis_gcc.h ****   #define __UNALIGNED_UINT32(x)                  (((struct T_UINT32 *)(x))->v)
  77:Drivers/CMSIS/Include/cmsis_gcc.h **** #endif
  78:Drivers/CMSIS/Include/cmsis_gcc.h **** #ifndef   __UNALIGNED_UINT16_WRITE
  79:Drivers/CMSIS/Include/cmsis_gcc.h ****   #pragma GCC diagnostic push
  80:Drivers/CMSIS/Include/cmsis_gcc.h ****   #pragma GCC diagnostic ignored "-Wpacked"
  81:Drivers/CMSIS/Include/cmsis_gcc.h ****   #pragma GCC diagnostic ignored "-Wattributes"
  82:Drivers/CMSIS/Include/cmsis_gcc.h ****   __PACKED_STRUCT T_UINT16_WRITE { uint16_t v; };
  83:Drivers/CMSIS/Include/cmsis_gcc.h ****   #pragma GCC diagnostic pop
  84:Drivers/CMSIS/Include/cmsis_gcc.h ****   #define __UNALIGNED_UINT16_WRITE(addr, val)    (void)((((struct T_UINT16_WRITE *)(void *)(addr))-
  85:Drivers/CMSIS/Include/cmsis_gcc.h **** #endif
  86:Drivers/CMSIS/Include/cmsis_gcc.h **** #ifndef   __UNALIGNED_UINT16_READ
  87:Drivers/CMSIS/Include/cmsis_gcc.h ****   #pragma GCC diagnostic push
  88:Drivers/CMSIS/Include/cmsis_gcc.h ****   #pragma GCC diagnostic ignored "-Wpacked"
  89:Drivers/CMSIS/Include/cmsis_gcc.h ****   #pragma GCC diagnostic ignored "-Wattributes"
  90:Drivers/CMSIS/Include/cmsis_gcc.h ****   __PACKED_STRUCT T_UINT16_READ { uint16_t v; };
  91:Drivers/CMSIS/Include/cmsis_gcc.h ****   #pragma GCC diagnostic pop
  92:Drivers/CMSIS/Include/cmsis_gcc.h ****   #define __UNALIGNED_UINT16_READ(addr)          (((const struct T_UINT16_READ *)(const void *)(add
  93:Drivers/CMSIS/Include/cmsis_gcc.h **** #endif
  94:Drivers/CMSIS/Include/cmsis_gcc.h **** #ifndef   __UNALIGNED_UINT32_WRITE
  95:Drivers/CMSIS/Include/cmsis_gcc.h ****   #pragma GCC diagnostic push
  96:Drivers/CMSIS/Include/cmsis_gcc.h ****   #pragma GCC diagnostic ignored "-Wpacked"
  97:Drivers/CMSIS/Include/cmsis_gcc.h ****   #pragma GCC diagnostic ignored "-Wattributes"
  98:Drivers/CMSIS/Include/cmsis_gcc.h ****   __PACKED_STRUCT T_UINT32_WRITE { uint32_t v; };
  99:Drivers/CMSIS/Include/cmsis_gcc.h ****   #pragma GCC diagnostic pop
 100:Drivers/CMSIS/Include/cmsis_gcc.h ****   #define __UNALIGNED_UINT32_WRITE(addr, val)    (void)((((struct T_UINT32_WRITE *)(void *)(addr))-
ARM GAS  /tmp/ccfAvAg6.s 			page 9


 101:Drivers/CMSIS/Include/cmsis_gcc.h **** #endif
 102:Drivers/CMSIS/Include/cmsis_gcc.h **** #ifndef   __UNALIGNED_UINT32_READ
 103:Drivers/CMSIS/Include/cmsis_gcc.h ****   #pragma GCC diagnostic push
 104:Drivers/CMSIS/Include/cmsis_gcc.h ****   #pragma GCC diagnostic ignored "-Wpacked"
 105:Drivers/CMSIS/Include/cmsis_gcc.h ****   #pragma GCC diagnostic ignored "-Wattributes"
 106:Drivers/CMSIS/Include/cmsis_gcc.h ****   __PACKED_STRUCT T_UINT32_READ { uint32_t v; };
 107:Drivers/CMSIS/Include/cmsis_gcc.h ****   #pragma GCC diagnostic pop
 108:Drivers/CMSIS/Include/cmsis_gcc.h ****   #define __UNALIGNED_UINT32_READ(addr)          (((const struct T_UINT32_READ *)(const void *)(add
 109:Drivers/CMSIS/Include/cmsis_gcc.h **** #endif
 110:Drivers/CMSIS/Include/cmsis_gcc.h **** #ifndef   __ALIGNED
 111:Drivers/CMSIS/Include/cmsis_gcc.h ****   #define __ALIGNED(x)                           __attribute__((aligned(x)))
 112:Drivers/CMSIS/Include/cmsis_gcc.h **** #endif
 113:Drivers/CMSIS/Include/cmsis_gcc.h **** #ifndef   __RESTRICT
 114:Drivers/CMSIS/Include/cmsis_gcc.h ****   #define __RESTRICT                             __restrict
 115:Drivers/CMSIS/Include/cmsis_gcc.h **** #endif
 116:Drivers/CMSIS/Include/cmsis_gcc.h **** 
 117:Drivers/CMSIS/Include/cmsis_gcc.h **** 
 118:Drivers/CMSIS/Include/cmsis_gcc.h **** /* ###########################  Core Function Access  ########################### */
 119:Drivers/CMSIS/Include/cmsis_gcc.h **** /** \ingroup  CMSIS_Core_FunctionInterface
 120:Drivers/CMSIS/Include/cmsis_gcc.h ****     \defgroup CMSIS_Core_RegAccFunctions CMSIS Core Register Access Functions
 121:Drivers/CMSIS/Include/cmsis_gcc.h ****   @{
 122:Drivers/CMSIS/Include/cmsis_gcc.h ****  */
 123:Drivers/CMSIS/Include/cmsis_gcc.h **** 
 124:Drivers/CMSIS/Include/cmsis_gcc.h **** /**
 125:Drivers/CMSIS/Include/cmsis_gcc.h ****   \brief   Enable IRQ Interrupts
 126:Drivers/CMSIS/Include/cmsis_gcc.h ****   \details Enables IRQ interrupts by clearing the I-bit in the CPSR.
 127:Drivers/CMSIS/Include/cmsis_gcc.h ****            Can only be executed in Privileged modes.
 128:Drivers/CMSIS/Include/cmsis_gcc.h ****  */
 129:Drivers/CMSIS/Include/cmsis_gcc.h **** __STATIC_FORCEINLINE void __enable_irq(void)
 130:Drivers/CMSIS/Include/cmsis_gcc.h **** {
 131:Drivers/CMSIS/Include/cmsis_gcc.h ****   __ASM volatile ("cpsie i" : : : "memory");
 132:Drivers/CMSIS/Include/cmsis_gcc.h **** }
 133:Drivers/CMSIS/Include/cmsis_gcc.h **** 
 134:Drivers/CMSIS/Include/cmsis_gcc.h **** 
 135:Drivers/CMSIS/Include/cmsis_gcc.h **** /**
 136:Drivers/CMSIS/Include/cmsis_gcc.h ****   \brief   Disable IRQ Interrupts
 137:Drivers/CMSIS/Include/cmsis_gcc.h ****   \details Disables IRQ interrupts by setting the I-bit in the CPSR.
 138:Drivers/CMSIS/Include/cmsis_gcc.h ****            Can only be executed in Privileged modes.
 139:Drivers/CMSIS/Include/cmsis_gcc.h ****  */
 140:Drivers/CMSIS/Include/cmsis_gcc.h **** __STATIC_FORCEINLINE void __disable_irq(void)
 159              		.loc 2 140 27 view .LVU25
 160              	.LBB5:
 141:Drivers/CMSIS/Include/cmsis_gcc.h **** {
 142:Drivers/CMSIS/Include/cmsis_gcc.h ****   __ASM volatile ("cpsid i" : : : "memory");
 161              		.loc 2 142 3 view .LVU26
 162              		.syntax unified
 163              	@ 142 "Drivers/CMSIS/Include/cmsis_gcc.h" 1
 164 0000 72B6     		cpsid i
 165              	@ 0 "" 2
 166              		.thumb
 167              		.syntax unified
 168              	.L15:
 169              	.LBE5:
 170              	.LBE4:
 203:Core/Src/main.c ****   while (1)
 171              		.loc 1 203 3 discriminator 1 view .LVU27
 204:Core/Src/main.c ****   {
ARM GAS  /tmp/ccfAvAg6.s 			page 10


 205:Core/Src/main.c ****   }
 172              		.loc 1 205 3 discriminator 1 view .LVU28
 203:Core/Src/main.c ****   while (1)
 173              		.loc 1 203 9 discriminator 1 view .LVU29
 174 0002 FEE7     		b	.L15
 175              		.cfi_endproc
 176              	.LFE75:
 178              		.section	.text.SystemClock_Config,"ax",%progbits
 179              		.align	1
 180              		.global	SystemClock_Config
 181              		.syntax unified
 182              		.thumb
 183              		.thumb_func
 185              	SystemClock_Config:
 186              	.LFB71:
 121:Core/Src/main.c ****   RCC_OscInitTypeDef RCC_OscInitStruct = {0};
 187              		.loc 1 121 1 view -0
 188              		.cfi_startproc
 189              		@ args = 0, pretend = 0, frame = 64
 190              		@ frame_needed = 0, uses_anonymous_args = 0
 191 0000 00B5     		push	{lr}
 192              	.LCFI2:
 193              		.cfi_def_cfa_offset 4
 194              		.cfi_offset 14, -4
 195 0002 91B0     		sub	sp, sp, #68
 196              	.LCFI3:
 197              		.cfi_def_cfa_offset 72
 122:Core/Src/main.c ****   RCC_ClkInitTypeDef RCC_ClkInitStruct = {0};
 198              		.loc 1 122 3 view .LVU31
 122:Core/Src/main.c ****   RCC_ClkInitTypeDef RCC_ClkInitStruct = {0};
 199              		.loc 1 122 22 is_stmt 0 view .LVU32
 200 0004 2822     		movs	r2, #40
 201 0006 0021     		movs	r1, #0
 202 0008 06A8     		add	r0, sp, #24
 203 000a FFF7FEFF 		bl	memset
 204              	.LVL10:
 123:Core/Src/main.c **** 
 205              		.loc 1 123 3 is_stmt 1 view .LVU33
 123:Core/Src/main.c **** 
 206              		.loc 1 123 22 is_stmt 0 view .LVU34
 207 000e 0023     		movs	r3, #0
 208 0010 0193     		str	r3, [sp, #4]
 209 0012 0293     		str	r3, [sp, #8]
 210 0014 0393     		str	r3, [sp, #12]
 211 0016 0493     		str	r3, [sp, #16]
 212 0018 0593     		str	r3, [sp, #20]
 128:Core/Src/main.c ****   RCC_OscInitStruct.HSEState = RCC_HSE_ON;
 213              		.loc 1 128 3 is_stmt 1 view .LVU35
 128:Core/Src/main.c ****   RCC_OscInitStruct.HSEState = RCC_HSE_ON;
 214              		.loc 1 128 36 is_stmt 0 view .LVU36
 215 001a 0122     		movs	r2, #1
 216 001c 0692     		str	r2, [sp, #24]
 129:Core/Src/main.c ****   RCC_OscInitStruct.HSEPredivValue = RCC_HSE_PREDIV_DIV1;
 217              		.loc 1 129 3 is_stmt 1 view .LVU37
 129:Core/Src/main.c ****   RCC_OscInitStruct.HSEPredivValue = RCC_HSE_PREDIV_DIV1;
 218              		.loc 1 129 30 is_stmt 0 view .LVU38
 219 001e 4FF48033 		mov	r3, #65536
ARM GAS  /tmp/ccfAvAg6.s 			page 11


 220 0022 0793     		str	r3, [sp, #28]
 130:Core/Src/main.c ****   RCC_OscInitStruct.HSIState = RCC_HSI_ON;
 221              		.loc 1 130 3 is_stmt 1 view .LVU39
 131:Core/Src/main.c ****   RCC_OscInitStruct.PLL.PLLState = RCC_PLL_ON;
 222              		.loc 1 131 3 view .LVU40
 131:Core/Src/main.c ****   RCC_OscInitStruct.PLL.PLLState = RCC_PLL_ON;
 223              		.loc 1 131 30 is_stmt 0 view .LVU41
 224 0024 0A92     		str	r2, [sp, #40]
 132:Core/Src/main.c ****   RCC_OscInitStruct.PLL.PLLSource = RCC_PLLSOURCE_HSE;
 225              		.loc 1 132 3 is_stmt 1 view .LVU42
 132:Core/Src/main.c ****   RCC_OscInitStruct.PLL.PLLSource = RCC_PLLSOURCE_HSE;
 226              		.loc 1 132 34 is_stmt 0 view .LVU43
 227 0026 0222     		movs	r2, #2
 228 0028 0D92     		str	r2, [sp, #52]
 133:Core/Src/main.c ****   RCC_OscInitStruct.PLL.PLLMUL = RCC_PLL_MUL9;
 229              		.loc 1 133 3 is_stmt 1 view .LVU44
 133:Core/Src/main.c ****   RCC_OscInitStruct.PLL.PLLMUL = RCC_PLL_MUL9;
 230              		.loc 1 133 35 is_stmt 0 view .LVU45
 231 002a 0E93     		str	r3, [sp, #56]
 134:Core/Src/main.c ****   if (HAL_RCC_OscConfig(&RCC_OscInitStruct) != HAL_OK)
 232              		.loc 1 134 3 is_stmt 1 view .LVU46
 134:Core/Src/main.c ****   if (HAL_RCC_OscConfig(&RCC_OscInitStruct) != HAL_OK)
 233              		.loc 1 134 32 is_stmt 0 view .LVU47
 234 002c 4FF4E013 		mov	r3, #1835008
 235 0030 0F93     		str	r3, [sp, #60]
 135:Core/Src/main.c ****   {
 236              		.loc 1 135 3 is_stmt 1 view .LVU48
 135:Core/Src/main.c ****   {
 237              		.loc 1 135 7 is_stmt 0 view .LVU49
 238 0032 06A8     		add	r0, sp, #24
 239 0034 FFF7FEFF 		bl	HAL_RCC_OscConfig
 240              	.LVL11:
 135:Core/Src/main.c ****   {
 241              		.loc 1 135 6 view .LVU50
 242 0038 80B9     		cbnz	r0, .L20
 142:Core/Src/main.c ****                               |RCC_CLOCKTYPE_PCLK1|RCC_CLOCKTYPE_PCLK2;
 243              		.loc 1 142 3 is_stmt 1 view .LVU51
 142:Core/Src/main.c ****                               |RCC_CLOCKTYPE_PCLK1|RCC_CLOCKTYPE_PCLK2;
 244              		.loc 1 142 31 is_stmt 0 view .LVU52
 245 003a 0F23     		movs	r3, #15
 246 003c 0193     		str	r3, [sp, #4]
 144:Core/Src/main.c ****   RCC_ClkInitStruct.AHBCLKDivider = RCC_SYSCLK_DIV1;
 247              		.loc 1 144 3 is_stmt 1 view .LVU53
 144:Core/Src/main.c ****   RCC_ClkInitStruct.AHBCLKDivider = RCC_SYSCLK_DIV1;
 248              		.loc 1 144 34 is_stmt 0 view .LVU54
 249 003e 0221     		movs	r1, #2
 250 0040 0291     		str	r1, [sp, #8]
 145:Core/Src/main.c ****   RCC_ClkInitStruct.APB1CLKDivider = RCC_HCLK_DIV2;
 251              		.loc 1 145 3 is_stmt 1 view .LVU55
 145:Core/Src/main.c ****   RCC_ClkInitStruct.APB1CLKDivider = RCC_HCLK_DIV2;
 252              		.loc 1 145 35 is_stmt 0 view .LVU56
 253 0042 0023     		movs	r3, #0
 254 0044 0393     		str	r3, [sp, #12]
 146:Core/Src/main.c ****   RCC_ClkInitStruct.APB2CLKDivider = RCC_HCLK_DIV1;
 255              		.loc 1 146 3 is_stmt 1 view .LVU57
 146:Core/Src/main.c ****   RCC_ClkInitStruct.APB2CLKDivider = RCC_HCLK_DIV1;
 256              		.loc 1 146 36 is_stmt 0 view .LVU58
ARM GAS  /tmp/ccfAvAg6.s 			page 12


 257 0046 4FF48062 		mov	r2, #1024
 258 004a 0492     		str	r2, [sp, #16]
 147:Core/Src/main.c **** 
 259              		.loc 1 147 3 is_stmt 1 view .LVU59
 147:Core/Src/main.c **** 
 260              		.loc 1 147 36 is_stmt 0 view .LVU60
 261 004c 0593     		str	r3, [sp, #20]
 149:Core/Src/main.c ****   {
 262              		.loc 1 149 3 is_stmt 1 view .LVU61
 149:Core/Src/main.c ****   {
 263              		.loc 1 149 7 is_stmt 0 view .LVU62
 264 004e 01A8     		add	r0, sp, #4
 265 0050 FFF7FEFF 		bl	HAL_RCC_ClockConfig
 266              	.LVL12:
 149:Core/Src/main.c ****   {
 267              		.loc 1 149 6 view .LVU63
 268 0054 20B9     		cbnz	r0, .L21
 153:Core/Src/main.c **** 
 269              		.loc 1 153 1 view .LVU64
 270 0056 11B0     		add	sp, sp, #68
 271              	.LCFI4:
 272              		.cfi_remember_state
 273              		.cfi_def_cfa_offset 4
 274              		@ sp needed
 275 0058 5DF804FB 		ldr	pc, [sp], #4
 276              	.L20:
 277              	.LCFI5:
 278              		.cfi_restore_state
 137:Core/Src/main.c ****   }
 279              		.loc 1 137 5 is_stmt 1 view .LVU65
 280 005c FFF7FEFF 		bl	Error_Handler
 281              	.LVL13:
 282              	.L21:
 151:Core/Src/main.c ****   }
 283              		.loc 1 151 5 view .LVU66
 284 0060 FFF7FEFF 		bl	Error_Handler
 285              	.LVL14:
 286              		.cfi_endproc
 287              	.LFE71:
 289              		.section	.text.main,"ax",%progbits
 290              		.align	1
 291              		.global	main
 292              		.syntax unified
 293              		.thumb
 294              		.thumb_func
 296              	main:
 297              	.LFB70:
  68:Core/Src/main.c **** 
 298              		.loc 1 68 1 view -0
 299              		.cfi_startproc
 300              		@ Volatile: function does not return.
 301              		@ args = 0, pretend = 0, frame = 0
 302              		@ frame_needed = 0, uses_anonymous_args = 0
 303 0000 08B5     		push	{r3, lr}
 304              	.LCFI6:
 305              		.cfi_def_cfa_offset 8
 306              		.cfi_offset 3, -8
ARM GAS  /tmp/ccfAvAg6.s 			page 13


 307              		.cfi_offset 14, -4
  77:Core/Src/main.c **** 
 308              		.loc 1 77 3 view .LVU68
 309 0002 FFF7FEFF 		bl	HAL_Init
 310              	.LVL15:
  84:Core/Src/main.c **** 
 311              		.loc 1 84 3 view .LVU69
 312 0006 FFF7FEFF 		bl	SystemClock_Config
 313              	.LVL16:
  91:Core/Src/main.c ****   MX_USART1_UART_Init();
 314              		.loc 1 91 3 view .LVU70
 315 000a FFF7FEFF 		bl	MX_GPIO_Init
 316              	.LVL17:
  92:Core/Src/main.c ****   /* USER CODE BEGIN 2 */
 317              		.loc 1 92 3 view .LVU71
 318 000e FFF7FEFF 		bl	MX_USART1_UART_Init
 319              	.LVL18:
  98:Core/Src/main.c **** 
 320              		.loc 1 98 3 view .LVU72
 321 0012 FFF7FEFF 		bl	MX_FREERTOS_Init
 322              	.LVL19:
 101:Core/Src/main.c **** 
 323              		.loc 1 101 3 view .LVU73
 324 0016 FFF7FEFF 		bl	osKernelStart
 325              	.LVL20:
 326              	.L23:
 107:Core/Src/main.c ****   {
 327              		.loc 1 107 3 discriminator 1 view .LVU74
 112:Core/Src/main.c ****   /* USER CODE END 3 */
 328              		.loc 1 112 3 discriminator 1 view .LVU75
 107:Core/Src/main.c ****   {
 329              		.loc 1 107 9 discriminator 1 view .LVU76
 330 001a FEE7     		b	.L23
 331              		.cfi_endproc
 332              	.LFE70:
 334              		.global	contador_pulsos
 335              		.section	.bss.contador_pulsos,"aw",%nobits
 336              		.align	2
 337              		.set	.LANCHOR0,. + 0
 340              	contador_pulsos:
 341 0000 00000000 		.space	4
 342              		.text
 343              	.Letext0:
 344              		.file 3 "/home/santiago/gcc-arm-none-eabi-10.3-2021.10-x86_64-linux/gcc-arm-none-eabi-10.3-2021.10
 345              		.file 4 "/home/santiago/gcc-arm-none-eabi-10.3-2021.10-x86_64-linux/gcc-arm-none-eabi-10.3-2021.10
 346              		.file 5 "Drivers/CMSIS/Device/ST/STM32F1xx/Include/stm32f103xb.h"
 347              		.file 6 "Drivers/STM32F1xx_HAL_Driver/Inc/stm32f1xx_hal_def.h"
 348              		.file 7 "Drivers/STM32F1xx_HAL_Driver/Inc/stm32f1xx_hal_rcc.h"
 349              		.file 8 "Drivers/STM32F1xx_HAL_Driver/Inc/stm32f1xx_hal_rcc_ex.h"
 350              		.file 9 "Drivers/STM32F1xx_HAL_Driver/Inc/stm32f1xx_hal_dma.h"
 351              		.file 10 "Drivers/STM32F1xx_HAL_Driver/Inc/stm32f1xx_hal_tim.h"
 352              		.file 11 "Drivers/STM32F1xx_HAL_Driver/Inc/stm32f1xx_hal_uart.h"
 353              		.file 12 "Core/Inc/usart.h"
 354              		.file 13 "Drivers/STM32F1xx_HAL_Driver/Inc/stm32f1xx_hal.h"
 355              		.file 14 "Core/Inc/gpio.h"
 356              		.file 15 "Middlewares/Third_Party/FreeRTOS/Source/CMSIS_RTOS/cmsis_os.h"
 357              		.file 16 "<built-in>"
ARM GAS  /tmp/ccfAvAg6.s 			page 14


ARM GAS  /tmp/ccfAvAg6.s 			page 15


DEFINED SYMBOLS
                            *ABS*:0000000000000000 main.c
     /tmp/ccfAvAg6.s:18     .text.HAL_GPIO_EXTI_Callback:0000000000000000 $t
     /tmp/ccfAvAg6.s:24     .text.HAL_GPIO_EXTI_Callback:0000000000000000 HAL_GPIO_EXTI_Callback
     /tmp/ccfAvAg6.s:52     .text.HAL_GPIO_EXTI_Callback:0000000000000010 $d
     /tmp/ccfAvAg6.s:57     .text._write:0000000000000000 $t
     /tmp/ccfAvAg6.s:63     .text._write:0000000000000000 _write
     /tmp/ccfAvAg6.s:96     .text._write:0000000000000014 $d
     /tmp/ccfAvAg6.s:101    .text.HAL_TIM_PeriodElapsedCallback:0000000000000000 $t
     /tmp/ccfAvAg6.s:107    .text.HAL_TIM_PeriodElapsedCallback:0000000000000000 HAL_TIM_PeriodElapsedCallback
     /tmp/ccfAvAg6.s:141    .text.Error_Handler:0000000000000000 $t
     /tmp/ccfAvAg6.s:147    .text.Error_Handler:0000000000000000 Error_Handler
     /tmp/ccfAvAg6.s:179    .text.SystemClock_Config:0000000000000000 $t
     /tmp/ccfAvAg6.s:185    .text.SystemClock_Config:0000000000000000 SystemClock_Config
     /tmp/ccfAvAg6.s:290    .text.main:0000000000000000 $t
     /tmp/ccfAvAg6.s:296    .text.main:0000000000000000 main
     /tmp/ccfAvAg6.s:340    .bss.contador_pulsos:0000000000000000 contador_pulsos
     /tmp/ccfAvAg6.s:336    .bss.contador_pulsos:0000000000000000 $d

UNDEFINED SYMBOLS
HAL_UART_Transmit
huart1
HAL_IncTick
memset
HAL_RCC_OscConfig
HAL_RCC_ClockConfig
HAL_Init
MX_GPIO_Init
MX_USART1_UART_Init
MX_FREERTOS_Init
osKernelStart
