Archive member included to satisfy reference by file (symbol)

/usr/lib/gcc/arm-none-eabi/13.2.1/../../../arm-none-eabi/lib/thumb/v7-m/nofp/libc_nano.a(libc_a-strlen-stub.o)
                              build/usart.o (strlen)
/usr/lib/gcc/arm-none-eabi/13.2.1/../../../arm-none-eabi/lib/thumb/v7-m/nofp/libc_nano.a(libc_a-init.o)
                              /usr/lib/gcc/arm-none-eabi/13.2.1/../../../arm-none-eabi/lib/thumb/v7-m/nofp/crt0.o (__libc_init_array)
/usr/lib/gcc/arm-none-eabi/13.2.1/../../../arm-none-eabi/lib/thumb/v7-m/nofp/libc_nano.a(libc_a-puts.o)
                              build/freertos.o (puts)
/usr/lib/gcc/arm-none-eabi/13.2.1/../../../arm-none-eabi/lib/thumb/v7-m/nofp/libc_nano.a(libc_a-findfp.o)
                              /usr/lib/gcc/arm-none-eabi/13.2.1/../../../arm-none-eabi/lib/thumb/v7-m/nofp/libc_nano.a(libc_a-puts.o) (__sinit)
/usr/lib/gcc/arm-none-eabi/13.2.1/../../../arm-none-eabi/lib/thumb/v7-m/nofp/libc_nano.a(libc_a-memset.o)
                              /usr/lib/gcc/arm-none-eabi/13.2.1/../../../arm-none-eabi/lib/thumb/v7-m/nofp/crt0.o (memset)
/usr/lib/gcc/arm-none-eabi/13.2.1/../../../arm-none-eabi/lib/thumb/v7-m/nofp/libc_nano.a(libc_a-fflush.o)
                              /usr/lib/gcc/arm-none-eabi/13.2.1/../../../arm-none-eabi/lib/thumb/v7-m/nofp/libc_nano.a(libc_a-findfp.o) (_fflush_r)
/usr/lib/gcc/arm-none-eabi/13.2.1/../../../arm-none-eabi/lib/thumb/v7-m/nofp/libc_nano.a(libc_a-errno.o)
                              build/sysmem.o (__errno)
/usr/lib/gcc/arm-none-eabi/13.2.1/../../../arm-none-eabi/lib/thumb/v7-m/nofp/libc_nano.a(libc_a-nano-vfprintf_float.o)
                              (_printf_float)
/usr/lib/gcc/arm-none-eabi/13.2.1/../../../arm-none-eabi/lib/thumb/v7-m/nofp/libc_nano.a(libc_a-mallocr.o)
                              /usr/lib/gcc/arm-none-eabi/13.2.1/../../../arm-none-eabi/lib/thumb/v7-m/nofp/libc_nano.a(libc_a-findfp.o) (_malloc_r)
/usr/lib/gcc/arm-none-eabi/13.2.1/../../../arm-none-eabi/lib/thumb/v7-m/nofp/libc_nano.a(libc_a-dtoa.o)
                              /usr/lib/gcc/arm-none-eabi/13.2.1/../../../arm-none-eabi/lib/thumb/v7-m/nofp/libc_nano.a(libc_a-nano-vfprintf_float.o) (_dtoa_r)
/usr/lib/gcc/arm-none-eabi/13.2.1/../../../arm-none-eabi/lib/thumb/v7-m/nofp/libc_nano.a(libc_a-freer.o)
                              /usr/lib/gcc/arm-none-eabi/13.2.1/../../../arm-none-eabi/lib/thumb/v7-m/nofp/libc_nano.a(libc_a-fflush.o) (_free_r)
/usr/lib/gcc/arm-none-eabi/13.2.1/../../../arm-none-eabi/lib/thumb/v7-m/nofp/libc_nano.a(libc_a-fwalk.o)
                              /usr/lib/gcc/arm-none-eabi/13.2.1/../../../arm-none-eabi/lib/thumb/v7-m/nofp/libc_nano.a(libc_a-findfp.o) (_fwalk_sglue)
/usr/lib/gcc/arm-none-eabi/13.2.1/../../../arm-none-eabi/lib/thumb/v7-m/nofp/libc_nano.a(libc_a-wsetup.o)
                              /usr/lib/gcc/arm-none-eabi/13.2.1/../../../arm-none-eabi/lib/thumb/v7-m/nofp/libc_nano.a(libc_a-puts.o) (__swsetup_r)
/usr/lib/gcc/arm-none-eabi/13.2.1/../../../arm-none-eabi/lib/thumb/v7-m/nofp/libc_nano.a(libc_a-memcpy.o)
                              build/queue.o (memcpy)
/usr/lib/gcc/arm-none-eabi/13.2.1/../../../arm-none-eabi/lib/thumb/v7-m/nofp/libc_nano.a(libc_a-malloc.o)
                              /usr/lib/gcc/arm-none-eabi/13.2.1/../../../arm-none-eabi/lib/thumb/v7-m/nofp/libc_nano.a(libc_a-dtoa.o) (malloc)
/usr/lib/gcc/arm-none-eabi/13.2.1/../../../arm-none-eabi/lib/thumb/v7-m/nofp/libc_nano.a(libc_a-nano-vfprintf_i.o)
                              /usr/lib/gcc/arm-none-eabi/13.2.1/../../../arm-none-eabi/lib/thumb/v7-m/nofp/libc_nano.a(libc_a-nano-vfprintf_float.o) (_printf_common)
/usr/lib/gcc/arm-none-eabi/13.2.1/../../../arm-none-eabi/lib/thumb/v7-m/nofp/libc_nano.a(libc_a-mlock.o)
                              /usr/lib/gcc/arm-none-eabi/13.2.1/../../../arm-none-eabi/lib/thumb/v7-m/nofp/libc_nano.a(libc_a-mallocr.o) (__malloc_lock)
/usr/lib/gcc/arm-none-eabi/13.2.1/../../../arm-none-eabi/lib/thumb/v7-m/nofp/libc_nano.a(libc_a-makebuf.o)
                              /usr/lib/gcc/arm-none-eabi/13.2.1/../../../arm-none-eabi/lib/thumb/v7-m/nofp/libc_nano.a(libc_a-wsetup.o) (__smakebuf_r)
/usr/lib/gcc/arm-none-eabi/13.2.1/../../../arm-none-eabi/lib/thumb/v7-m/nofp/libc_nano.a(libc_a-exit.o)
                              /usr/lib/gcc/arm-none-eabi/13.2.1/../../../arm-none-eabi/lib/thumb/v7-m/nofp/crt0.o (exit)
/usr/lib/gcc/arm-none-eabi/13.2.1/../../../arm-none-eabi/lib/thumb/v7-m/nofp/libc_nano.a(libc_a-atexit.o)
                              /usr/lib/gcc/arm-none-eabi/13.2.1/../../../arm-none-eabi/lib/thumb/v7-m/nofp/crt0.o (atexit)
/usr/lib/gcc/arm-none-eabi/13.2.1/../../../arm-none-eabi/lib/thumb/v7-m/nofp/libc_nano.a(libc_a-memchr-stub.o)
                              /usr/lib/gcc/arm-none-eabi/13.2.1/../../../arm-none-eabi/lib/thumb/v7-m/nofp/libc_nano.a(libc_a-nano-vfprintf_i.o) (memchr)
/usr/lib/gcc/arm-none-eabi/13.2.1/../../../arm-none-eabi/lib/thumb/v7-m/nofp/libc_nano.a(libc_a-printf.o)
[...]
Memory Configuration

Name             Origin             Length             Attributes
RAM              0x20000000         0x00005000         xrw
FLASH            0x08000000         0x00010000         xr
*default*        0x00000000         0xffffffff

Linker script and memory map

LOAD /usr/lib/gcc/arm-none-eabi/13.2.1/thumb/v7-m/nofp/crti.o
LOAD /usr/lib/gcc/arm-none-eabi/13.2.1/thumb/v7-m/nofp/crtbegin.o
LOAD /usr/lib/gcc/arm-none-eabi/13.2.1/../../../arm-none-eabi/lib/thumb/v7-m/nofp/crt0.o
LOAD build/main.o
LOAD build/gpio.o
LOAD build/freertos.o
LOAD build/i2c.o
LOAD build/features.o
LOAD build/usart.o
LOAD build/can_app.o
LOAD build/adxl345.o
LOAD build/stm32f1xx_it.o
LOAD build/stm32f1xx_hal_msp.o
LOAD build/stm32f1xx_hal_timebase_tim.o
LOAD build/stm32f1xx_hal_gpio_ex.o
LOAD build/stm32f1xx_hal_tim.o
LOAD build/stm32f1xx_hal_tim_ex.o
LOAD build/stm32f1xx_hal.o
LOAD build/stm32f1xx_hal_rcc.o
LOAD build/stm32f1xx_hal_rcc_ex.o
LOAD build/stm32f1xx_hal_gpio.o
LOAD build/stm32f1xx_hal_dma.o
LOAD build/stm32f1xx_hal_cortex.o
LOAD build/stm32f1xx_hal_pwr.o
LOAD build/stm32f1xx_hal_flash.o
LOAD build/stm32f1xx_hal_flash_ex.o
LOAD build/stm32f1xx_hal_exti.o
LOAD build/stm32f1xx_hal_i2c.o
LOAD build/stm32f1xx_hal_uart.o
LOAD build/system_stm32f1xx.o
LOAD build/croutine.o
LOAD build/event_groups.o
LOAD build/list.o
LOAD build/queue.o
LOAD build/stream_buffer.o
LOAD build/tasks.o
LOAD build/timers.o
LOAD build/cmsis_os.o
LOAD build/heap_4.o
LOAD build/port.o
LOAD build/sysmem.o
LOAD build/syscalls.o
LOAD build/startup_stm32f103xb.o
LOAD /usr/lib/gcc/arm-none-eabi/13.2.1/../../../arm-none-eabi/lib/thumb/v7-m/nofp/libc_nano.a
LOAD /usr/lib/gcc/arm-none-eabi/13.2.1/../../../arm-none-eabi/lib/thumb/v7-m/nofp/libm.a
LOAD /usr/lib/gcc/arm-none-eabi/13.2.1/../../../arm-none-eabi/lib/thumb/v7-m/nofp/libnosys.a
START GROUP
LOAD /usr/lib/gcc/arm-none-eabi/13.2.1/thumb/v7-m/nofp/libgcc.a
LOAD /usr/lib/gcc/arm-none-eabi/13.2.1/../../../arm-none-eabi/lib/thumb/v7-m/nofp/libc_nano.a
END GROUP
START GROUP
LOAD /usr/lib/gcc/arm-none-eabi/13.2.1/thumb/v7-m/nofp/libgcc.a
LOAD /usr/lib/gcc/arm-none-eabi/13.2.1/../../../arm-none-eabi/lib/thumb/v7-m/nofp/libc_nano.a
END GROUP
LOAD /usr/lib/gcc/arm-none-eabi/13.2.1/thumb/v7-m/nofp/crtend.o
LOAD /usr/lib/gcc/arm-none-eabi/13.2.1/thumb/v7-m/nofp/crtn.o
                0x20005000                        _estack = (ORIGIN (RAM) + LENGTH (RAM))
                0x00000200                        _Min_Heap_Size = 0x200
                0x00000400                        _Min_Stack_Size = 0x400

.isr_vector     0x08000000      0x10c
                0x08000000                        . = ALIGN (0x4)
 *(.isr_vector)
 .isr_vector    0x08000000      0x10c build/startup_stm32f103xb.o
                0x08000000                g_pfnVectors
                0x0800010c                        . = ALIGN (0x4)

.text           0x08000110     0x85cc
                0x08000110                        . = ALIGN (0x4)
 *(.text)
 .text          0x08000110       0x88 /usr/lib/gcc/arm-none-eabi/13.2.1/thumb/v7-m/nofp/crtbegin.o
 .text          0x08000198       0x5c /usr/lib/gcc/arm-none-eabi/13.2.1/../../../arm-none-eabi/lib/thumb/v7-m/nofp/libc_nano.a(libc_a-strlen-stub.o)
                0x08000198                strlen
 .text          0x080001f4       0x50 /usr/lib/gcc/arm-none-eabi/13.2.1/../../../arm-none-eabi/lib/thumb/v7-m/nofp/libc_nano.a(libc_a-init.o)
                0x080001f4                __libc_init_array
 .text          0x08000244       0x98 /usr/lib/gcc/arm-none-eabi/13.2.1/../../../arm-none-eabi/lib/thumb/v7-m/nofp/libc_nano.a(libc_a-puts.o)
                0x08000244                _puts_r
                0x080002cc                puts
 .text          0x080002dc      0x224 /usr/lib/gcc/arm-none-eabi/13.2.1/../../../arm-none-eabi/lib/thumb/v7-m/nofp/libc_nano.a(libc_a-findfp.o)
                0x0800040c                __sfp
                0x080004b0                __sinit
                0x080004d0                __sfp_lock_acquire
                0x080004d4                __sfp_lock_release
                0x080004d8                __fp_lock_all
                0x080004ec                __fp_unlock_all
 .text          0x08000500       0xa0 /usr/lib/gcc/arm-none-eabi/13.2.1/../../../arm-none-eabi/lib/thumb/v7-m/nofp/libc_nano.a(libc_a-memset.o)
                0x08000500                memset
 .text          0x080005a0      0x198 /usr/lib/gcc/arm-none-eabi/13.2.1/../../../arm-none-eabi/lib/thumb/v7-m/nofp/libc_nano.a(libc_a-fflush.o)
                0x080005a0                __sflush_r
                0x080006b4                _fflush_r
                0x080006ec                fflush
 .text          0x08000738        0xc /usr/lib/gcc/arm-none-eabi/13.2.1/../../../arm-none-eabi/lib/thumb/v7-m/nofp/libc_nano.a(libc_a-errno.o)
                0x08000738                __errno
 .text          0x08000744      0x6f4 /usr/lib/gcc/arm-none-eabi/13.2.1/../../../arm-none-eabi/lib/thumb/v7-m/nofp/libc_nano.a(libc_a-nano-vfprintf_float.o)
                0x08000744                __cvt
                0x0800086c                __exponent
                0x080008f4                _printf_float
 .text          0x08000e38      0x14c /usr/lib/gcc/arm-none-eabi/13.2.1/../../../arm-none-eabi/lib/thumb/v7-m/nofp/libc_nano.a(libc_a-mallocr.o)
                0x08000e84                _malloc_r
 *fill*         0x08000f84        0x4 
 .text          0x08000f88      0xff0 /usr/lib/gcc/arm-none-eabi/13.2.1/../../../arm-none-eabi/lib/thumb/v7-m/nofp/libc_nano.a(libc_a-dtoa.o)
                0x080010c4                _dtoa_r
 .text          0x08001f78       0xbc /usr/lib/gcc/arm-none-eabi/13.2.1/../../../arm-none-eabi/lib/thumb/v7-m/nofp/libc_nano.a(libc_a-freer.o)
                0x08001f78                _free_r
 .text          0x08002034       0x44 /usr/lib/gcc/arm-none-eabi/13.2.1/../../../arm-none-eabi/lib/thumb/v7-m/nofp/libc_nano.a(libc_a-fwalk.o)
                0x08002034                _fwalk_sglue
 .text          0x08002078       0xc4 /usr/lib/gcc/arm-none-eabi/13.2.1/../../../arm-none-eabi/lib/thumb/v7-m/nofp/libc_nano.a(libc_a-wsetup.o)
                0x08002078                __swsetup_r
 .text          0x0800213c       0xec /usr/lib/gcc/arm-none-eabi/13.2.1/../../../arm-none-eabi/lib/thumb/v7-m/nofp/libc_nano.a(libc_a-memcpy.o)
                0x0800213c                memcpy
 .text          0x08002228       0x20 /usr/lib/gcc/arm-none-eabi/13.2.1/../../../arm-none-eabi/lib/thumb/v7-m/nofp/libc_nano.a(libc_a-malloc.o)
                0x08002228                malloc
                0x08002238                free
 .text          0x08002248      0x3a8 /usr/lib/gcc/arm-none-eabi/13.2.1/../../../arm-none-eabi/lib/thumb/v7-m/nofp/libc_nano.a(libc_a-nano-vfprintf_i.o)
                0x08002248                _printf_common
                0x0800236c                _printf_i
 .text          0x080025f0        0x8 /usr/lib/gcc/arm-none-eabi/13.2.1/../../../arm-none-eabi/lib/thumb/v7-m/nofp/libc_nano.a(libc_a-mlock.o)
                0x080025f0                __malloc_lock
                0x080025f4                __malloc_unlock
 .text          0x080025f8      0x110 /usr/lib/gcc/arm-none-eabi/13.2.1/../../../arm-none-eabi/lib/thumb/v7-m/nofp/libc_nano.a(libc_a-makebuf.o)
                0x080025f8                __smakebuf_r
                0x080026bc                __swhatbuf_r
 .text          0x08002708       0x98 /usr/lib/gcc/arm-none-eabi/13.2.1/../../../arm-none-eabi/lib/thumb/v7-m/nofp/libc_nano.a(libc_a-memchr-stub.o)
                0x08002708                memchr
 .text          0x080027a0       0x48 /usr/lib/gcc/arm-none-eabi/13.2.1/../../../arm-none-eabi/lib/thumb/v7-m/nofp/libc_nano.a(libc_a-printf.o)
                0x080027a0                _printf_r
                0x080027a0                _iprintf_r
                0x080027c0                printf
                0x080027c0                iprintf
 .text          0x080027e8       0x24 /usr/lib/gcc/arm-none-eabi/13.2.1/../../../arm-none-eabi/lib/thumb/v7-m/nofp/libc_nano.a(libc_a-isattyr.o)
                0x080027e8                _isatty_r
 .text          0x0800280c      0x2ec /usr/lib/gcc/arm-none-eabi/13.2.1/../../../arm-none-eabi/lib/thumb/v7-m/nofp/libc_nano.a(libc_a-nano-vfprintf.o)
                0x08002834                __sfputs_r
                0x08002864                __sprint_r
                0x08002884                _vfiprintf_r
                0x08002884                _vfprintf_r
                0x08002adc                vfiprintf
                0x08002adc                vfprintf
 .text          0x08002af8       0x9c /usr/lib/gcc/arm-none-eabi/13.2.1/../../../arm-none-eabi/lib/thumb/v7-m/nofp/libc_nano.a(libc_a-wbuf.o)
                0x08002af8                __swbuf_r
                0x08002b80                __swbuf
 .text          0x08002b94       0x4c /usr/lib/gcc/arm-none-eabi/13.2.1/../../../arm-none-eabi/lib/thumb/v7-m/nofp/libc_nano.a(libc_a-assert.o)
                0x08002b94                __assert_func
                0x08002bd4                __assert
 .text          0x08002be0      0xad0 /usr/lib/gcc/arm-none-eabi/13.2.1/../../../arm-none-eabi/lib/thumb/v7-m/nofp/libc_nano.a(libc_a-mprec.o)
                0x08002be0                _Balloc
                0x08002c60                _Bfree
                0x08002ca8                __multadd
                0x08002d44                __s2b
                0x08002df4                __hi0bits
                0x08002e38                __lo0bits
                0x08002e94                __i2b
                0x08002ec0                __multiply
                0x08003024                __pow5mult
                0x08003104                __lshift
                0x080031ec                __mcmp
                0x0800322c                __mdiff
                0x080033a4                __ulp
                0x080033f4                __b2d
                0x080034a8                __d2b
                0x08003564                __ratio
                0x080035c0                _mprec_log10
                0x080035f8                __copybits
                0x08003658                __any_on
 .text          0x080036b0       0x24 /usr/lib/gcc/arm-none-eabi/13.2.1/../../../arm-none-eabi/lib/thumb/v7-m/nofp/libc_nano.a(libc_a-sbrkr.o)
                0x080036b0                _sbrk_r
 .text          0x080036d4       0x94 /usr/lib/gcc/arm-none-eabi/13.2.1/../../../arm-none-eabi/lib/thumb/v7-m/nofp/libc_nano.a(libc_a-stdio.o)
                0x080036d4                __sread
                0x080036f8                __seofread
                0x080036fc                __swrite
                0x0800373c                __sseek
                0x08003760                __sclose
 .text          0x08003768       0x14 /usr/lib/gcc/arm-none-eabi/13.2.1/../../../arm-none-eabi/lib/thumb/v7-m/nofp/libc_nano.a(libc_a-localeconv.o)
                0x08003768                __localeconv_l
                0x0800376c                _localeconv_r
                0x08003774                localeconv
 .text          0x0800377c      0x2ec /usr/lib/gcc/arm-none-eabi/13.2.1/../../../arm-none-eabi/lib/thumb/v7-m/nofp/libc_nano.a(libc_a-fvwrite.o)
                0x0800377c                __sfvwrite_r
 .text          0x08003a68       0x10 /usr/lib/gcc/arm-none-eabi/13.2.1/../../../arm-none-eabi/lib/thumb/v7-m/nofp/libc_nano.a(libc_a-abort.o)
                0x08003a68                abort
 .text          0x08003a78       0x24 /usr/lib/gcc/arm-none-eabi/13.2.1/../../../arm-none-eabi/lib/thumb/v7-m/nofp/libc_nano.a(libc_a-closer.o)
                0x08003a78                _close_r
 .text          0x08003a9c       0x28 /usr/lib/gcc/arm-none-eabi/13.2.1/../../../arm-none-eabi/lib/thumb/v7-m/nofp/libc_nano.a(libc_a-callocr.o)
                0x08003a9c                _calloc_r
 .text          0x08003ac4       0xfc /usr/lib/gcc/arm-none-eabi/13.2.1/../../../arm-none-eabi/lib/thumb/v7-m/nofp/libc_nano.a(libc_a-memmove.o)
                0x08003ac4                memmove
 .text          0x08003bc0       0x30 /usr/lib/gcc/arm-none-eabi/13.2.1/../../../arm-none-eabi/lib/thumb/v7-m/nofp/libc_nano.a(libc_a-wctomb_r.o)
                0x08003bc0                _wctomb_r
                0x08003bd4                __ascii_wctomb
 .text          0x08003bf0       0x2c /usr/lib/gcc/arm-none-eabi/13.2.1/../../../arm-none-eabi/lib/thumb/v7-m/nofp/libc_nano.a(libc_a-readr.o)
                0x08003bf0                _read_r
 .text          0x08003c1c       0x44 /usr/lib/gcc/arm-none-eabi/13.2.1/../../../arm-none-eabi/lib/thumb/v7-m/nofp/libc_nano.a(libc_a-fprintf.o)
                0x08003c1c                _fprintf_r
                0x08003c1c                _fiprintf_r
                0x08003c38                fprintf
                0x08003c38                fiprintf
 .text          0x08003c60       0x64 /usr/lib/gcc/arm-none-eabi/13.2.1/../../../arm-none-eabi/lib/thumb/v7-m/nofp/libc_nano.a(libc_a-reallocr.o)
                0x08003c60                _realloc_r
 .text          0x08003cc4       0x28 /usr/lib/gcc/arm-none-eabi/13.2.1/../../../arm-none-eabi/lib/thumb/v7-m/nofp/libc_nano.a(libc_a-fstatr.o)
                0x08003cc4                _fstat_r
 .text          0x08003cec       0x2c /usr/lib/gcc/arm-none-eabi/13.2.1/../../../arm-none-eabi/lib/thumb/v7-m/nofp/libc_nano.a(libc_a-lseekr.o)
                0x08003cec                _lseek_r
 .text          0x08003d18       0x2c /usr/lib/gcc/arm-none-eabi/13.2.1/../../../arm-none-eabi/lib/thumb/v7-m/nofp/libc_nano.a(libc_a-writer.o)
                0x08003d18                _write_r
 .text          0x08003d44       0x10 /usr/lib/gcc/arm-none-eabi/13.2.1/../../../arm-none-eabi/lib/thumb/v7-m/nofp/libc_nano.a(libc_a-msizer.o)
                0x08003d44                _malloc_usable_size_r
 .text          0x08003d54       0x40 /usr/lib/gcc/arm-none-eabi/13.2.1/../../../arm-none-eabi/lib/thumb/v7-m/nofp/libc_nano.a(libc_a-mbtowc_r.o)
                0x08003d54                _mbtowc_r
                0x08003d68                __ascii_mbtowc
 .text          0x08003d94      0x264 /usr/lib/gcc/arm-none-eabi/13.2.1/../../../arm-none-eabi/lib/thumb/v7-m/nofp/libc_nano.a(libc_a-signal.o)
                0x08003d94                _init_signal_r
                0x08003dc0                _signal_r
                0x08003e0c                _raise_r
                0x08003e5c                __sigtramp_r
                0x08003ec0                raise
                0x08003f14                signal
                0x08003f60                _init_signal
                0x08003f94                __sigtramp
 .text          0x08003ff8       0x2c /usr/lib/gcc/arm-none-eabi/13.2.1/../../../arm-none-eabi/lib/thumb/v7-m/nofp/libc_nano.a(libc_a-signalr.o)
                0x08003ff8                _kill_r
                0x08004020                _getpid_r
 .text          0x08004024       0x3c /usr/lib/gcc/arm-none-eabi/13.2.1/../../../arm-none-eabi/lib/thumb/v7-m/nofp/libm.a(libm_a-wf_sqrt.o)
                0x08004024                sqrtf
 .text          0x08004060       0xd4 /usr/lib/gcc/arm-none-eabi/13.2.1/../../../arm-none-eabi/lib/thumb/v7-m/nofp/libm.a(libm_a-ef_sqrt.o)
                0x08004060                __ieee754_sqrtf
 .text          0x08004134      0x378 /usr/lib/gcc/arm-none-eabi/13.2.1/thumb/v7-m/nofp/libgcc.a(_arm_addsubdf3.o)
                0x08004134                __aeabi_drsub
                0x0800413c                __aeabi_dsub
                0x0800413c                __subdf3
                0x08004140                __adddf3
                0x08004140                __aeabi_dadd
                0x080043b8                __aeabi_ui2d
                0x080043b8                __floatunsidf
                0x080043d8                __floatsidf
                0x080043d8                __aeabi_i2d
                0x080043fc                __extendsfdf2
                0x080043fc                __aeabi_f2d
                0x08004440                __aeabi_ul2d
                0x08004440                __floatundidf
                0x08004450                __floatdidf
                0x08004450                __aeabi_l2d
 .text          0x080044ac      0x424 /usr/lib/gcc/arm-none-eabi/13.2.1/thumb/v7-m/nofp/libgcc.a(_arm_muldivdf3.o)
                0x080044ac                __aeabi_dmul
                0x080044ac                __muldf3
                0x08004700                __aeabi_ddiv
                0x08004700                __divdf3
 .text          0x080048d0      0x110 /usr/lib/gcc/arm-none-eabi/13.2.1/thumb/v7-m/nofp/libgcc.a(_arm_cmpdf2.o)
                0x080048d0                __gtdf2
                0x080048d0                __gedf2
                0x080048d8                __ltdf2
                0x080048d8                __ledf2
                0x080048e0                __cmpdf2
                0x080048e0                __eqdf2
                0x080048e0                __nedf2
                0x0800495c                __aeabi_cdrcmple
                0x0800496c                __aeabi_cdcmple
                0x0800496c                __aeabi_cdcmpeq
                0x0800497c                __aeabi_dcmpeq
                0x08004990                __aeabi_dcmplt
                0x080049a4                __aeabi_dcmple
                0x080049b8                __aeabi_dcmpge
                0x080049cc                __aeabi_dcmpgt
 .text          0x080049e0       0x2c /usr/lib/gcc/arm-none-eabi/13.2.1/thumb/v7-m/nofp/libgcc.a(_arm_unorddf2.o)
                0x080049e0                __aeabi_dcmpun
                0x080049e0                __unorddf2
 .text          0x08004a0c       0x50 /usr/lib/gcc/arm-none-eabi/13.2.1/thumb/v7-m/nofp/libgcc.a(_arm_fixdfsi.o)
                0x08004a0c                __fixdfsi
                0x08004a0c                __aeabi_d2iz
 .text          0x08004a5c      0x21c /usr/lib/gcc/arm-none-eabi/13.2.1/thumb/v7-m/nofp/libgcc.a(_arm_addsubsf3.o)
                0x08004a5c                __aeabi_frsub
                0x08004a64                __subsf3
                0x08004a64                __aeabi_fsub
                0x08004a68                __aeabi_fadd
                0x08004a68                __addsf3
                0x08004bc8                __aeabi_ui2f
                0x08004bc8                __floatunsisf
                0x08004bd0                __aeabi_i2f
                0x08004bd0                __floatsisf
                0x08004bec                __floatundisf
                0x08004bec                __aeabi_ul2f
                0x08004bfc                __floatdisf
                0x08004bfc                __aeabi_l2f
 .text          0x08004c78      0x2a0 /usr/lib/gcc/arm-none-eabi/13.2.1/thumb/v7-m/nofp/libgcc.a(_arm_muldivsf3.o)
                0x08004c78                __mulsf3
                0x08004c78                __aeabi_fmul
                0x08004de0                __divsf3
                0x08004de0                __aeabi_fdiv
 .text          0x08004f18       0xec /usr/lib/gcc/arm-none-eabi/13.2.1/thumb/v7-m/nofp/libgcc.a(_arm_cmpsf2.o)
                0x08004f18                __gtsf2
                0x08004f18                __gesf2
                0x08004f20                __lesf2
                0x08004f20                __ltsf2
                0x08004f28                __nesf2
                0x08004f28                __eqsf2
                0x08004f28                __cmpsf2
                0x08004f88                __aeabi_cfrcmple
                0x08004f90                __aeabi_cfcmple
                0x08004f90                __aeabi_cfcmpeq
                0x08004fa0                __aeabi_fcmpeq
                0x08004fb4                __aeabi_fcmplt
                0x08004fc8                __aeabi_fcmple
                0x08004fdc                __aeabi_fcmpge
                0x08004ff0                __aeabi_fcmpgt
 .text          0x08005004       0x2c /usr/lib/gcc/arm-none-eabi/13.2.1/thumb/v7-m/nofp/libgcc.a(_arm_unordsf2.o)
                0x08005004                __aeabi_fcmpun
                0x08005004                __unordsf2
 *(.text*)
 .text._write   0x08005030       0x18 build/main.o
                0x08005030                _write
 .text.HAL_TIM_PeriodElapsedCallback
                0x08005048       0x12 build/main.o
                0x08005048                HAL_TIM_PeriodElapsedCallback
 .text.Error_Handler
                0x0800505a        0x4 build/main.o
                0x0800505a                Error_Handler
 .text.SystemClock_Config
                0x0800505e       0x52 build/main.o
                0x0800505e                SystemClock_Config
 .text.main     0x080050b0       0x5c build/main.o
                0x080050b0                main
 .text.MX_GPIO_Init
                0x0800510c       0x30 build/gpio.o
                0x0800510c                MX_GPIO_Init
 .text.StartAccelTask
                0x0800513c       0x60 build/freertos.o
                0x0800513c                StartAccelTask
 .text.StartFeatureTask
                0x0800519c       0x40 build/freertos.o
                0x0800519c                StartFeatureTask
 .text.StartCANTask
                0x080051dc       0x6c build/freertos.o
                0x080051dc                StartCANTask
 .text.vApplicationGetIdleTaskMemory
                0x08005248       0x18 build/freertos.o
                0x08005248                vApplicationGetIdleTaskMemory
 .text.MX_FREERTOS_Init
                0x08005260       0xd8 build/freertos.o
                0x08005260                MX_FREERTOS_Init
 .text.MX_I2C1_Init
                0x08005338       0x3c build/i2c.o
                0x08005338                MX_I2C1_Init
 .text.HAL_I2C_MspInit
                0x08005374       0x64 build/i2c.o
                0x08005374                HAL_I2C_MspInit
 .text.Features_ComputeRMSPeak
                0x080053d8       0x6a build/features.o
                0x080053d8                Features_ComputeRMSPeak
 *fill*         0x08005442        0x2 
 .text.MX_USART1_UART_Init
                0x08005444       0x34 build/usart.o
                0x08005444                MX_USART1_UART_Init
 .text.HAL_UART_MspInit
                0x08005478       0x78 build/usart.o
                0x08005478                HAL_UART_MspInit
 .text.CAN_SendFloat
                0x080054f0        0x2 build/can_app.o
                0x080054f0                CAN_SendFloat
 *fill*         0x080054f2        0x2 
 .text.ADXL345_Init
                0x080054f4       0x50 build/adxl345.o
                0x080054f4                ADXL345_Init
 .text.ADXL345_ReadXYZ
                0x08005544       0x5c build/adxl345.o
                0x08005544                ADXL345_ReadXYZ
 .text.NMI_Handler
                0x080055a0        0x2 build/stm32f1xx_it.o
                0x080055a0                NMI_Handler
 .text.HardFault_Handler
                0x080055a2        0x2 build/stm32f1xx_it.o
                0x080055a2                HardFault_Handler
 .text.MemManage_Handler
                0x080055a4        0x2 build/stm32f1xx_it.o
                0x080055a4                MemManage_Handler
 .text.BusFault_Handler
                0x080055a6        0x2 build/stm32f1xx_it.o
                0x080055a6                BusFault_Handler
 .text.UsageFault_Handler
                0x080055a8        0x2 build/stm32f1xx_it.o
                0x080055a8                UsageFault_Handler
 .text.DebugMon_Handler
                0x080055aa        0x2 build/stm32f1xx_it.o
                0x080055aa                DebugMon_Handler
 .text.TIM2_IRQHandler
                0x080055ac       0x10 build/stm32f1xx_it.o
                0x080055ac                TIM2_IRQHandler
 .text.HAL_MspInit
                0x080055bc       0x54 build/stm32f1xx_hal_msp.o
                0x080055bc                HAL_MspInit
 .text.HAL_InitTick
                0x08005610       0xa0 build/stm32f1xx_hal_timebase_tim.o
                0x08005610                HAL_InitTick
 .text.HAL_TIM_Base_MspInit
                0x080056b0        0x2 build/stm32f1xx_hal_tim.o
                0x080056b0                HAL_TIM_Base_MspInit
 *fill*         0x080056b2        0x2 
 .text.HAL_TIM_Base_Start_IT
                0x080056b4       0x68 build/stm32f1xx_hal_tim.o
                0x080056b4                HAL_TIM_Base_Start_IT
 .text.HAL_TIM_OC_DelayElapsedCallback
                0x0800571c        0x2 build/stm32f1xx_hal_tim.o
                0x0800571c                HAL_TIM_OC_DelayElapsedCallback
 .text.HAL_TIM_IC_CaptureCallback
                0x0800571e        0x2 build/stm32f1xx_hal_tim.o
                0x0800571e                HAL_TIM_IC_CaptureCallback
 .text.HAL_TIM_PWM_PulseFinishedCallback
                0x08005720        0x2 build/stm32f1xx_hal_tim.o
                0x08005720                HAL_TIM_PWM_PulseFinishedCallback
 .text.HAL_TIM_TriggerCallback
                0x08005722        0x2 build/stm32f1xx_hal_tim.o
                0x08005722                HAL_TIM_TriggerCallback
 .text.HAL_TIM_IRQHandler
                0x08005724      0x15e build/stm32f1xx_hal_tim.o
                0x08005724                HAL_TIM_IRQHandler
 *fill*         0x08005882        0x2 
 .text.TIM_Base_SetConfig
                0x08005884       0x84 build/stm32f1xx_hal_tim.o
                0x08005884                TIM_Base_SetConfig
 .text.HAL_TIM_Base_Init
                0x08005908       0x58 build/stm32f1xx_hal_tim.o
                0x08005908                HAL_TIM_Base_Init
 .text.HAL_TIMEx_CommutCallback
                0x08005960        0x2 build/stm32f1xx_hal_tim_ex.o
                0x08005960                HAL_TIMEx_CommutCallback
 .text.HAL_TIMEx_BreakCallback
                0x08005962        0x2 build/stm32f1xx_hal_tim_ex.o
                0x08005962                HAL_TIMEx_BreakCallback
 .text.HAL_Init
                0x08005964       0x24 build/stm32f1xx_hal.o
                0x08005964                HAL_Init
 .text.HAL_IncTick
                0x08005988       0x18 build/stm32f1xx_hal.o
                0x08005988                HAL_IncTick
 .text.HAL_GetTick
                0x080059a0        0xc build/stm32f1xx_hal.o
                0x080059a0                HAL_GetTick
 .text.RCC_Delay
                0x080059ac       0x2c build/stm32f1xx_hal_rcc.o
 .text.HAL_RCC_OscConfig
                0x080059d8      0x410 build/stm32f1xx_hal_rcc.o
                0x080059d8                HAL_RCC_OscConfig
 .text.HAL_RCC_GetSysClockFreq
                0x08005de8       0x54 build/stm32f1xx_hal_rcc.o
                0x08005de8                HAL_RCC_GetSysClockFreq
 .text.HAL_RCC_ClockConfig
                0x08005e3c      0x16c build/stm32f1xx_hal_rcc.o
                0x08005e3c                HAL_RCC_ClockConfig
 .text.HAL_RCC_GetHCLKFreq
                0x08005fa8        0xc build/stm32f1xx_hal_rcc.o
                0x08005fa8                HAL_RCC_GetHCLKFreq
 .text.HAL_RCC_GetPCLK1Freq
                0x08005fb4       0x20 build/stm32f1xx_hal_rcc.o
                0x08005fb4                HAL_RCC_GetPCLK1Freq
 .text.HAL_RCC_GetPCLK2Freq
                0x08005fd4       0x20 build/stm32f1xx_hal_rcc.o
                0x08005fd4                HAL_RCC_GetPCLK2Freq
 .text.HAL_RCC_GetClockConfig
                0x08005ff4       0x3c build/stm32f1xx_hal_rcc.o
                0x08005ff4                HAL_RCC_GetClockConfig
 .text.HAL_GPIO_Init
                0x08006030      0x21c build/stm32f1xx_hal_gpio.o
                0x08006030                HAL_GPIO_Init
 .text.__NVIC_SetPriority
                0x0800624c       0x28 build/stm32f1xx_hal_cortex.o
 .text.NVIC_EncodePriority
                0x08006274       0x3e build/stm32f1xx_hal_cortex.o
 *fill*         0x080062b2        0x2 
 .text.HAL_NVIC_SetPriorityGrouping
                0x080062b4       0x24 build/stm32f1xx_hal_cortex.o
                0x080062b4                HAL_NVIC_SetPriorityGrouping
 .text.HAL_NVIC_SetPriority
                0x080062d8       0x20 build/stm32f1xx_hal_cortex.o
                0x080062d8                HAL_NVIC_SetPriority
 .text.HAL_NVIC_EnableIRQ
                0x080062f8       0x1c build/stm32f1xx_hal_cortex.o
                0x080062f8                HAL_NVIC_EnableIRQ
 .text.I2C_IsAcknowledgeFailed
                0x08006314       0x32 build/stm32f1xx_hal_i2c.o
 .text.I2C_WaitOnFlagUntilTimeout
                0x08006346       0xaa build/stm32f1xx_hal_i2c.o
 .text.I2C_WaitOnMasterAddressFlagUntilTimeout
                0x080063f0       0xd6 build/stm32f1xx_hal_i2c.o
 .text.I2C_WaitOnTXEFlagUntilTimeout
                0x080064c6       0x5e build/stm32f1xx_hal_i2c.o
 .text.I2C_RequestMemoryWrite
                0x08006524       0xd8 build/stm32f1xx_hal_i2c.o
 .text.I2C_RequestMemoryRead
                0x080065fc      0x154 build/stm32f1xx_hal_i2c.o
 .text.I2C_WaitOnBTFFlagUntilTimeout
                0x08006750       0x5e build/stm32f1xx_hal_i2c.o
 .text.I2C_WaitOnRXNEFlagUntilTimeout
                0x080067ae       0x78 build/stm32f1xx_hal_i2c.o
 *fill*         0x08006826        0x2 
 .text.HAL_I2C_Init
                0x08006828      0x1bc build/stm32f1xx_hal_i2c.o
                0x08006828                HAL_I2C_Init
 .text.HAL_I2C_Mem_Write
                0x080069e4      0x164 build/stm32f1xx_hal_i2c.o
                0x080069e4                HAL_I2C_Mem_Write
 .text.HAL_I2C_Mem_Read
                0x08006b48      0x35c build/stm32f1xx_hal_i2c.o
                0x08006b48                HAL_I2C_Mem_Read
 .text.UART_EndRxTransfer
                0x08006ea4       0x5c build/stm32f1xx_hal_uart.o
 .text.UART_SetConfig
                0x08006f00       0x94 build/stm32f1xx_hal_uart.o
 .text.UART_WaitOnFlagUntilTimeout
                0x08006f94       0x86 build/stm32f1xx_hal_uart.o
 .text.HAL_UART_Init
                0x0800701a       0x60 build/stm32f1xx_hal_uart.o
                0x0800701a                HAL_UART_Init
 .text.HAL_UART_Transmit
                0x0800707a       0xcc build/stm32f1xx_hal_uart.o
                0x0800707a                HAL_UART_Transmit
 .text.SystemInit
                0x08007146        0x2 build/system_stm32f1xx.o
                0x08007146                SystemInit
 .text.vListInitialise
                0x08007148       0x16 build/list.o
                0x08007148                vListInitialise
 .text.vListInitialiseItem
                0x0800715e        0x6 build/list.o
                0x0800715e                vListInitialiseItem
 .text.vListInsertEnd
                0x08007164       0x16 build/list.o
                0x08007164                vListInsertEnd
 .text.vListInsert
                0x0800717a       0x32 build/list.o
                0x0800717a                vListInsert
 .text.uxListRemove
                0x080071ac       0x26 build/list.o
                0x080071ac                uxListRemove
 .text.prvIsQueueFull
                0x080071d2       0x1e build/queue.o
 .text.prvIsQueueEmpty
                0x080071f0       0x1a build/queue.o
 .text.prvCopyDataToQueue
                0x0800720a       0x76 build/queue.o
 .text.prvCopyDataFromQueue
                0x08007280       0x24 build/queue.o
 .text.prvUnlockQueue
                0x080072a4       0x6e build/queue.o
 .text.xQueueGenericReset
                0x08007312       0x84 build/queue.o
                0x08007312                xQueueGenericReset
 .text.prvInitialiseNewQueue
                0x08007396       0x1c build/queue.o
 .text.xQueueGenericCreate
                0x080073b2       0x48 build/queue.o
                0x080073b2                xQueueGenericCreate
 .text.xQueueGenericSend
                0x080073fa      0x188 build/queue.o
                0x080073fa                xQueueGenericSend
 .text.xQueueReceive
                0x08007582      0x15e build/queue.o
                0x08007582                xQueueReceive
 .text.prvResetNextTaskUnblockTime
                0x080076e0       0x2c build/tasks.o
 .text.prvInitialiseNewTask
                0x0800770c       0x9c build/tasks.o
 .text.prvInitialiseTaskLists
                0x080077a8       0x68 build/tasks.o
 .text.prvAddNewTaskToReadyList
                0x08007810       0xa8 build/tasks.o
 .text.prvDeleteTCB
                0x080078b8       0x38 build/tasks.o
 .text.prvCheckTasksWaitingTermination
                0x080078f0       0x4c build/tasks.o
 .text.prvIdleTask
                0x0800793c       0x28 build/tasks.o
 .text.prvAddCurrentTaskToDelayedList
                0x08007964       0x98 build/tasks.o
 .text.xTaskCreateStatic
                0x080079fc       0x76 build/tasks.o
                0x080079fc                xTaskCreateStatic
 .text.xTaskCreate
                0x08007a72       0x64 build/tasks.o
                0x08007a72                xTaskCreate
 *fill*         0x08007ad6        0x2 
 .text.vTaskStartScheduler
                0x08007ad8       0x74 build/tasks.o
                0x08007ad8                vTaskStartScheduler
 .text.vTaskSuspendAll
                0x08007b4c       0x10 build/tasks.o
                0x08007b4c                vTaskSuspendAll
 .text.xTaskIncrementTick
                0x08007b5c      0x118 build/tasks.o
                0x08007b5c                xTaskIncrementTick
 .text.xTaskResumeAll
                0x08007c74       0xf8 build/tasks.o
                0x08007c74                xTaskResumeAll
 .text.vTaskDelay
                0x08007d6c       0x4c build/tasks.o
                0x08007d6c                vTaskDelay
 .text.vTaskSwitchContext
                0x08007db8       0x98 build/tasks.o
                0x08007db8                vTaskSwitchContext
 .text.vTaskPlaceOnEventList
                0x08007e50       0x30 build/tasks.o
                0x08007e50                vTaskPlaceOnEventList
 .text.xTaskRemoveFromEventList
                0x08007e80       0x8c build/tasks.o
                0x08007e80                xTaskRemoveFromEventList
 .text.vTaskInternalSetTimeOutState
                0x08007f0c       0x18 build/tasks.o
                0x08007f0c                vTaskInternalSetTimeOutState
 .text.xTaskCheckForTimeOut
                0x08007f24       0x84 build/tasks.o
                0x08007f24                xTaskCheckForTimeOut
 .text.vTaskMissedYield
                0x08007fa8        0xc build/tasks.o
                0x08007fa8                vTaskMissedYield
 .text.xTaskGetSchedulerState
                0x08007fb4       0x20 build/tasks.o
                0x08007fb4                xTaskGetSchedulerState
 .text.xTaskPriorityDisinherit
                0x08007fd4       0xb0 build/tasks.o
                0x08007fd4                xTaskPriorityDisinherit
 .text.makeFreeRtosPriority
                0x08008084        0xc build/cmsis_os.o
 .text.osKernelStart
                0x08008090        0xa build/cmsis_os.o
                0x08008090                osKernelStart
 .text.osThreadCreate
                0x0800809a       0x66 build/cmsis_os.o
                0x0800809a                osThreadCreate
 .text.osDelay  0x08008100        0xe build/cmsis_os.o
                0x08008100                osDelay
 *fill*         0x0800810e        0x2 
 .text.prvHeapInit
                0x08008110       0x64 build/heap_4.o
 .text.prvInsertBlockIntoFreeList
                0x08008174       0x60 build/heap_4.o
 .text.pvPortMalloc
                0x080081d4      0x104 build/heap_4.o
                0x080081d4                pvPortMalloc
 .text.vPortFree
                0x080082d8       0x7c build/heap_4.o
                0x080082d8                vPortFree
 .text.prvTaskExitError
                0x08008354       0x40 build/port.o
 .text.prvPortStartFirstTask
                0x08008394       0x20 build/port.o
 .text.pxPortInitialiseStack
                0x080083b4       0x24 build/port.o
                0x080083b4                pxPortInitialiseStack
 *fill*         0x080083d8        0x8 
 .text.SVC_Handler
                0x080083e0       0x24 build/port.o
                0x080083e0                SVC_Handler
 .text.vPortEnterCritical
                0x08008404       0x44 build/port.o
                0x08008404                vPortEnterCritical
 .text.vPortExitCritical
                0x08008448       0x2c build/port.o
                0x08008448                vPortExitCritical
 *fill*         0x08008474        0xc 
 .text.PendSV_Handler
                0x08008480       0x44 build/port.o
                0x08008480                PendSV_Handler
 .text.SysTick_Handler
                0x080084c4       0x2c build/port.o
                0x080084c4                SysTick_Handler
 .text.vPortSetupTimerInterrupt
                0x080084f0       0x28 build/port.o
                0x080084f0                vPortSetupTimerInterrupt
 .text.xPortStartScheduler
                0x08008518       0xc0 build/port.o
                0x08008518                xPortStartScheduler
 .text._sbrk    0x080085d8       0x48 build/sysmem.o
                0x080085d8                _sbrk
 .text._getpid  0x08008620        0x4 build/syscalls.o
                0x08008620                _getpid
 .text._kill    0x08008624       0x10 build/syscalls.o
                0x08008624                _kill
 .text._exit    0x08008634        0xc build/syscalls.o
                0x08008634                _exit
 .text._read    0x08008640       0x20 build/syscalls.o
                0x08008640                _read
 .text._close   0x08008660        0x6 build/syscalls.o
                0x08008660                _close
 .text._fstat   0x08008666        0xa build/syscalls.o
                0x08008666                _fstat
 .text._isatty  0x08008670        0x4 build/syscalls.o
                0x08008670                _isatty
 .text._lseek   0x08008674        0x4 build/syscalls.o
                0x08008674                _lseek
 .text.Reset_Handler
                0x08008678       0x48 build/startup_stm32f103xb.o
                0x08008678                Reset_Handler
 .text.Default_Handler
                0x080086c0        0x2 build/startup_stm32f103xb.o
                0x080086c0                RTC_Alarm_IRQHandler
                0x080086c0                EXTI2_IRQHandler
                0x080086c0                TIM1_CC_IRQHandler
                0x080086c0                PVD_IRQHandler
                0x080086c0                EXTI3_IRQHandler
                0x080086c0                EXTI0_IRQHandler
                0x080086c0                I2C2_EV_IRQHandler
                0x080086c0                ADC1_2_IRQHandler
                0x080086c0                SPI1_IRQHandler
                0x080086c0                TAMPER_IRQHandler
                0x080086c0                DMA1_Channel4_IRQHandler
                0x080086c0                USART3_IRQHandler
                0x080086c0                RTC_IRQHandler
                0x080086c0                DMA1_Channel7_IRQHandler
                0x080086c0                CAN1_RX1_IRQHandler
                0x080086c0                TIM4_IRQHandler
                0x080086c0                I2C1_EV_IRQHandler
                0x080086c0                DMA1_Channel6_IRQHandler
                0x080086c0                TIM3_IRQHandler
                0x080086c0                RCC_IRQHandler
                0x080086c0                TIM1_TRG_COM_IRQHandler
                0x080086c0                DMA1_Channel1_IRQHandler
                0x080086c0                Default_Handler
                0x080086c0                EXTI15_10_IRQHandler
                0x080086c0                EXTI9_5_IRQHandler
                0x080086c0                SPI2_IRQHandler
                0x080086c0                DMA1_Channel5_IRQHandler
                0x080086c0                EXTI4_IRQHandler
                0x080086c0                USB_LP_CAN1_RX0_IRQHandler
                0x080086c0                USB_HP_CAN1_TX_IRQHandler
                0x080086c0                DMA1_Channel3_IRQHandler
                0x080086c0                TIM1_UP_IRQHandler
                0x080086c0                WWDG_IRQHandler
                0x080086c0                TIM1_BRK_IRQHandler
                0x080086c0                EXTI1_IRQHandler
                0x080086c0                USART2_IRQHandler
                0x080086c0                I2C2_ER_IRQHandler
                0x080086c0                DMA1_Channel2_IRQHandler
                0x080086c0                CAN1_SCE_IRQHandler
                0x080086c0                FLASH_IRQHandler
                0x080086c0                USART1_IRQHandler
                0x080086c0                I2C1_ER_IRQHandler
                0x080086c0                USBWakeUp_IRQHandler
 *(.glue_7)
 .glue_7        0x080086c2        0x0 linker stubs
 *(.glue_7t)
 .glue_7t       0x080086c2        0x0 linker stubs
 *(.eh_frame)
 *fill*         0x080086c2        0x2 
 .eh_frame      0x080086c4        0x0 /usr/lib/gcc/arm-none-eabi/13.2.1/thumb/v7-m/nofp/crtbegin.o
 *(.init)
 .init          0x080086c4        0x4 /usr/lib/gcc/arm-none-eabi/13.2.1/thumb/v7-m/nofp/crti.o
                0x080086c4                _init
 .init          0x080086c8        0x8 /usr/lib/gcc/arm-none-eabi/13.2.1/thumb/v7-m/nofp/crtn.o
 *(.fini)
 .fini          0x080086d0        0x4 /usr/lib/gcc/arm-none-eabi/13.2.1/thumb/v7-m/nofp/crti.o
                0x080086d0                _fini
 .fini          0x080086d4        0x8 /usr/lib/gcc/arm-none-eabi/13.2.1/thumb/v7-m/nofp/crtn.o
                0x080086dc                        . = ALIGN (0x4)
                0x080086dc                        _etext = .

.vfp11_veneer   0x080086dc        0x0
 .vfp11_veneer  0x080086dc        0x0 linker stubs

.v4_bx          0x080086dc        0x0
 .v4_bx         0x080086dc        0x0 linker stubs

.iplt           0x080086dc        0x0
 .iplt          0x080086dc        0x0 /usr/lib/gcc/arm-none-eabi/13.2.1/thumb/v7-m/nofp/crtbegin.o

.rodata         0x080086e0      0x4b8
                0x080086e0                        . = ALIGN (0x4)
 *(.rodata)
 .rodata        0x080086e0       0x54 build/freertos.o
 *fill*         0x08008734        0x4 
 .rodata        0x08008738      0x128 /usr/lib/gcc/arm-none-eabi/13.2.1/../../../arm-none-eabi/lib/thumb/v7-m/nofp/libc_nano.a(libc_a-mprec.o)
                0x08008748                __mprec_tens
                0x08008810                __mprec_tinytens
                0x08008838                __mprec_bigtens
 .rodata        0x08008860      0x101 /usr/lib/gcc/arm-none-eabi/13.2.1/../../../arm-none-eabi/lib/thumb/v7-m/nofp/libc_nano.a(libc_a-ctype_.o)
                0x08008860                _ctype_
 *fill*         0x08008961        0x3 
 .rodata        0x08008964        0x8 /usr/lib/gcc/arm-none-eabi/13.2.1/../../../arm-none-eabi/lib/thumb/v7-m/nofp/libm.a(libm_a-ef_sqrt.o)
 *(.rodata*)
 .rodata.main.str1.4
                0x0800896c      0x1fe build/main.o
                                 0x22 (size before relaxing)
 .rodata.StartAccelTask.str1.4
                0x08008b6a       0x28 build/freertos.o
 .rodata.StartFeatureTask.str1.4
                0x08008b6a       0x16 build/freertos.o
 .rodata.StartCANTask.str1.4
                0x08008b6a       0x3c build/freertos.o
 .rodata.str1.4
                0x08008b6a       0x1e build/freertos.o
 *fill*         0x08008b6a        0x2 
 .rodata.aPredivFactorTable.0
                0x08008b6c        0x2 build/stm32f1xx_hal_rcc.o
 *fill*         0x08008b6e        0x2 
 .rodata.aPLLMULFactorTable.1
                0x08008b70       0x10 build/stm32f1xx_hal_rcc.o
 .rodata.APBPrescTable
                0x08008b80        0x8 build/system_stm32f1xx.o
                0x08008b80                APBPrescTable
 .rodata.AHBPrescTable
                0x08008b88       0x10 build/system_stm32f1xx.o
                0x08008b88                AHBPrescTable
 .rodata.vTaskStartScheduler.str1.4
                0x08008b98        0x5 build/tasks.o
 .rodata.str1.4
                0x08008b98       0x12 /usr/lib/gcc/arm-none-eabi/13.2.1/../../../arm-none-eabi/lib/thumb/v7-m/nofp/libc_nano.a(libc_a-nano-vfprintf_float.o)
 .rodata.str1.4
                0x08008b98       0x69 /usr/lib/gcc/arm-none-eabi/13.2.1/../../../arm-none-eabi/lib/thumb/v7-m/nofp/libc_nano.a(libc_a-dtoa.o)
 .rodata.str1.4
                0x08008b98       0x25 /usr/lib/gcc/arm-none-eabi/13.2.1/../../../arm-none-eabi/lib/thumb/v7-m/nofp/libc_nano.a(libc_a-nano-vfprintf_i.o)
 .rodata.str1.4
                0x08008b98       0x13 /usr/lib/gcc/arm-none-eabi/13.2.1/../../../arm-none-eabi/lib/thumb/v7-m/nofp/libc_nano.a(libc_a-nano-vfprintf.o)
 .rodata.str1.4
                0x08008b98       0x43 /usr/lib/gcc/arm-none-eabi/13.2.1/../../../arm-none-eabi/lib/thumb/v7-m/nofp/libc_nano.a(libc_a-assert.o)
 .rodata.str1.4
                0x08008b98       0x59 /usr/lib/gcc/arm-none-eabi/13.2.1/../../../arm-none-eabi/lib/thumb/v7-m/nofp/libc_nano.a(libc_a-mprec.o)
 .rodata.str1.4
                0x08008b98       0x12 /usr/lib/gcc/arm-none-eabi/13.2.1/../../../arm-none-eabi/lib/thumb/v7-m/nofp/libc_nano.a(libc_a-locale.o)
                0x08008c04                        . = ALIGN (0x4)

.ARM.extab      0x08008b98        0x0
                0x08008b98                        . = ALIGN (0x4)
 *(.ARM.extab* .gnu.linkonce.armextab.*)
                0x08008b98                        . = ALIGN (0x4)

.ARM            0x08008b98        0x8
                0x08008b98                        . = ALIGN (0x4)
                0x08008b98                        __exidx_start = .
 *(.ARM.exidx*)
 .ARM.exidx     0x08008b98        0x8 /usr/lib/gcc/arm-none-eabi/13.2.1/../../../arm-none-eabi/lib/thumb/v7-m/nofp/libc_nano.a(libc_a-memcpy.o)
                0x08008ba0                        __exidx_end = .
                0x08008ba0                        . = ALIGN (0x4)

.preinit_array  0x08008ba0        0x0
                0x08008ba0                        . = ALIGN (0x4)
                0x08008ba0                        PROVIDE (__preinit_array_start = .)
 *(.preinit_array*)
                0x08008ba0                        PROVIDE (__preinit_array_end = .)
                0x08008ba0                        . = ALIGN (0x4)

.init_array     0x08008ba0        0x4
                0x08008ba0                        . = ALIGN (0x4)
                0x08008ba0                        PROVIDE (__init_array_start = .)
 *(SORT_BY_NAME(.init_array.*))
 *(.init_array*)
 .init_array    0x08008ba0        0x4 /usr/lib/gcc/arm-none-eabi/13.2.1/thumb/v7-m/nofp/crtbegin.o
                0x08008ba4                        PROVIDE (__init_array_end = .)
                0x08008ba4                        . = ALIGN (0x4)

.fini_array     0x08008ba4        0x4
                0x08008ba4                        . = ALIGN (0x4)
                0x08008ba4                        PROVIDE (__fini_array_start = .)
 *(SORT_BY_NAME(.fini_array.*))
 *(.fini_array*)
 .fini_array    0x08008ba4        0x4 /usr/lib/gcc/arm-none-eabi/13.2.1/thumb/v7-m/nofp/crtbegin.o
                0x08008ba8                        PROVIDE (__fini_array_end = .)
                0x08008ba8                        . = ALIGN (0x4)
                0x08008ba8                        _sidata = LOADADDR (.data)

.rel.dyn        0x08008ba8        0x0
 .rel.iplt      0x08008ba8        0x0 /usr/lib/gcc/arm-none-eabi/13.2.1/thumb/v7-m/nofp/crtbegin.o

.data           0x20000000      0x1d8 load address 0x08008ba8
                0x20000000                        . = ALIGN (0x4)
                0x20000000                        _sdata = .
 *(.data)
 .data          0x20000000        0xc /usr/lib/gcc/arm-none-eabi/13.2.1/../../../arm-none-eabi/lib/thumb/v7-m/nofp/libc_nano.a(libc_a-findfp.o)
                0x20000000                __sglue
 .data          0x2000000c       0x50 /usr/lib/gcc/arm-none-eabi/13.2.1/../../../arm-none-eabi/lib/thumb/v7-m/nofp/libc_nano.a(libc_a-impure.o)
                0x2000000c                _impure_ptr
                0x20000010                _impure_data
 .data          0x2000005c      0x16c /usr/lib/gcc/arm-none-eabi/13.2.1/../../../arm-none-eabi/lib/thumb/v7-m/nofp/libc_nano.a(libc_a-locale.o)
                0x2000005c                __global_locale
 *(.data*)
 .data.uwTickFreq
                0x200001c8        0x1 build/stm32f1xx_hal.o
                0x200001c8                uwTickFreq
 *fill*         0x200001c9        0x3 
 .data.uwTickPrio
                0x200001cc        0x4 build/stm32f1xx_hal.o
                0x200001cc                uwTickPrio
 .data.SystemCoreClock
                0x200001d0        0x4 build/system_stm32f1xx.o
                0x200001d0                SystemCoreClock
 .data.uxCriticalNesting
                0x200001d4        0x4 build/port.o
 *(.RamFunc)
 *(.RamFunc*)
                0x200001d8                        . = ALIGN (0x4)
                0x200001d8                        _edata = .

.tm_clone_table
                0x200001d8        0x0 load address 0x08008d80
 .tm_clone_table
                0x200001d8        0x0 /usr/lib/gcc/arm-none-eabi/13.2.1/thumb/v7-m/nofp/crtbegin.o
 .tm_clone_table
                0x200001d8        0x0 /usr/lib/gcc/arm-none-eabi/13.2.1/thumb/v7-m/nofp/crtend.o

.igot.plt       0x200001d8        0x0 load address 0x08008d80
 .igot.plt      0x200001d8        0x0 /usr/lib/gcc/arm-none-eabi/13.2.1/thumb/v7-m/nofp/crtbegin.o
                0x200001d8                        . = ALIGN (0x4)

.bss            0x200001d8     0x3910 load address 0x08008d80
                0x200001d8                        _sbss = .
                0x200001d8                        __bss_start__ = _sbss
 *(.bss)
 .bss           0x200001d8       0x1c /usr/lib/gcc/arm-none-eabi/13.2.1/thumb/v7-m/nofp/crtbegin.o
 .bss           0x200001f4      0x13c /usr/lib/gcc/arm-none-eabi/13.2.1/../../../arm-none-eabi/lib/thumb/v7-m/nofp/libc_nano.a(libc_a-findfp.o)
                0x200001f4                __sf
                0x2000032c                __stdio_exit_handler
 .bss           0x20000330        0x8 /usr/lib/gcc/arm-none-eabi/13.2.1/../../../arm-none-eabi/lib/thumb/v7-m/nofp/libc_nano.a(libc_a-mallocr.o)
                0x20000330                __malloc_sbrk_start
                0x20000334                __malloc_free_list
 .bss           0x20000338        0x4 /usr/lib/gcc/arm-none-eabi/13.2.1/../../../arm-none-eabi/lib/thumb/v7-m/nofp/libc_nano.a(libc_a-reent.o)
                0x20000338                errno
 *(.bss*)
 .bss.window.0  0x2000033c      0x300 build/freertos.o
 .bss.xIdleStack
                0x2000063c      0x200 build/freertos.o
 .bss.xIdleTaskTCBBuffer
                0x2000083c       0x54 build/freertos.o
 .bss.featureQueue
                0x20000890        0x4 build/freertos.o
                0x20000890                featureQueue
 .bss.accelQueue
                0x20000894        0x4 build/freertos.o
                0x20000894                accelQueue
 .bss.canTaskHandle
                0x20000898        0x4 build/freertos.o
                0x20000898                canTaskHandle
 .bss.featureTaskHandle
                0x2000089c        0x4 build/freertos.o
                0x2000089c                featureTaskHandle
 .bss.accelTaskHandle
                0x200008a0        0x4 build/freertos.o
                0x200008a0                accelTaskHandle
 .bss.hi2c1     0x200008a4       0x54 build/i2c.o
                0x200008a4                hi2c1
 .bss.huart1    0x200008f8       0x48 build/usart.o
                0x200008f8                huart1
 .bss.adxl_i2c  0x20000940        0x4 build/adxl345.o
 .bss.htim2     0x20000944       0x48 build/stm32f1xx_hal_timebase_tim.o
                0x20000944                htim2
 .bss.uwTick    0x2000098c        0x4 build/stm32f1xx_hal.o
                0x2000098c                uwTick
 .bss.uxSchedulerSuspended
                0x20000990        0x4 build/tasks.o
 .bss.xIdleTaskHandle
                0x20000994        0x4 build/tasks.o
 .bss.xNextTaskUnblockTime
                0x20000998        0x4 build/tasks.o
 .bss.uxTaskNumber
                0x2000099c        0x4 build/tasks.o
 .bss.xNumOfOverflows
                0x200009a0        0x4 build/tasks.o
 .bss.xYieldPending
                0x200009a4        0x4 build/tasks.o
 .bss.xPendedTicks
                0x200009a8        0x4 build/tasks.o
 .bss.xSchedulerRunning
                0x200009ac        0x4 build/tasks.o
 .bss.uxTopReadyPriority
                0x200009b0        0x4 build/tasks.o
 .bss.xTickCount
                0x200009b4        0x4 build/tasks.o
 .bss.uxCurrentNumberOfTasks
                0x200009b8        0x4 build/tasks.o
 .bss.xSuspendedTaskList
                0x200009bc       0x14 build/tasks.o
 .bss.uxDeletedTasksWaitingCleanUp
                0x200009d0        0x4 build/tasks.o
 .bss.xTasksWaitingTermination
                0x200009d4       0x14 build/tasks.o
 .bss.xPendingReadyList
                0x200009e8       0x14 build/tasks.o
 .bss.pxOverflowDelayedTaskList
                0x200009fc        0x4 build/tasks.o
 .bss.pxDelayedTaskList
                0x20000a00        0x4 build/tasks.o
 .bss.xDelayedTaskList2
                0x20000a04       0x14 build/tasks.o
 .bss.xDelayedTaskList1
                0x20000a18       0x14 build/tasks.o
 .bss.pxReadyTasksLists
                0x20000a2c       0x8c build/tasks.o
 .bss.pxCurrentTCB
                0x20000ab8        0x4 build/tasks.o
                0x20000ab8                pxCurrentTCB
 .bss.xBlockAllocatedBit
                0x20000abc        0x4 build/heap_4.o
 .bss.xNumberOfSuccessfulFrees
                0x20000ac0        0x4 build/heap_4.o
 .bss.xNumberOfSuccessfulAllocations
                0x20000ac4        0x4 build/heap_4.o
 .bss.xMinimumEverFreeBytesRemaining
                0x20000ac8        0x4 build/heap_4.o
 .bss.xFreeBytesRemaining
                0x20000acc        0x4 build/heap_4.o
 .bss.pxEnd     0x20000ad0        0x4 build/heap_4.o
 .bss.xStart    0x20000ad4        0x8 build/heap_4.o
 .bss.ucHeap    0x20000adc     0x3000 build/heap_4.o
 .bss.ulMaxPRIGROUPValue
                0x20003adc        0x4 build/port.o
 .bss.ucMaxSysCallPriority
                0x20003ae0        0x1 build/port.o
 *fill*         0x20003ae1        0x3 
 .bss.__sbrk_heap_end
                0x20003ae4        0x4 build/sysmem.o
 *(COMMON)
                0x20003ae8                        . = ALIGN (0x4)
                0x20003ae8                        _ebss = .
                0x20003ae8                        __bss_end__ = _ebss

._user_heap_stack
                0x20003ae8      0x600 load address 0x08008d80
                0x20003ae8                        . = ALIGN (0x8)
                [!provide]                        PROVIDE (end = .)
                0x20003ae8                        PROVIDE (_end = .)
                0x20003ce8                        . = (. + _Min_Heap_Size)
 *fill*         0x20003ae8      0x200 
                0x200040e8                        . = (. + _Min_Stack_Size)
 *fill*         0x20003ce8      0x400 
                0x200040e8                        . = ALIGN (0x8)

/DISCARD/
 libc.a(*)
 libm.a(*)
 libgcc.a(*)
OUTPUT(build/aceleracion_freertos.elf elf32-littlearm)
LOAD linker stubs
LOAD /usr/lib/gcc/arm-none-eabi/13.2.1/../../../arm-none-eabi/lib/thumb/v7-m/nofp/libc.a
LOAD /usr/lib/gcc/arm-none-eabi/13.2.1/../../../arm-none-eabi/lib/thumb/v7-m/nofp/libm.a
LOAD /usr/lib/gcc/arm-none-eabi/13.2.1/thumb/v7-m/nofp/libgcc.a

.ARM.attributes
                0x00000000       0x29
 .ARM.attributes
                0x00000000       0x1d /usr/lib/gcc/arm-none-eabi/13.2.1/thumb/v7-m/nofp/crti.o
 .ARM.attributes
                0x0000001d       0x2d /usr/lib/gcc/arm-none-eabi/13.2.1/thumb/v7-m/nofp/crtbegin.o
 .ARM.attributes
                0x0000004a       0x2d build/main.o
 .ARM.attributes
                0x00000077       0x2d build/gpio.o
 .ARM.attributes
                0x000000a4       0x2d build/freertos.o
 .ARM.attributes
                0x000000d1       0x2d build/i2c.o
 .ARM.attributes
                0x000000fe       0x2d build/features.o
 .ARM.attributes
                0x0000012b       0x2d build/usart.o
 .ARM.attributes
                0x00000158       0x2d build/can_app.o
 .ARM.attributes
                0x00000185       0x2d build/adxl345.o
 .ARM.attributes
                0x000001b2       0x2d build/stm32f1xx_it.o
 .ARM.attributes
                0x000001df       0x2d build/stm32f1xx_hal_msp.o
 .ARM.attributes
                0x0000020c       0x2d build/stm32f1xx_hal_timebase_tim.o
 .ARM.attributes
                0x00000239       0x2d build/stm32f1xx_hal_tim.o
 .ARM.attributes
                0x00000266       0x2d build/stm32f1xx_hal_tim_ex.o
 .ARM.attributes
                0x00000293       0x2d build/stm32f1xx_hal.o
 .ARM.attributes
                0x000002c0       0x2d build/stm32f1xx_hal_rcc.o
 .ARM.attributes
                0x000002ed       0x2d build/stm32f1xx_hal_gpio.o
 .ARM.attributes
                0x0000031a       0x2d build/stm32f1xx_hal_cortex.o
 .ARM.attributes
                0x00000347       0x2d build/stm32f1xx_hal_i2c.o
 .ARM.attributes
                0x00000374       0x2d build/stm32f1xx_hal_uart.o
 .ARM.attributes
                0x000003a1       0x2d build/system_stm32f1xx.o
 .ARM.attributes
                0x000003ce       0x2d build/list.o
 .ARM.attributes
                0x000003fb       0x2d build/queue.o
 .ARM.attributes
                0x00000428       0x2d build/tasks.o
 .ARM.attributes
                0x00000455       0x2d build/cmsis_os.o
 .ARM.attributes
                0x00000482       0x2d build/heap_4.o
 .ARM.attributes
                0x000004af       0x2d build/port.o
 .ARM.attributes
                0x000004dc       0x2d build/sysmem.o
 .ARM.attributes
                0x00000509       0x2d build/syscalls.o
 .ARM.attributes
                0x00000536       0x21 build/startup_stm32f103xb.o
 .ARM.attributes
                0x00000557       0x2d /usr/lib/gcc/arm-none-eabi/13.2.1/../../../arm-none-eabi/lib/thumb/v7-m/nofp/libc_nano.a(libc_a-strlen-stub.o)
 .ARM.attributes
                0x00000584       0x2d /usr/lib/gcc/arm-none-eabi/13.2.1/../../../arm-none-eabi/lib/thumb/v7-m/nofp/libc_nano.a(libc_a-init.o)
 .ARM.attributes
                0x000005b1       0x2d /usr/lib/gcc/arm-none-eabi/13.2.1/../../../arm-none-eabi/lib/thumb/v7-m/nofp/libc_nano.a(libc_a-puts.o)
 .ARM.attributes
                0x000005de       0x2d /usr/lib/gcc/arm-none-eabi/13.2.1/../../../arm-none-eabi/lib/thumb/v7-m/nofp/libc_nano.a(libc_a-findfp.o)
 .ARM.attributes
                0x0000060b       0x2d /usr/lib/gcc/arm-none-eabi/13.2.1/../../../arm-none-eabi/lib/thumb/v7-m/nofp/libc_nano.a(libc_a-memset.o)
 .ARM.attributes
                0x00000638       0x2d /usr/lib/gcc/arm-none-eabi/13.2.1/../../../arm-none-eabi/lib/thumb/v7-m/nofp/libc_nano.a(libc_a-fflush.o)
 .ARM.attributes
                0x00000665       0x2d /usr/lib/gcc/arm-none-eabi/13.2.1/../../../arm-none-eabi/lib/thumb/v7-m/nofp/libc_nano.a(libc_a-errno.o)
 .ARM.attributes
                0x00000692       0x2d /usr/lib/gcc/arm-none-eabi/13.2.1/../../../arm-none-eabi/lib/thumb/v7-m/nofp/libc_nano.a(libc_a-nano-vfprintf_float.o)
 .ARM.attributes
                0x000006bf       0x2d /usr/lib/gcc/arm-none-eabi/13.2.1/../../../arm-none-eabi/lib/thumb/v7-m/nofp/libc_nano.a(libc_a-mallocr.o)
 .ARM.attributes
                0x000006ec       0x2d /usr/lib/gcc/arm-none-eabi/13.2.1/../../../arm-none-eabi/lib/thumb/v7-m/nofp/libc_nano.a(libc_a-dtoa.o)
 .ARM.attributes
                0x00000719       0x2d /usr/lib/gcc/arm-none-eabi/13.2.1/../../../arm-none-eabi/lib/thumb/v7-m/nofp/libc_nano.a(libc_a-freer.o)
 .ARM.attributes
                0x00000746       0x2d /usr/lib/gcc/arm-none-eabi/13.2.1/../../../arm-none-eabi/lib/thumb/v7-m/nofp/libc_nano.a(libc_a-fwalk.o)
 .ARM.attributes
                0x00000773       0x2d /usr/lib/gcc/arm-none-eabi/13.2.1/../../../arm-none-eabi/lib/thumb/v7-m/nofp/libc_nano.a(libc_a-wsetup.o)
 .ARM.attributes
                0x000007a0       0x1b /usr/lib/gcc/arm-none-eabi/13.2.1/../../../arm-none-eabi/lib/thumb/v7-m/nofp/libc_nano.a(libc_a-memcpy.o)
 .ARM.attributes
                0x000007bb       0x2d /usr/lib/gcc/arm-none-eabi/13.2.1/../../../arm-none-eabi/lib/thumb/v7-m/nofp/libc_nano.a(libc_a-malloc.o)
 .ARM.attributes
                0x000007e8       0x2d /usr/lib/gcc/arm-none-eabi/13.2.1/../../../arm-none-eabi/lib/thumb/v7-m/nofp/libc_nano.a(libc_a-nano-vfprintf_i.o)
 .ARM.attributes
                0x00000815       0x2d /usr/lib/gcc/arm-none-eabi/13.2.1/../../../arm-none-eabi/lib/thumb/v7-m/nofp/libc_nano.a(libc_a-mlock.o)
 .ARM.attributes
                0x00000842       0x2d /usr/lib/gcc/arm-none-eabi/13.2.1/../../../arm-none-eabi/lib/thumb/v7-m/nofp/libc_nano.a(libc_a-makebuf.o)
 .ARM.attributes
                0x0000086f       0x2d /usr/lib/gcc/arm-none-eabi/13.2.1/../../../arm-none-eabi/lib/thumb/v7-m/nofp/libc_nano.a(libc_a-memchr-stub.o)
 .ARM.attributes
                0x0000089c       0x2d /usr/lib/gcc/arm-none-eabi/13.2.1/../../../arm-none-eabi/lib/thumb/v7-m/nofp/libc_nano.a(libc_a-printf.o)
 .ARM.attributes
                0x000008c9       0x2d /usr/lib/gcc/arm-none-eabi/13.2.1/../../../arm-none-eabi/lib/thumb/v7-m/nofp/libc_nano.a(libc_a-isattyr.o)
 .ARM.attributes
                0x000008f6       0x2d /usr/lib/gcc/arm-none-eabi/13.2.1/../../../arm-none-eabi/lib/thumb/v7-m/nofp/libc_nano.a(libc_a-nano-vfprintf.o)
 .ARM.attributes
                0x00000923       0x2d /usr/lib/gcc/arm-none-eabi/13.2.1/../../../arm-none-eabi/lib/thumb/v7-m/nofp/libc_nano.a(libc_a-wbuf.o)
 .ARM.attributes
                0x00000950       0x2d /usr/lib/gcc/arm-none-eabi/13.2.1/../../../arm-none-eabi/lib/thumb/v7-m/nofp/libc_nano.a(libc_a-assert.o)
 .ARM.attributes
                0x0000097d       0x2d /usr/lib/gcc/arm-none-eabi/13.2.1/../../../arm-none-eabi/lib/thumb/v7-m/nofp/libc_nano.a(libc_a-mprec.o)
 .ARM.attributes
                0x000009aa       0x2d /usr/lib/gcc/arm-none-eabi/13.2.1/../../../arm-none-eabi/lib/thumb/v7-m/nofp/libc_nano.a(libc_a-sbrkr.o)
 .ARM.attributes
                0x000009d7       0x2d /usr/lib/gcc/arm-none-eabi/13.2.1/../../../arm-none-eabi/lib/thumb/v7-m/nofp/libc_nano.a(libc_a-stdio.o)
 .ARM.attributes
                0x00000a04       0x2d /usr/lib/gcc/arm-none-eabi/13.2.1/../../../arm-none-eabi/lib/thumb/v7-m/nofp/libc_nano.a(libc_a-impure.o)
 .ARM.attributes
                0x00000a31       0x2d /usr/lib/gcc/arm-none-eabi/13.2.1/../../../arm-none-eabi/lib/thumb/v7-m/nofp/libc_nano.a(libc_a-localeconv.o)
 .ARM.attributes
                0x00000a5e       0x2d /usr/lib/gcc/arm-none-eabi/13.2.1/../../../arm-none-eabi/lib/thumb/v7-m/nofp/libc_nano.a(libc_a-fvwrite.o)
 .ARM.attributes
                0x00000a8b       0x2d /usr/lib/gcc/arm-none-eabi/13.2.1/../../../arm-none-eabi/lib/thumb/v7-m/nofp/libc_nano.a(libc_a-abort.o)
 .ARM.attributes
                0x00000ab8       0x2d /usr/lib/gcc/arm-none-eabi/13.2.1/../../../arm-none-eabi/lib/thumb/v7-m/nofp/libc_nano.a(libc_a-closer.o)
 .ARM.attributes
                0x00000ae5       0x2d /usr/lib/gcc/arm-none-eabi/13.2.1/../../../arm-none-eabi/lib/thumb/v7-m/nofp/libc_nano.a(libc_a-callocr.o)
 .ARM.attributes
                0x00000b12       0x2d /usr/lib/gcc/arm-none-eabi/13.2.1/../../../arm-none-eabi/lib/thumb/v7-m/nofp/libc_nano.a(libc_a-locale.o)
 .ARM.attributes
                0x00000b3f       0x2d /usr/lib/gcc/arm-none-eabi/13.2.1/../../../arm-none-eabi/lib/thumb/v7-m/nofp/libc_nano.a(libc_a-memmove.o)
 .ARM.attributes
                0x00000b6c       0x2d /usr/lib/gcc/arm-none-eabi/13.2.1/../../../arm-none-eabi/lib/thumb/v7-m/nofp/libc_nano.a(libc_a-wctomb_r.o)
 .ARM.attributes
                0x00000b99       0x2d /usr/lib/gcc/arm-none-eabi/13.2.1/../../../arm-none-eabi/lib/thumb/v7-m/nofp/libc_nano.a(libc_a-readr.o)
 .ARM.attributes
                0x00000bc6       0x2d /usr/lib/gcc/arm-none-eabi/13.2.1/../../../arm-none-eabi/lib/thumb/v7-m/nofp/libc_nano.a(libc_a-fprintf.o)
 .ARM.attributes
                0x00000bf3       0x2d /usr/lib/gcc/arm-none-eabi/13.2.1/../../../arm-none-eabi/lib/thumb/v7-m/nofp/libc_nano.a(libc_a-reent.o)
 .ARM.attributes
                0x00000c20       0x2d /usr/lib/gcc/arm-none-eabi/13.2.1/../../../arm-none-eabi/lib/thumb/v7-m/nofp/libc_nano.a(libc_a-reallocr.o)
 .ARM.attributes
                0x00000c4d       0x2d /usr/lib/gcc/arm-none-eabi/13.2.1/../../../arm-none-eabi/lib/thumb/v7-m/nofp/libc_nano.a(libc_a-fstatr.o)
 .ARM.attributes
                0x00000c7a       0x2d /usr/lib/gcc/arm-none-eabi/13.2.1/../../../arm-none-eabi/lib/thumb/v7-m/nofp/libc_nano.a(libc_a-lseekr.o)
 .ARM.attributes
                0x00000ca7       0x2d /usr/lib/gcc/arm-none-eabi/13.2.1/../../../arm-none-eabi/lib/thumb/v7-m/nofp/libc_nano.a(libc_a-ctype_.o)
 .ARM.attributes
                0x00000cd4       0x2d /usr/lib/gcc/arm-none-eabi/13.2.1/../../../arm-none-eabi/lib/thumb/v7-m/nofp/libc_nano.a(libc_a-writer.o)
 .ARM.attributes
                0x00000d01       0x2d /usr/lib/gcc/arm-none-eabi/13.2.1/../../../arm-none-eabi/lib/thumb/v7-m/nofp/libc_nano.a(libc_a-msizer.o)
 .ARM.attributes
                0x00000d2e       0x2d /usr/lib/gcc/arm-none-eabi/13.2.1/../../../arm-none-eabi/lib/thumb/v7-m/nofp/libc_nano.a(libc_a-mbtowc_r.o)
 .ARM.attributes
                0x00000d5b       0x2d /usr/lib/gcc/arm-none-eabi/13.2.1/../../../arm-none-eabi/lib/thumb/v7-m/nofp/libc_nano.a(libc_a-signal.o)
 .ARM.attributes
                0x00000d88       0x2d /usr/lib/gcc/arm-none-eabi/13.2.1/../../../arm-none-eabi/lib/thumb/v7-m/nofp/libc_nano.a(libc_a-signalr.o)
 .ARM.attributes
                0x00000db5       0x2d /usr/lib/gcc/arm-none-eabi/13.2.1/../../../arm-none-eabi/lib/thumb/v7-m/nofp/libm.a(libm_a-wf_sqrt.o)
 .ARM.attributes
                0x00000de2       0x2d /usr/lib/gcc/arm-none-eabi/13.2.1/../../../arm-none-eabi/lib/thumb/v7-m/nofp/libm.a(libm_a-ef_sqrt.o)
 .ARM.attributes
                0x00000e0f       0x1d /usr/lib/gcc/arm-none-eabi/13.2.1/thumb/v7-m/nofp/libgcc.a(_arm_addsubdf3.o)
 .ARM.attributes
                0x00000e2c       0x1d /usr/lib/gcc/arm-none-eabi/13.2.1/thumb/v7-m/nofp/libgcc.a(_arm_muldivdf3.o)
 .ARM.attributes
                0x00000e49       0x1d /usr/lib/gcc/arm-none-eabi/13.2.1/thumb/v7-m/nofp/libgcc.a(_arm_cmpdf2.o)
 .ARM.attributes
                0x00000e66       0x1d /usr/lib/gcc/arm-none-eabi/13.2.1/thumb/v7-m/nofp/libgcc.a(_arm_unorddf2.o)
 .ARM.attributes
                0x00000e83       0x1d /usr/lib/gcc/arm-none-eabi/13.2.1/thumb/v7-m/nofp/libgcc.a(_arm_fixdfsi.o)
 .ARM.attributes
                0x00000ea0       0x1d /usr/lib/gcc/arm-none-eabi/13.2.1/thumb/v7-m/nofp/libgcc.a(_arm_addsubsf3.o)
 .ARM.attributes
                0x00000ebd       0x1d /usr/lib/gcc/arm-none-eabi/13.2.1/thumb/v7-m/nofp/libgcc.a(_arm_muldivsf3.o)
 .ARM.attributes
                0x00000eda       0x1d /usr/lib/gcc/arm-none-eabi/13.2.1/thumb/v7-m/nofp/libgcc.a(_arm_cmpsf2.o)
 .ARM.attributes
                0x00000ef7       0x1d /usr/lib/gcc/arm-none-eabi/13.2.1/thumb/v7-m/nofp/libgcc.a(_arm_unordsf2.o)
 .ARM.attributes
                0x00000f14       0x2d /usr/lib/gcc/arm-none-eabi/13.2.1/thumb/v7-m/nofp/crtend.o
 .ARM.attributes
                0x00000f41       0x1d /usr/lib/gcc/arm-none-eabi/13.2.1/thumb/v7-m/nofp/crtn.o

.comment        0x00000000       0x26
 .comment       0x00000000       0x26 /usr/lib/gcc/arm-none-eabi/13.2.1/thumb/v7-m/nofp/crtbegin.o
                                 0x27 (size before relaxing)
 .comment       0x00000026       0x27 build/main.o
 .comment       0x00000026       0x27 build/gpio.o
 .comment       0x00000026       0x27 build/freertos.o
 .comment       0x00000026       0x27 build/i2c.o
 .comment       0x00000026       0x27 build/features.o
 .comment       0x00000026       0x27 build/usart.o
 .comment       0x00000026       0x27 build/can_app.o
 .comment       0x00000026       0x27 build/adxl345.o
 .comment       0x00000026       0x27 build/stm32f1xx_it.o
 .comment       0x00000026       0x27 build/stm32f1xx_hal_msp.o
 .comment       0x00000026       0x27 build/stm32f1xx_hal_timebase_tim.o
 .comment       0x00000026       0x27 build/stm32f1xx_hal_tim.o
 .comment       0x00000026       0x27 build/stm32f1xx_hal_tim_ex.o
 .comment       0x00000026       0x27 build/stm32f1xx_hal.o
 .comment       0x00000026       0x27 build/stm32f1xx_hal_rcc.o
 .comment       0x00000026       0x27 build/stm32f1xx_hal_gpio.o
 .comment       0x00000026       0x27 build/stm32f1xx_hal_cortex.o
 .comment       0x00000026       0x27 build/stm32f1xx_hal_i2c.o
 .comment       0x00000026       0x27 build/stm32f1xx_hal_uart.o
 .comment       0x00000026       0x27 build/system_stm32f1xx.o
 .comment       0x00000026       0x27 build/list.o
 .comment       0x00000026       0x27 build/queue.o
 .comment       0x00000026       0x27 build/tasks.o
 .comment       0x00000026       0x27 build/cmsis_os.o
 .comment       0x00000026       0x27 build/heap_4.o
 .comment       0x00000026       0x27 build/port.o
 .comment       0x00000026       0x27 build/sysmem.o
 .comment       0x00000026       0x27 build/syscalls.o
 .comment       0x00000026       0x27 /usr/lib/gcc/arm-none-eabi/13.2.1/../../../arm-none-eabi/lib/thumb/v7-m/nofp/libc_nano.a(libc_a-strlen-stub.o)
 .comment       0x00000026       0x27 /usr/lib/gcc/arm-none-eabi/13.2.1/../../../arm-none-eabi/lib/thumb/v7-m/nofp/libc_nano.a(libc_a-init.o)
 .comment       0x00000026       0x27 /usr/lib/gcc/arm-none-eabi/13.2.1/../../../arm-none-eabi/lib/thumb/v7-m/nofp/libc_nano.a(libc_a-puts.o)
 .comment       0x00000026       0x27 /usr/lib/gcc/arm-none-eabi/13.2.1/../../../arm-none-eabi/lib/thumb/v7-m/nofp/libc_nano.a(libc_a-findfp.o)
 .comment       0x00000026       0x27 /usr/lib/gcc/arm-none-eabi/13.2.1/../../../arm-none-eabi/lib/thumb/v7-m/nofp/libc_nano.a(libc_a-memset.o)
 .comment       0x00000026       0x27 /usr/lib/gcc/arm-none-eabi/13.2.1/../../../arm-none-eabi/lib/thumb/v7-m/nofp/libc_nano.a(libc_a-fflush.o)
 .comment       0x00000026       0x27 /usr/lib/gcc/arm-none-eabi/13.2.1/../../../arm-none-eabi/lib/thumb/v7-m/nofp/libc_nano.a(libc_a-errno.o)
 .comment       0x00000026       0x27 /usr/lib/gcc/arm-none-eabi/13.2.1/../../../arm-none-eabi/lib/thumb/v7-m/nofp/libc_nano.a(libc_a-nano-vfprintf_float.o)
 .comment       0x00000026       0x27 /usr/lib/gcc/arm-none-eabi/13.2.1/../../../arm-none-eabi/lib/thumb/v7-m/nofp/libc_nano.a(libc_a-mallocr.o)
 .comment       0x00000026       0x27 /usr/lib/gcc/arm-none-eabi/13.2.1/../../../arm-none-eabi/lib/thumb/v7-m/nofp/libc_nano.a(libc_a-dtoa.o)
 .comment       0x00000026       0x27 /usr/lib/gcc/arm-none-eabi/13.2.1/../../../arm-none-eabi/lib/thumb/v7-m/nofp/libc_nano.a(libc_a-freer.o)
 .comment       0x00000026       0x27 /usr/lib/gcc/arm-none-eabi/13.2.1/../../../arm-none-eabi/lib/thumb/v7-m/nofp/libc_nano.a(libc_a-fwalk.o)
 .comment       0x00000026       0x27 /usr/lib/gcc/arm-none-eabi/13.2.1/../../../arm-none-eabi/lib/thumb/v7-m/nofp/libc_nano.a(libc_a-wsetup.o)
 .comment       0x00000026       0x27 /usr/lib/gcc/arm-none-eabi/13.2.1/../../../arm-none-eabi/lib/thumb/v7-m/nofp/libc_nano.a(libc_a-malloc.o)
 .comment       0x00000026       0x27 /usr/lib/gcc/arm-none-eabi/13.2.1/../../../arm-none-eabi/lib/thumb/v7-m/nofp/libc_nano.a(libc_a-nano-vfprintf_i.o)
 .comment       0x00000026       0x27 /usr/lib/gcc/arm-none-eabi/13.2.1/../../../arm-none-eabi/lib/thumb/v7-m/nofp/libc_nano.a(libc_a-mlock.o)
 .comment       0x00000026       0x27 /usr/lib/gcc/arm-none-eabi/13.2.1/../../../arm-none-eabi/lib/thumb/v7-m/nofp/libc_nano.a(libc_a-makebuf.o)
 .comment       0x00000026       0x27 /usr/lib/gcc/arm-none-eabi/13.2.1/../../../arm-none-eabi/lib/thumb/v7-m/nofp/libc_nano.a(libc_a-memchr-stub.o)
 .comment       0x00000026       0x27 /usr/lib/gcc/arm-none-eabi/13.2.1/../../../arm-none-eabi/lib/thumb/v7-m/nofp/libc_nano.a(libc_a-printf.o)
 .comment       0x00000026       0x27 /usr/lib/gcc/arm-none-eabi/13.2.1/../../../arm-none-eabi/lib/thumb/v7-m/nofp/libc_nano.a(libc_a-isattyr.o)
 .comment       0x00000026       0x27 /usr/lib/gcc/arm-none-eabi/13.2.1/../../../arm-none-eabi/lib/thumb/v7-m/nofp/libc_nano.a(libc_a-nano-vfprintf.o)
 .comment       0x00000026       0x27 /usr/lib/gcc/arm-none-eabi/13.2.1/../../../arm-none-eabi/lib/thumb/v7-m/nofp/libc_nano.a(libc_a-wbuf.o)
 .comment       0x00000026       0x27 /usr/lib/gcc/arm-none-eabi/13.2.1/../../../arm-none-eabi/lib/thumb/v7-m/nofp/libc_nano.a(libc_a-assert.o)
 .comment       0x00000026       0x27 /usr/lib/gcc/arm-none-eabi/13.2.1/../../../arm-none-eabi/lib/thumb/v7-m/nofp/libc_nano.a(libc_a-mprec.o)
 .comment       0x00000026       0x27 /usr/lib/gcc/arm-none-eabi/13.2.1/../../../arm-none-eabi/lib/thumb/v7-m/nofp/libc_nano.a(libc_a-sbrkr.o)
 .comment       0x00000026       0x27 /usr/lib/gcc/arm-none-eabi/13.2.1/../../../arm-none-eabi/lib/thumb/v7-m/nofp/libc_nano.a(libc_a-stdio.o)
 .comment       0x00000026       0x27 /usr/lib/gcc/arm-none-eabi/13.2.1/../../../arm-none-eabi/lib/thumb/v7-m/nofp/libc_nano.a(libc_a-impure.o)
 .comment       0x00000026       0x27 /usr/lib/gcc/arm-none-eabi/13.2.1/../../../arm-none-eabi/lib/thumb/v7-m/nofp/libc_nano.a(libc_a-localeconv.o)
 .comment       0x00000026       0x27 /usr/lib/gcc/arm-none-eabi/13.2.1/../../../arm-none-eabi/lib/thumb/v7-m/nofp/libc_nano.a(libc_a-fvwrite.o)
 .comment       0x00000026       0x27 /usr/lib/gcc/arm-none-eabi/13.2.1/../../../arm-none-eabi/lib/thumb/v7-m/nofp/libc_nano.a(libc_a-abort.o)
 .comment       0x00000026       0x27 /usr/lib/gcc/arm-none-eabi/13.2.1/../../../arm-none-eabi/lib/thumb/v7-m/nofp/libc_nano.a(libc_a-closer.o)
 .comment       0x00000026       0x27 /usr/lib/gcc/arm-none-eabi/13.2.1/../../../arm-none-eabi/lib/thumb/v7-m/nofp/libc_nano.a(libc_a-callocr.o)
 .comment       0x00000026       0x27 /usr/lib/gcc/arm-none-eabi/13.2.1/../../../arm-none-eabi/lib/thumb/v7-m/nofp/libc_nano.a(libc_a-locale.o)
 .comment       0x00000026       0x27 /usr/lib/gcc/arm-none-eabi/13.2.1/../../../arm-none-eabi/lib/thumb/v7-m/nofp/libc_nano.a(libc_a-memmove.o)
 .comment       0x00000026       0x27 /usr/lib/gcc/arm-none-eabi/13.2.1/../../../arm-none-eabi/lib/thumb/v7-m/nofp/libc_nano.a(libc_a-wctomb_r.o)
 .comment       0x00000026       0x27 /usr/lib/gcc/arm-none-eabi/13.2.1/../../../arm-none-eabi/lib/thumb/v7-m/nofp/libc_nano.a(libc_a-readr.o)
 .comment       0x00000026       0x27 /usr/lib/gcc/arm-none-eabi/13.2.1/../../../arm-none-eabi/lib/thumb/v7-m/nofp/libc_nano.a(libc_a-fprintf.o)
 .comment       0x00000026       0x27 /usr/lib/gcc/arm-none-eabi/13.2.1/../../../arm-none-eabi/lib/thumb/v7-m/nofp/libc_nano.a(libc_a-reent.o)
 .comment       0x00000026       0x27 /usr/lib/gcc/arm-none-eabi/13.2.1/../../../arm-none-eabi/lib/thumb/v7-m/nofp/libc_nano.a(libc_a-reallocr.o)
 .comment       0x00000026       0x27 /usr/lib/gcc/arm-none-eabi/13.2.1/../../../arm-none-eabi/lib/thumb/v7-m/nofp/libc_nano.a(libc_a-fstatr.o)
 .comment       0x00000026       0x27 /usr/lib/gcc/arm-none-eabi/13.2.1/../../../arm-none-eabi/lib/thumb/v7-m/nofp/libc_nano.a(libc_a-lseekr.o)
 .comment       0x00000026       0x27 /usr/lib/gcc/arm-none-eabi/13.2.1/../../../arm-none-eabi/lib/thumb/v7-m/nofp/libc_nano.a(libc_a-ctype_.o)
 .comment       0x00000026       0x27 /usr/lib/gcc/arm-none-eabi/13.2.1/../../../arm-none-eabi/lib/thumb/v7-m/nofp/libc_nano.a(libc_a-writer.o)
 .comment       0x00000026       0x27 /usr/lib/gcc/arm-none-eabi/13.2.1/../../../arm-none-eabi/lib/thumb/v7-m/nofp/libc_nano.a(libc_a-msizer.o)
 .comment       0x00000026       0x27 /usr/lib/gcc/arm-none-eabi/13.2.1/../../../arm-none-eabi/lib/thumb/v7-m/nofp/libc_nano.a(libc_a-mbtowc_r.o)
 .comment       0x00000026       0x27 /usr/lib/gcc/arm-none-eabi/13.2.1/../../../arm-none-eabi/lib/thumb/v7-m/nofp/libc_nano.a(libc_a-signal.o)
 .comment       0x00000026       0x27 /usr/lib/gcc/arm-none-eabi/13.2.1/../../../arm-none-eabi/lib/thumb/v7-m/nofp/libc_nano.a(libc_a-signalr.o)
 .comment       0x00000026       0x27 /usr/lib/gcc/arm-none-eabi/13.2.1/../../../arm-none-eabi/lib/thumb/v7-m/nofp/libm.a(libm_a-wf_sqrt.o)
 .comment       0x00000026       0x27 /usr/lib/gcc/arm-none-eabi/13.2.1/../../../arm-none-eabi/lib/thumb/v7-m/nofp/libm.a(libm_a-ef_sqrt.o)
 .comment       0x00000026       0x27 /usr/lib/gcc/arm-none-eabi/13.2.1/thumb/v7-m/nofp/crtend.o

.debug_info     0x00000000    0x39e9d
 .debug_info    0x00000000     0x11d3 build/main.o
 .debug_info    0x000011d3      0x18d build/gpio.o
 .debug_info    0x00001360      0xb1f build/freertos.o
 .debug_info    0x00001e7f      0x972 build/i2c.o
 .debug_info    0x000027f1      0x273 build/features.o
 .debug_info    0x00002a64      0x9de build/usart.o
 .debug_info    0x00003442       0xb9 build/can_app.o
 .debug_info    0x000034fb      0x820 build/adxl345.o
 .debug_info    0x00003d1b      0x74f build/stm32f1xx_it.o
 .debug_info    0x0000446a      0x3bd build/stm32f1xx_hal_msp.o
 .debug_info    0x00004827      0xb50 build/stm32f1xx_hal_timebase_tim.o
 .debug_info    0x00005377     0x412e build/stm32f1xx_hal_tim.o
 .debug_info    0x000094a5     0x1d37 build/stm32f1xx_hal_tim_ex.o
 .debug_info    0x0000b1dc      0x874 build/stm32f1xx_hal.o
 .debug_info    0x0000ba50      0xaec build/stm32f1xx_hal_rcc.o
 .debug_info    0x0000c53c      0x6bf build/stm32f1xx_hal_gpio.o
 .debug_info    0x0000cbfb      0xe1b build/stm32f1xx_hal_cortex.o
 .debug_info    0x0000da16     0x3d03 build/stm32f1xx_hal_i2c.o
 .debug_info    0x00011719     0x42eb build/stm32f1xx_hal_uart.o
 .debug_info    0x00015a04      0x256 build/system_stm32f1xx.o
 .debug_info    0x00015c5a      0x303 build/list.o
 .debug_info    0x00015f5d     0x24ab build/queue.o
 .debug_info    0x00018408     0x2b00 build/tasks.o
 .debug_info    0x0001af08     0x26eb build/cmsis_os.o
 .debug_info    0x0001d5f3      0x5f4 build/heap_4.o
 .debug_info    0x0001dbe7      0x54b build/port.o
 .debug_info    0x0001e132      0x174 build/sysmem.o
 .debug_info    0x0001e2a6      0x853 build/syscalls.o
 .debug_info    0x0001eaf9       0x30 build/startup_stm32f103xb.o
 .debug_info    0x0001eb29       0xbd /usr/lib/gcc/arm-none-eabi/13.2.1/../../../arm-none-eabi/lib/thumb/v7-m/nofp/libc_nano.a(libc_a-strlen-stub.o)
 .debug_info    0x0001ebe6      0x10b /usr/lib/gcc/arm-none-eabi/13.2.1/../../../arm-none-eabi/lib/thumb/v7-m/nofp/libc_nano.a(libc_a-init.o)
 .debug_info    0x0001ecf1      0x905 /usr/lib/gcc/arm-none-eabi/13.2.1/../../../arm-none-eabi/lib/thumb/v7-m/nofp/libc_nano.a(libc_a-puts.o)
 .debug_info    0x0001f5f6      0xe8c /usr/lib/gcc/arm-none-eabi/13.2.1/../../../arm-none-eabi/lib/thumb/v7-m/nofp/libc_nano.a(libc_a-findfp.o)
 .debug_info    0x00020482      0x135 /usr/lib/gcc/arm-none-eabi/13.2.1/../../../arm-none-eabi/lib/thumb/v7-m/nofp/libc_nano.a(libc_a-memset.o)
 .debug_info    0x000205b7      0xa30 /usr/lib/gcc/arm-none-eabi/13.2.1/../../../arm-none-eabi/lib/thumb/v7-m/nofp/libc_nano.a(libc_a-fflush.o)
 .debug_info    0x00020fe7      0x6f1 /usr/lib/gcc/arm-none-eabi/13.2.1/../../../arm-none-eabi/lib/thumb/v7-m/nofp/libc_nano.a(libc_a-errno.o)
 .debug_info    0x000216d8     0x13d2 /usr/lib/gcc/arm-none-eabi/13.2.1/../../../arm-none-eabi/lib/thumb/v7-m/nofp/libc_nano.a(libc_a-nano-vfprintf_float.o)
 .debug_info    0x00022aaa      0x9b6 /usr/lib/gcc/arm-none-eabi/13.2.1/../../../arm-none-eabi/lib/thumb/v7-m/nofp/libc_nano.a(libc_a-mallocr.o)
 .debug_info    0x00023460     0x1943 /usr/lib/gcc/arm-none-eabi/13.2.1/../../../arm-none-eabi/lib/thumb/v7-m/nofp/libc_nano.a(libc_a-dtoa.o)
 .debug_info    0x00024da3      0x87f /usr/lib/gcc/arm-none-eabi/13.2.1/../../../arm-none-eabi/lib/thumb/v7-m/nofp/libc_nano.a(libc_a-freer.o)
 .debug_info    0x00025622      0x7c8 /usr/lib/gcc/arm-none-eabi/13.2.1/../../../arm-none-eabi/lib/thumb/v7-m/nofp/libc_nano.a(libc_a-fwalk.o)
 .debug_info    0x00025dea      0x7b1 /usr/lib/gcc/arm-none-eabi/13.2.1/../../../arm-none-eabi/lib/thumb/v7-m/nofp/libc_nano.a(libc_a-wsetup.o)
 .debug_info    0x0002659b       0x33 /usr/lib/gcc/arm-none-eabi/13.2.1/../../../arm-none-eabi/lib/thumb/v7-m/nofp/libc_nano.a(libc_a-memcpy.o)
 .debug_info    0x000265ce      0x796 /usr/lib/gcc/arm-none-eabi/13.2.1/../../../arm-none-eabi/lib/thumb/v7-m/nofp/libc_nano.a(libc_a-malloc.o)
 .debug_info    0x00026d64      0xdd7 /usr/lib/gcc/arm-none-eabi/13.2.1/../../../arm-none-eabi/lib/thumb/v7-m/nofp/libc_nano.a(libc_a-nano-vfprintf_i.o)
 .debug_info    0x00027b3b      0x71c /usr/lib/gcc/arm-none-eabi/13.2.1/../../../arm-none-eabi/lib/thumb/v7-m/nofp/libc_nano.a(libc_a-mlock.o)
 .debug_info    0x00028257      0xbe6 /usr/lib/gcc/arm-none-eabi/13.2.1/../../../arm-none-eabi/lib/thumb/v7-m/nofp/libc_nano.a(libc_a-makebuf.o)
 .debug_info    0x00028e3d      0x14a /usr/lib/gcc/arm-none-eabi/13.2.1/../../../arm-none-eabi/lib/thumb/v7-m/nofp/libc_nano.a(libc_a-memchr-stub.o)
 .debug_info    0x00028f87      0x837 /usr/lib/gcc/arm-none-eabi/13.2.1/../../../arm-none-eabi/lib/thumb/v7-m/nofp/libc_nano.a(libc_a-printf.o)
 .debug_info    0x000297be      0x752 /usr/lib/gcc/arm-none-eabi/13.2.1/../../../arm-none-eabi/lib/thumb/v7-m/nofp/libc_nano.a(libc_a-isattyr.o)
 .debug_info    0x00029f10     0x108a /usr/lib/gcc/arm-none-eabi/13.2.1/../../../arm-none-eabi/lib/thumb/v7-m/nofp/libc_nano.a(libc_a-nano-vfprintf.o)
 .debug_info    0x0002af9a      0x863 /usr/lib/gcc/arm-none-eabi/13.2.1/../../../arm-none-eabi/lib/thumb/v7-m/nofp/libc_nano.a(libc_a-wbuf.o)
 .debug_info    0x0002b7fd      0x825 /usr/lib/gcc/arm-none-eabi/13.2.1/../../../arm-none-eabi/lib/thumb/v7-m/nofp/libc_nano.a(libc_a-assert.o)
 .debug_info    0x0002c022     0x1f12 /usr/lib/gcc/arm-none-eabi/13.2.1/../../../arm-none-eabi/lib/thumb/v7-m/nofp/libc_nano.a(libc_a-mprec.o)
 .debug_info    0x0002df34      0x778 /usr/lib/gcc/arm-none-eabi/13.2.1/../../../arm-none-eabi/lib/thumb/v7-m/nofp/libc_nano.a(libc_a-sbrkr.o)
 .debug_info    0x0002e6ac      0xa80 /usr/lib/gcc/arm-none-eabi/13.2.1/../../../arm-none-eabi/lib/thumb/v7-m/nofp/libc_nano.a(libc_a-stdio.o)
 .debug_info    0x0002f12c      0x70b /usr/lib/gcc/arm-none-eabi/13.2.1/../../../arm-none-eabi/lib/thumb/v7-m/nofp/libc_nano.a(libc_a-impure.o)
 .debug_info    0x0002f837      0xa0e /usr/lib/gcc/arm-none-eabi/13.2.1/../../../arm-none-eabi/lib/thumb/v7-m/nofp/libc_nano.a(libc_a-localeconv.o)
 .debug_info    0x00030245      0xb1e /usr/lib/gcc/arm-none-eabi/13.2.1/../../../arm-none-eabi/lib/thumb/v7-m/nofp/libc_nano.a(libc_a-fvwrite.o)
 .debug_info    0x00030d63       0xd8 /usr/lib/gcc/arm-none-eabi/13.2.1/../../../arm-none-eabi/lib/thumb/v7-m/nofp/libc_nano.a(libc_a-abort.o)
 .debug_info    0x00030e3b      0x752 /usr/lib/gcc/arm-none-eabi/13.2.1/../../../arm-none-eabi/lib/thumb/v7-m/nofp/libc_nano.a(libc_a-closer.o)
 .debug_info    0x0003158d      0x7c9 /usr/lib/gcc/arm-none-eabi/13.2.1/../../../arm-none-eabi/lib/thumb/v7-m/nofp/libc_nano.a(libc_a-callocr.o)
 .debug_info    0x00031d56      0xbb9 /usr/lib/gcc/arm-none-eabi/13.2.1/../../../arm-none-eabi/lib/thumb/v7-m/nofp/libc_nano.a(libc_a-locale.o)
 .debug_info    0x0003290f      0x148 /usr/lib/gcc/arm-none-eabi/13.2.1/../../../arm-none-eabi/lib/thumb/v7-m/nofp/libc_nano.a(libc_a-memmove.o)
 .debug_info    0x00032a57      0xa70 /usr/lib/gcc/arm-none-eabi/13.2.1/../../../arm-none-eabi/lib/thumb/v7-m/nofp/libc_nano.a(libc_a-wctomb_r.o)
 .debug_info    0x000334c7      0x7b5 /usr/lib/gcc/arm-none-eabi/13.2.1/../../../arm-none-eabi/lib/thumb/v7-m/nofp/libc_nano.a(libc_a-readr.o)
 .debug_info    0x00033c7c      0x85d /usr/lib/gcc/arm-none-eabi/13.2.1/../../../arm-none-eabi/lib/thumb/v7-m/nofp/libc_nano.a(libc_a-fprintf.o)
 .debug_info    0x000344d9      0x89f /usr/lib/gcc/arm-none-eabi/13.2.1/../../../arm-none-eabi/lib/thumb/v7-m/nofp/libc_nano.a(libc_a-reent.o)
 .debug_info    0x00034d78      0x8cd /usr/lib/gcc/arm-none-eabi/13.2.1/../../../arm-none-eabi/lib/thumb/v7-m/nofp/libc_nano.a(libc_a-reallocr.o)
 .debug_info    0x00035645      0x977 /usr/lib/gcc/arm-none-eabi/13.2.1/../../../arm-none-eabi/lib/thumb/v7-m/nofp/libc_nano.a(libc_a-fstatr.o)
 .debug_info    0x00035fbc      0x79e /usr/lib/gcc/arm-none-eabi/13.2.1/../../../arm-none-eabi/lib/thumb/v7-m/nofp/libc_nano.a(libc_a-lseekr.o)
 .debug_info    0x0003675a       0xb9 /usr/lib/gcc/arm-none-eabi/13.2.1/../../../arm-none-eabi/lib/thumb/v7-m/nofp/libc_nano.a(libc_a-ctype_.o)
 .debug_info    0x00036813      0x7bb /usr/lib/gcc/arm-none-eabi/13.2.1/../../../arm-none-eabi/lib/thumb/v7-m/nofp/libc_nano.a(libc_a-writer.o)
 .debug_info    0x00036fce      0x78a /usr/lib/gcc/arm-none-eabi/13.2.1/../../../arm-none-eabi/lib/thumb/v7-m/nofp/libc_nano.a(libc_a-msizer.o)
 .debug_info    0x00037758      0xab0 /usr/lib/gcc/arm-none-eabi/13.2.1/../../../arm-none-eabi/lib/thumb/v7-m/nofp/libc_nano.a(libc_a-mbtowc_r.o)
 .debug_info    0x00038208      0xc39 /usr/lib/gcc/arm-none-eabi/13.2.1/../../../arm-none-eabi/lib/thumb/v7-m/nofp/libc_nano.a(libc_a-signal.o)
 .debug_info    0x00038e41      0x7df /usr/lib/gcc/arm-none-eabi/13.2.1/../../../arm-none-eabi/lib/thumb/v7-m/nofp/libc_nano.a(libc_a-signalr.o)
 .debug_info    0x00039620      0x145 /usr/lib/gcc/arm-none-eabi/13.2.1/../../../arm-none-eabi/lib/thumb/v7-m/nofp/libm.a(libm_a-wf_sqrt.o)
 .debug_info    0x00039765      0x27f /usr/lib/gcc/arm-none-eabi/13.2.1/../../../arm-none-eabi/lib/thumb/v7-m/nofp/libm.a(libm_a-ef_sqrt.o)
 .debug_info    0x000399e4       0xd3 /usr/lib/gcc/arm-none-eabi/13.2.1/thumb/v7-m/nofp/libgcc.a(_arm_addsubdf3.o)
 .debug_info    0x00039ab7       0x57 /usr/lib/gcc/arm-none-eabi/13.2.1/thumb/v7-m/nofp/libgcc.a(_arm_muldivdf3.o)
 .debug_info    0x00039b0e       0xdf /usr/lib/gcc/arm-none-eabi/13.2.1/thumb/v7-m/nofp/libgcc.a(_arm_cmpdf2.o)
 .debug_info    0x00039bed       0x3c /usr/lib/gcc/arm-none-eabi/13.2.1/thumb/v7-m/nofp/libgcc.a(_arm_unorddf2.o)
 .debug_info    0x00039c29       0x3c /usr/lib/gcc/arm-none-eabi/13.2.1/thumb/v7-m/nofp/libgcc.a(_arm_fixdfsi.o)
 .debug_info    0x00039c65       0xca /usr/lib/gcc/arm-none-eabi/13.2.1/thumb/v7-m/nofp/libgcc.a(_arm_addsubsf3.o)
 .debug_info    0x00039d2f       0x57 /usr/lib/gcc/arm-none-eabi/13.2.1/thumb/v7-m/nofp/libgcc.a(_arm_muldivsf3.o)
 .debug_info    0x00039d86       0xdb /usr/lib/gcc/arm-none-eabi/13.2.1/thumb/v7-m/nofp/libgcc.a(_arm_cmpsf2.o)
 .debug_info    0x00039e61       0x3c /usr/lib/gcc/arm-none-eabi/13.2.1/thumb/v7-m/nofp/libgcc.a(_arm_unordsf2.o)

.debug_abbrev   0x00000000     0xa0b5
 .debug_abbrev  0x00000000      0x2e7 build/main.o
 .debug_abbrev  0x000002e7       0xc1 build/gpio.o
 .debug_abbrev  0x000003a8      0x28e build/freertos.o
 .debug_abbrev  0x00000636      0x1f6 build/i2c.o
 .debug_abbrev  0x0000082c      0x13e build/features.o
 .debug_abbrev  0x0000096a      0x228 build/usart.o
 .debug_abbrev  0x00000b92       0x79 build/can_app.o
 .debug_abbrev  0x00000c0b      0x1c0 build/adxl345.o
 .debug_abbrev  0x00000dcb      0x17d build/stm32f1xx_it.o
 .debug_abbrev  0x00000f48      0x136 build/stm32f1xx_hal_msp.o
 .debug_abbrev  0x0000107e      0x22d build/stm32f1xx_hal_timebase_tim.o
 .debug_abbrev  0x000012ab      0x2bd build/stm32f1xx_hal_tim.o
 .debug_abbrev  0x00001568      0x2b7 build/stm32f1xx_hal_tim_ex.o
 .debug_abbrev  0x0000181f      0x232 build/stm32f1xx_hal.o
 .debug_abbrev  0x00001a51      0x2d6 build/stm32f1xx_hal_rcc.o
 .debug_abbrev  0x00001d27      0x222 build/stm32f1xx_hal_gpio.o
 .debug_abbrev  0x00001f49      0x3aa build/stm32f1xx_hal_cortex.o
 .debug_abbrev  0x000022f3      0x31e build/stm32f1xx_hal_i2c.o
 .debug_abbrev  0x00002611      0x35f build/stm32f1xx_hal_uart.o
 .debug_abbrev  0x00002970      0x140 build/system_stm32f1xx.o
 .debug_abbrev  0x00002ab0      0x124 build/list.o
 .debug_abbrev  0x00002bd4      0x431 build/queue.o
 .debug_abbrev  0x00003005      0x3dd build/tasks.o
 .debug_abbrev  0x000033e2      0x3fb build/cmsis_os.o
 .debug_abbrev  0x000037dd      0x27a build/heap_4.o
 .debug_abbrev  0x00003a57      0x2c2 build/port.o
 .debug_abbrev  0x00003d19       0xeb build/sysmem.o
 .debug_abbrev  0x00003e04      0x1ea build/syscalls.o
 .debug_abbrev  0x00003fee       0x1d build/startup_stm32f103xb.o
 .debug_abbrev  0x0000400b       0x78 /usr/lib/gcc/arm-none-eabi/13.2.1/../../../arm-none-eabi/lib/thumb/v7-m/nofp/libc_nano.a(libc_a-strlen-stub.o)
 .debug_abbrev  0x00004083       0xc9 /usr/lib/gcc/arm-none-eabi/13.2.1/../../../arm-none-eabi/lib/thumb/v7-m/nofp/libc_nano.a(libc_a-init.o)
 .debug_abbrev  0x0000414c      0x29c /usr/lib/gcc/arm-none-eabi/13.2.1/../../../arm-none-eabi/lib/thumb/v7-m/nofp/libc_nano.a(libc_a-puts.o)
 .debug_abbrev  0x000043e8      0x408 /usr/lib/gcc/arm-none-eabi/13.2.1/../../../arm-none-eabi/lib/thumb/v7-m/nofp/libc_nano.a(libc_a-findfp.o)
 .debug_abbrev  0x000047f0       0xb7 /usr/lib/gcc/arm-none-eabi/13.2.1/../../../arm-none-eabi/lib/thumb/v7-m/nofp/libc_nano.a(libc_a-memset.o)
 .debug_abbrev  0x000048a7      0x2e1 /usr/lib/gcc/arm-none-eabi/13.2.1/../../../arm-none-eabi/lib/thumb/v7-m/nofp/libc_nano.a(libc_a-fflush.o)
 .debug_abbrev  0x00004b88      0x15e /usr/lib/gcc/arm-none-eabi/13.2.1/../../../arm-none-eabi/lib/thumb/v7-m/nofp/libc_nano.a(libc_a-errno.o)
 .debug_abbrev  0x00004ce6      0x2ee /usr/lib/gcc/arm-none-eabi/13.2.1/../../../arm-none-eabi/lib/thumb/v7-m/nofp/libc_nano.a(libc_a-nano-vfprintf_float.o)
 .debug_abbrev  0x00004fd4      0x24a /usr/lib/gcc/arm-none-eabi/13.2.1/../../../arm-none-eabi/lib/thumb/v7-m/nofp/libc_nano.a(libc_a-mallocr.o)
 .debug_abbrev  0x0000521e      0x333 /usr/lib/gcc/arm-none-eabi/13.2.1/../../../arm-none-eabi/lib/thumb/v7-m/nofp/libc_nano.a(libc_a-dtoa.o)
 .debug_abbrev  0x00005551      0x249 /usr/lib/gcc/arm-none-eabi/13.2.1/../../../arm-none-eabi/lib/thumb/v7-m/nofp/libc_nano.a(libc_a-freer.o)
 .debug_abbrev  0x0000579a      0x19b /usr/lib/gcc/arm-none-eabi/13.2.1/../../../arm-none-eabi/lib/thumb/v7-m/nofp/libc_nano.a(libc_a-fwalk.o)
 .debug_abbrev  0x00005935      0x1e2 /usr/lib/gcc/arm-none-eabi/13.2.1/../../../arm-none-eabi/lib/thumb/v7-m/nofp/libc_nano.a(libc_a-wsetup.o)
 .debug_abbrev  0x00005b17       0x28 /usr/lib/gcc/arm-none-eabi/13.2.1/../../../arm-none-eabi/lib/thumb/v7-m/nofp/libc_nano.a(libc_a-memcpy.o)
 .debug_abbrev  0x00005b3f      0x1cf /usr/lib/gcc/arm-none-eabi/13.2.1/../../../arm-none-eabi/lib/thumb/v7-m/nofp/libc_nano.a(libc_a-malloc.o)
 .debug_abbrev  0x00005d0e      0x284 /usr/lib/gcc/arm-none-eabi/13.2.1/../../../arm-none-eabi/lib/thumb/v7-m/nofp/libc_nano.a(libc_a-nano-vfprintf_i.o)
 .debug_abbrev  0x00005f92      0x192 /usr/lib/gcc/arm-none-eabi/13.2.1/../../../arm-none-eabi/lib/thumb/v7-m/nofp/libc_nano.a(libc_a-mlock.o)
 .debug_abbrev  0x00006124      0x29d /usr/lib/gcc/arm-none-eabi/13.2.1/../../../arm-none-eabi/lib/thumb/v7-m/nofp/libc_nano.a(libc_a-makebuf.o)
 .debug_abbrev  0x000063c1       0xc7 /usr/lib/gcc/arm-none-eabi/13.2.1/../../../arm-none-eabi/lib/thumb/v7-m/nofp/libc_nano.a(libc_a-memchr-stub.o)
 .debug_abbrev  0x00006488      0x21a /usr/lib/gcc/arm-none-eabi/13.2.1/../../../arm-none-eabi/lib/thumb/v7-m/nofp/libc_nano.a(libc_a-printf.o)
 .debug_abbrev  0x000066a2      0x1b0 /usr/lib/gcc/arm-none-eabi/13.2.1/../../../arm-none-eabi/lib/thumb/v7-m/nofp/libc_nano.a(libc_a-isattyr.o)
 .debug_abbrev  0x00006852      0x36e /usr/lib/gcc/arm-none-eabi/13.2.1/../../../arm-none-eabi/lib/thumb/v7-m/nofp/libc_nano.a(libc_a-nano-vfprintf.o)
 .debug_abbrev  0x00006bc0      0x236 /usr/lib/gcc/arm-none-eabi/13.2.1/../../../arm-none-eabi/lib/thumb/v7-m/nofp/libc_nano.a(libc_a-wbuf.o)
 .debug_abbrev  0x00006df6      0x1ea /usr/lib/gcc/arm-none-eabi/13.2.1/../../../arm-none-eabi/lib/thumb/v7-m/nofp/libc_nano.a(libc_a-assert.o)
 .debug_abbrev  0x00006fe0      0x493 /usr/lib/gcc/arm-none-eabi/13.2.1/../../../arm-none-eabi/lib/thumb/v7-m/nofp/libc_nano.a(libc_a-mprec.o)
 .debug_abbrev  0x00007473      0x1da /usr/lib/gcc/arm-none-eabi/13.2.1/../../../arm-none-eabi/lib/thumb/v7-m/nofp/libc_nano.a(libc_a-sbrkr.o)
 .debug_abbrev  0x0000764d      0x224 /usr/lib/gcc/arm-none-eabi/13.2.1/../../../arm-none-eabi/lib/thumb/v7-m/nofp/libc_nano.a(libc_a-stdio.o)
 .debug_abbrev  0x00007871      0x149 /usr/lib/gcc/arm-none-eabi/13.2.1/../../../arm-none-eabi/lib/thumb/v7-m/nofp/libc_nano.a(libc_a-impure.o)
 .debug_abbrev  0x000079ba      0x22e /usr/lib/gcc/arm-none-eabi/13.2.1/../../../arm-none-eabi/lib/thumb/v7-m/nofp/libc_nano.a(libc_a-localeconv.o)
 .debug_abbrev  0x00007be8      0x224 /usr/lib/gcc/arm-none-eabi/13.2.1/../../../arm-none-eabi/lib/thumb/v7-m/nofp/libc_nano.a(libc_a-fvwrite.o)
 .debug_abbrev  0x00007e0c       0x99 /usr/lib/gcc/arm-none-eabi/13.2.1/../../../arm-none-eabi/lib/thumb/v7-m/nofp/libc_nano.a(libc_a-abort.o)
 .debug_abbrev  0x00007ea5      0x1b0 /usr/lib/gcc/arm-none-eabi/13.2.1/../../../arm-none-eabi/lib/thumb/v7-m/nofp/libc_nano.a(libc_a-closer.o)
 .debug_abbrev  0x00008055      0x1cd /usr/lib/gcc/arm-none-eabi/13.2.1/../../../arm-none-eabi/lib/thumb/v7-m/nofp/libc_nano.a(libc_a-callocr.o)
 .debug_abbrev  0x00008222      0x29d /usr/lib/gcc/arm-none-eabi/13.2.1/../../../arm-none-eabi/lib/thumb/v7-m/nofp/libc_nano.a(libc_a-locale.o)
 .debug_abbrev  0x000084bf       0xc3 /usr/lib/gcc/arm-none-eabi/13.2.1/../../../arm-none-eabi/lib/thumb/v7-m/nofp/libc_nano.a(libc_a-memmove.o)
 .debug_abbrev  0x00008582      0x201 /usr/lib/gcc/arm-none-eabi/13.2.1/../../../arm-none-eabi/lib/thumb/v7-m/nofp/libc_nano.a(libc_a-wctomb_r.o)
 .debug_abbrev  0x00008783      0x1b0 /usr/lib/gcc/arm-none-eabi/13.2.1/../../../arm-none-eabi/lib/thumb/v7-m/nofp/libc_nano.a(libc_a-readr.o)
 .debug_abbrev  0x00008933      0x21d /usr/lib/gcc/arm-none-eabi/13.2.1/../../../arm-none-eabi/lib/thumb/v7-m/nofp/libc_nano.a(libc_a-fprintf.o)
 .debug_abbrev  0x00008b50      0x1ee /usr/lib/gcc/arm-none-eabi/13.2.1/../../../arm-none-eabi/lib/thumb/v7-m/nofp/libc_nano.a(libc_a-reent.o)
 .debug_abbrev  0x00008d3e      0x20c /usr/lib/gcc/arm-none-eabi/13.2.1/../../../arm-none-eabi/lib/thumb/v7-m/nofp/libc_nano.a(libc_a-reallocr.o)
 .debug_abbrev  0x00008f4a      0x1c3 /usr/lib/gcc/arm-none-eabi/13.2.1/../../../arm-none-eabi/lib/thumb/v7-m/nofp/libc_nano.a(libc_a-fstatr.o)
 .debug_abbrev  0x0000910d      0x1c4 /usr/lib/gcc/arm-none-eabi/13.2.1/../../../arm-none-eabi/lib/thumb/v7-m/nofp/libc_nano.a(libc_a-lseekr.o)
 .debug_abbrev  0x000092d1       0x62 /usr/lib/gcc/arm-none-eabi/13.2.1/../../../arm-none-eabi/lib/thumb/v7-m/nofp/libc_nano.a(libc_a-ctype_.o)
 .debug_abbrev  0x00009333      0x1b5 /usr/lib/gcc/arm-none-eabi/13.2.1/../../../arm-none-eabi/lib/thumb/v7-m/nofp/libc_nano.a(libc_a-writer.o)
 .debug_abbrev  0x000094e8      0x196 /usr/lib/gcc/arm-none-eabi/13.2.1/../../../arm-none-eabi/lib/thumb/v7-m/nofp/libc_nano.a(libc_a-msizer.o)
 .debug_abbrev  0x0000967e      0x208 /usr/lib/gcc/arm-none-eabi/13.2.1/../../../arm-none-eabi/lib/thumb/v7-m/nofp/libc_nano.a(libc_a-mbtowc_r.o)