ARM GAS  /tmp/cc4bZUTn.s 			page 1


   1              		.cpu cortex-m3
   2              		.arch armv7-m
   3              		.fpu softvfp
   4              		.eabi_attribute 20, 1
   5              		.eabi_attribute 21, 1
   6              		.eabi_attribute 23, 3
   7              		.eabi_attribute 24, 1
   8              		.eabi_attribute 25, 1
   9              		.eabi_attribute 26, 1
  10              		.eabi_attribute 30, 1
  11              		.eabi_attribute 34, 1
  12              		.eabi_attribute 18, 4
  13              		.file	"freertos.c"
  14              		.text
  15              	.Ltext0:
  16              		.cfi_sections	.debug_frame
  17              		.file 1 "Core/Src/freertos.c"
  18              		.section	.rodata.StartAccelTask.str1.4,"aMS",%progbits,1
  19              		.align	2
  20              	.LC6:
  21 0000 41636365 		.ascii	"Accel task started\015\000"
  21      6C207461 
  21      736B2073 
  21      74617274 
  21      65640D00 
  22              		.align	2
  23              	.LC7:
  24 0014 41636365 		.ascii	"Accel window ready\015\000"
  24      6C207769 
  24      6E646F77 
  24      20726561 
  24      64790D00 
  25              		.section	.text.StartAccelTask,"ax",%progbits
  26              		.align	1
  27              		.global	StartAccelTask
  28              		.syntax unified
  29              		.thumb
  30              		.thumb_func
  32              	StartAccelTask:
  33              	.LVL0:
  34              	.LFB75:
   1:Core/Src/freertos.c **** /* USER CODE BEGIN Header */
   2:Core/Src/freertos.c **** /**
   3:Core/Src/freertos.c ****   ******************************************************************************
   4:Core/Src/freertos.c ****   * File Name          : freertos.c
   5:Core/Src/freertos.c ****   * Description        : Code for freertos applications
   6:Core/Src/freertos.c ****   ******************************************************************************
   7:Core/Src/freertos.c ****   * @attention
   8:Core/Src/freertos.c ****   *
   9:Core/Src/freertos.c ****   * Copyright (c) 2026 STMicroelectronics.
  10:Core/Src/freertos.c ****   * All rights reserved.
  11:Core/Src/freertos.c ****   *
  12:Core/Src/freertos.c ****   * This software is licensed under terms that can be found in the LICENSE file
  13:Core/Src/freertos.c ****   * in the root directory of this software component.
  14:Core/Src/freertos.c ****   * If no LICENSE file comes with this software, it is provided AS-IS.
  15:Core/Src/freertos.c ****   *
  16:Core/Src/freertos.c ****   ******************************************************************************
ARM GAS  /tmp/cc4bZUTn.s 			page 2


  17:Core/Src/freertos.c ****   */
  18:Core/Src/freertos.c **** /* USER CODE END Header */
  19:Core/Src/freertos.c **** 
  20:Core/Src/freertos.c **** /* Includes ------------------------------------------------------------------*/
  21:Core/Src/freertos.c **** #include "FreeRTOS.h"
  22:Core/Src/freertos.c **** #include "task.h"
  23:Core/Src/freertos.c **** #include "main.h"
  24:Core/Src/freertos.c **** #include "cmsis_os.h"
  25:Core/Src/freertos.c **** #include "adxl345.h"
  26:Core/Src/freertos.c **** #include "i2c.h"
  27:Core/Src/freertos.c **** #include "usart.h"
  28:Core/Src/freertos.c **** #include <stdint.h>
  29:Core/Src/freertos.c **** #include "features.h"
  30:Core/Src/freertos.c **** #include "can_app.h"
  31:Core/Src/freertos.c **** #include "usart.h"
  32:Core/Src/freertos.c **** #include <stdio.h>
  33:Core/Src/freertos.c **** #include "queue.h"
  34:Core/Src/freertos.c **** 
  35:Core/Src/freertos.c **** /* RTOS objects */
  36:Core/Src/freertos.c **** osThreadId accelTaskHandle;
  37:Core/Src/freertos.c **** osThreadId featureTaskHandle;
  38:Core/Src/freertos.c **** osThreadId canTaskHandle;
  39:Core/Src/freertos.c **** 
  40:Core/Src/freertos.c **** osMessageQId accelQueueHandle;
  41:Core/Src/freertos.c **** osMessageQId featureQueueHandle;
  42:Core/Src/freertos.c **** 
  43:Core/Src/freertos.c **** QueueHandle_t accelQueue;
  44:Core/Src/freertos.c **** QueueHandle_t featureQueue;
  45:Core/Src/freertos.c **** 
  46:Core/Src/freertos.c **** /* Private includes ----------------------------------------------------------*/
  47:Core/Src/freertos.c **** /* USER CODE BEGIN Includes */
  48:Core/Src/freertos.c **** 
  49:Core/Src/freertos.c **** /* USER CODE END Includes */
  50:Core/Src/freertos.c **** 
  51:Core/Src/freertos.c **** /* Private typedef -----------------------------------------------------------*/
  52:Core/Src/freertos.c **** /* USER CODE BEGIN PTD */
  53:Core/Src/freertos.c **** 
  54:Core/Src/freertos.c **** /* USER CODE END PTD */
  55:Core/Src/freertos.c **** 
  56:Core/Src/freertos.c **** /* Private define ------------------------------------------------------------*/
  57:Core/Src/freertos.c **** /* USER CODE BEGIN PD */
  58:Core/Src/freertos.c **** 
  59:Core/Src/freertos.c **** /* USER CODE END PD */
  60:Core/Src/freertos.c **** 
  61:Core/Src/freertos.c **** /* Private macro -------------------------------------------------------------*/
  62:Core/Src/freertos.c **** /* USER CODE BEGIN PM */
  63:Core/Src/freertos.c **** 
  64:Core/Src/freertos.c **** /* USER CODE END PM */
  65:Core/Src/freertos.c **** 
  66:Core/Src/freertos.c **** /* Private variables ---------------------------------------------------------*/
  67:Core/Src/freertos.c **** /* USER CODE BEGIN Variables */
  68:Core/Src/freertos.c **** 
  69:Core/Src/freertos.c **** /* USER CODE END Variables */
  70:Core/Src/freertos.c **** osThreadId AccelTaskHandle;
  71:Core/Src/freertos.c **** 
  72:Core/Src/freertos.c **** /* Private function prototypes -----------------------------------------------*/
  73:Core/Src/freertos.c **** /* USER CODE BEGIN FunctionPrototypes */
ARM GAS  /tmp/cc4bZUTn.s 			page 3


  74:Core/Src/freertos.c **** void StartAccelTask(void const * argument);
  75:Core/Src/freertos.c **** void StartFeatureTask(void const * argument);
  76:Core/Src/freertos.c **** void StartCANTask(void const * argument);
  77:Core/Src/freertos.c **** /* USER CODE END FunctionPrototypes */
  78:Core/Src/freertos.c **** 
  79:Core/Src/freertos.c **** void StartAccelTask(void const * argument);
  80:Core/Src/freertos.c **** 
  81:Core/Src/freertos.c **** void MX_FREERTOS_Init(void); /* (MISRA C 2004 rule 8.1) */
  82:Core/Src/freertos.c **** 
  83:Core/Src/freertos.c **** /* GetIdleTaskMemory prototype (linked to static allocation support) */
  84:Core/Src/freertos.c **** void vApplicationGetIdleTaskMemory( StaticTask_t **ppxIdleTaskTCBBuffer, StackType_t **ppxIdleTaskS
  85:Core/Src/freertos.c **** 
  86:Core/Src/freertos.c **** /* USER CODE BEGIN GET_IDLE_TASK_MEMORY */
  87:Core/Src/freertos.c **** static StaticTask_t xIdleTaskTCBBuffer;
  88:Core/Src/freertos.c **** static StackType_t xIdleStack[configMINIMAL_STACK_SIZE];
  89:Core/Src/freertos.c **** 
  90:Core/Src/freertos.c **** void vApplicationGetIdleTaskMemory( StaticTask_t **ppxIdleTaskTCBBuffer, StackType_t **ppxIdleTaskS
  91:Core/Src/freertos.c **** {
  92:Core/Src/freertos.c ****   *ppxIdleTaskTCBBuffer = &xIdleTaskTCBBuffer;
  93:Core/Src/freertos.c ****   *ppxIdleTaskStackBuffer = &xIdleStack[0];
  94:Core/Src/freertos.c ****   *pulIdleTaskStackSize = configMINIMAL_STACK_SIZE;
  95:Core/Src/freertos.c ****   /* place for user code */
  96:Core/Src/freertos.c **** }
  97:Core/Src/freertos.c **** /* USER CODE END GET_IDLE_TASK_MEMORY */
  98:Core/Src/freertos.c **** 
  99:Core/Src/freertos.c **** /**
 100:Core/Src/freertos.c ****   * @brief  FreeRTOS initialization
 101:Core/Src/freertos.c ****   * @param  None
 102:Core/Src/freertos.c ****   * @retval None
 103:Core/Src/freertos.c ****   */
 104:Core/Src/freertos.c **** void MX_FREERTOS_Init(void) {
 105:Core/Src/freertos.c ****   /* USER CODE BEGIN Init */
 106:Core/Src/freertos.c **** 
 107:Core/Src/freertos.c ****   /* USER CODE END Init */
 108:Core/Src/freertos.c **** 
 109:Core/Src/freertos.c ****   /* USER CODE BEGIN RTOS_MUTEX */
 110:Core/Src/freertos.c ****   /* add mutexes, ... */
 111:Core/Src/freertos.c ****   /* USER CODE END RTOS_MUTEX */
 112:Core/Src/freertos.c **** 
 113:Core/Src/freertos.c ****   /* USER CODE BEGIN RTOS_SEMAPHORES */
 114:Core/Src/freertos.c ****   /* add semaphores, ... */
 115:Core/Src/freertos.c ****   /* USER CODE END RTOS_SEMAPHORES */
 116:Core/Src/freertos.c **** 
 117:Core/Src/freertos.c ****   /* USER CODE BEGIN RTOS_TIMERS */
 118:Core/Src/freertos.c ****   /* start timers, add new ones, ... */
 119:Core/Src/freertos.c ****   /* USER CODE END RTOS_TIMERS */
 120:Core/Src/freertos.c **** 
 121:Core/Src/freertos.c ****   /* USER CODE BEGIN RTOS_QUEUES */
 122:Core/Src/freertos.c ****   //osMessageQDef(accelQueue, 2, accel_window_t);
 123:Core/Src/freertos.c ****   //accelQueueHandle = osMessageCreate(osMessageQ(accelQueue), NULL);
 124:Core/Src/freertos.c **** 
 125:Core/Src/freertos.c ****   //osMessageQDef(featureQueue, 2, vib_features_t);
 126:Core/Src/freertos.c ****   //featureQueueHandle = osMessageCreate(osMessageQ(featureQueue), NULL);
 127:Core/Src/freertos.c **** 
 128:Core/Src/freertos.c ****   accelQueue = xQueueCreate(2, sizeof(accel_window_t));
 129:Core/Src/freertos.c ****   featureQueue = xQueueCreate(2, sizeof(vib_features_t));
 130:Core/Src/freertos.c **** 
ARM GAS  /tmp/cc4bZUTn.s 			page 4


 131:Core/Src/freertos.c ****   configASSERT(accelQueue);
 132:Core/Src/freertos.c ****   configASSERT(featureQueue);
 133:Core/Src/freertos.c ****   /* USER CODE END RTOS_QUEUES */
 134:Core/Src/freertos.c **** 
 135:Core/Src/freertos.c ****   /* Create the thread(s) */
 136:Core/Src/freertos.c ****   /* definition and creation of AccelTask */
 137:Core/Src/freertos.c **** 
 138:Core/Src/freertos.c ****   /* USER CODE BEGIN RTOS_THREADS */
 139:Core/Src/freertos.c ****  osThreadDef(accelTask, StartAccelTask, osPriorityNormal, 0, 256);
 140:Core/Src/freertos.c ****  accelTaskHandle = osThreadCreate(osThread(accelTask), NULL);
 141:Core/Src/freertos.c **** 
 142:Core/Src/freertos.c ****  osThreadDef(featureTask, StartFeatureTask, osPriorityAboveNormal, 0, 1024);
 143:Core/Src/freertos.c ****  featureTaskHandle = osThreadCreate(osThread(featureTask), NULL);
 144:Core/Src/freertos.c **** 
 145:Core/Src/freertos.c ****  osThreadDef(canTask, StartCANTask, osPriorityLow, 0, 256);
 146:Core/Src/freertos.c ****  canTaskHandle = osThreadCreate(osThread(canTask), NULL);
 147:Core/Src/freertos.c ****   /* USER CODE END RTOS_THREADS */
 148:Core/Src/freertos.c **** 
 149:Core/Src/freertos.c **** }
 150:Core/Src/freertos.c **** 
 151:Core/Src/freertos.c **** 
 152:Core/Src/freertos.c **** 
 153:Core/Src/freertos.c **** /* USER CODE BEGIN Header_StartAccelTask */
 154:Core/Src/freertos.c **** /**
 155:Core/Src/freertos.c **** * @brief Function implementing the AccelTask thread.
 156:Core/Src/freertos.c **** * @param argument: Not used
 157:Core/Src/freertos.c **** * @retval None
 158:Core/Src/freertos.c **** */
 159:Core/Src/freertos.c **** /* USER CODE END Header_StartAccelTask */
 160:Core/Src/freertos.c **** void StartAccelTask(void const * argument)
 161:Core/Src/freertos.c **** {
  35              		.loc 1 161 1 view -0
  36              		.cfi_startproc
  37              		@ args = 0, pretend = 0, frame = 0
  38              		@ frame_needed = 0, uses_anonymous_args = 0
  39              		.loc 1 161 1 is_stmt 0 view .LVU1
  40 0000 10B5     		push	{r4, lr}
  41              	.LCFI0:
  42              		.cfi_def_cfa_offset 8
  43              		.cfi_offset 4, -8
  44              		.cfi_offset 14, -4
 162:Core/Src/freertos.c ****     static accel_window_t window;
  45              		.loc 1 162 5 is_stmt 1 view .LVU2
 163:Core/Src/freertos.c ****     uint16_t idx = 0;
  46              		.loc 1 163 5 view .LVU3
  47              	.LVL1:
 164:Core/Src/freertos.c **** 
 165:Core/Src/freertos.c ****     printf("Accel task started\r\n");
  48              		.loc 1 165 5 view .LVU4
  49 0002 1348     		ldr	r0, .L6
  50              	.LVL2:
  51              		.loc 1 165 5 is_stmt 0 view .LVU5
  52 0004 FFF7FEFF 		bl	puts
  53              	.LVL3:
 163:Core/Src/freertos.c ****     uint16_t idx = 0;
  54              		.loc 1 163 14 view .LVU6
  55 0008 0024     		movs	r4, #0
ARM GAS  /tmp/cc4bZUTn.s 			page 5


  56 000a 0EE0     		b	.L3
  57              	.LVL4:
  58              	.L5:
 166:Core/Src/freertos.c **** 
 167:Core/Src/freertos.c ****     for (;;)
 168:Core/Src/freertos.c ****     {
 169:Core/Src/freertos.c ****         ADXL345_ReadXYZ(&window.ax[idx],
 170:Core/Src/freertos.c ****                         &window.ay[idx],
 171:Core/Src/freertos.c ****                         &window.az[idx]);
 172:Core/Src/freertos.c **** 
 173:Core/Src/freertos.c ****         idx++;
 174:Core/Src/freertos.c **** 
 175:Core/Src/freertos.c ****         if (idx >= WINDOW_SIZE)
 176:Core/Src/freertos.c ****         {
 177:Core/Src/freertos.c ****             printf("Accel window ready\r\n");
  59              		.loc 1 177 13 is_stmt 1 view .LVU7
  60 000c 1148     		ldr	r0, .L6+4
  61 000e FFF7FEFF 		bl	puts
  62              	.LVL5:
 178:Core/Src/freertos.c **** 
 179:Core/Src/freertos.c ****             xQueueSend(accelQueue, &window, portMAX_DELAY);
  63              		.loc 1 179 13 view .LVU8
  64 0012 0023     		movs	r3, #0
  65 0014 4FF0FF32 		mov	r2, #-1
  66 0018 0F49     		ldr	r1, .L6+8
  67 001a 1048     		ldr	r0, .L6+12
  68 001c 0068     		ldr	r0, [r0]
  69 001e FFF7FEFF 		bl	xQueueGenericSend
  70              	.LVL6:
 180:Core/Src/freertos.c ****             idx = 0;
  71              		.loc 1 180 13 view .LVU9
  72              		.loc 1 180 17 is_stmt 0 view .LVU10
  73 0022 0024     		movs	r4, #0
  74              	.LVL7:
  75              	.L2:
 181:Core/Src/freertos.c ****         }
 182:Core/Src/freertos.c **** 
 183:Core/Src/freertos.c ****         osDelay(2);
  76              		.loc 1 183 9 is_stmt 1 view .LVU11
  77 0024 0220     		movs	r0, #2
  78 0026 FFF7FEFF 		bl	osDelay
  79              	.LVL8:
 167:Core/Src/freertos.c ****     {
  80              		.loc 1 167 5 view .LVU12
  81              	.L3:
 167:Core/Src/freertos.c ****     {
  82              		.loc 1 167 5 view .LVU13
 169:Core/Src/freertos.c ****                         &window.ay[idx],
  83              		.loc 1 169 9 view .LVU14
  84 002a 04F58072 		add	r2, r4, #256
  85 002e 0A48     		ldr	r0, .L6+8
  86 0030 04F18001 		add	r1, r4, #128
  87 0034 00EB4202 		add	r2, r0, r2, lsl #1
  88 0038 00EB4101 		add	r1, r0, r1, lsl #1
  89 003c 00EB4400 		add	r0, r0, r4, lsl #1
  90 0040 FFF7FEFF 		bl	ADXL345_ReadXYZ
  91              	.LVL9:
ARM GAS  /tmp/cc4bZUTn.s 			page 6


 173:Core/Src/freertos.c **** 
  92              		.loc 1 173 9 view .LVU15
 173:Core/Src/freertos.c **** 
  93              		.loc 1 173 12 is_stmt 0 view .LVU16
  94 0044 0134     		adds	r4, r4, #1
  95              	.LVL10:
 173:Core/Src/freertos.c **** 
  96              		.loc 1 173 12 view .LVU17
  97 0046 A4B2     		uxth	r4, r4
  98              	.LVL11:
 175:Core/Src/freertos.c ****         {
  99              		.loc 1 175 9 is_stmt 1 view .LVU18
 175:Core/Src/freertos.c ****         {
 100              		.loc 1 175 12 is_stmt 0 view .LVU19
 101 0048 7F2C     		cmp	r4, #127
 102 004a DFD8     		bhi	.L5
 103 004c EAE7     		b	.L2
 104              	.L7:
 105 004e 00BF     		.align	2
 106              	.L6:
 107 0050 00000000 		.word	.LC6
 108 0054 14000000 		.word	.LC7
 109 0058 00000000 		.word	window.0
 110 005c 00000000 		.word	accelQueue
 111              		.cfi_endproc
 112              	.LFE75:
 114              		.section	.rodata.StartFeatureTask.str1.4,"aMS",%progbits,1
 115              		.align	2
 116              	.LC8:
 117 0000 46656174 		.ascii	"Feature task started\015\000"
 117      75726520 
 117      7461736B 
 117      20737461 
 117      72746564 
 118              		.section	.text.StartFeatureTask,"ax",%progbits
 119              		.align	1
 120              		.global	StartFeatureTask
 121              		.syntax unified
 122              		.thumb
 123              		.thumb_func
 125              	StartFeatureTask:
 126              	.LVL12:
 127              	.LFB76:
 184:Core/Src/freertos.c ****     }
 185:Core/Src/freertos.c **** }
 186:Core/Src/freertos.c **** 
 187:Core/Src/freertos.c **** 
 188:Core/Src/freertos.c **** 
 189:Core/Src/freertos.c **** 
 190:Core/Src/freertos.c **** void StartFeatureTask(void const * argument)
 191:Core/Src/freertos.c **** {
 128              		.loc 1 191 1 is_stmt 1 view -0
 129              		.cfi_startproc
 130              		@ Volatile: function does not return.
 131              		@ args = 0, pretend = 0, frame = 784
 132              		@ frame_needed = 0, uses_anonymous_args = 0
 133              		.loc 1 191 1 is_stmt 0 view .LVU21
ARM GAS  /tmp/cc4bZUTn.s 			page 7


 134 0000 00B5     		push	{lr}
 135              	.LCFI1:
 136              		.cfi_def_cfa_offset 4
 137              		.cfi_offset 14, -4
 138 0002 ADF5457D 		sub	sp, sp, #788
 139              	.LCFI2:
 140              		.cfi_def_cfa_offset 792
 192:Core/Src/freertos.c ****     accel_window_t window;
 141              		.loc 1 192 5 is_stmt 1 view .LVU22
 193:Core/Src/freertos.c ****     vib_features_t features;
 142              		.loc 1 193 5 view .LVU23
 194:Core/Src/freertos.c ****     char uart_buf[128];
 143              		.loc 1 194 5 view .LVU24
 195:Core/Src/freertos.c **** 
 196:Core/Src/freertos.c ****     printf("Feature task started\r\n");
 144              		.loc 1 196 5 view .LVU25
 145 0006 0B48     		ldr	r0, .L11
 146              	.LVL13:
 147              		.loc 1 196 5 is_stmt 0 view .LVU26
 148 0008 FFF7FEFF 		bl	puts
 149              	.LVL14:
 150              	.L9:
 197:Core/Src/freertos.c **** 
 198:Core/Src/freertos.c ****     for (;;)
 151              		.loc 1 198 5 is_stmt 1 view .LVU27
 199:Core/Src/freertos.c ****     {
 200:Core/Src/freertos.c ****         xQueueReceive(accelQueue, &window, portMAX_DELAY);
 152              		.loc 1 200 9 view .LVU28
 153 000c 4FF0FF32 		mov	r2, #-1
 154 0010 04A9     		add	r1, sp, #16
 155 0012 094B     		ldr	r3, .L11+4
 156 0014 1868     		ldr	r0, [r3]
 157 0016 FFF7FEFF 		bl	xQueueReceive
 158              	.LVL15:
 201:Core/Src/freertos.c **** 
 202:Core/Src/freertos.c ****         //printf("Feature: window received\r\n");
 203:Core/Src/freertos.c **** 
 204:Core/Src/freertos.c ****         Features_ComputeRMSPeak(&window, &features);
 159              		.loc 1 204 9 view .LVU29
 160 001a 01A9     		add	r1, sp, #4
 161 001c 04A8     		add	r0, sp, #16
 162 001e FFF7FEFF 		bl	Features_ComputeRMSPeak
 163              	.LVL16:
 205:Core/Src/freertos.c **** 
 206:Core/Src/freertos.c ****         //snprintf(uart_buf, sizeof(uart_buf),
 207:Core/Src/freertos.c ****           //       "RMS=%.3f | PEAK=%.3f | CREST=%.3f\r\n",
 208:Core/Src/freertos.c ****             //     features.rms,
 209:Core/Src/freertos.c ****               //   features.peak,
 210:Core/Src/freertos.c ****                 // features.crest);
 211:Core/Src/freertos.c **** 
 212:Core/Src/freertos.c ****         //HAL_UART_Transmit(&huart1,
 213:Core/Src/freertos.c ****           //                (uint8_t *)uart_buf,
 214:Core/Src/freertos.c ****             //              strlen(uart_buf),
 215:Core/Src/freertos.c ****               //            HAL_MAX_DELAY);
 216:Core/Src/freertos.c **** 
 217:Core/Src/freertos.c ****         xQueueSend(featureQueue, &features, portMAX_DELAY);
 164              		.loc 1 217 9 discriminator 1 view .LVU30
ARM GAS  /tmp/cc4bZUTn.s 			page 8


 165 0022 0023     		movs	r3, #0
 166 0024 4FF0FF32 		mov	r2, #-1
 167 0028 01A9     		add	r1, sp, #4
 168 002a 0448     		ldr	r0, .L11+8
 169 002c 0068     		ldr	r0, [r0]
 170 002e FFF7FEFF 		bl	xQueueGenericSend
 171              	.LVL17:
 198:Core/Src/freertos.c ****     {
 172              		.loc 1 198 5 view .LVU31
 173 0032 EBE7     		b	.L9
 174              	.L12:
 175              		.align	2
 176              	.L11:
 177 0034 00000000 		.word	.LC8
 178 0038 00000000 		.word	accelQueue
 179 003c 00000000 		.word	featureQueue
 180              		.cfi_endproc
 181              	.LFE76:
 183              		.section	.rodata.StartCANTask.str1.4,"aMS",%progbits,1
 184              		.align	2
 185              	.LC9:
 186 0000 43414E20 		.ascii	"CAN task started\015\000"
 186      7461736B 
 186      20737461 
 186      72746564 
 186      0D00
 187              		.global	__aeabi_f2d
 188 0012 0000     		.align	2
 189              	.LC10:
 190 0014 43414E20 		.ascii	"CAN TX: RMS=%.3f CREST=%.3f PEAK=%.3f\015\012\000"
 190      54583A20 
 190      524D533D 
 190      252E3366 
 190      20435245 
 191              		.section	.text.StartCANTask,"ax",%progbits
 192              		.align	1
 193              		.global	StartCANTask
 194              		.syntax unified
 195              		.thumb
 196              		.thumb_func
 198              	StartCANTask:
 199              	.LVL18:
 200              	.LFB77:
 218:Core/Src/freertos.c ****     }
 219:Core/Src/freertos.c **** }
 220:Core/Src/freertos.c **** 
 221:Core/Src/freertos.c **** 
 222:Core/Src/freertos.c **** 
 223:Core/Src/freertos.c **** void StartCANTask(void const * argument)
 224:Core/Src/freertos.c **** {
 201              		.loc 1 224 1 view -0
 202              		.cfi_startproc
 203              		@ Volatile: function does not return.
 204              		@ args = 0, pretend = 0, frame = 16
 205              		@ frame_needed = 0, uses_anonymous_args = 0
 206              		.loc 1 224 1 is_stmt 0 view .LVU33
 207 0000 00B5     		push	{lr}
ARM GAS  /tmp/cc4bZUTn.s 			page 9


 208              	.LCFI3:
 209              		.cfi_def_cfa_offset 4
 210              		.cfi_offset 14, -4
 211 0002 89B0     		sub	sp, sp, #36
 212              	.LCFI4:
 213              		.cfi_def_cfa_offset 40
 225:Core/Src/freertos.c ****     vib_features_t features;
 214              		.loc 1 225 5 is_stmt 1 view .LVU34
 226:Core/Src/freertos.c **** 
 227:Core/Src/freertos.c ****     printf("CAN task started\r\n");
 215              		.loc 1 227 5 view .LVU35
 216 0004 1648     		ldr	r0, .L16
 217              	.LVL19:
 218              		.loc 1 227 5 is_stmt 0 view .LVU36
 219 0006 FFF7FEFF 		bl	puts
 220              	.LVL20:
 221              	.L14:
 228:Core/Src/freertos.c **** 
 229:Core/Src/freertos.c ****     for (;;)
 222              		.loc 1 229 5 is_stmt 1 view .LVU37
 230:Core/Src/freertos.c ****     {
 231:Core/Src/freertos.c ****         xQueueReceive(featureQueue, &features, portMAX_DELAY);
 223              		.loc 1 231 9 view .LVU38
 224 000a 4FF0FF32 		mov	r2, #-1
 225 000e 05A9     		add	r1, sp, #20
 226 0010 144B     		ldr	r3, .L16+4
 227 0012 1868     		ldr	r0, [r3]
 228 0014 FFF7FEFF 		bl	xQueueReceive
 229              	.LVL21:
 232:Core/Src/freertos.c **** 
 233:Core/Src/freertos.c ****         printf("CAN TX: RMS=%.3f CREST=%.3f PEAK=%.3f\r\n",
 230              		.loc 1 233 9 view .LVU39
 231 0018 0598     		ldr	r0, [sp, #20]	@ float
 232 001a FFF7FEFF 		bl	__aeabi_f2d
 233              	.LVL22:
 234 001e 0446     		mov	r4, r0
 235 0020 0D46     		mov	r5, r1
 236 0022 0698     		ldr	r0, [sp, #24]	@ float
 237 0024 FFF7FEFF 		bl	__aeabi_f2d
 238              	.LVL23:
 239 0028 CDE90201 		strd	r0, [sp, #8]
 240 002c 0798     		ldr	r0, [sp, #28]	@ float
 241 002e FFF7FEFF 		bl	__aeabi_f2d
 242              	.LVL24:
 243 0032 CDE90001 		strd	r0, [sp]
 244 0036 2246     		mov	r2, r4
 245 0038 2B46     		mov	r3, r5
 246 003a 0B48     		ldr	r0, .L16+8
 247 003c FFF7FEFF 		bl	printf
 248              	.LVL25:
 234:Core/Src/freertos.c ****                features.rms,
 235:Core/Src/freertos.c ****                features.crest,
 236:Core/Src/freertos.c ****                features.peak);
 237:Core/Src/freertos.c **** 
 238:Core/Src/freertos.c ****         CAN_SendFloat(0x101, features.rms);
 249              		.loc 1 238 9 view .LVU40
 250 0040 0599     		ldr	r1, [sp, #20]	@ float
ARM GAS  /tmp/cc4bZUTn.s 			page 10


 251 0042 40F20110 		movw	r0, #257
 252 0046 FFF7FEFF 		bl	CAN_SendFloat
 253              	.LVL26:
 239:Core/Src/freertos.c ****         CAN_SendFloat(0x102, features.crest);
 254              		.loc 1 239 9 view .LVU41
 255 004a 0799     		ldr	r1, [sp, #28]	@ float
 256 004c 4FF48170 		mov	r0, #258
 257 0050 FFF7FEFF 		bl	CAN_SendFloat
 258              	.LVL27:
 240:Core/Src/freertos.c ****         CAN_SendFloat(0x103, features.peak);
 259              		.loc 1 240 9 discriminator 1 view .LVU42
 260 0054 0699     		ldr	r1, [sp, #24]	@ float
 261 0056 40F20310 		movw	r0, #259
 262 005a FFF7FEFF 		bl	CAN_SendFloat
 263              	.LVL28:
 229:Core/Src/freertos.c ****     {
 264              		.loc 1 229 5 view .LVU43
 265 005e D4E7     		b	.L14
 266              	.L17:
 267              		.align	2
 268              	.L16:
 269 0060 00000000 		.word	.LC9
 270 0064 00000000 		.word	featureQueue
 271 0068 14000000 		.word	.LC10
 272              		.cfi_endproc
 273              	.LFE77:
 275              		.section	.text.vApplicationGetIdleTaskMemory,"ax",%progbits
 276              		.align	1
 277              		.global	vApplicationGetIdleTaskMemory
 278              		.syntax unified
 279              		.thumb
 280              		.thumb_func
 282              	vApplicationGetIdleTaskMemory:
 283              	.LVL29:
 284              	.LFB73:
  91:Core/Src/freertos.c ****   *ppxIdleTaskTCBBuffer = &xIdleTaskTCBBuffer;
 285              		.loc 1 91 1 view -0
 286              		.cfi_startproc
 287              		@ args = 0, pretend = 0, frame = 0
 288              		@ frame_needed = 0, uses_anonymous_args = 0
 289              		@ link register save eliminated.
  92:Core/Src/freertos.c ****   *ppxIdleTaskStackBuffer = &xIdleStack[0];
 290              		.loc 1 92 3 view .LVU45
  92:Core/Src/freertos.c ****   *ppxIdleTaskStackBuffer = &xIdleStack[0];
 291              		.loc 1 92 25 is_stmt 0 view .LVU46
 292 0000 034B     		ldr	r3, .L19
 293 0002 0360     		str	r3, [r0]
  93:Core/Src/freertos.c ****   *pulIdleTaskStackSize = configMINIMAL_STACK_SIZE;
 294              		.loc 1 93 3 is_stmt 1 view .LVU47
  93:Core/Src/freertos.c ****   *pulIdleTaskStackSize = configMINIMAL_STACK_SIZE;
 295              		.loc 1 93 27 is_stmt 0 view .LVU48
 296 0004 034B     		ldr	r3, .L19+4
 297 0006 0B60     		str	r3, [r1]
  94:Core/Src/freertos.c ****   /* place for user code */
 298              		.loc 1 94 3 is_stmt 1 view .LVU49
  94:Core/Src/freertos.c ****   /* place for user code */
 299              		.loc 1 94 25 is_stmt 0 view .LVU50
ARM GAS  /tmp/cc4bZUTn.s 			page 11


 300 0008 8023     		movs	r3, #128
 301 000a 1360     		str	r3, [r2]
  96:Core/Src/freertos.c **** /* USER CODE END GET_IDLE_TASK_MEMORY */
 302              		.loc 1 96 1 view .LVU51
 303 000c 7047     		bx	lr
 304              	.L20:
 305 000e 00BF     		.align	2
 306              	.L19:
 307 0010 00000000 		.word	xIdleTaskTCBBuffer
 308 0014 00000000 		.word	xIdleStack
 309              		.cfi_endproc
 310              	.LFE73:
 312              		.section	.text.MX_FREERTOS_Init,"ax",%progbits
 313              		.align	1
 314              		.global	MX_FREERTOS_Init
 315              		.syntax unified
 316              		.thumb
 317              		.thumb_func
 319              	MX_FREERTOS_Init:
 320              	.LFB74:
 104:Core/Src/freertos.c ****   /* USER CODE BEGIN Init */
 321              		.loc 1 104 29 is_stmt 1 view -0
 322              		.cfi_startproc
 323              		@ args = 0, pretend = 0, frame = 88
 324              		@ frame_needed = 0, uses_anonymous_args = 0
 325 0000 10B5     		push	{r4, lr}
 326              	.LCFI5:
 327              		.cfi_def_cfa_offset 8
 328              		.cfi_offset 4, -8
 329              		.cfi_offset 14, -4
 330 0002 96B0     		sub	sp, sp, #88
 331              	.LCFI6:
 332              		.cfi_def_cfa_offset 96
 128:Core/Src/freertos.c ****   featureQueue = xQueueCreate(2, sizeof(vib_features_t));
 333              		.loc 1 128 3 view .LVU53
 128:Core/Src/freertos.c ****   featureQueue = xQueueCreate(2, sizeof(vib_features_t));
 334              		.loc 1 128 16 is_stmt 0 view .LVU54
 335 0004 0022     		movs	r2, #0
 336 0006 4FF44071 		mov	r1, #768
 337 000a 0220     		movs	r0, #2
 338 000c FFF7FEFF 		bl	xQueueGenericCreate
 339              	.LVL30:
 128:Core/Src/freertos.c ****   featureQueue = xQueueCreate(2, sizeof(vib_features_t));
 340              		.loc 1 128 14 discriminator 1 view .LVU55
 341 0010 2B4C     		ldr	r4, .L29
 342 0012 2060     		str	r0, [r4]
 129:Core/Src/freertos.c **** 
 343              		.loc 1 129 3 is_stmt 1 view .LVU56
 129:Core/Src/freertos.c **** 
 344              		.loc 1 129 18 is_stmt 0 view .LVU57
 345 0014 0022     		movs	r2, #0
 346 0016 0C21     		movs	r1, #12
 347 0018 0220     		movs	r0, #2
 348 001a FFF7FEFF 		bl	xQueueGenericCreate
 349              	.LVL31:
 129:Core/Src/freertos.c **** 
 350              		.loc 1 129 16 discriminator 1 view .LVU58
ARM GAS  /tmp/cc4bZUTn.s 			page 12


 351 001e 294B     		ldr	r3, .L29+4
 352 0020 1860     		str	r0, [r3]
 131:Core/Src/freertos.c ****   configASSERT(featureQueue);
 353              		.loc 1 131 3 is_stmt 1 view .LVU59
 354 0022 2368     		ldr	r3, [r4]
 355 0024 002B     		cmp	r3, #0
 356 0026 39D0     		beq	.L27
 131:Core/Src/freertos.c ****   configASSERT(featureQueue);
 357              		.loc 1 131 27 discriminator 2 view .LVU60
 132:Core/Src/freertos.c ****   /* USER CODE END RTOS_QUEUES */
 358              		.loc 1 132 3 view .LVU61
 359 0028 0028     		cmp	r0, #0
 360 002a 40D0     		beq	.L28
 132:Core/Src/freertos.c ****   /* USER CODE END RTOS_QUEUES */
 361              		.loc 1 132 29 discriminator 2 view .LVU62
 139:Core/Src/freertos.c ****  accelTaskHandle = osThreadCreate(osThread(accelTask), NULL);
 362              		.loc 1 139 2 view .LVU63
 363 002c 264C     		ldr	r4, .L29+8
 364 002e 0DF13C0C 		add	ip, sp, #60
 365 0032 A646     		mov	lr, r4
 366 0034 BEE80F00 		ldmia	lr!, {r0, r1, r2, r3}
 367 0038 ACE80F00 		stmia	ip!, {r0, r1, r2, r3}
 368 003c 9EE80700 		ldm	lr, {r0, r1, r2}
 369 0040 8CE80700 		stm	ip, {r0, r1, r2}
 140:Core/Src/freertos.c **** 
 370              		.loc 1 140 2 view .LVU64
 140:Core/Src/freertos.c **** 
 371              		.loc 1 140 20 is_stmt 0 view .LVU65
 372 0044 0021     		movs	r1, #0
 373 0046 0FA8     		add	r0, sp, #60
 374 0048 FFF7FEFF 		bl	osThreadCreate
 375              	.LVL32:
 140:Core/Src/freertos.c **** 
 376              		.loc 1 140 18 discriminator 1 view .LVU66
 377 004c 1F4B     		ldr	r3, .L29+12
 378 004e 1860     		str	r0, [r3]
 142:Core/Src/freertos.c ****  featureTaskHandle = osThreadCreate(osThread(featureTask), NULL);
 379              		.loc 1 142 2 is_stmt 1 view .LVU67
 380 0050 0DF1200C 		add	ip, sp, #32
 381 0054 04F11C0E 		add	lr, r4, #28
 382 0058 BEE80F00 		ldmia	lr!, {r0, r1, r2, r3}
 383 005c ACE80F00 		stmia	ip!, {r0, r1, r2, r3}
 384 0060 9EE80700 		ldm	lr, {r0, r1, r2}
 385 0064 8CE80700 		stm	ip, {r0, r1, r2}
 143:Core/Src/freertos.c **** 
 386              		.loc 1 143 2 view .LVU68
 143:Core/Src/freertos.c **** 
 387              		.loc 1 143 22 is_stmt 0 view .LVU69
 388 0068 0021     		movs	r1, #0
 389 006a 08A8     		add	r0, sp, #32
 390 006c FFF7FEFF 		bl	osThreadCreate
 391              	.LVL33:
 143:Core/Src/freertos.c **** 
 392              		.loc 1 143 20 discriminator 1 view .LVU70
 393 0070 174B     		ldr	r3, .L29+16
 394 0072 1860     		str	r0, [r3]
 145:Core/Src/freertos.c ****  canTaskHandle = osThreadCreate(osThread(canTask), NULL);
ARM GAS  /tmp/cc4bZUTn.s 			page 13


 395              		.loc 1 145 2 is_stmt 1 view .LVU71
 396 0074 0DF1040E 		add	lr, sp, #4
 397 0078 04F1380C 		add	ip, r4, #56
 398 007c BCE80F00 		ldmia	ip!, {r0, r1, r2, r3}
 399 0080 AEE80F00 		stmia	lr!, {r0, r1, r2, r3}
 400 0084 9CE80700 		ldm	ip, {r0, r1, r2}
 401 0088 8EE80700 		stm	lr, {r0, r1, r2}
 146:Core/Src/freertos.c ****   /* USER CODE END RTOS_THREADS */
 402              		.loc 1 146 2 view .LVU72
 146:Core/Src/freertos.c ****   /* USER CODE END RTOS_THREADS */
 403              		.loc 1 146 18 is_stmt 0 view .LVU73
 404 008c 0021     		movs	r1, #0
 405 008e 01A8     		add	r0, sp, #4
 406 0090 FFF7FEFF 		bl	osThreadCreate
 407              	.LVL34:
 146:Core/Src/freertos.c ****   /* USER CODE END RTOS_THREADS */
 408              		.loc 1 146 16 discriminator 1 view .LVU74
 409 0094 0F4B     		ldr	r3, .L29+20
 410 0096 1860     		str	r0, [r3]
 149:Core/Src/freertos.c **** 
 411              		.loc 1 149 1 view .LVU75
 412 0098 16B0     		add	sp, sp, #88
 413              	.LCFI7:
 414              		.cfi_remember_state
 415              		.cfi_def_cfa_offset 8
 416              		@ sp needed
 417 009a 10BD     		pop	{r4, pc}
 418              	.L27:
 419              	.LCFI8:
 420              		.cfi_restore_state
 131:Core/Src/freertos.c ****   configASSERT(featureQueue);
 421              		.loc 1 131 3 is_stmt 1 discriminator 1 view .LVU76
 422              	.LBB6:
 423              	.LBI6:
 424              		.file 2 "Middlewares/Third_Party/FreeRTOS/Source/portable/GCC/ARM_CM3/portmacro.h"
   1:Middlewares/Third_Party/FreeRTOS/Source/portable/GCC/ARM_CM3/portmacro.h **** /*
   2:Middlewares/Third_Party/FreeRTOS/Source/portable/GCC/ARM_CM3/portmacro.h ****  * FreeRTOS Kernel V10.3.1
   3:Middlewares/Third_Party/FreeRTOS/Source/portable/GCC/ARM_CM3/portmacro.h ****  * Copyright (C) 2020 Amazon.com, Inc. or its affiliates.  All Rights Reserved.
   4:Middlewares/Third_Party/FreeRTOS/Source/portable/GCC/ARM_CM3/portmacro.h ****  *
   5:Middlewares/Third_Party/FreeRTOS/Source/portable/GCC/ARM_CM3/portmacro.h ****  * Permission is hereby granted, free of charge, to any person obtaining a copy of
   6:Middlewares/Third_Party/FreeRTOS/Source/portable/GCC/ARM_CM3/portmacro.h ****  * this software and associated documentation files (the "Software"), to deal in
   7:Middlewares/Third_Party/FreeRTOS/Source/portable/GCC/ARM_CM3/portmacro.h ****  * the Software without restriction, including without limitation the rights to
   8:Middlewares/Third_Party/FreeRTOS/Source/portable/GCC/ARM_CM3/portmacro.h ****  * use, copy, modify, merge, publish, distribute, sublicense, and/or sell copies of
   9:Middlewares/Third_Party/FreeRTOS/Source/portable/GCC/ARM_CM3/portmacro.h ****  * the Software, and to permit persons to whom the Software is furnished to do so,
  10:Middlewares/Third_Party/FreeRTOS/Source/portable/GCC/ARM_CM3/portmacro.h ****  * subject to the following conditions:
  11:Middlewares/Third_Party/FreeRTOS/Source/portable/GCC/ARM_CM3/portmacro.h ****  *
  12:Middlewares/Third_Party/FreeRTOS/Source/portable/GCC/ARM_CM3/portmacro.h ****  * The above copyright notice and this permission notice shall be included in all
  13:Middlewares/Third_Party/FreeRTOS/Source/portable/GCC/ARM_CM3/portmacro.h ****  * copies or substantial portions of the Software.
  14:Middlewares/Third_Party/FreeRTOS/Source/portable/GCC/ARM_CM3/portmacro.h ****  *
  15:Middlewares/Third_Party/FreeRTOS/Source/portable/GCC/ARM_CM3/portmacro.h ****  * THE SOFTWARE IS PROVIDED "AS IS", WITHOUT WARRANTY OF ANY KIND, EXPRESS OR
  16:Middlewares/Third_Party/FreeRTOS/Source/portable/GCC/ARM_CM3/portmacro.h ****  * IMPLIED, INCLUDING BUT NOT LIMITED TO THE WARRANTIES OF MERCHANTABILITY, FITNESS
  17:Middlewares/Third_Party/FreeRTOS/Source/portable/GCC/ARM_CM3/portmacro.h ****  * FOR A PARTICULAR PURPOSE AND NONINFRINGEMENT. IN NO EVENT SHALL THE AUTHORS OR
  18:Middlewares/Third_Party/FreeRTOS/Source/portable/GCC/ARM_CM3/portmacro.h ****  * COPYRIGHT HOLDERS BE LIABLE FOR ANY CLAIM, DAMAGES OR OTHER LIABILITY, WHETHER
  19:Middlewares/Third_Party/FreeRTOS/Source/portable/GCC/ARM_CM3/portmacro.h ****  * IN AN ACTION OF CONTRACT, TORT OR OTHERWISE, ARISING FROM, OUT OF OR IN
  20:Middlewares/Third_Party/FreeRTOS/Source/portable/GCC/ARM_CM3/portmacro.h ****  * CONNECTION WITH THE SOFTWARE OR THE USE OR OTHER DEALINGS IN THE SOFTWARE.
  21:Middlewares/Third_Party/FreeRTOS/Source/portable/GCC/ARM_CM3/portmacro.h ****  *
  22:Middlewares/Third_Party/FreeRTOS/Source/portable/GCC/ARM_CM3/portmacro.h ****  * http://www.FreeRTOS.org
ARM GAS  /tmp/cc4bZUTn.s 			page 14


  23:Middlewares/Third_Party/FreeRTOS/Source/portable/GCC/ARM_CM3/portmacro.h ****  * http://aws.amazon.com/freertos
  24:Middlewares/Third_Party/FreeRTOS/Source/portable/GCC/ARM_CM3/portmacro.h ****  *
  25:Middlewares/Third_Party/FreeRTOS/Source/portable/GCC/ARM_CM3/portmacro.h ****  * 1 tab == 4 spaces!
  26:Middlewares/Third_Party/FreeRTOS/Source/portable/GCC/ARM_CM3/portmacro.h ****  */
  27:Middlewares/Third_Party/FreeRTOS/Source/portable/GCC/ARM_CM3/portmacro.h **** 
  28:Middlewares/Third_Party/FreeRTOS/Source/portable/GCC/ARM_CM3/portmacro.h **** 
  29:Middlewares/Third_Party/FreeRTOS/Source/portable/GCC/ARM_CM3/portmacro.h **** #ifndef PORTMACRO_H
  30:Middlewares/Third_Party/FreeRTOS/Source/portable/GCC/ARM_CM3/portmacro.h **** #define PORTMACRO_H
  31:Middlewares/Third_Party/FreeRTOS/Source/portable/GCC/ARM_CM3/portmacro.h **** 
  32:Middlewares/Third_Party/FreeRTOS/Source/portable/GCC/ARM_CM3/portmacro.h **** #ifdef __cplusplus
  33:Middlewares/Third_Party/FreeRTOS/Source/portable/GCC/ARM_CM3/portmacro.h **** extern "C" {
  34:Middlewares/Third_Party/FreeRTOS/Source/portable/GCC/ARM_CM3/portmacro.h **** #endif
  35:Middlewares/Third_Party/FreeRTOS/Source/portable/GCC/ARM_CM3/portmacro.h **** 
  36:Middlewares/Third_Party/FreeRTOS/Source/portable/GCC/ARM_CM3/portmacro.h **** /*-----------------------------------------------------------
  37:Middlewares/Third_Party/FreeRTOS/Source/portable/GCC/ARM_CM3/portmacro.h ****  * Port specific definitions.
  38:Middlewares/Third_Party/FreeRTOS/Source/portable/GCC/ARM_CM3/portmacro.h ****  *
  39:Middlewares/Third_Party/FreeRTOS/Source/portable/GCC/ARM_CM3/portmacro.h ****  * The settings in this file configure FreeRTOS correctly for the
  40:Middlewares/Third_Party/FreeRTOS/Source/portable/GCC/ARM_CM3/portmacro.h ****  * given hardware and compiler.
  41:Middlewares/Third_Party/FreeRTOS/Source/portable/GCC/ARM_CM3/portmacro.h ****  *
  42:Middlewares/Third_Party/FreeRTOS/Source/portable/GCC/ARM_CM3/portmacro.h ****  * These settings should not be altered.
  43:Middlewares/Third_Party/FreeRTOS/Source/portable/GCC/ARM_CM3/portmacro.h ****  *-----------------------------------------------------------
  44:Middlewares/Third_Party/FreeRTOS/Source/portable/GCC/ARM_CM3/portmacro.h ****  */
  45:Middlewares/Third_Party/FreeRTOS/Source/portable/GCC/ARM_CM3/portmacro.h **** 
  46:Middlewares/Third_Party/FreeRTOS/Source/portable/GCC/ARM_CM3/portmacro.h **** /* Type definitions. */
  47:Middlewares/Third_Party/FreeRTOS/Source/portable/GCC/ARM_CM3/portmacro.h **** #define portCHAR		char
  48:Middlewares/Third_Party/FreeRTOS/Source/portable/GCC/ARM_CM3/portmacro.h **** #define portFLOAT		float
  49:Middlewares/Third_Party/FreeRTOS/Source/portable/GCC/ARM_CM3/portmacro.h **** #define portDOUBLE		double
  50:Middlewares/Third_Party/FreeRTOS/Source/portable/GCC/ARM_CM3/portmacro.h **** #define portLONG		long
  51:Middlewares/Third_Party/FreeRTOS/Source/portable/GCC/ARM_CM3/portmacro.h **** #define portSHORT		short
  52:Middlewares/Third_Party/FreeRTOS/Source/portable/GCC/ARM_CM3/portmacro.h **** #define portSTACK_TYPE	uint32_t
  53:Middlewares/Third_Party/FreeRTOS/Source/portable/GCC/ARM_CM3/portmacro.h **** #define portBASE_TYPE	long
  54:Middlewares/Third_Party/FreeRTOS/Source/portable/GCC/ARM_CM3/portmacro.h **** 
  55:Middlewares/Third_Party/FreeRTOS/Source/portable/GCC/ARM_CM3/portmacro.h **** typedef portSTACK_TYPE StackType_t;
  56:Middlewares/Third_Party/FreeRTOS/Source/portable/GCC/ARM_CM3/portmacro.h **** typedef long BaseType_t;
  57:Middlewares/Third_Party/FreeRTOS/Source/portable/GCC/ARM_CM3/portmacro.h **** typedef unsigned long UBaseType_t;
  58:Middlewares/Third_Party/FreeRTOS/Source/portable/GCC/ARM_CM3/portmacro.h **** 
  59:Middlewares/Third_Party/FreeRTOS/Source/portable/GCC/ARM_CM3/portmacro.h **** #if( configUSE_16_BIT_TICKS == 1 )
  60:Middlewares/Third_Party/FreeRTOS/Source/portable/GCC/ARM_CM3/portmacro.h **** 	typedef uint16_t TickType_t;
  61:Middlewares/Third_Party/FreeRTOS/Source/portable/GCC/ARM_CM3/portmacro.h **** 	#define portMAX_DELAY ( TickType_t ) 0xffff
  62:Middlewares/Third_Party/FreeRTOS/Source/portable/GCC/ARM_CM3/portmacro.h **** #else
  63:Middlewares/Third_Party/FreeRTOS/Source/portable/GCC/ARM_CM3/portmacro.h **** 	typedef uint32_t TickType_t;
  64:Middlewares/Third_Party/FreeRTOS/Source/portable/GCC/ARM_CM3/portmacro.h **** 	#define portMAX_DELAY ( TickType_t ) 0xffffffffUL
  65:Middlewares/Third_Party/FreeRTOS/Source/portable/GCC/ARM_CM3/portmacro.h **** 
  66:Middlewares/Third_Party/FreeRTOS/Source/portable/GCC/ARM_CM3/portmacro.h **** 	/* 32-bit tick type on a 32-bit architecture, so reads of the tick count do
  67:Middlewares/Third_Party/FreeRTOS/Source/portable/GCC/ARM_CM3/portmacro.h **** 	not need to be guarded with a critical section. */
  68:Middlewares/Third_Party/FreeRTOS/Source/portable/GCC/ARM_CM3/portmacro.h **** 	#define portTICK_TYPE_IS_ATOMIC 1
  69:Middlewares/Third_Party/FreeRTOS/Source/portable/GCC/ARM_CM3/portmacro.h **** #endif
  70:Middlewares/Third_Party/FreeRTOS/Source/portable/GCC/ARM_CM3/portmacro.h **** /*-----------------------------------------------------------*/
  71:Middlewares/Third_Party/FreeRTOS/Source/portable/GCC/ARM_CM3/portmacro.h **** 
  72:Middlewares/Third_Party/FreeRTOS/Source/portable/GCC/ARM_CM3/portmacro.h **** /* Architecture specifics. */
  73:Middlewares/Third_Party/FreeRTOS/Source/portable/GCC/ARM_CM3/portmacro.h **** #define portSTACK_GROWTH			( -1 )
  74:Middlewares/Third_Party/FreeRTOS/Source/portable/GCC/ARM_CM3/portmacro.h **** #define portTICK_PERIOD_MS			( ( TickType_t ) 1000 / configTICK_RATE_HZ )
  75:Middlewares/Third_Party/FreeRTOS/Source/portable/GCC/ARM_CM3/portmacro.h **** #define portBYTE_ALIGNMENT			8
  76:Middlewares/Third_Party/FreeRTOS/Source/portable/GCC/ARM_CM3/portmacro.h **** /*-----------------------------------------------------------*/
  77:Middlewares/Third_Party/FreeRTOS/Source/portable/GCC/ARM_CM3/portmacro.h **** 
  78:Middlewares/Third_Party/FreeRTOS/Source/portable/GCC/ARM_CM3/portmacro.h **** /* Scheduler utilities. */
  79:Middlewares/Third_Party/FreeRTOS/Source/portable/GCC/ARM_CM3/portmacro.h **** #define portYIELD() 															\
ARM GAS  /tmp/cc4bZUTn.s 			page 15


  80:Middlewares/Third_Party/FreeRTOS/Source/portable/GCC/ARM_CM3/portmacro.h **** {																				\
  81:Middlewares/Third_Party/FreeRTOS/Source/portable/GCC/ARM_CM3/portmacro.h **** 	/* Set a PendSV to request a context switch. */								\
  82:Middlewares/Third_Party/FreeRTOS/Source/portable/GCC/ARM_CM3/portmacro.h **** 	portNVIC_INT_CTRL_REG = portNVIC_PENDSVSET_BIT;								\
  83:Middlewares/Third_Party/FreeRTOS/Source/portable/GCC/ARM_CM3/portmacro.h **** 																				\
  84:Middlewares/Third_Party/FreeRTOS/Source/portable/GCC/ARM_CM3/portmacro.h **** 	/* Barriers are normally not required but do ensure the code is completely	\
  85:Middlewares/Third_Party/FreeRTOS/Source/portable/GCC/ARM_CM3/portmacro.h **** 	within the specified behaviour for the architecture. */						\
  86:Middlewares/Third_Party/FreeRTOS/Source/portable/GCC/ARM_CM3/portmacro.h **** 	__asm volatile( "dsb" ::: "memory" );										\
  87:Middlewares/Third_Party/FreeRTOS/Source/portable/GCC/ARM_CM3/portmacro.h **** 	__asm volatile( "isb" );													\
  88:Middlewares/Third_Party/FreeRTOS/Source/portable/GCC/ARM_CM3/portmacro.h **** }
  89:Middlewares/Third_Party/FreeRTOS/Source/portable/GCC/ARM_CM3/portmacro.h **** 
  90:Middlewares/Third_Party/FreeRTOS/Source/portable/GCC/ARM_CM3/portmacro.h **** #define portNVIC_INT_CTRL_REG		( * ( ( volatile uint32_t * ) 0xe000ed04 ) )
  91:Middlewares/Third_Party/FreeRTOS/Source/portable/GCC/ARM_CM3/portmacro.h **** #define portNVIC_PENDSVSET_BIT		( 1UL << 28UL )
  92:Middlewares/Third_Party/FreeRTOS/Source/portable/GCC/ARM_CM3/portmacro.h **** #define portEND_SWITCHING_ISR( xSwitchRequired ) if( xSwitchRequired != pdFALSE ) portYIELD()
  93:Middlewares/Third_Party/FreeRTOS/Source/portable/GCC/ARM_CM3/portmacro.h **** #define portYIELD_FROM_ISR( x ) portEND_SWITCHING_ISR( x )
  94:Middlewares/Third_Party/FreeRTOS/Source/portable/GCC/ARM_CM3/portmacro.h **** /*-----------------------------------------------------------*/
  95:Middlewares/Third_Party/FreeRTOS/Source/portable/GCC/ARM_CM3/portmacro.h **** 
  96:Middlewares/Third_Party/FreeRTOS/Source/portable/GCC/ARM_CM3/portmacro.h **** /* Critical section management. */
  97:Middlewares/Third_Party/FreeRTOS/Source/portable/GCC/ARM_CM3/portmacro.h **** extern void vPortEnterCritical( void );
  98:Middlewares/Third_Party/FreeRTOS/Source/portable/GCC/ARM_CM3/portmacro.h **** extern void vPortExitCritical( void );
  99:Middlewares/Third_Party/FreeRTOS/Source/portable/GCC/ARM_CM3/portmacro.h **** #define portSET_INTERRUPT_MASK_FROM_ISR()		ulPortRaiseBASEPRI()
 100:Middlewares/Third_Party/FreeRTOS/Source/portable/GCC/ARM_CM3/portmacro.h **** #define portCLEAR_INTERRUPT_MASK_FROM_ISR(x)	vPortSetBASEPRI(x)
 101:Middlewares/Third_Party/FreeRTOS/Source/portable/GCC/ARM_CM3/portmacro.h **** #define portDISABLE_INTERRUPTS()				vPortRaiseBASEPRI()
 102:Middlewares/Third_Party/FreeRTOS/Source/portable/GCC/ARM_CM3/portmacro.h **** #define portENABLE_INTERRUPTS()					vPortSetBASEPRI(0)
 103:Middlewares/Third_Party/FreeRTOS/Source/portable/GCC/ARM_CM3/portmacro.h **** #define portENTER_CRITICAL()					vPortEnterCritical()
 104:Middlewares/Third_Party/FreeRTOS/Source/portable/GCC/ARM_CM3/portmacro.h **** #define portEXIT_CRITICAL()						vPortExitCritical()
 105:Middlewares/Third_Party/FreeRTOS/Source/portable/GCC/ARM_CM3/portmacro.h **** 
 106:Middlewares/Third_Party/FreeRTOS/Source/portable/GCC/ARM_CM3/portmacro.h **** /*-----------------------------------------------------------*/
 107:Middlewares/Third_Party/FreeRTOS/Source/portable/GCC/ARM_CM3/portmacro.h **** 
 108:Middlewares/Third_Party/FreeRTOS/Source/portable/GCC/ARM_CM3/portmacro.h **** /* Task function macros as described on the FreeRTOS.org WEB site.  These are
 109:Middlewares/Third_Party/FreeRTOS/Source/portable/GCC/ARM_CM3/portmacro.h **** not necessary for to use this port.  They are defined so the common demo files
 110:Middlewares/Third_Party/FreeRTOS/Source/portable/GCC/ARM_CM3/portmacro.h **** (which build with all the ports) will build. */
 111:Middlewares/Third_Party/FreeRTOS/Source/portable/GCC/ARM_CM3/portmacro.h **** #define portTASK_FUNCTION_PROTO( vFunction, pvParameters ) void vFunction( void *pvParameters )
 112:Middlewares/Third_Party/FreeRTOS/Source/portable/GCC/ARM_CM3/portmacro.h **** #define portTASK_FUNCTION( vFunction, pvParameters ) void vFunction( void *pvParameters )
 113:Middlewares/Third_Party/FreeRTOS/Source/portable/GCC/ARM_CM3/portmacro.h **** /*-----------------------------------------------------------*/
 114:Middlewares/Third_Party/FreeRTOS/Source/portable/GCC/ARM_CM3/portmacro.h **** 
 115:Middlewares/Third_Party/FreeRTOS/Source/portable/GCC/ARM_CM3/portmacro.h **** /* Tickless idle/low power functionality. */
 116:Middlewares/Third_Party/FreeRTOS/Source/portable/GCC/ARM_CM3/portmacro.h **** #ifndef portSUPPRESS_TICKS_AND_SLEEP
 117:Middlewares/Third_Party/FreeRTOS/Source/portable/GCC/ARM_CM3/portmacro.h **** 	extern void vPortSuppressTicksAndSleep( TickType_t xExpectedIdleTime );
 118:Middlewares/Third_Party/FreeRTOS/Source/portable/GCC/ARM_CM3/portmacro.h **** 	#define portSUPPRESS_TICKS_AND_SLEEP( xExpectedIdleTime ) vPortSuppressTicksAndSleep( xExpectedIdl
 119:Middlewares/Third_Party/FreeRTOS/Source/portable/GCC/ARM_CM3/portmacro.h **** #endif
 120:Middlewares/Third_Party/FreeRTOS/Source/portable/GCC/ARM_CM3/portmacro.h **** /*-----------------------------------------------------------*/
 121:Middlewares/Third_Party/FreeRTOS/Source/portable/GCC/ARM_CM3/portmacro.h **** 
 122:Middlewares/Third_Party/FreeRTOS/Source/portable/GCC/ARM_CM3/portmacro.h **** /* Architecture specific optimisations. */
 123:Middlewares/Third_Party/FreeRTOS/Source/portable/GCC/ARM_CM3/portmacro.h **** #ifndef configUSE_PORT_OPTIMISED_TASK_SELECTION
 124:Middlewares/Third_Party/FreeRTOS/Source/portable/GCC/ARM_CM3/portmacro.h **** 	#define configUSE_PORT_OPTIMISED_TASK_SELECTION 1
 125:Middlewares/Third_Party/FreeRTOS/Source/portable/GCC/ARM_CM3/portmacro.h **** #endif
 126:Middlewares/Third_Party/FreeRTOS/Source/portable/GCC/ARM_CM3/portmacro.h **** 
 127:Middlewares/Third_Party/FreeRTOS/Source/portable/GCC/ARM_CM3/portmacro.h **** #if configUSE_PORT_OPTIMISED_TASK_SELECTION == 1
 128:Middlewares/Third_Party/FreeRTOS/Source/portable/GCC/ARM_CM3/portmacro.h **** 
 129:Middlewares/Third_Party/FreeRTOS/Source/portable/GCC/ARM_CM3/portmacro.h **** 	/* Generic helper function. */
 130:Middlewares/Third_Party/FreeRTOS/Source/portable/GCC/ARM_CM3/portmacro.h **** 	__attribute__( ( always_inline ) ) static inline uint8_t ucPortCountLeadingZeros( uint32_t ulBitma
 131:Middlewares/Third_Party/FreeRTOS/Source/portable/GCC/ARM_CM3/portmacro.h **** 	{
 132:Middlewares/Third_Party/FreeRTOS/Source/portable/GCC/ARM_CM3/portmacro.h **** 	uint8_t ucReturn;
 133:Middlewares/Third_Party/FreeRTOS/Source/portable/GCC/ARM_CM3/portmacro.h **** 
 134:Middlewares/Third_Party/FreeRTOS/Source/portable/GCC/ARM_CM3/portmacro.h **** 		__asm volatile ( "clz %0, %1" : "=r" ( ucReturn ) : "r" ( ulBitmap ) : "memory" );
 135:Middlewares/Third_Party/FreeRTOS/Source/portable/GCC/ARM_CM3/portmacro.h **** 		return ucReturn;
 136:Middlewares/Third_Party/FreeRTOS/Source/portable/GCC/ARM_CM3/portmacro.h **** 	}
ARM GAS  /tmp/cc4bZUTn.s 			page 16


 137:Middlewares/Third_Party/FreeRTOS/Source/portable/GCC/ARM_CM3/portmacro.h **** 
 138:Middlewares/Third_Party/FreeRTOS/Source/portable/GCC/ARM_CM3/portmacro.h **** 	/* Check the configuration. */
 139:Middlewares/Third_Party/FreeRTOS/Source/portable/GCC/ARM_CM3/portmacro.h **** 	#if( configMAX_PRIORITIES > 32 )
 140:Middlewares/Third_Party/FreeRTOS/Source/portable/GCC/ARM_CM3/portmacro.h **** 		#error configUSE_PORT_OPTIMISED_TASK_SELECTION can only be set to 1 when configMAX_PRIORITIES is 
 141:Middlewares/Third_Party/FreeRTOS/Source/portable/GCC/ARM_CM3/portmacro.h **** 	#endif
 142:Middlewares/Third_Party/FreeRTOS/Source/portable/GCC/ARM_CM3/portmacro.h **** 
 143:Middlewares/Third_Party/FreeRTOS/Source/portable/GCC/ARM_CM3/portmacro.h **** 	/* Store/clear the ready priorities in a bit map. */
 144:Middlewares/Third_Party/FreeRTOS/Source/portable/GCC/ARM_CM3/portmacro.h **** 	#define portRECORD_READY_PRIORITY( uxPriority, uxReadyPriorities ) ( uxReadyPriorities ) |= ( 1UL 
 145:Middlewares/Third_Party/FreeRTOS/Source/portable/GCC/ARM_CM3/portmacro.h **** 	#define portRESET_READY_PRIORITY( uxPriority, uxReadyPriorities ) ( uxReadyPriorities ) &= ~( 1UL 
 146:Middlewares/Third_Party/FreeRTOS/Source/portable/GCC/ARM_CM3/portmacro.h **** 
 147:Middlewares/Third_Party/FreeRTOS/Source/portable/GCC/ARM_CM3/portmacro.h **** 	/*-----------------------------------------------------------*/
 148:Middlewares/Third_Party/FreeRTOS/Source/portable/GCC/ARM_CM3/portmacro.h **** 
 149:Middlewares/Third_Party/FreeRTOS/Source/portable/GCC/ARM_CM3/portmacro.h **** 	#define portGET_HIGHEST_PRIORITY( uxTopPriority, uxReadyPriorities ) uxTopPriority = ( 31UL - ( ui
 150:Middlewares/Third_Party/FreeRTOS/Source/portable/GCC/ARM_CM3/portmacro.h **** 
 151:Middlewares/Third_Party/FreeRTOS/Source/portable/GCC/ARM_CM3/portmacro.h **** #endif /* configUSE_PORT_OPTIMISED_TASK_SELECTION */
 152:Middlewares/Third_Party/FreeRTOS/Source/portable/GCC/ARM_CM3/portmacro.h **** 
 153:Middlewares/Third_Party/FreeRTOS/Source/portable/GCC/ARM_CM3/portmacro.h **** /*-----------------------------------------------------------*/
 154:Middlewares/Third_Party/FreeRTOS/Source/portable/GCC/ARM_CM3/portmacro.h **** 
 155:Middlewares/Third_Party/FreeRTOS/Source/portable/GCC/ARM_CM3/portmacro.h **** #ifdef configASSERT
 156:Middlewares/Third_Party/FreeRTOS/Source/portable/GCC/ARM_CM3/portmacro.h **** 	void vPortValidateInterruptPriority( void );
 157:Middlewares/Third_Party/FreeRTOS/Source/portable/GCC/ARM_CM3/portmacro.h **** 	#define portASSERT_IF_INTERRUPT_PRIORITY_INVALID() 	vPortValidateInterruptPriority()
 158:Middlewares/Third_Party/FreeRTOS/Source/portable/GCC/ARM_CM3/portmacro.h **** #endif
 159:Middlewares/Third_Party/FreeRTOS/Source/portable/GCC/ARM_CM3/portmacro.h **** 
 160:Middlewares/Third_Party/FreeRTOS/Source/portable/GCC/ARM_CM3/portmacro.h **** /* portNOP() is not required by this port. */
 161:Middlewares/Third_Party/FreeRTOS/Source/portable/GCC/ARM_CM3/portmacro.h **** #define portNOP()
 162:Middlewares/Third_Party/FreeRTOS/Source/portable/GCC/ARM_CM3/portmacro.h **** 
 163:Middlewares/Third_Party/FreeRTOS/Source/portable/GCC/ARM_CM3/portmacro.h **** #define portINLINE	__inline
 164:Middlewares/Third_Party/FreeRTOS/Source/portable/GCC/ARM_CM3/portmacro.h **** 
 165:Middlewares/Third_Party/FreeRTOS/Source/portable/GCC/ARM_CM3/portmacro.h **** #ifndef portFORCE_INLINE
 166:Middlewares/Third_Party/FreeRTOS/Source/portable/GCC/ARM_CM3/portmacro.h **** 	#define portFORCE_INLINE inline __attribute__(( always_inline))
 167:Middlewares/Third_Party/FreeRTOS/Source/portable/GCC/ARM_CM3/portmacro.h **** #endif
 168:Middlewares/Third_Party/FreeRTOS/Source/portable/GCC/ARM_CM3/portmacro.h **** 
 169:Middlewares/Third_Party/FreeRTOS/Source/portable/GCC/ARM_CM3/portmacro.h **** /*-----------------------------------------------------------*/
 170:Middlewares/Third_Party/FreeRTOS/Source/portable/GCC/ARM_CM3/portmacro.h **** 
 171:Middlewares/Third_Party/FreeRTOS/Source/portable/GCC/ARM_CM3/portmacro.h **** portFORCE_INLINE static BaseType_t xPortIsInsideInterrupt( void )
 172:Middlewares/Third_Party/FreeRTOS/Source/portable/GCC/ARM_CM3/portmacro.h **** {
 173:Middlewares/Third_Party/FreeRTOS/Source/portable/GCC/ARM_CM3/portmacro.h **** uint32_t ulCurrentInterrupt;
 174:Middlewares/Third_Party/FreeRTOS/Source/portable/GCC/ARM_CM3/portmacro.h **** BaseType_t xReturn;
 175:Middlewares/Third_Party/FreeRTOS/Source/portable/GCC/ARM_CM3/portmacro.h **** 
 176:Middlewares/Third_Party/FreeRTOS/Source/portable/GCC/ARM_CM3/portmacro.h **** 	/* Obtain the number of the currently executing interrupt. */
 177:Middlewares/Third_Party/FreeRTOS/Source/portable/GCC/ARM_CM3/portmacro.h **** 	__asm volatile( "mrs %0, ipsr" : "=r"( ulCurrentInterrupt ) :: "memory" );
 178:Middlewares/Third_Party/FreeRTOS/Source/portable/GCC/ARM_CM3/portmacro.h **** 
 179:Middlewares/Third_Party/FreeRTOS/Source/portable/GCC/ARM_CM3/portmacro.h **** 	if( ulCurrentInterrupt == 0 )
 180:Middlewares/Third_Party/FreeRTOS/Source/portable/GCC/ARM_CM3/portmacro.h **** 	{
 181:Middlewares/Third_Party/FreeRTOS/Source/portable/GCC/ARM_CM3/portmacro.h **** 		xReturn = pdFALSE;
 182:Middlewares/Third_Party/FreeRTOS/Source/portable/GCC/ARM_CM3/portmacro.h **** 	}
 183:Middlewares/Third_Party/FreeRTOS/Source/portable/GCC/ARM_CM3/portmacro.h **** 	else
 184:Middlewares/Third_Party/FreeRTOS/Source/portable/GCC/ARM_CM3/portmacro.h **** 	{
 185:Middlewares/Third_Party/FreeRTOS/Source/portable/GCC/ARM_CM3/portmacro.h **** 		xReturn = pdTRUE;
 186:Middlewares/Third_Party/FreeRTOS/Source/portable/GCC/ARM_CM3/portmacro.h **** 	}
 187:Middlewares/Third_Party/FreeRTOS/Source/portable/GCC/ARM_CM3/portmacro.h **** 
 188:Middlewares/Third_Party/FreeRTOS/Source/portable/GCC/ARM_CM3/portmacro.h **** 	return xReturn;
 189:Middlewares/Third_Party/FreeRTOS/Source/portable/GCC/ARM_CM3/portmacro.h **** }
 190:Middlewares/Third_Party/FreeRTOS/Source/portable/GCC/ARM_CM3/portmacro.h **** 
 191:Middlewares/Third_Party/FreeRTOS/Source/portable/GCC/ARM_CM3/portmacro.h **** /*-----------------------------------------------------------*/
 192:Middlewares/Third_Party/FreeRTOS/Source/portable/GCC/ARM_CM3/portmacro.h **** 
 193:Middlewares/Third_Party/FreeRTOS/Source/portable/GCC/ARM_CM3/portmacro.h **** portFORCE_INLINE static void vPortRaiseBASEPRI( void )
ARM GAS  /tmp/cc4bZUTn.s 			page 17


 425              		.loc 2 193 30 view .LVU77
 426              	.LBB7:
 194:Middlewares/Third_Party/FreeRTOS/Source/portable/GCC/ARM_CM3/portmacro.h **** {
 195:Middlewares/Third_Party/FreeRTOS/Source/portable/GCC/ARM_CM3/portmacro.h **** uint32_t ulNewBASEPRI;
 427              		.loc 2 195 1 view .LVU78
 196:Middlewares/Third_Party/FreeRTOS/Source/portable/GCC/ARM_CM3/portmacro.h **** 
 197:Middlewares/Third_Party/FreeRTOS/Source/portable/GCC/ARM_CM3/portmacro.h **** 	__asm volatile
 428              		.loc 2 197 2 view .LVU79
 429              		.syntax unified
 430              	@ 197 "Middlewares/Third_Party/FreeRTOS/Source/portable/GCC/ARM_CM3/portmacro.h" 1
 431 009c 4FF05003 			mov r3, #80												
 432 00a0 83F31188 		msr basepri, r3											
 433 00a4 BFF36F8F 		isb														
 434 00a8 BFF34F8F 		dsb														
 435              	
 436              	@ 0 "" 2
 437              		.thumb
 438              		.syntax unified
 439              	.L23:
 440              	.LBE7:
 441              	.LBE6:
 131:Core/Src/freertos.c ****   configASSERT(featureQueue);
 442              		.loc 1 131 3 discriminator 3 view .LVU80
 131:Core/Src/freertos.c ****   configASSERT(featureQueue);
 443              		.loc 1 131 3 discriminator 3 view .LVU81
 444 00ac FEE7     		b	.L23
 445              	.L28:
 132:Core/Src/freertos.c ****   /* USER CODE END RTOS_QUEUES */
 446              		.loc 1 132 3 discriminator 1 view .LVU82
 447              	.LBB8:
 448              	.LBI8:
 193:Middlewares/Third_Party/FreeRTOS/Source/portable/GCC/ARM_CM3/portmacro.h **** {
 449              		.loc 2 193 30 view .LVU83
 450              	.LBB9:
 195:Middlewares/Third_Party/FreeRTOS/Source/portable/GCC/ARM_CM3/portmacro.h **** 
 451              		.loc 2 195 1 view .LVU84
 452              		.loc 2 197 2 view .LVU85
 453              		.syntax unified
 454              	@ 197 "Middlewares/Third_Party/FreeRTOS/Source/portable/GCC/ARM_CM3/portmacro.h" 1
 455 00ae 4FF05003 			mov r3, #80												
 456 00b2 83F31188 		msr basepri, r3											
 457 00b6 BFF36F8F 		isb														
 458 00ba BFF34F8F 		dsb														
 459              	
 460              	@ 0 "" 2
 461              		.thumb
 462              		.syntax unified
 463              	.L25:
 464              	.LBE9:
 465              	.LBE8:
 132:Core/Src/freertos.c ****   /* USER CODE END RTOS_QUEUES */
 466              		.loc 1 132 3 discriminator 3 view .LVU86
 132:Core/Src/freertos.c ****   /* USER CODE END RTOS_QUEUES */
 467              		.loc 1 132 3 discriminator 3 view .LVU87
 468 00be FEE7     		b	.L25
 469              	.L30:
 470              		.align	2
ARM GAS  /tmp/cc4bZUTn.s 			page 18


 471              	.L29:
 472 00c0 00000000 		.word	accelQueue
 473 00c4 00000000 		.word	featureQueue
 474 00c8 00000000 		.word	.LANCHOR0
 475 00cc 00000000 		.word	accelTaskHandle
 476 00d0 00000000 		.word	featureTaskHandle
 477 00d4 00000000 		.word	canTaskHandle
 478              		.cfi_endproc
 479              	.LFE74:
 481              		.section	.bss.window.0,"aw",%nobits
 482              		.align	2
 485              	window.0:
 486 0000 00000000 		.space	768
 486      00000000 
 486      00000000 
 486      00000000 
 486      00000000 
 487              		.section	.rodata.str1.4,"aMS",%progbits,1
 488              		.align	2
 489              	.LC4:
 490 0000 63616E54 		.ascii	"canTask\000"
 490      61736B00 
 491              		.align	2
 492              	.LC2:
 493 0008 66656174 		.ascii	"featureTask\000"
 493      75726554 
 493      61736B00 
 494              		.align	2
 495              	.LC0:
 496 0014 61636365 		.ascii	"accelTask\000"
 496      6C546173 
 496      6B00
 497              		.section	.bss.xIdleStack,"aw",%nobits
 498              		.align	2
 501              	xIdleStack:
 502 0000 00000000 		.space	512
 502      00000000 
 502      00000000 
 502      00000000 
 502      00000000 
 503              		.section	.bss.xIdleTaskTCBBuffer,"aw",%nobits
 504              		.align	2
 507              	xIdleTaskTCBBuffer:
 508 0000 00000000 		.space	84
 508      00000000 
 508      00000000 
 508      00000000 
 508      00000000 
 509              		.global	AccelTaskHandle
 510              		.section	.bss.AccelTaskHandle,"aw",%nobits
 511              		.align	2
 514              	AccelTaskHandle:
 515 0000 00000000 		.space	4
 516              		.global	featureQueue
 517              		.section	.bss.featureQueue,"aw",%nobits
 518              		.align	2
 521              	featureQueue:
ARM GAS  /tmp/cc4bZUTn.s 			page 19


 522 0000 00000000 		.space	4
 523              		.global	accelQueue
 524              		.section	.bss.accelQueue,"aw",%nobits
 525              		.align	2
 528              	accelQueue:
 529 0000 00000000 		.space	4
 530              		.global	featureQueueHandle
 531              		.section	.bss.featureQueueHandle,"aw",%nobits
 532              		.align	2
 535              	featureQueueHandle:
 536 0000 00000000 		.space	4
 537              		.global	accelQueueHandle
 538              		.section	.bss.accelQueueHandle,"aw",%nobits
 539              		.align	2
 542              	accelQueueHandle:
 543 0000 00000000 		.space	4
 544              		.global	canTaskHandle
 545              		.section	.bss.canTaskHandle,"aw",%nobits
 546              		.align	2
 549              	canTaskHandle:
 550 0000 00000000 		.space	4
 551              		.global	featureTaskHandle
 552              		.section	.bss.featureTaskHandle,"aw",%nobits
 553              		.align	2
 556              	featureTaskHandle:
 557 0000 00000000 		.space	4
 558              		.global	accelTaskHandle
 559              		.section	.bss.accelTaskHandle,"aw",%nobits
 560              		.align	2
 563              	accelTaskHandle:
 564 0000 00000000 		.space	4
 565              		.section	.rodata
 566              		.align	2
 567              		.set	.LANCHOR0,. + 0
 568              	.LC11:
 569 0000 14000000 		.word	.LC0
 570 0004 00000000 		.word	StartAccelTask
 571 0008 0000     		.short	0
 572 000a 0000     		.space	2
 573 000c 00000000 		.word	0
 574 0010 00010000 		.word	256
 575 0014 00000000 		.word	0
 576 0018 00000000 		.word	0
 577              	.LC12:
 578 001c 08000000 		.word	.LC2
 579 0020 00000000 		.word	StartFeatureTask
 580 0024 0100     		.short	1
 581 0026 0000     		.space	2
 582 0028 00000000 		.word	0
 583 002c 00040000 		.word	1024
 584 0030 00000000 		.word	0
 585 0034 00000000 		.word	0
 586              	.LC13:
 587 0038 00000000 		.word	.LC4
 588 003c 00000000 		.word	StartCANTask
 589 0040 FEFF     		.short	-2
 590 0042 0000     		.space	2
ARM GAS  /tmp/cc4bZUTn.s 			page 20


 591 0044 00000000 		.word	0
 592 0048 00010000 		.word	256
 593 004c 00000000 		.word	0
 594 0050 00000000 		.word	0
 595              		.text
 596              	.Letext0:
 597              		.file 3 "/usr/lib/gcc/arm-none-eabi/13.2.1/include/stdint.h"
 598              		.file 4 "Middlewares/Third_Party/FreeRTOS/Source/include/FreeRTOS.h"
 599              		.file 5 "Middlewares/Third_Party/FreeRTOS/Source/include/task.h"
 600              		.file 6 "Drivers/STM32F1xx_HAL_Driver/Inc/stm32f1xx_hal_def.h"
 601              		.file 7 "Middlewares/Third_Party/FreeRTOS/Source/include/queue.h"
 602              		.file 8 "Middlewares/Third_Party/FreeRTOS/Source/CMSIS_RTOS/cmsis_os.h"
 603              		.file 9 "Core/Inc/features.h"
 604              		.file 10 "Core/Inc/can_app.h"
 605              		.file 11 "/usr/include/newlib/stdio.h"
 606              		.file 12 "Core/Inc/adxl345.h"
 607              		.file 13 "<built-in>"
ARM GAS  /tmp/cc4bZUTn.s 			page 21


DEFINED SYMBOLS
                            *ABS*:00000000 freertos.c
     /tmp/cc4bZUTn.s:19     .rodata.StartAccelTask.str1.4:00000000 $d
     /tmp/cc4bZUTn.s:26     .text.StartAccelTask:00000000 $t
     /tmp/cc4bZUTn.s:32     .text.StartAccelTask:00000000 StartAccelTask
     /tmp/cc4bZUTn.s:107    .text.StartAccelTask:00000050 $d
     /tmp/cc4bZUTn.s:485    .bss.window.0:00000000 window.0
     /tmp/cc4bZUTn.s:528    .bss.accelQueue:00000000 accelQueue
     /tmp/cc4bZUTn.s:115    .rodata.StartFeatureTask.str1.4:00000000 $d
     /tmp/cc4bZUTn.s:119    .text.StartFeatureTask:00000000 $t
     /tmp/cc4bZUTn.s:125    .text.StartFeatureTask:00000000 StartFeatureTask
     /tmp/cc4bZUTn.s:177    .text.StartFeatureTask:00000034 $d
     /tmp/cc4bZUTn.s:521    .bss.featureQueue:00000000 featureQueue
     /tmp/cc4bZUTn.s:184    .rodata.StartCANTask.str1.4:00000000 $d
     /tmp/cc4bZUTn.s:192    .text.StartCANTask:00000000 $t
     /tmp/cc4bZUTn.s:198    .text.StartCANTask:00000000 StartCANTask
     /tmp/cc4bZUTn.s:269    .text.StartCANTask:00000060 $d
     /tmp/cc4bZUTn.s:276    .text.vApplicationGetIdleTaskMemory:00000000 $t
     /tmp/cc4bZUTn.s:282    .text.vApplicationGetIdleTaskMemory:00000000 vApplicationGetIdleTaskMemory
     /tmp/cc4bZUTn.s:307    .text.vApplicationGetIdleTaskMemory:00000010 $d
     /tmp/cc4bZUTn.s:507    .bss.xIdleTaskTCBBuffer:00000000 xIdleTaskTCBBuffer
     /tmp/cc4bZUTn.s:501    .bss.xIdleStack:00000000 xIdleStack
     /tmp/cc4bZUTn.s:313    .text.MX_FREERTOS_Init:00000000 $t
     /tmp/cc4bZUTn.s:319    .text.MX_FREERTOS_Init:00000000 MX_FREERTOS_Init
     /tmp/cc4bZUTn.s:472    .text.MX_FREERTOS_Init:000000c0 $d
     /tmp/cc4bZUTn.s:563    .bss.accelTaskHandle:00000000 accelTaskHandle
     /tmp/cc4bZUTn.s:556    .bss.featureTaskHandle:00000000 featureTaskHandle
     /tmp/cc4bZUTn.s:549    .bss.canTaskHandle:00000000 canTaskHandle
     /tmp/cc4bZUTn.s:482    .bss.window.0:00000000 $d
     /tmp/cc4bZUTn.s:488    .rodata.str1.4:00000000 $d
     /tmp/cc4bZUTn.s:498    .bss.xIdleStack:00000000 $d
     /tmp/cc4bZUTn.s:504    .bss.xIdleTaskTCBBuffer:00000000 $d
     /tmp/cc4bZUTn.s:514    .bss.AccelTaskHandle:00000000 AccelTaskHandle
     /tmp/cc4bZUTn.s:511    .bss.AccelTaskHandle:00000000 $d
     /tmp/cc4bZUTn.s:518    .bss.featureQueue:00000000 $d
     /tmp/cc4bZUTn.s:525    .bss.accelQueue:00000000 $d
     /tmp/cc4bZUTn.s:535    .bss.featureQueueHandle:00000000 featureQueueHandle
     /tmp/cc4bZUTn.s:532    .bss.featureQueueHandle:00000000 $d
     /tmp/cc4bZUTn.s:542    .bss.accelQueueHandle:00000000 accelQueueHandle
     /tmp/cc4bZUTn.s:539    .bss.accelQueueHandle:00000000 $d
     /tmp/cc4bZUTn.s:546    .bss.canTaskHandle:00000000 $d
     /tmp/cc4bZUTn.s:553    .bss.featureTaskHandle:00000000 $d
     /tmp/cc4bZUTn.s:560    .bss.accelTaskHandle:00000000 $d
     /tmp/cc4bZUTn.s:566    .rodata:00000000 $d

UNDEFINED SYMBOLS
puts
xQueueGenericSend
osDelay
ADXL345_ReadXYZ
xQueueReceive
Features_ComputeRMSPeak
__aeabi_f2d
printf
CAN_SendFloat
xQueueGenericCreate
osThreadCreate
ARM GAS  /tmp/cc4bZUTn.s 			page 22


