ARM GAS  /tmp/cc8j86qm.s 			page 1


   1              		.cpu cortex-m3
   2              		.arch armv7-m
   3              		.fpu softvfp
   4              		.eabi_attribute 20, 1
   5              		.eabi_attribute 21, 1
   6              		.eabi_attribute 23, 3
   7              		.eabi_attribute 24, 1
   8              		.eabi_attribute 25, 1
   9              		.eabi_attribute 26, 1
  10              		.eabi_attribute 30, 1
  11              		.eabi_attribute 34, 1
  12              		.eabi_attribute 18, 4
  13              		.file	"main.c"
  14              		.text
  15              	.Ltext0:
  16              		.cfi_sections	.debug_frame
  17              		.file 1 "Core/Src/main.c"
  18              		.section	.text._write,"ax",%progbits
  19              		.align	1
  20              		.global	_write
  21              		.syntax unified
  22              		.thumb
  23              		.thumb_func
  25              	_write:
  26              	.LVL0:
  27              	.LFB72:
   1:Core/Src/main.c **** /* USER CODE BEGIN Header */
   2:Core/Src/main.c **** /**
   3:Core/Src/main.c ****   ******************************************************************************
   4:Core/Src/main.c ****   * @file           : main.c
   5:Core/Src/main.c ****   * @brief          : Main program body
   6:Core/Src/main.c ****   ******************************************************************************
   7:Core/Src/main.c ****   * @attention
   8:Core/Src/main.c ****   *
   9:Core/Src/main.c ****   * Copyright (c) 2026 STMicroelectronics.
  10:Core/Src/main.c ****   * All rights reserved.
  11:Core/Src/main.c ****   *
  12:Core/Src/main.c ****   * This software is licensed under terms that can be found in the LICENSE file
  13:Core/Src/main.c ****   * in the root directory of this software component.
  14:Core/Src/main.c ****   * If no LICENSE file comes with this software, it is provided AS-IS.
  15:Core/Src/main.c ****   *
  16:Core/Src/main.c ****   ******************************************************************************
  17:Core/Src/main.c ****   */
  18:Core/Src/main.c **** /* USER CODE END Header */
  19:Core/Src/main.c **** /* Includes ------------------------------------------------------------------*/
  20:Core/Src/main.c **** #include "main.h"
  21:Core/Src/main.c **** #include "cmsis_os.h"
  22:Core/Src/main.c **** #include "i2c.h"
  23:Core/Src/main.c **** #include "usart.h"
  24:Core/Src/main.c **** #include "gpio.h"
  25:Core/Src/main.c **** #include <stdint.h>
  26:Core/Src/main.c **** #include "adxl345.h"
  27:Core/Src/main.c **** 
  28:Core/Src/main.c **** /* Private includes ----------------------------------------------------------*/
  29:Core/Src/main.c **** /* USER CODE BEGIN Includes */
  30:Core/Src/main.c **** 
  31:Core/Src/main.c **** /* USER CODE END Includes */
ARM GAS  /tmp/cc8j86qm.s 			page 2


  32:Core/Src/main.c **** 
  33:Core/Src/main.c **** /* Private typedef -----------------------------------------------------------*/
  34:Core/Src/main.c **** /* USER CODE BEGIN PTD */
  35:Core/Src/main.c **** 
  36:Core/Src/main.c **** /* USER CODE END PTD */
  37:Core/Src/main.c **** 
  38:Core/Src/main.c **** /* Private define ------------------------------------------------------------*/
  39:Core/Src/main.c **** /* USER CODE BEGIN PD */
  40:Core/Src/main.c **** 
  41:Core/Src/main.c **** /* USER CODE END PD */
  42:Core/Src/main.c **** 
  43:Core/Src/main.c **** /* Private macro -------------------------------------------------------------*/
  44:Core/Src/main.c **** /* USER CODE BEGIN PM */
  45:Core/Src/main.c **** 
  46:Core/Src/main.c **** /* USER CODE END PM */
  47:Core/Src/main.c **** 
  48:Core/Src/main.c **** /* Private variables ---------------------------------------------------------*/
  49:Core/Src/main.c **** 
  50:Core/Src/main.c **** /* USER CODE BEGIN PV */
  51:Core/Src/main.c **** 
  52:Core/Src/main.c **** /* USER CODE END PV */
  53:Core/Src/main.c **** 
  54:Core/Src/main.c **** /* Private function prototypes -----------------------------------------------*/
  55:Core/Src/main.c **** void SystemClock_Config(void);
  56:Core/Src/main.c **** void MX_FREERTOS_Init(void);
  57:Core/Src/main.c **** /* USER CODE BEGIN PFP */
  58:Core/Src/main.c **** 
  59:Core/Src/main.c **** /* USER CODE END PFP */
  60:Core/Src/main.c **** 
  61:Core/Src/main.c **** /* Private user code ---------------------------------------------------------*/
  62:Core/Src/main.c **** /* USER CODE BEGIN 0 */
  63:Core/Src/main.c **** 
  64:Core/Src/main.c **** /* USER CODE END 0 */
  65:Core/Src/main.c **** 
  66:Core/Src/main.c **** /**
  67:Core/Src/main.c ****   * @brief  The application entry point.
  68:Core/Src/main.c ****   * @retval int
  69:Core/Src/main.c ****   */
  70:Core/Src/main.c **** int main(void)
  71:Core/Src/main.c **** {
  72:Core/Src/main.c **** 
  73:Core/Src/main.c ****   /* USER CODE BEGIN 1 */
  74:Core/Src/main.c **** 
  75:Core/Src/main.c ****   /* USER CODE END 1 */
  76:Core/Src/main.c **** 
  77:Core/Src/main.c ****   /* MCU Configuration--------------------------------------------------------*/
  78:Core/Src/main.c **** 
  79:Core/Src/main.c ****   /* Reset of all peripherals, Initializes the Flash interface and the Systick. */
  80:Core/Src/main.c ****   HAL_Init();
  81:Core/Src/main.c **** 
  82:Core/Src/main.c ****   /* USER CODE BEGIN Init */
  83:Core/Src/main.c **** 
  84:Core/Src/main.c ****   /* USER CODE END Init */
  85:Core/Src/main.c **** 
  86:Core/Src/main.c ****   /* Configure the system clock */
  87:Core/Src/main.c ****   SystemClock_Config();
  88:Core/Src/main.c **** 
ARM GAS  /tmp/cc8j86qm.s 			page 3


  89:Core/Src/main.c ****   /* USER CODE BEGIN SysInit */
  90:Core/Src/main.c **** 
  91:Core/Src/main.c ****   /* USER CODE END SysInit */
  92:Core/Src/main.c **** 
  93:Core/Src/main.c ****   /* Initialize all configured peripherals */
  94:Core/Src/main.c ****   MX_GPIO_Init();
  95:Core/Src/main.c ****   MX_I2C1_Init();
  96:Core/Src/main.c ****   MX_USART1_UART_Init();
  97:Core/Src/main.c **** 
  98:Core/Src/main.c ****   char msg[] = "UART OK\r\n";
  99:Core/Src/main.c ****   HAL_UART_Transmit(&huart1,
 100:Core/Src/main.c ****                     (uint8_t *)msg,
 101:Core/Src/main.c ****                     sizeof(msg)-1,
 102:Core/Src/main.c ****                     HAL_MAX_DELAY);
 103:Core/Src/main.c **** 
 104:Core/Src/main.c ****   /* USER CODE BEGIN 2 */
 105:Core/Src/main.c ****   ADXL345_Init(&hi2c1);
 106:Core/Src/main.c ****   /* USER CODE END 2 */
 107:Core/Src/main.c **** 
 108:Core/Src/main.c ****   /* Call init function for freertos objects (in cmsis_os2.c) */
 109:Core/Src/main.c ****   MX_FREERTOS_Init();
 110:Core/Src/main.c **** 
 111:Core/Src/main.c ****   BaseType_t res = xTaskGetSchedulerState();
 112:Core/Src/main.c ****   printf("Scheduler state = %d\r\n", res);
 113:Core/Src/main.c ****   /* Start scheduler */
 114:Core/Src/main.c ****   osKernelStart();
 115:Core/Src/main.c **** 
 116:Core/Src/main.c ****   /* We should never get here as control is now taken by the scheduler */
 117:Core/Src/main.c **** 
 118:Core/Src/main.c ****   /* Infinite loop */
 119:Core/Src/main.c ****   /* USER CODE BEGIN WHILE */
 120:Core/Src/main.c ****   while (1)
 121:Core/Src/main.c ****   {
 122:Core/Src/main.c ****     /* USER CODE END WHILE */
 123:Core/Src/main.c **** 
 124:Core/Src/main.c ****     /* USER CODE BEGIN 3 */
 125:Core/Src/main.c ****   }
 126:Core/Src/main.c ****   /* USER CODE END 3 */
 127:Core/Src/main.c **** }
 128:Core/Src/main.c **** 
 129:Core/Src/main.c **** /**
 130:Core/Src/main.c ****   * @brief System Clock Configuration
 131:Core/Src/main.c ****   * @retval None
 132:Core/Src/main.c ****   */
 133:Core/Src/main.c **** void SystemClock_Config(void)
 134:Core/Src/main.c **** {
 135:Core/Src/main.c ****   RCC_OscInitTypeDef RCC_OscInitStruct = {0};
 136:Core/Src/main.c ****   RCC_ClkInitTypeDef RCC_ClkInitStruct = {0};
 137:Core/Src/main.c **** 
 138:Core/Src/main.c ****   /** Initializes the RCC Oscillators according to the specified parameters
 139:Core/Src/main.c ****   * in the RCC_OscInitTypeDef structure.
 140:Core/Src/main.c ****   */
 141:Core/Src/main.c ****   RCC_OscInitStruct.OscillatorType = RCC_OSCILLATORTYPE_HSI;
 142:Core/Src/main.c ****   RCC_OscInitStruct.HSIState = RCC_HSI_ON;
 143:Core/Src/main.c ****   RCC_OscInitStruct.HSICalibrationValue = RCC_HSICALIBRATION_DEFAULT;
 144:Core/Src/main.c ****   RCC_OscInitStruct.PLL.PLLState = RCC_PLL_NONE;
 145:Core/Src/main.c ****   if (HAL_RCC_OscConfig(&RCC_OscInitStruct) != HAL_OK)
ARM GAS  /tmp/cc8j86qm.s 			page 4


 146:Core/Src/main.c ****   {
 147:Core/Src/main.c ****     Error_Handler();
 148:Core/Src/main.c ****   }
 149:Core/Src/main.c **** 
 150:Core/Src/main.c ****   /** Initializes the CPU, AHB and APB buses clocks
 151:Core/Src/main.c ****   */
 152:Core/Src/main.c ****   RCC_ClkInitStruct.ClockType = RCC_CLOCKTYPE_HCLK|RCC_CLOCKTYPE_SYSCLK
 153:Core/Src/main.c ****                               |RCC_CLOCKTYPE_PCLK1|RCC_CLOCKTYPE_PCLK2;
 154:Core/Src/main.c ****   RCC_ClkInitStruct.SYSCLKSource = RCC_SYSCLKSOURCE_HSI;
 155:Core/Src/main.c ****   RCC_ClkInitStruct.AHBCLKDivider = RCC_SYSCLK_DIV1;
 156:Core/Src/main.c ****   RCC_ClkInitStruct.APB1CLKDivider = RCC_HCLK_DIV1;
 157:Core/Src/main.c ****   RCC_ClkInitStruct.APB2CLKDivider = RCC_HCLK_DIV1;
 158:Core/Src/main.c **** 
 159:Core/Src/main.c ****   if (HAL_RCC_ClockConfig(&RCC_ClkInitStruct, FLASH_LATENCY_0) != HAL_OK)
 160:Core/Src/main.c ****   {
 161:Core/Src/main.c ****     Error_Handler();
 162:Core/Src/main.c ****   }
 163:Core/Src/main.c **** }
 164:Core/Src/main.c **** 
 165:Core/Src/main.c **** /* USER CODE BEGIN 4 */
 166:Core/Src/main.c **** int _write(int file, char *ptr, int len)
 167:Core/Src/main.c **** {
  28              		.loc 1 167 1 view -0
  29              		.cfi_startproc
  30              		@ args = 0, pretend = 0, frame = 0
  31              		@ frame_needed = 0, uses_anonymous_args = 0
  32              		.loc 1 167 1 is_stmt 0 view .LVU1
  33 0000 10B5     		push	{r4, lr}
  34              	.LCFI0:
  35              		.cfi_def_cfa_offset 8
  36              		.cfi_offset 4, -8
  37              		.cfi_offset 14, -4
  38 0002 1446     		mov	r4, r2
 168:Core/Src/main.c ****   HAL_UART_Transmit(&huart1, (uint8_t*)ptr, len, HAL_MAX_DELAY);
  39              		.loc 1 168 3 is_stmt 1 view .LVU2
  40 0004 4FF0FF33 		mov	r3, #-1
  41 0008 92B2     		uxth	r2, r2
  42              	.LVL1:
  43              		.loc 1 168 3 is_stmt 0 view .LVU3
  44 000a 0248     		ldr	r0, .L3
  45              	.LVL2:
  46              		.loc 1 168 3 view .LVU4
  47 000c FFF7FEFF 		bl	HAL_UART_Transmit
  48              	.LVL3:
 169:Core/Src/main.c ****   return len;
  49              		.loc 1 169 3 is_stmt 1 view .LVU5
 170:Core/Src/main.c **** }
  50              		.loc 1 170 1 is_stmt 0 view .LVU6
  51 0010 2046     		mov	r0, r4
  52 0012 10BD     		pop	{r4, pc}
  53              	.LVL4:
  54              	.L4:
  55              		.loc 1 170 1 view .LVU7
  56              		.align	2
  57              	.L3:
  58 0014 00000000 		.word	huart1
  59              		.cfi_endproc
ARM GAS  /tmp/cc8j86qm.s 			page 5


  60              	.LFE72:
  62              		.section	.text.HAL_TIM_PeriodElapsedCallback,"ax",%progbits
  63              		.align	1
  64              		.global	HAL_TIM_PeriodElapsedCallback
  65              		.syntax unified
  66              		.thumb
  67              		.thumb_func
  69              	HAL_TIM_PeriodElapsedCallback:
  70              	.LVL5:
  71              	.LFB73:
 171:Core/Src/main.c **** 
 172:Core/Src/main.c **** 
 173:Core/Src/main.c **** /* USER CODE END 4 */
 174:Core/Src/main.c **** 
 175:Core/Src/main.c **** /**
 176:Core/Src/main.c ****   * @brief  Period elapsed callback in non blocking mode
 177:Core/Src/main.c ****   * @note   This function is called  when TIM2 interrupt took place, inside
 178:Core/Src/main.c ****   * HAL_TIM_IRQHandler(). It makes a direct call to HAL_IncTick() to increment
 179:Core/Src/main.c ****   * a global variable "uwTick" used as application time base.
 180:Core/Src/main.c ****   * @param  htim : TIM handle
 181:Core/Src/main.c ****   * @retval None
 182:Core/Src/main.c ****   */
 183:Core/Src/main.c **** void HAL_TIM_PeriodElapsedCallback(TIM_HandleTypeDef *htim)
 184:Core/Src/main.c **** {
  72              		.loc 1 184 1 is_stmt 1 view -0
  73              		.cfi_startproc
  74              		@ args = 0, pretend = 0, frame = 0
  75              		@ frame_needed = 0, uses_anonymous_args = 0
  76              		.loc 1 184 1 is_stmt 0 view .LVU9
  77 0000 08B5     		push	{r3, lr}
  78              	.LCFI1:
  79              		.cfi_def_cfa_offset 8
  80              		.cfi_offset 3, -8
  81              		.cfi_offset 14, -4
 185:Core/Src/main.c ****   /* USER CODE BEGIN Callback 0 */
 186:Core/Src/main.c **** 
 187:Core/Src/main.c ****   /* USER CODE END Callback 0 */
 188:Core/Src/main.c ****   if (htim->Instance == TIM2)
  82              		.loc 1 188 3 is_stmt 1 view .LVU10
  83              		.loc 1 188 11 is_stmt 0 view .LVU11
  84 0002 0368     		ldr	r3, [r0]
  85              		.loc 1 188 6 view .LVU12
  86 0004 B3F1804F 		cmp	r3, #1073741824
  87 0008 00D0     		beq	.L8
  88              	.LVL6:
  89              	.L5:
 189:Core/Src/main.c ****   {
 190:Core/Src/main.c ****     HAL_IncTick();
 191:Core/Src/main.c ****   }
 192:Core/Src/main.c ****   /* USER CODE BEGIN Callback 1 */
 193:Core/Src/main.c **** 
 194:Core/Src/main.c ****   /* USER CODE END Callback 1 */
 195:Core/Src/main.c **** }
  90              		.loc 1 195 1 view .LVU13
  91 000a 08BD     		pop	{r3, pc}
  92              	.LVL7:
  93              	.L8:
ARM GAS  /tmp/cc8j86qm.s 			page 6


 190:Core/Src/main.c ****   }
  94              		.loc 1 190 5 is_stmt 1 view .LVU14
  95 000c FFF7FEFF 		bl	HAL_IncTick
  96              	.LVL8:
  97              		.loc 1 195 1 is_stmt 0 view .LVU15
  98 0010 FBE7     		b	.L5
  99              		.cfi_endproc
 100              	.LFE73:
 102              		.section	.text.Error_Handler,"ax",%progbits
 103              		.align	1
 104              		.global	Error_Handler
 105              		.syntax unified
 106              		.thumb
 107              		.thumb_func
 109              	Error_Handler:
 110              	.LFB74:
 196:Core/Src/main.c **** 
 197:Core/Src/main.c **** /**
 198:Core/Src/main.c ****   * @brief  This function is executed in case of error occurrence.
 199:Core/Src/main.c ****   * @retval None
 200:Core/Src/main.c ****   */
 201:Core/Src/main.c **** void Error_Handler(void)
 202:Core/Src/main.c **** {
 111              		.loc 1 202 1 is_stmt 1 view -0
 112              		.cfi_startproc
 113              		@ Volatile: function does not return.
 114              		@ args = 0, pretend = 0, frame = 0
 115              		@ frame_needed = 0, uses_anonymous_args = 0
 116              		@ link register save eliminated.
 203:Core/Src/main.c ****   /* USER CODE BEGIN Error_Handler_Debug */
 204:Core/Src/main.c ****   /* User can add his own implementation to report the HAL error return state */
 205:Core/Src/main.c ****   __disable_irq();
 117              		.loc 1 205 3 view .LVU17
 118              	.LBB4:
 119              	.LBI4:
 120              		.file 2 "Drivers/CMSIS/Include/cmsis_gcc.h"
   1:Drivers/CMSIS/Include/cmsis_gcc.h **** /**************************************************************************//**
   2:Drivers/CMSIS/Include/cmsis_gcc.h ****  * @file     cmsis_gcc.h
   3:Drivers/CMSIS/Include/cmsis_gcc.h ****  * @brief    CMSIS compiler GCC header file
   4:Drivers/CMSIS/Include/cmsis_gcc.h ****  * @version  V5.0.4
   5:Drivers/CMSIS/Include/cmsis_gcc.h ****  * @date     09. April 2018
   6:Drivers/CMSIS/Include/cmsis_gcc.h ****  ******************************************************************************/
   7:Drivers/CMSIS/Include/cmsis_gcc.h **** /*
   8:Drivers/CMSIS/Include/cmsis_gcc.h ****  * Copyright (c) 2009-2018 Arm Limited. All rights reserved.
   9:Drivers/CMSIS/Include/cmsis_gcc.h ****  *
  10:Drivers/CMSIS/Include/cmsis_gcc.h ****  * SPDX-License-Identifier: Apache-2.0
  11:Drivers/CMSIS/Include/cmsis_gcc.h ****  *
  12:Drivers/CMSIS/Include/cmsis_gcc.h ****  * Licensed under the Apache License, Version 2.0 (the License); you may
  13:Drivers/CMSIS/Include/cmsis_gcc.h ****  * not use this file except in compliance with the License.
  14:Drivers/CMSIS/Include/cmsis_gcc.h ****  * You may obtain a copy of the License at
  15:Drivers/CMSIS/Include/cmsis_gcc.h ****  *
  16:Drivers/CMSIS/Include/cmsis_gcc.h ****  * www.apache.org/licenses/LICENSE-2.0
  17:Drivers/CMSIS/Include/cmsis_gcc.h ****  *
  18:Drivers/CMSIS/Include/cmsis_gcc.h ****  * Unless required by applicable law or agreed to in writing, software
  19:Drivers/CMSIS/Include/cmsis_gcc.h ****  * distributed under the License is distributed on an AS IS BASIS, WITHOUT
  20:Drivers/CMSIS/Include/cmsis_gcc.h ****  * WARRANTIES OR CONDITIONS OF ANY KIND, either express or implied.
  21:Drivers/CMSIS/Include/cmsis_gcc.h ****  * See the License for the specific language governing permissions and
ARM GAS  /tmp/cc8j86qm.s 			page 7


  22:Drivers/CMSIS/Include/cmsis_gcc.h ****  * limitations under the License.
  23:Drivers/CMSIS/Include/cmsis_gcc.h ****  */
  24:Drivers/CMSIS/Include/cmsis_gcc.h **** 
  25:Drivers/CMSIS/Include/cmsis_gcc.h **** #ifndef __CMSIS_GCC_H
  26:Drivers/CMSIS/Include/cmsis_gcc.h **** #define __CMSIS_GCC_H
  27:Drivers/CMSIS/Include/cmsis_gcc.h **** 
  28:Drivers/CMSIS/Include/cmsis_gcc.h **** /* ignore some GCC warnings */
  29:Drivers/CMSIS/Include/cmsis_gcc.h **** #pragma GCC diagnostic push
  30:Drivers/CMSIS/Include/cmsis_gcc.h **** #pragma GCC diagnostic ignored "-Wsign-conversion"
  31:Drivers/CMSIS/Include/cmsis_gcc.h **** #pragma GCC diagnostic ignored "-Wconversion"
  32:Drivers/CMSIS/Include/cmsis_gcc.h **** #pragma GCC diagnostic ignored "-Wunused-parameter"
  33:Drivers/CMSIS/Include/cmsis_gcc.h **** 
  34:Drivers/CMSIS/Include/cmsis_gcc.h **** /* Fallback for __has_builtin */
  35:Drivers/CMSIS/Include/cmsis_gcc.h **** #ifndef __has_builtin
  36:Drivers/CMSIS/Include/cmsis_gcc.h ****   #define __has_builtin(x) (0)
  37:Drivers/CMSIS/Include/cmsis_gcc.h **** #endif
  38:Drivers/CMSIS/Include/cmsis_gcc.h **** 
  39:Drivers/CMSIS/Include/cmsis_gcc.h **** /* CMSIS compiler specific defines */
  40:Drivers/CMSIS/Include/cmsis_gcc.h **** #ifndef   __ASM
  41:Drivers/CMSIS/Include/cmsis_gcc.h ****   #define __ASM                                  __asm
  42:Drivers/CMSIS/Include/cmsis_gcc.h **** #endif
  43:Drivers/CMSIS/Include/cmsis_gcc.h **** #ifndef   __INLINE
  44:Drivers/CMSIS/Include/cmsis_gcc.h ****   #define __INLINE                               inline
  45:Drivers/CMSIS/Include/cmsis_gcc.h **** #endif
  46:Drivers/CMSIS/Include/cmsis_gcc.h **** #ifndef   __STATIC_INLINE
  47:Drivers/CMSIS/Include/cmsis_gcc.h ****   #define __STATIC_INLINE                        static inline
  48:Drivers/CMSIS/Include/cmsis_gcc.h **** #endif
  49:Drivers/CMSIS/Include/cmsis_gcc.h **** #ifndef   __STATIC_FORCEINLINE                 
  50:Drivers/CMSIS/Include/cmsis_gcc.h ****   #define __STATIC_FORCEINLINE                   __attribute__((always_inline)) static inline
  51:Drivers/CMSIS/Include/cmsis_gcc.h **** #endif                                           
  52:Drivers/CMSIS/Include/cmsis_gcc.h **** #ifndef   __NO_RETURN
  53:Drivers/CMSIS/Include/cmsis_gcc.h ****   #define __NO_RETURN                            __attribute__((__noreturn__))
  54:Drivers/CMSIS/Include/cmsis_gcc.h **** #endif
  55:Drivers/CMSIS/Include/cmsis_gcc.h **** #ifndef   __USED
  56:Drivers/CMSIS/Include/cmsis_gcc.h ****   #define __USED                                 __attribute__((used))
  57:Drivers/CMSIS/Include/cmsis_gcc.h **** #endif
  58:Drivers/CMSIS/Include/cmsis_gcc.h **** #ifndef   __WEAK
  59:Drivers/CMSIS/Include/cmsis_gcc.h ****   #define __WEAK                                 __attribute__((weak))
  60:Drivers/CMSIS/Include/cmsis_gcc.h **** #endif
  61:Drivers/CMSIS/Include/cmsis_gcc.h **** #ifndef   __PACKED
  62:Drivers/CMSIS/Include/cmsis_gcc.h ****   #define __PACKED                               __attribute__((packed, aligned(1)))
  63:Drivers/CMSIS/Include/cmsis_gcc.h **** #endif
  64:Drivers/CMSIS/Include/cmsis_gcc.h **** #ifndef   __PACKED_STRUCT
  65:Drivers/CMSIS/Include/cmsis_gcc.h ****   #define __PACKED_STRUCT                        struct __attribute__((packed, aligned(1)))
  66:Drivers/CMSIS/Include/cmsis_gcc.h **** #endif
  67:Drivers/CMSIS/Include/cmsis_gcc.h **** #ifndef   __PACKED_UNION
  68:Drivers/CMSIS/Include/cmsis_gcc.h ****   #define __PACKED_UNION                         union __attribute__((packed, aligned(1)))
  69:Drivers/CMSIS/Include/cmsis_gcc.h **** #endif
  70:Drivers/CMSIS/Include/cmsis_gcc.h **** #ifndef   __UNALIGNED_UINT32        /* deprecated */
  71:Drivers/CMSIS/Include/cmsis_gcc.h ****   #pragma GCC diagnostic push
  72:Drivers/CMSIS/Include/cmsis_gcc.h ****   #pragma GCC diagnostic ignored "-Wpacked"
  73:Drivers/CMSIS/Include/cmsis_gcc.h ****   #pragma GCC diagnostic ignored "-Wattributes"
  74:Drivers/CMSIS/Include/cmsis_gcc.h ****   struct __attribute__((packed)) T_UINT32 { uint32_t v; };
  75:Drivers/CMSIS/Include/cmsis_gcc.h ****   #pragma GCC diagnostic pop
  76:Drivers/CMSIS/Include/cmsis_gcc.h ****   #define __UNALIGNED_UINT32(x)                  (((struct T_UINT32 *)(x))->v)
  77:Drivers/CMSIS/Include/cmsis_gcc.h **** #endif
  78:Drivers/CMSIS/Include/cmsis_gcc.h **** #ifndef   __UNALIGNED_UINT16_WRITE
ARM GAS  /tmp/cc8j86qm.s 			page 8


  79:Drivers/CMSIS/Include/cmsis_gcc.h ****   #pragma GCC diagnostic push
  80:Drivers/CMSIS/Include/cmsis_gcc.h ****   #pragma GCC diagnostic ignored "-Wpacked"
  81:Drivers/CMSIS/Include/cmsis_gcc.h ****   #pragma GCC diagnostic ignored "-Wattributes"
  82:Drivers/CMSIS/Include/cmsis_gcc.h ****   __PACKED_STRUCT T_UINT16_WRITE { uint16_t v; };
  83:Drivers/CMSIS/Include/cmsis_gcc.h ****   #pragma GCC diagnostic pop
  84:Drivers/CMSIS/Include/cmsis_gcc.h ****   #define __UNALIGNED_UINT16_WRITE(addr, val)    (void)((((struct T_UINT16_WRITE *)(void *)(addr))-
  85:Drivers/CMSIS/Include/cmsis_gcc.h **** #endif
  86:Drivers/CMSIS/Include/cmsis_gcc.h **** #ifndef   __UNALIGNED_UINT16_READ
  87:Drivers/CMSIS/Include/cmsis_gcc.h ****   #pragma GCC diagnostic push
  88:Drivers/CMSIS/Include/cmsis_gcc.h ****   #pragma GCC diagnostic ignored "-Wpacked"
  89:Drivers/CMSIS/Include/cmsis_gcc.h ****   #pragma GCC diagnostic ignored "-Wattributes"
  90:Drivers/CMSIS/Include/cmsis_gcc.h ****   __PACKED_STRUCT T_UINT16_READ { uint16_t v; };
  91:Drivers/CMSIS/Include/cmsis_gcc.h ****   #pragma GCC diagnostic pop
  92:Drivers/CMSIS/Include/cmsis_gcc.h ****   #define __UNALIGNED_UINT16_READ(addr)          (((const struct T_UINT16_READ *)(const void *)(add
  93:Drivers/CMSIS/Include/cmsis_gcc.h **** #endif
  94:Drivers/CMSIS/Include/cmsis_gcc.h **** #ifndef   __UNALIGNED_UINT32_WRITE
  95:Drivers/CMSIS/Include/cmsis_gcc.h ****   #pragma GCC diagnostic push
  96:Drivers/CMSIS/Include/cmsis_gcc.h ****   #pragma GCC diagnostic ignored "-Wpacked"
  97:Drivers/CMSIS/Include/cmsis_gcc.h ****   #pragma GCC diagnostic ignored "-Wattributes"
  98:Drivers/CMSIS/Include/cmsis_gcc.h ****   __PACKED_STRUCT T_UINT32_WRITE { uint32_t v; };
  99:Drivers/CMSIS/Include/cmsis_gcc.h ****   #pragma GCC diagnostic pop
 100:Drivers/CMSIS/Include/cmsis_gcc.h ****   #define __UNALIGNED_UINT32_WRITE(addr, val)    (void)((((struct T_UINT32_WRITE *)(void *)(addr))-
 101:Drivers/CMSIS/Include/cmsis_gcc.h **** #endif
 102:Drivers/CMSIS/Include/cmsis_gcc.h **** #ifndef   __UNALIGNED_UINT32_READ
 103:Drivers/CMSIS/Include/cmsis_gcc.h ****   #pragma GCC diagnostic push
 104:Drivers/CMSIS/Include/cmsis_gcc.h ****   #pragma GCC diagnostic ignored "-Wpacked"
 105:Drivers/CMSIS/Include/cmsis_gcc.h ****   #pragma GCC diagnostic ignored "-Wattributes"
 106:Drivers/CMSIS/Include/cmsis_gcc.h ****   __PACKED_STRUCT T_UINT32_READ { uint32_t v; };
 107:Drivers/CMSIS/Include/cmsis_gcc.h ****   #pragma GCC diagnostic pop
 108:Drivers/CMSIS/Include/cmsis_gcc.h ****   #define __UNALIGNED_UINT32_READ(addr)          (((const struct T_UINT32_READ *)(const void *)(add
 109:Drivers/CMSIS/Include/cmsis_gcc.h **** #endif
 110:Drivers/CMSIS/Include/cmsis_gcc.h **** #ifndef   __ALIGNED
 111:Drivers/CMSIS/Include/cmsis_gcc.h ****   #define __ALIGNED(x)                           __attribute__((aligned(x)))
 112:Drivers/CMSIS/Include/cmsis_gcc.h **** #endif
 113:Drivers/CMSIS/Include/cmsis_gcc.h **** #ifndef   __RESTRICT
 114:Drivers/CMSIS/Include/cmsis_gcc.h ****   #define __RESTRICT                             __restrict
 115:Drivers/CMSIS/Include/cmsis_gcc.h **** #endif
 116:Drivers/CMSIS/Include/cmsis_gcc.h **** 
 117:Drivers/CMSIS/Include/cmsis_gcc.h **** 
 118:Drivers/CMSIS/Include/cmsis_gcc.h **** /* ###########################  Core Function Access  ########################### */
 119:Drivers/CMSIS/Include/cmsis_gcc.h **** /** \ingroup  CMSIS_Core_FunctionInterface
 120:Drivers/CMSIS/Include/cmsis_gcc.h ****     \defgroup CMSIS_Core_RegAccFunctions CMSIS Core Register Access Functions
 121:Drivers/CMSIS/Include/cmsis_gcc.h ****   @{
 122:Drivers/CMSIS/Include/cmsis_gcc.h ****  */
 123:Drivers/CMSIS/Include/cmsis_gcc.h **** 
 124:Drivers/CMSIS/Include/cmsis_gcc.h **** /**
 125:Drivers/CMSIS/Include/cmsis_gcc.h ****   \brief   Enable IRQ Interrupts
 126:Drivers/CMSIS/Include/cmsis_gcc.h ****   \details Enables IRQ interrupts by clearing the I-bit in the CPSR.
 127:Drivers/CMSIS/Include/cmsis_gcc.h ****            Can only be executed in Privileged modes.
 128:Drivers/CMSIS/Include/cmsis_gcc.h ****  */
 129:Drivers/CMSIS/Include/cmsis_gcc.h **** __STATIC_FORCEINLINE void __enable_irq(void)
 130:Drivers/CMSIS/Include/cmsis_gcc.h **** {
 131:Drivers/CMSIS/Include/cmsis_gcc.h ****   __ASM volatile ("cpsie i" : : : "memory");
 132:Drivers/CMSIS/Include/cmsis_gcc.h **** }
 133:Drivers/CMSIS/Include/cmsis_gcc.h **** 
 134:Drivers/CMSIS/Include/cmsis_gcc.h **** 
 135:Drivers/CMSIS/Include/cmsis_gcc.h **** /**
ARM GAS  /tmp/cc8j86qm.s 			page 9


 136:Drivers/CMSIS/Include/cmsis_gcc.h ****   \brief   Disable IRQ Interrupts
 137:Drivers/CMSIS/Include/cmsis_gcc.h ****   \details Disables IRQ interrupts by setting the I-bit in the CPSR.
 138:Drivers/CMSIS/Include/cmsis_gcc.h ****            Can only be executed in Privileged modes.
 139:Drivers/CMSIS/Include/cmsis_gcc.h ****  */
 140:Drivers/CMSIS/Include/cmsis_gcc.h **** __STATIC_FORCEINLINE void __disable_irq(void)
 121              		.loc 2 140 27 view .LVU18
 122              	.LBB5:
 141:Drivers/CMSIS/Include/cmsis_gcc.h **** {
 142:Drivers/CMSIS/Include/cmsis_gcc.h ****   __ASM volatile ("cpsid i" : : : "memory");
 123              		.loc 2 142 3 view .LVU19
 124              		.syntax unified
 125              	@ 142 "Drivers/CMSIS/Include/cmsis_gcc.h" 1
 126 0000 72B6     		cpsid i
 127              	@ 0 "" 2
 128              		.thumb
 129              		.syntax unified
 130              	.L10:
 131              	.LBE5:
 132              	.LBE4:
 206:Core/Src/main.c ****   while (1)
 133              		.loc 1 206 3 view .LVU20
 207:Core/Src/main.c ****   {
 208:Core/Src/main.c ****   }
 134              		.loc 1 208 3 view .LVU21
 206:Core/Src/main.c ****   while (1)
 135              		.loc 1 206 9 view .LVU22
 136 0002 FEE7     		b	.L10
 137              		.cfi_endproc
 138              	.LFE74:
 140              		.section	.text.SystemClock_Config,"ax",%progbits
 141              		.align	1
 142              		.global	SystemClock_Config
 143              		.syntax unified
 144              		.thumb
 145              		.thumb_func
 147              	SystemClock_Config:
 148              	.LFB71:
 134:Core/Src/main.c ****   RCC_OscInitTypeDef RCC_OscInitStruct = {0};
 149              		.loc 1 134 1 view -0
 150              		.cfi_startproc
 151              		@ args = 0, pretend = 0, frame = 64
 152              		@ frame_needed = 0, uses_anonymous_args = 0
 153 0000 00B5     		push	{lr}
 154              	.LCFI2:
 155              		.cfi_def_cfa_offset 4
 156              		.cfi_offset 14, -4
 157 0002 91B0     		sub	sp, sp, #68
 158              	.LCFI3:
 159              		.cfi_def_cfa_offset 72
 135:Core/Src/main.c ****   RCC_ClkInitTypeDef RCC_ClkInitStruct = {0};
 160              		.loc 1 135 3 view .LVU24
 135:Core/Src/main.c ****   RCC_ClkInitTypeDef RCC_ClkInitStruct = {0};
 161              		.loc 1 135 22 is_stmt 0 view .LVU25
 162 0004 2822     		movs	r2, #40
 163 0006 0021     		movs	r1, #0
 164 0008 06A8     		add	r0, sp, #24
 165 000a FFF7FEFF 		bl	memset
ARM GAS  /tmp/cc8j86qm.s 			page 10


 166              	.LVL9:
 136:Core/Src/main.c **** 
 167              		.loc 1 136 3 is_stmt 1 view .LVU26
 136:Core/Src/main.c **** 
 168              		.loc 1 136 22 is_stmt 0 view .LVU27
 169 000e 0023     		movs	r3, #0
 170 0010 0193     		str	r3, [sp, #4]
 171 0012 0293     		str	r3, [sp, #8]
 172 0014 0393     		str	r3, [sp, #12]
 173 0016 0493     		str	r3, [sp, #16]
 174 0018 0593     		str	r3, [sp, #20]
 141:Core/Src/main.c ****   RCC_OscInitStruct.HSIState = RCC_HSI_ON;
 175              		.loc 1 141 3 is_stmt 1 view .LVU28
 141:Core/Src/main.c ****   RCC_OscInitStruct.HSIState = RCC_HSI_ON;
 176              		.loc 1 141 36 is_stmt 0 view .LVU29
 177 001a 0223     		movs	r3, #2
 178 001c 0693     		str	r3, [sp, #24]
 142:Core/Src/main.c ****   RCC_OscInitStruct.HSICalibrationValue = RCC_HSICALIBRATION_DEFAULT;
 179              		.loc 1 142 3 is_stmt 1 view .LVU30
 142:Core/Src/main.c ****   RCC_OscInitStruct.HSICalibrationValue = RCC_HSICALIBRATION_DEFAULT;
 180              		.loc 1 142 30 is_stmt 0 view .LVU31
 181 001e 0123     		movs	r3, #1
 182 0020 0A93     		str	r3, [sp, #40]
 143:Core/Src/main.c ****   RCC_OscInitStruct.PLL.PLLState = RCC_PLL_NONE;
 183              		.loc 1 143 3 is_stmt 1 view .LVU32
 143:Core/Src/main.c ****   RCC_OscInitStruct.PLL.PLLState = RCC_PLL_NONE;
 184              		.loc 1 143 41 is_stmt 0 view .LVU33
 185 0022 1023     		movs	r3, #16
 186 0024 0B93     		str	r3, [sp, #44]
 144:Core/Src/main.c ****   if (HAL_RCC_OscConfig(&RCC_OscInitStruct) != HAL_OK)
 187              		.loc 1 144 3 is_stmt 1 view .LVU34
 145:Core/Src/main.c ****   {
 188              		.loc 1 145 3 view .LVU35
 145:Core/Src/main.c ****   {
 189              		.loc 1 145 7 is_stmt 0 view .LVU36
 190 0026 06A8     		add	r0, sp, #24
 191 0028 FFF7FEFF 		bl	HAL_RCC_OscConfig
 192              	.LVL10:
 145:Core/Src/main.c ****   {
 193              		.loc 1 145 6 discriminator 1 view .LVU37
 194 002c 68B9     		cbnz	r0, .L15
 152:Core/Src/main.c ****                               |RCC_CLOCKTYPE_PCLK1|RCC_CLOCKTYPE_PCLK2;
 195              		.loc 1 152 3 is_stmt 1 view .LVU38
 152:Core/Src/main.c ****                               |RCC_CLOCKTYPE_PCLK1|RCC_CLOCKTYPE_PCLK2;
 196              		.loc 1 152 31 is_stmt 0 view .LVU39
 197 002e 0F23     		movs	r3, #15
 198 0030 0193     		str	r3, [sp, #4]
 154:Core/Src/main.c ****   RCC_ClkInitStruct.AHBCLKDivider = RCC_SYSCLK_DIV1;
 199              		.loc 1 154 3 is_stmt 1 view .LVU40
 154:Core/Src/main.c ****   RCC_ClkInitStruct.AHBCLKDivider = RCC_SYSCLK_DIV1;
 200              		.loc 1 154 34 is_stmt 0 view .LVU41
 201 0032 0021     		movs	r1, #0
 202 0034 0291     		str	r1, [sp, #8]
 155:Core/Src/main.c ****   RCC_ClkInitStruct.APB1CLKDivider = RCC_HCLK_DIV1;
 203              		.loc 1 155 3 is_stmt 1 view .LVU42
 155:Core/Src/main.c ****   RCC_ClkInitStruct.APB1CLKDivider = RCC_HCLK_DIV1;
 204              		.loc 1 155 35 is_stmt 0 view .LVU43
ARM GAS  /tmp/cc8j86qm.s 			page 11


 205 0036 0391     		str	r1, [sp, #12]
 156:Core/Src/main.c ****   RCC_ClkInitStruct.APB2CLKDivider = RCC_HCLK_DIV1;
 206              		.loc 1 156 3 is_stmt 1 view .LVU44
 156:Core/Src/main.c ****   RCC_ClkInitStruct.APB2CLKDivider = RCC_HCLK_DIV1;
 207              		.loc 1 156 36 is_stmt 0 view .LVU45
 208 0038 0491     		str	r1, [sp, #16]
 157:Core/Src/main.c **** 
 209              		.loc 1 157 3 is_stmt 1 view .LVU46
 157:Core/Src/main.c **** 
 210              		.loc 1 157 36 is_stmt 0 view .LVU47
 211 003a 0591     		str	r1, [sp, #20]
 159:Core/Src/main.c ****   {
 212              		.loc 1 159 3 is_stmt 1 view .LVU48
 159:Core/Src/main.c ****   {
 213              		.loc 1 159 7 is_stmt 0 view .LVU49
 214 003c 01A8     		add	r0, sp, #4
 215 003e FFF7FEFF 		bl	HAL_RCC_ClockConfig
 216              	.LVL11:
 159:Core/Src/main.c ****   {
 217              		.loc 1 159 6 discriminator 1 view .LVU50
 218 0042 20B9     		cbnz	r0, .L16
 163:Core/Src/main.c **** 
 219              		.loc 1 163 1 view .LVU51
 220 0044 11B0     		add	sp, sp, #68
 221              	.LCFI4:
 222              		.cfi_remember_state
 223              		.cfi_def_cfa_offset 4
 224              		@ sp needed
 225 0046 5DF804FB 		ldr	pc, [sp], #4
 226              	.L15:
 227              	.LCFI5:
 228              		.cfi_restore_state
 147:Core/Src/main.c ****   }
 229              		.loc 1 147 5 is_stmt 1 view .LVU52
 230 004a FFF7FEFF 		bl	Error_Handler
 231              	.LVL12:
 232              	.L16:
 161:Core/Src/main.c ****   }
 233              		.loc 1 161 5 view .LVU53
 234 004e FFF7FEFF 		bl	Error_Handler
 235              	.LVL13:
 236              		.cfi_endproc
 237              	.LFE71:
 239              		.section	.rodata.main.str1.4,"aMS",%progbits,1
 240              		.align	2
 241              	.LC1:
 242 0000 53636865 		.ascii	"Scheduler state = %d\015\012\000"
 242      64756C65 
 242      72207374 
 242      61746520 
 242      3D202564 
 243 0017 00       		.align	2
 244              	.LC0:
 245 0018 55415254 		.ascii	"UART OK\015\012\000"
 245      204F4B0D 
 245      0A00
 246              		.section	.text.main,"ax",%progbits
ARM GAS  /tmp/cc8j86qm.s 			page 12


 247              		.align	1
 248              		.global	main
 249              		.syntax unified
 250              		.thumb
 251              		.thumb_func
 253              	main:
 254              	.LFB70:
  71:Core/Src/main.c **** 
 255              		.loc 1 71 1 view -0
 256              		.cfi_startproc
 257              		@ args = 0, pretend = 0, frame = 16
 258              		@ frame_needed = 0, uses_anonymous_args = 0
 259 0000 00B5     		push	{lr}
 260              	.LCFI6:
 261              		.cfi_def_cfa_offset 4
 262              		.cfi_offset 14, -4
 263 0002 85B0     		sub	sp, sp, #20
 264              	.LCFI7:
 265              		.cfi_def_cfa_offset 24
  80:Core/Src/main.c **** 
 266              		.loc 1 80 3 view .LVU55
 267 0004 FFF7FEFF 		bl	HAL_Init
 268              	.LVL14:
  87:Core/Src/main.c **** 
 269              		.loc 1 87 3 view .LVU56
 270 0008 FFF7FEFF 		bl	SystemClock_Config
 271              	.LVL15:
  94:Core/Src/main.c ****   MX_I2C1_Init();
 272              		.loc 1 94 3 view .LVU57
 273 000c FFF7FEFF 		bl	MX_GPIO_Init
 274              	.LVL16:
  95:Core/Src/main.c ****   MX_USART1_UART_Init();
 275              		.loc 1 95 3 view .LVU58
 276 0010 FFF7FEFF 		bl	MX_I2C1_Init
 277              	.LVL17:
  96:Core/Src/main.c **** 
 278              		.loc 1 96 3 view .LVU59
 279 0014 FFF7FEFF 		bl	MX_USART1_UART_Init
 280              	.LVL18:
  98:Core/Src/main.c ****   HAL_UART_Transmit(&huart1,
 281              		.loc 1 98 3 view .LVU60
  98:Core/Src/main.c ****   HAL_UART_Transmit(&huart1,
 282              		.loc 1 98 8 is_stmt 0 view .LVU61
 283 0018 0C4A     		ldr	r2, .L20
 284 001a 01AB     		add	r3, sp, #4
 285 001c 07CA     		ldm	r2, {r0, r1, r2}
 286 001e 03C3     		stmia	r3!, {r0, r1}
 287 0020 1A80     		strh	r2, [r3]	@ movhi
  99:Core/Src/main.c ****                     (uint8_t *)msg,
 288              		.loc 1 99 3 is_stmt 1 view .LVU62
 289 0022 4FF0FF33 		mov	r3, #-1
 290 0026 0922     		movs	r2, #9
 291 0028 01A9     		add	r1, sp, #4
 292 002a 0948     		ldr	r0, .L20+4
 293 002c FFF7FEFF 		bl	HAL_UART_Transmit
 294              	.LVL19:
 105:Core/Src/main.c ****   /* USER CODE END 2 */
ARM GAS  /tmp/cc8j86qm.s 			page 13


 295              		.loc 1 105 3 view .LVU63
 296 0030 0848     		ldr	r0, .L20+8
 297 0032 FFF7FEFF 		bl	ADXL345_Init
 298              	.LVL20:
 109:Core/Src/main.c **** 
 299              		.loc 1 109 3 view .LVU64
 300 0036 FFF7FEFF 		bl	MX_FREERTOS_Init
 301              	.LVL21:
 111:Core/Src/main.c ****   printf("Scheduler state = %d\r\n", res);
 302              		.loc 1 111 3 view .LVU65
 111:Core/Src/main.c ****   printf("Scheduler state = %d\r\n", res);
 303              		.loc 1 111 20 is_stmt 0 view .LVU66
 304 003a FFF7FEFF 		bl	xTaskGetSchedulerState
 305              	.LVL22:
 306 003e 0146     		mov	r1, r0
 307              	.LVL23:
 112:Core/Src/main.c ****   /* Start scheduler */
 308              		.loc 1 112 3 is_stmt 1 view .LVU67
 309 0040 0548     		ldr	r0, .L20+12
 310              	.LVL24:
 112:Core/Src/main.c ****   /* Start scheduler */
 311              		.loc 1 112 3 is_stmt 0 view .LVU68
 312 0042 FFF7FEFF 		bl	printf
 313              	.LVL25:
 114:Core/Src/main.c **** 
 314              		.loc 1 114 3 is_stmt 1 view .LVU69
 315 0046 FFF7FEFF 		bl	osKernelStart
 316              	.LVL26:
 317              	.L18:
 120:Core/Src/main.c ****   {
 318              		.loc 1 120 3 view .LVU70
 125:Core/Src/main.c ****   /* USER CODE END 3 */
 319              		.loc 1 125 3 view .LVU71
 120:Core/Src/main.c ****   {
 320              		.loc 1 120 9 view .LVU72
 321 004a FEE7     		b	.L18
 322              	.L21:
 323              		.align	2
 324              	.L20:
 325 004c 18000000 		.word	.LC0
 326 0050 00000000 		.word	huart1
 327 0054 00000000 		.word	hi2c1
 328 0058 00000000 		.word	.LC1
 329              		.cfi_endproc
 330              	.LFE70:
 332              		.text
 333              	.Letext0:
 334              		.file 3 "/usr/lib/gcc/arm-none-eabi/13.2.1/include/stdint.h"
 335              		.file 4 "Drivers/CMSIS/Device/ST/STM32F1xx/Include/stm32f103xb.h"
 336              		.file 5 "Drivers/STM32F1xx_HAL_Driver/Inc/stm32f1xx_hal_def.h"
 337              		.file 6 "Drivers/STM32F1xx_HAL_Driver/Inc/stm32f1xx_hal_rcc.h"
 338              		.file 7 "Drivers/STM32F1xx_HAL_Driver/Inc/stm32f1xx_hal_rcc_ex.h"
 339              		.file 8 "Drivers/STM32F1xx_HAL_Driver/Inc/stm32f1xx_hal_dma.h"
 340              		.file 9 "Drivers/STM32F1xx_HAL_Driver/Inc/stm32f1xx_hal_i2c.h"
 341              		.file 10 "Drivers/STM32F1xx_HAL_Driver/Inc/stm32f1xx_hal_tim.h"
 342              		.file 11 "Drivers/STM32F1xx_HAL_Driver/Inc/stm32f1xx_hal_uart.h"
 343              		.file 12 "Middlewares/Third_Party/FreeRTOS/Source/portable/GCC/ARM_CM3/portmacro.h"
ARM GAS  /tmp/cc8j86qm.s 			page 14


 344              		.file 13 "Middlewares/Third_Party/FreeRTOS/Source/CMSIS_RTOS/cmsis_os.h"
 345              		.file 14 "Core/Inc/i2c.h"
 346              		.file 15 "Core/Inc/usart.h"
 347              		.file 16 "Middlewares/Third_Party/FreeRTOS/Source/include/task.h"
 348              		.file 17 "Drivers/STM32F1xx_HAL_Driver/Inc/stm32f1xx_hal.h"
 349              		.file 18 "Core/Inc/adxl345.h"
 350              		.file 19 "Core/Inc/gpio.h"
 351              		.file 20 "<built-in>"
ARM GAS  /tmp/cc8j86qm.s 			page 15


DEFINED SYMBOLS
                            *ABS*:00000000 main.c
     /tmp/cc8j86qm.s:19     .text._write:00000000 $t
     /tmp/cc8j86qm.s:25     .text._write:00000000 _write
     /tmp/cc8j86qm.s:58     .text._write:00000014 $d
     /tmp/cc8j86qm.s:63     .text.HAL_TIM_PeriodElapsedCallback:00000000 $t
     /tmp/cc8j86qm.s:69     .text.HAL_TIM_PeriodElapsedCallback:00000000 HAL_TIM_PeriodElapsedCallback
     /tmp/cc8j86qm.s:103    .text.Error_Handler:00000000 $t
     /tmp/cc8j86qm.s:109    .text.Error_Handler:00000000 Error_Handler
     /tmp/cc8j86qm.s:141    .text.SystemClock_Config:00000000 $t
     /tmp/cc8j86qm.s:147    .text.SystemClock_Config:00000000 SystemClock_Config
     /tmp/cc8j86qm.s:240    .rodata.main.str1.4:00000000 $d
     /tmp/cc8j86qm.s:247    .text.main:00000000 $t
     /tmp/cc8j86qm.s:253    .text.main:00000000 main
     /tmp/cc8j86qm.s:325    .text.main:0000004c $d

UNDEFINED SYMBOLS
HAL_UART_Transmit
huart1
HAL_IncTick
memset
HAL_RCC_OscConfig
HAL_RCC_ClockConfig
HAL_Init
MX_GPIO_Init
MX_I2C1_Init
MX_USART1_UART_Init
ADXL345_Init
MX_FREERTOS_Init
xTaskGetSchedulerState
printf
osKernelStart
hi2c1
