Archive member included to satisfy reference by file (symbol)

/home/santiago/gcc-arm-none-eabi-10.3-2021.10-x86_64-linux/gcc-arm-none-eabi-10.3-2021.10/bin/../lib/gcc/arm-none-eabi/10.3.1/../../../../arm-none-eabi/lib/thumb/v7-m/nofp/libc_nano.a(lib_a-errno.o)
                              build/sysmem.o (__errno)
/home/santiago/gcc-arm-none-eabi-10.3-2021.10-x86_64-linux/gcc-arm-none-eabi-10.3-2021.10/bin/../lib/gcc/arm-none-eabi/10.3.1/../../../../arm-none-eabi/lib/thumb/v7-m/nofp/libc_nano.a(lib_a-exit.o)
                              /home/santiago/gcc-arm-none-eabi-10.3-2021.10-x86_64-linux/gcc-arm-none-eabi-10.3-2021.10/bin/../lib/gcc/arm-none-eabi/10.3.1/../../../../arm-none-eabi/lib/thumb/v7-m/nofp/crt0.o (exit)
/home/santiago/gcc-arm-none-eabi-10.3-2021.10-x86_64-linux/gcc-arm-none-eabi-10.3-2021.10/bin/../lib/gcc/arm-none-eabi/10.3.1/../../../../arm-none-eabi/lib/thumb/v7-m/nofp/libc_nano.a(lib_a-impure.o)
                              /home/santiago/gcc-arm-none-eabi-10.3-2021.10-x86_64-linux/gcc-arm-none-eabi-10.3-2021.10/bin/../lib/gcc/arm-none-eabi/10.3.1/../../../../arm-none-eabi/lib/thumb/v7-m/nofp/libc_nano.a(lib_a-exit.o) (_global_impure_ptr)
/home/santiago/gcc-arm-none-eabi-10.3-2021.10-x86_64-linux/gcc-arm-none-eabi-10.3-2021.10/bin/../lib/gcc/arm-none-eabi/10.3.1/../../../../arm-none-eabi/lib/thumb/v7-m/nofp/libc_nano.a(lib_a-init.o)
                              /home/santiago/gcc-arm-none-eabi-10.3-2021.10-x86_64-linux/gcc-arm-none-eabi-10.3-2021.10/bin/../lib/gcc/arm-none-eabi/10.3.1/../../../../arm-none-eabi/lib/thumb/v7-m/nofp/crt0.o (__libc_init_array)
/home/santiago/gcc-arm-none-eabi-10.3-2021.10-x86_64-linux/gcc-arm-none-eabi-10.3-2021.10/bin/../lib/gcc/arm-none-eabi/10.3.1/../../../../arm-none-eabi/lib/thumb/v7-m/nofp/libc_nano.a(lib_a-memcpy-stub.o)
                              build/queue.o (memcpy)
/home/santiago/gcc-arm-none-eabi-10.3-2021.10-x86_64-linux/gcc-arm-none-eabi-10.3-2021.10/bin/../lib/gcc/arm-none-eabi/10.3.1/../../../../arm-none-eabi/lib/thumb/v7-m/nofp/libc_nano.a(lib_a-memset.o)
                              /home/santiago/gcc-arm-none-eabi-10.3-2021.10-x86_64-linux/gcc-arm-none-eabi-10.3-2021.10/bin/../lib/gcc/arm-none-eabi/10.3.1/../../../../arm-none-eabi/lib/thumb/v7-m/nofp/crt0.o (memset)
/home/santiago/gcc-arm-none-eabi-10.3-2021.10-x86_64-linux/gcc-arm-none-eabi-10.3-2021.10/bin/../lib/gcc/arm-none-eabi/10.3.1/../../../../arm-none-eabi/lib/thumb/v7-m/nofp/libc_nano.a(lib_a-printf.o)
                              build/main.o (printf)
/home/santiago/gcc-arm-none-eabi-10.3-2021.10-x86_64-linux/gcc-arm-none-eabi-10.3-2021.10/bin/../lib/gcc/arm-none-eabi/10.3.1/../../../../arm-none-eabi/lib/thumb/v7-m/nofp/libc_nano.a(lib_a-puts.o)
                              build/main.o (puts)
/home/santiago/gcc-arm-none-eabi-10.3-2021.10-x86_64-linux/gcc-arm-none-eabi-10.3-2021.10/bin/../lib/gcc/arm-none-eabi/10.3.1/../../../../arm-none-eabi/lib/thumb/v7-m/nofp/libc_nano.a(lib_a-strlen.o)
                              build/usart.o (strlen)
/home/santiago/gcc-arm-none-eabi-10.3-2021.10-x86_64-linux/gcc-arm-none-eabi-10.3-2021.10/bin/../lib/gcc/arm-none-eabi/10.3.1/../../../../arm-none-eabi/lib/thumb/v7-m/nofp/libc_nano.a(lib_a-wbuf.o)
                              /home/santiago/gcc-arm-none-eabi-10.3-2021.10-x86_64-linux/gcc-arm-none-eabi-10.3-2021.10/bin/../lib/gcc/arm-none-eabi/10.3.1/../../../../arm-none-eabi/lib/thumb/v7-m/nofp/libc_nano.a(lib_a-puts.o) (__swbuf_r)
/home/santiago/gcc-arm-none-eabi-10.3-2021.10-x86_64-linux/gcc-arm-none-eabi-10.3-2021.10/bin/../lib/gcc/arm-none-eabi/10.3.1/../../../../arm-none-eabi/lib/thumb/v7-m/nofp/libc_nano.a(lib_a-wsetup.o)
                              /home/santiago/gcc-arm-none-eabi-10.3-2021.10-x86_64-linux/gcc-arm-none-eabi-10.3-2021.10/bin/../lib/gcc/arm-none-eabi/10.3.1/../../../../arm-none-eabi/lib/thumb/v7-m/nofp/libc_nano.a(lib_a-puts.o) (__swsetup_r)
/home/santiago/gcc-arm-none-eabi-10.3-2021.10-x86_64-linux/gcc-arm-none-eabi-10.3-2021.10/bin/../lib/gcc/arm-none-eabi/10.3.1/../../../../arm-none-eabi/lib/thumb/v7-m/nofp/libc_nano.a(lib_a-fflush.o)
                              /home/santiago/gcc-arm-none-eabi-10.3-2021.10-x86_64-linux/gcc-arm-none-eabi-10.3-2021.10/bin/../lib/gcc/arm-none-eabi/10.3.1/../../../../arm-none-eabi/lib/thumb/v7-m/nofp/libc_nano.a(lib_a-wbuf.o) (_fflush_r)
/home/santiago/gcc-arm-none-eabi-10.3-2021.10-x86_64-linux/gcc-arm-none-eabi-10.3-2021.10/bin/../lib/gcc/arm-none-eabi/10.3.1/../../../../arm-none-eabi/lib/thumb/v7-m/nofp/libc_nano.a(lib_a-findfp.o)
                              /home/santiago/gcc-arm-none-eabi-10.3-2021.10-x86_64-linux/gcc-arm-none-eabi-10.3-2021.10/bin/../lib/gcc/arm-none-eabi/10.3.1/../../../../arm-none-eabi/lib/thumb/v7-m/nofp/libc_nano.a(lib_a-printf.o) (__sinit)
/home/santiago/gcc-arm-none-eabi-10.3-2021.10-x86_64-linux/gcc-arm-none-eabi-10.3-2021.10/bin/../lib/gcc/arm-none-eabi/10.3.1/../../../../arm-none-eabi/lib/thumb/v7-m/nofp/libc_nano.a(lib_a-fwalk.o)
[...]
Memory Configuration

Name             Origin             Length             Attributes
RAM              0x0000000020000000 0x0000000000005000 xrw
FLASH            0x0000000008000000 0x0000000000010000 xr
*default*        0x0000000000000000 0xffffffffffffffff

Linker script and memory map

LOAD /home/santiago/gcc-arm-none-eabi-10.3-2021.10-x86_64-linux/gcc-arm-none-eabi-10.3-2021.10/bin/../lib/gcc/arm-none-eabi/10.3.1/thumb/v7-m/nofp/crti.o
LOAD /home/santiago/gcc-arm-none-eabi-10.3-2021.10-x86_64-linux/gcc-arm-none-eabi-10.3-2021.10/bin/../lib/gcc/arm-none-eabi/10.3.1/thumb/v7-m/nofp/crtbegin.o
LOAD /home/santiago/gcc-arm-none-eabi-10.3-2021.10-x86_64-linux/gcc-arm-none-eabi-10.3-2021.10/bin/../lib/gcc/arm-none-eabi/10.3.1/../../../../arm-none-eabi/lib/thumb/v7-m/nofp/crt0.o
LOAD build/main.o
LOAD build/gpio.o
LOAD build/freertos.o
LOAD build/i2c.o
LOAD build/adc.o
LOAD build/tim.o
LOAD build/features.o
LOAD build/usart.o
LOAD build/can_app.o
LOAD build/adxl345.o
LOAD build/stm32f1xx_it.o
LOAD build/stm32f1xx_hal_msp.o
LOAD build/stm32f1xx_hal_timebase_tim.o
LOAD build/stm32f1xx_hal_gpio_ex.o
LOAD build/stm32f1xx_hal_adc_ex.o
LOAD build/stm32f1xx_hal_adc.o
LOAD build/stm32f1xx_hal_tim.o
LOAD build/stm32f1xx_hal_tim_ex.o
LOAD build/stm32f1xx_hal.o
LOAD build/stm32f1xx_hal_rcc.o
LOAD build/stm32f1xx_hal_rcc_ex.o
LOAD build/stm32f1xx_hal_gpio.o
LOAD build/stm32f1xx_hal_dma.o
LOAD build/stm32f1xx_hal_cortex.o
LOAD build/stm32f1xx_hal_pwr.o
LOAD build/stm32f1xx_hal_flash.o
LOAD build/stm32f1xx_hal_flash_ex.o
LOAD build/stm32f1xx_hal_exti.o
LOAD build/stm32f1xx_hal_i2c.o
LOAD build/stm32f1xx_hal_uart.o
LOAD build/system_stm32f1xx.o
LOAD build/croutine.o
LOAD build/event_groups.o
LOAD build/list.o
LOAD build/queue.o
LOAD build/stream_buffer.o
LOAD build/tasks.o
LOAD build/timers.o
LOAD build/cmsis_os.o
LOAD build/heap_4.o
LOAD build/port.o
LOAD build/sysmem.o
LOAD build/syscalls.o
LOAD build/can.o
LOAD build/stm32f1xx_hal_can.o
LOAD build/startup_stm32f103xb.o
LOAD /home/santiago/gcc-arm-none-eabi-10.3-2021.10-x86_64-linux/gcc-arm-none-eabi-10.3-2021.10/bin/../lib/gcc/arm-none-eabi/10.3.1/../../../../arm-none-eabi/lib/thumb/v7-m/nofp/libc_nano.a
LOAD /home/santiago/gcc-arm-none-eabi-10.3-2021.10-x86_64-linux/gcc-arm-none-eabi-10.3-2021.10/bin/../lib/gcc/arm-none-eabi/10.3.1/../../../../arm-none-eabi/lib/thumb/v7-m/nofp/libm.a
LOAD /home/santiago/gcc-arm-none-eabi-10.3-2021.10-x86_64-linux/gcc-arm-none-eabi-10.3-2021.10/bin/../lib/gcc/arm-none-eabi/10.3.1/../../../../arm-none-eabi/lib/thumb/v7-m/nofp/libnosys.a
START GROUP
LOAD /home/santiago/gcc-arm-none-eabi-10.3-2021.10-x86_64-linux/gcc-arm-none-eabi-10.3-2021.10/bin/../lib/gcc/arm-none-eabi/10.3.1/thumb/v7-m/nofp/libgcc.a
LOAD /home/santiago/gcc-arm-none-eabi-10.3-2021.10-x86_64-linux/gcc-arm-none-eabi-10.3-2021.10/bin/../lib/gcc/arm-none-eabi/10.3.1/../../../../arm-none-eabi/lib/thumb/v7-m/nofp/libc_nano.a
END GROUP
START GROUP
LOAD /home/santiago/gcc-arm-none-eabi-10.3-2021.10-x86_64-linux/gcc-arm-none-eabi-10.3-2021.10/bin/../lib/gcc/arm-none-eabi/10.3.1/thumb/v7-m/nofp/libgcc.a
LOAD /home/santiago/gcc-arm-none-eabi-10.3-2021.10-x86_64-linux/gcc-arm-none-eabi-10.3-2021.10/bin/../lib/gcc/arm-none-eabi/10.3.1/../../../../arm-none-eabi/lib/thumb/v7-m/nofp/libc_nano.a
END GROUP
LOAD /home/santiago/gcc-arm-none-eabi-10.3-2021.10-x86_64-linux/gcc-arm-none-eabi-10.3-2021.10/bin/../lib/gcc/arm-none-eabi/10.3.1/thumb/v7-m/nofp/crtend.o
LOAD /home/santiago/gcc-arm-none-eabi-10.3-2021.10-x86_64-linux/gcc-arm-none-eabi-10.3-2021.10/bin/../lib/gcc/arm-none-eabi/10.3.1/thumb/v7-m/nofp/crtn.o
                0x0000000020005000                _estack = (ORIGIN (RAM) + LENGTH (RAM))
                0x0000000000000200                _Min_Heap_Size = 0x200
                0x0000000000000400                _Min_Stack_Size = 0x400

.isr_vector     0x0000000008000000      0x10c
                0x0000000008000000                . = ALIGN (0x4)
 *(.isr_vector)
 .isr_vector    0x0000000008000000      0x10c build/startup_stm32f103xb.o
                0x0000000008000000                g_pfnVectors
                0x000000000800010c                . = ALIGN (0x4)

.text           0x0000000008000110     0x6d64
                0x0000000008000110                . = ALIGN (0x4)
 *(.text)
 .text          0x0000000008000110       0x40 /home/santiago/gcc-arm-none-eabi-10.3-2021.10-x86_64-linux/gcc-arm-none-eabi-10.3-2021.10/bin/../lib/gcc/arm-none-eabi/10.3.1/thumb/v7-m/nofp/crtbegin.o
 .text          0x0000000008000150      0x378 /home/santiago/gcc-arm-none-eabi-10.3-2021.10-x86_64-linux/gcc-arm-none-eabi-10.3-2021.10/bin/../lib/gcc/arm-none-eabi/10.3.1/thumb/v7-m/nofp/libgcc.a(_arm_addsubdf3.o)
                0x0000000008000150                __aeabi_drsub
                0x0000000008000158                __aeabi_dsub
                0x0000000008000158                __subdf3
                0x000000000800015c                __adddf3
                0x000000000800015c                __aeabi_dadd
                0x00000000080003d4                __aeabi_ui2d
                0x00000000080003d4                __floatunsidf
                0x00000000080003f4                __floatsidf
                0x00000000080003f4                __aeabi_i2d
                0x0000000008000418                __extendsfdf2
                0x0000000008000418                __aeabi_f2d
                0x000000000800045c                __aeabi_ul2d
                0x000000000800045c                __floatundidf
                0x000000000800046c                __floatdidf
                0x000000000800046c                __aeabi_l2d
 .text          0x00000000080004c8      0x21c /home/santiago/gcc-arm-none-eabi-10.3-2021.10-x86_64-linux/gcc-arm-none-eabi-10.3-2021.10/bin/../lib/gcc/arm-none-eabi/10.3.1/thumb/v7-m/nofp/libgcc.a(_arm_addsubsf3.o)
                0x00000000080004c8                __aeabi_frsub
                0x00000000080004d0                __subsf3
                0x00000000080004d0                __aeabi_fsub
                0x00000000080004d4                __aeabi_fadd
                0x00000000080004d4                __addsf3
                0x0000000008000634                __aeabi_ui2f
                0x0000000008000634                __floatunsisf
                0x000000000800063c                __aeabi_i2f
                0x000000000800063c                __floatsisf
                0x0000000008000658                __floatundisf
                0x0000000008000658                __aeabi_ul2f
                0x0000000008000668                __floatdisf
                0x0000000008000668                __aeabi_l2f
 .text          0x00000000080006e4      0x2a0 /home/santiago/gcc-arm-none-eabi-10.3-2021.10-x86_64-linux/gcc-arm-none-eabi-10.3-2021.10/bin/../lib/gcc/arm-none-eabi/10.3.1/thumb/v7-m/nofp/libgcc.a(_arm_muldivsf3.o)
                0x00000000080006e4                __mulsf3
                0x00000000080006e4                __aeabi_fmul
                0x000000000800084c                __divsf3
                0x000000000800084c                __aeabi_fdiv
 .text          0x0000000008000984       0xec /home/santiago/gcc-arm-none-eabi-10.3-2021.10-x86_64-linux/gcc-arm-none-eabi-10.3-2021.10/bin/../lib/gcc/arm-none-eabi/10.3.1/thumb/v7-m/nofp/libgcc.a(_arm_cmpsf2.o)
                0x0000000008000984                __gtsf2
                0x0000000008000984                __gesf2
                0x000000000800098c                __lesf2
                0x000000000800098c                __ltsf2
                0x0000000008000994                __nesf2
                0x0000000008000994                __eqsf2
                0x0000000008000994                __cmpsf2
                0x00000000080009f4                __aeabi_cfrcmple
                0x00000000080009fc                __aeabi_cfcmple
                0x00000000080009fc                __aeabi_cfcmpeq
                0x0000000008000a0c                __aeabi_fcmpeq
                0x0000000008000a20                __aeabi_fcmplt
                0x0000000008000a34                __aeabi_fcmple
                0x0000000008000a48                __aeabi_fcmpge
                0x0000000008000a5c                __aeabi_fcmpgt
 .text          0x0000000008000a70       0x2c /home/santiago/gcc-arm-none-eabi-10.3-2021.10-x86_64-linux/gcc-arm-none-eabi-10.3-2021.10/bin/../lib/gcc/arm-none-eabi/10.3.1/thumb/v7-m/nofp/libgcc.a(_arm_unordsf2.o)
                0x0000000008000a70                __aeabi_fcmpun
                0x0000000008000a70                __unordsf2
 *(.text*)
 .text.HAL_TIM_IC_CaptureCallback
                0x0000000008000a9c       0x2c build/main.o
                0x0000000008000a9c                HAL_TIM_IC_CaptureCallback
 .text._write   0x0000000008000ac8       0x18 build/main.o
                0x0000000008000ac8                _write
 .text.HAL_ADC_ConvCpltCallback
                0x0000000008000ae0       0x50 build/main.o
                0x0000000008000ae0                HAL_ADC_ConvCpltCallback
 .text.HAL_TIM_PeriodElapsedCallback
                0x0000000008000b30       0x12 build/main.o
                0x0000000008000b30                HAL_TIM_PeriodElapsedCallback
 .text.Error_Handler
                0x0000000008000b42        0x4 build/main.o
                0x0000000008000b42                Error_Handler
 .text.SystemClock_Config
                0x0000000008000b46       0x84 build/main.o
                0x0000000008000b46                SystemClock_Config
 *fill*         0x0000000008000bca        0x2 
 .text.main     0x0000000008000bcc       0x60 build/main.o
                0x0000000008000bcc                main
 .text.MX_GPIO_Init
                0x0000000008000c2c       0xa0 build/gpio.o
                0x0000000008000c2c                MX_GPIO_Init
 .text.StartSampler
                0x0000000008000ccc       0x20 build/freertos.o
                0x0000000008000ccc                StartSampler
 .text.StartPackageTask
                0x0000000008000cec       0x58 build/freertos.o
                0x0000000008000cec                StartPackageTask
 .text.StartTxCAN
                0x0000000008000d44       0x84 build/freertos.o
                0x0000000008000d44                StartTxCAN
 .text.vApplicationGetIdleTaskMemory
                0x0000000008000dc8       0x18 build/freertos.o
                0x0000000008000dc8                vApplicationGetIdleTaskMemory
 .text.MX_FREERTOS_Init
                0x0000000008000de0       0xfc build/freertos.o
                0x0000000008000de0                MX_FREERTOS_Init
 .text.Procesar_Corriente_RMS
                0x0000000008000edc       0x4c build/freertos.o
                0x0000000008000edc                Procesar_Corriente_RMS
 .text.StartAcquireTask
                0x0000000008000f28      0x148 build/freertos.o
                0x0000000008000f28                StartAcquireTask
 .text.MX_I2C1_Init
                0x0000000008001070       0x3c build/i2c.o
                0x0000000008001070                MX_I2C1_Init
 .text.HAL_I2C_MspInit
                0x00000000080010ac       0x64 build/i2c.o
                0x00000000080010ac                HAL_I2C_MspInit
 .text.MX_ADC1_Init
                0x0000000008001110       0x5c build/adc.o
                0x0000000008001110                MX_ADC1_Init
 .text.MX_ADC2_Init
                0x000000000800116c       0x58 build/adc.o
                0x000000000800116c                MX_ADC2_Init
 .text.HAL_ADC_MspInit
                0x00000000080011c4       0xc4 build/adc.o
                0x00000000080011c4                HAL_ADC_MspInit
 .text.MX_TIM3_Init
                0x0000000008001288       0xac build/tim.o
                0x0000000008001288                MX_TIM3_Init
 .text.HAL_TIM_Base_MspInit
                0x0000000008001334       0x6c build/tim.o
                0x0000000008001334                HAL_TIM_Base_MspInit
 .text.Features_ComputeRMSPeak
                0x00000000080013a0       0x6c build/features.o
                0x00000000080013a0                Features_ComputeRMSPeak
 .text.MX_USART1_UART_Init
                0x000000000800140c       0x34 build/usart.o
                0x000000000800140c                MX_USART1_UART_Init
 .text.HAL_UART_MspInit
                0x0000000008001440       0x78 build/usart.o
                0x0000000008001440                HAL_UART_MspInit
 .text.CAN_SendFloat
                0x00000000080014b8       0xa8 build/can_app.o
                0x00000000080014b8                CAN_SendFloat
 .text.ADXL345_Init
                0x0000000008001560       0x50 build/adxl345.o
                0x0000000008001560                ADXL345_Init
 .text.ADXL345_ReadXYZ
                0x00000000080015b0       0x5c build/adxl345.o
                0x00000000080015b0                ADXL345_ReadXYZ
 .text.NMI_Handler
                0x000000000800160c        0x2 build/stm32f1xx_it.o
                0x000000000800160c                NMI_Handler
 .text.HardFault_Handler
                0x000000000800160e        0x2 build/stm32f1xx_it.o
                0x000000000800160e                HardFault_Handler
 .text.MemManage_Handler
                0x0000000008001610        0x2 build/stm32f1xx_it.o
                0x0000000008001610                MemManage_Handler
 .text.BusFault_Handler
                0x0000000008001612        0x2 build/stm32f1xx_it.o
                0x0000000008001612                BusFault_Handler
 .text.UsageFault_Handler
                0x0000000008001614        0x2 build/stm32f1xx_it.o
                0x0000000008001614                UsageFault_Handler
 .text.DebugMon_Handler
                0x0000000008001616        0x2 build/stm32f1xx_it.o
                0x0000000008001616                DebugMon_Handler
 .text.TIM2_IRQHandler
                0x0000000008001618       0x10 build/stm32f1xx_it.o
                0x0000000008001618                TIM2_IRQHandler
 .text.TIM3_IRQHandler
                0x0000000008001628       0x10 build/stm32f1xx_it.o
                0x0000000008001628                TIM3_IRQHandler
 .text.ADC1_2_IRQHandler
                0x0000000008001638       0x18 build/stm32f1xx_it.o
                0x0000000008001638                ADC1_2_IRQHandler
 .text.HAL_MspInit
                0x0000000008001650       0x54 build/stm32f1xx_hal_msp.o
                0x0000000008001650                HAL_MspInit
 .text.HAL_InitTick
                0x00000000080016a4       0xa0 build/stm32f1xx_hal_timebase_tim.o
                0x00000000080016a4                HAL_InitTick
 .text.HAL_ADCEx_InjectedConvCpltCallback
                0x0000000008001744        0x2 build/stm32f1xx_hal_adc_ex.o
                0x0000000008001744                HAL_ADCEx_InjectedConvCpltCallback
 *fill*         0x0000000008001746        0x2 
 .text.HAL_ADC_PollForConversion
                0x0000000008001748      0x184 build/stm32f1xx_hal_adc.o
                0x0000000008001748                HAL_ADC_PollForConversion
 .text.HAL_ADC_GetValue
                0x00000000080018cc        0x6 build/stm32f1xx_hal_adc.o
                0x00000000080018cc                HAL_ADC_GetValue
 .text.HAL_ADC_LevelOutOfWindowCallback
                0x00000000080018d2        0x2 build/stm32f1xx_hal_adc.o
                0x00000000080018d2                HAL_ADC_LevelOutOfWindowCallback
 .text.HAL_ADC_IRQHandler
                0x00000000080018d4      0x102 build/stm32f1xx_hal_adc.o
                0x00000000080018d4                HAL_ADC_IRQHandler
 *fill*         0x00000000080019d6        0x2 
 .text.HAL_ADC_ConfigChannel
                0x00000000080019d8      0x144 build/stm32f1xx_hal_adc.o
                0x00000000080019d8                HAL_ADC_ConfigChannel
 .text.ADC_Enable
                0x0000000008001b1c       0x88 build/stm32f1xx_hal_adc.o
                0x0000000008001b1c                ADC_Enable
 .text.HAL_ADC_Start
                0x0000000008001ba4       0xe8 build/stm32f1xx_hal_adc.o
                0x0000000008001ba4                HAL_ADC_Start
 .text.HAL_ADC_Start_IT
                0x0000000008001c8c       0xf0 build/stm32f1xx_hal_adc.o
                0x0000000008001c8c                HAL_ADC_Start_IT
 .text.ADC_ConversionStop_Disable
                0x0000000008001d7c       0x56 build/stm32f1xx_hal_adc.o
                0x0000000008001d7c                ADC_ConversionStop_Disable
 *fill*         0x0000000008001dd2        0x2 
 .text.HAL_ADC_Init
                0x0000000008001dd4      0x108 build/stm32f1xx_hal_adc.o
                0x0000000008001dd4                HAL_ADC_Init
 .text.HAL_ADC_Stop
                0x0000000008001edc       0x34 build/stm32f1xx_hal_adc.o
                0x0000000008001edc                HAL_ADC_Stop
 .text.TIM_TI1_ConfigInputStage
                0x0000000008001f10       0x24 build/stm32f1xx_hal_tim.o
 .text.TIM_TI2_SetConfig
                0x0000000008001f34       0x36 build/stm32f1xx_hal_tim.o
 .text.TIM_TI2_ConfigInputStage
                0x0000000008001f6a       0x26 build/stm32f1xx_hal_tim.o
 .text.TIM_TI3_SetConfig
                0x0000000008001f90       0x36 build/stm32f1xx_hal_tim.o
 .text.TIM_TI4_SetConfig
                0x0000000008001fc6       0x36 build/stm32f1xx_hal_tim.o
 .text.HAL_TIM_Base_Start_IT
                0x0000000008001ffc       0x68 build/stm32f1xx_hal_tim.o
                0x0000000008001ffc                HAL_TIM_Base_Start_IT
 .text.HAL_TIM_IC_MspInit
                0x0000000008002064        0x2 build/stm32f1xx_hal_tim.o
                0x0000000008002064                HAL_TIM_IC_MspInit
 .text.HAL_TIM_ReadCapturedValue
                0x0000000008002066       0x32 build/stm32f1xx_hal_tim.o
                0x0000000008002066                HAL_TIM_ReadCapturedValue
 .text.HAL_TIM_OC_DelayElapsedCallback
                0x0000000008002098        0x2 build/stm32f1xx_hal_tim.o
                0x0000000008002098                HAL_TIM_OC_DelayElapsedCallback
 .text.HAL_TIM_PWM_PulseFinishedCallback
                0x000000000800209a        0x2 build/stm32f1xx_hal_tim.o
                0x000000000800209a                HAL_TIM_PWM_PulseFinishedCallback
 .text.HAL_TIM_TriggerCallback
                0x000000000800209c        0x2 build/stm32f1xx_hal_tim.o
                0x000000000800209c                HAL_TIM_TriggerCallback
 .text.HAL_TIM_IRQHandler
                0x000000000800209e      0x15e build/stm32f1xx_hal_tim.o
                0x000000000800209e                HAL_TIM_IRQHandler
 .text.TIM_Base_SetConfig
                0x00000000080021fc       0x84 build/stm32f1xx_hal_tim.o
                0x00000000080021fc                TIM_Base_SetConfig
 .text.HAL_TIM_Base_Init
                0x0000000008002280       0x58 build/stm32f1xx_hal_tim.o
                0x0000000008002280                HAL_TIM_Base_Init
 .text.HAL_TIM_IC_Init
                0x00000000080022d8       0x58 build/stm32f1xx_hal_tim.o
                0x00000000080022d8                HAL_TIM_IC_Init
 .text.TIM_TI1_SetConfig
                0x0000000008002330       0x58 build/stm32f1xx_hal_tim.o
                0x0000000008002330                TIM_TI1_SetConfig
 .text.HAL_TIM_IC_ConfigChannel
                0x0000000008002388       0xc4 build/stm32f1xx_hal_tim.o
                0x0000000008002388                HAL_TIM_IC_ConfigChannel
 .text.TIM_ETR_SetConfig
                0x000000000800244c       0x18 build/stm32f1xx_hal_tim.o
                0x000000000800244c                TIM_ETR_SetConfig
 .text.TIM_SlaveTimer_SetConfig
                0x0000000008002464       0xb8 build/stm32f1xx_hal_tim.o
 .text.HAL_TIM_SlaveConfigSynchro
                0x000000000800251c       0x52 build/stm32f1xx_hal_tim.o
                0x000000000800251c                HAL_TIM_SlaveConfigSynchro
 .text.TIM_CCxChannelCmd
                0x000000000800256e       0x1e build/stm32f1xx_hal_tim.o
                0x000000000800256e                TIM_CCxChannelCmd
 .text.HAL_TIM_IC_Start_IT
                0x000000000800258c      0x154 build/stm32f1xx_hal_tim.o
                0x000000000800258c                HAL_TIM_IC_Start_IT
 .text.HAL_TIMEx_MasterConfigSynchronization
                0x00000000080026e0       0x6c build/stm32f1xx_hal_tim_ex.o
                0x00000000080026e0                HAL_TIMEx_MasterConfigSynchronization
 .text.HAL_TIMEx_CommutCallback
                0x000000000800274c        0x2 build/stm32f1xx_hal_tim_ex.o
                0x000000000800274c                HAL_TIMEx_CommutCallback
 .text.HAL_TIMEx_BreakCallback
                0x000000000800274e        0x2 build/stm32f1xx_hal_tim_ex.o
                0x000000000800274e                HAL_TIMEx_BreakCallback
 .text.HAL_Init
                0x0000000008002750       0x24 build/stm32f1xx_hal.o
                0x0000000008002750                HAL_Init
 .text.HAL_IncTick
                0x0000000008002774       0x18 build/stm32f1xx_hal.o
                0x0000000008002774                HAL_IncTick
 .text.HAL_GetTick
                0x000000000800278c        0xc build/stm32f1xx_hal.o
                0x000000000800278c                HAL_GetTick
 .text.RCC_Delay
                0x0000000008002798       0x2c build/stm32f1xx_hal_rcc.o
 .text.HAL_RCC_OscConfig
                0x00000000080027c4      0x410 build/stm32f1xx_hal_rcc.o
                0x00000000080027c4                HAL_RCC_OscConfig
 .text.HAL_RCC_GetSysClockFreq
                0x0000000008002bd4       0x54 build/stm32f1xx_hal_rcc.o
                0x0000000008002bd4                HAL_RCC_GetSysClockFreq
 .text.HAL_RCC_ClockConfig
                0x0000000008002c28      0x16c build/stm32f1xx_hal_rcc.o
                0x0000000008002c28                HAL_RCC_ClockConfig
 .text.HAL_RCC_GetHCLKFreq
                0x0000000008002d94        0xc build/stm32f1xx_hal_rcc.o
                0x0000000008002d94                HAL_RCC_GetHCLKFreq
 .text.HAL_RCC_GetPCLK1Freq
                0x0000000008002da0       0x20 build/stm32f1xx_hal_rcc.o
                0x0000000008002da0                HAL_RCC_GetPCLK1Freq
 .text.HAL_RCC_GetPCLK2Freq
                0x0000000008002dc0       0x20 build/stm32f1xx_hal_rcc.o
                0x0000000008002dc0                HAL_RCC_GetPCLK2Freq
 .text.HAL_RCC_GetClockConfig
                0x0000000008002de0       0x3c build/stm32f1xx_hal_rcc.o
                0x0000000008002de0                HAL_RCC_GetClockConfig
 .text.HAL_RCCEx_PeriphCLKConfig
                0x0000000008002e1c      0x118 build/stm32f1xx_hal_rcc_ex.o
                0x0000000008002e1c                HAL_RCCEx_PeriphCLKConfig
 .text.HAL_RCCEx_GetPeriphCLKFreq
                0x0000000008002f34       0xd8 build/stm32f1xx_hal_rcc_ex.o
                0x0000000008002f34                HAL_RCCEx_GetPeriphCLKFreq
 .text.HAL_GPIO_Init
                0x000000000800300c      0x224 build/stm32f1xx_hal_gpio.o
                0x000000000800300c                HAL_GPIO_Init
 .text.HAL_GPIO_WritePin
                0x0000000008003230        0xc build/stm32f1xx_hal_gpio.o
                0x0000000008003230                HAL_GPIO_WritePin
 .text.HAL_NVIC_SetPriorityGrouping
                0x000000000800323c       0x24 build/stm32f1xx_hal_cortex.o
                0x000000000800323c                HAL_NVIC_SetPriorityGrouping
 .text.HAL_NVIC_SetPriority
                0x0000000008003260       0x70 build/stm32f1xx_hal_cortex.o
                0x0000000008003260                HAL_NVIC_SetPriority
 .text.HAL_NVIC_EnableIRQ
                0x00000000080032d0       0x1c build/stm32f1xx_hal_cortex.o
                0x00000000080032d0                HAL_NVIC_EnableIRQ
 .text.I2C_IsAcknowledgeFailed
                0x00000000080032ec       0x32 build/stm32f1xx_hal_i2c.o
 .text.I2C_WaitOnFlagUntilTimeout
                0x000000000800331e       0xaa build/stm32f1xx_hal_i2c.o
 .text.I2C_WaitOnMasterAddressFlagUntilTimeout
                0x00000000080033c8       0xd6 build/stm32f1xx_hal_i2c.o
 .text.I2C_WaitOnTXEFlagUntilTimeout
                0x000000000800349e       0x5e build/stm32f1xx_hal_i2c.o
 .text.I2C_RequestMemoryWrite
                0x00000000080034fc       0xd8 build/stm32f1xx_hal_i2c.o
 .text.I2C_RequestMemoryRead
                0x00000000080035d4      0x154 build/stm32f1xx_hal_i2c.o
 .text.I2C_WaitOnBTFFlagUntilTimeout
                0x0000000008003728       0x5e build/stm32f1xx_hal_i2c.o
 .text.I2C_WaitOnRXNEFlagUntilTimeout
                0x0000000008003786       0x78 build/stm32f1xx_hal_i2c.o
 *fill*         0x00000000080037fe        0x2 
 .text.HAL_I2C_Init
                0x0000000008003800      0x1bc build/stm32f1xx_hal_i2c.o
                0x0000000008003800                HAL_I2C_Init
 .text.HAL_I2C_Mem_Write
                0x00000000080039bc      0x164 build/stm32f1xx_hal_i2c.o
                0x00000000080039bc                HAL_I2C_Mem_Write
 .text.HAL_I2C_Mem_Read
                0x0000000008003b20      0x35c build/stm32f1xx_hal_i2c.o
                0x0000000008003b20                HAL_I2C_Mem_Read
 .text.UART_EndRxTransfer
                0x0000000008003e7c       0x5c build/stm32f1xx_hal_uart.o
 .text.UART_SetConfig
                0x0000000008003ed8       0x94 build/stm32f1xx_hal_uart.o
 .text.UART_WaitOnFlagUntilTimeout
                0x0000000008003f6c       0x8a build/stm32f1xx_hal_uart.o
 .text.HAL_UART_Init
                0x0000000008003ff6       0x60 build/stm32f1xx_hal_uart.o
                0x0000000008003ff6                HAL_UART_Init
 .text.HAL_UART_Transmit
                0x0000000008004056       0xcc build/stm32f1xx_hal_uart.o
                0x0000000008004056                HAL_UART_Transmit
 .text.SystemInit
                0x0000000008004122        0x2 build/system_stm32f1xx.o
                0x0000000008004122                SystemInit
 .text.vListInitialise
                0x0000000008004124       0x16 build/list.o
                0x0000000008004124                vListInitialise
 .text.vListInitialiseItem
                0x000000000800413a        0x6 build/list.o
                0x000000000800413a                vListInitialiseItem
 .text.vListInsertEnd
                0x0000000008004140       0x16 build/list.o
                0x0000000008004140                vListInsertEnd
 .text.vListInsert
                0x0000000008004156       0x32 build/list.o
                0x0000000008004156                vListInsert
 .text.uxListRemove
                0x0000000008004188       0x26 build/list.o
                0x0000000008004188                uxListRemove
 .text.prvIsQueueFull
                0x00000000080041ae       0x1e build/queue.o
 .text.prvIsQueueEmpty
                0x00000000080041cc       0x1a build/queue.o
 .text.prvCopyDataToQueue
                0x00000000080041e6       0x76 build/queue.o
 .text.prvCopyDataFromQueue
                0x000000000800425c       0x24 build/queue.o
 .text.prvUnlockQueue
                0x0000000008004280       0x6e build/queue.o
 .text.xQueueGenericReset
                0x00000000080042ee       0x84 build/queue.o
                0x00000000080042ee                xQueueGenericReset
 .text.prvInitialiseNewQueue
                0x0000000008004372       0x1c build/queue.o
 .text.xQueueGenericCreate
                0x000000000800438e       0x48 build/queue.o
                0x000000000800438e                xQueueGenericCreate
 .text.xQueueGenericSend
                0x00000000080043d6      0x188 build/queue.o
                0x00000000080043d6                xQueueGenericSend
 .text.xQueueReceive
                0x000000000800455e      0x15e build/queue.o
                0x000000000800455e                xQueueReceive
 .text.prvResetNextTaskUnblockTime
                0x00000000080046bc       0x2c build/tasks.o
 .text.prvInitialiseNewTask
                0x00000000080046e8       0xa2 build/tasks.o
 *fill*         0x000000000800478a        0x2 
 .text.prvInitialiseTaskLists
                0x000000000800478c       0x68 build/tasks.o
 .text.prvAddNewTaskToReadyList
                0x00000000080047f4       0xa8 build/tasks.o
 .text.prvDeleteTCB
                0x000000000800489c       0x38 build/tasks.o
 .text.prvCheckTasksWaitingTermination
                0x00000000080048d4       0x4c build/tasks.o
 .text.prvIdleTask
                0x0000000008004920       0x28 build/tasks.o
 .text.prvAddCurrentTaskToDelayedList
                0x0000000008004948       0x98 build/tasks.o
 .text.xTaskCreateStatic
                0x00000000080049e0       0x76 build/tasks.o
                0x00000000080049e0                xTaskCreateStatic
 .text.xTaskCreate
                0x0000000008004a56       0x68 build/tasks.o
                0x0000000008004a56                xTaskCreate
 *fill*         0x0000000008004abe        0x2 
 .text.vTaskStartScheduler
                0x0000000008004ac0       0x74 build/tasks.o
                0x0000000008004ac0                vTaskStartScheduler
 .text.vTaskSuspendAll
                0x0000000008004b34       0x10 build/tasks.o
                0x0000000008004b34                vTaskSuspendAll
 .text.xTaskGetTickCount
                0x0000000008004b44        0xc build/tasks.o
                0x0000000008004b44                xTaskGetTickCount
 .text.xTaskIncrementTick
                0x0000000008004b50      0x118 build/tasks.o
                0x0000000008004b50                xTaskIncrementTick
 .text.xTaskResumeAll
                0x0000000008004c68       0xf8 build/tasks.o
                0x0000000008004c68                xTaskResumeAll
 .text.vTaskDelayUntil
                0x0000000008004d60       0xa4 build/tasks.o
                0x0000000008004d60                vTaskDelayUntil
 .text.vTaskDelay
                0x0000000008004e04       0x4c build/tasks.o
                0x0000000008004e04                vTaskDelay
 .text.vTaskSwitchContext
                0x0000000008004e50       0x98 build/tasks.o
                0x0000000008004e50                vTaskSwitchContext
 .text.vTaskPlaceOnEventList
                0x0000000008004ee8       0x30 build/tasks.o
                0x0000000008004ee8                vTaskPlaceOnEventList
 .text.xTaskRemoveFromEventList
                0x0000000008004f18       0x8c build/tasks.o
                0x0000000008004f18                xTaskRemoveFromEventList
 .text.vTaskInternalSetTimeOutState
                0x0000000008004fa4       0x18 build/tasks.o
                0x0000000008004fa4                vTaskInternalSetTimeOutState
 .text.xTaskCheckForTimeOut
                0x0000000008004fbc       0x84 build/tasks.o
                0x0000000008004fbc                xTaskCheckForTimeOut
 .text.vTaskMissedYield
                0x0000000008005040        0xc build/tasks.o
                0x0000000008005040                vTaskMissedYield
 .text.xTaskGetSchedulerState
                0x000000000800504c       0x20 build/tasks.o
                0x000000000800504c                xTaskGetSchedulerState
 .text.xTaskPriorityDisinherit
                0x000000000800506c       0xb4 build/tasks.o
                0x000000000800506c                xTaskPriorityDisinherit
 .text.makeFreeRtosPriority
                0x0000000008005120        0xc build/cmsis_os.o
 .text.osKernelStart
                0x000000000800512c        0xa build/cmsis_os.o
                0x000000000800512c                osKernelStart
 .text.osThreadCreate
                0x0000000008005136       0x6a build/cmsis_os.o
                0x0000000008005136                osThreadCreate
 .text.osDelay  0x00000000080051a0        0xe build/cmsis_os.o
                0x00000000080051a0                osDelay
 *fill*         0x00000000080051ae        0x2 
 .text.prvHeapInit
                0x00000000080051b0       0x64 build/heap_4.o
 .text.prvInsertBlockIntoFreeList
                0x0000000008005214       0x60 build/heap_4.o
 .text.pvPortMalloc
                0x0000000008005274       0xfc build/heap_4.o
                0x0000000008005274                pvPortMalloc
 .text.vPortFree
                0x0000000008005370       0x7c build/heap_4.o
                0x0000000008005370                vPortFree
 .text.prvTaskExitError
                0x00000000080053ec       0x40 build/port.o
 .text.prvPortStartFirstTask
                0x000000000800542c       0x20 build/port.o
 .text.pxPortInitialiseStack
                0x000000000800544c       0x24 build/port.o
                0x000000000800544c                pxPortInitialiseStack
 .text.SVC_Handler
                0x0000000008005470       0x24 build/port.o
                0x0000000008005470                SVC_Handler
 .text.vPortEnterCritical
                0x0000000008005494       0x44 build/port.o
                0x0000000008005494                vPortEnterCritical
 .text.vPortExitCritical
                0x00000000080054d8       0x2c build/port.o
                0x00000000080054d8                vPortExitCritical
 *fill*         0x0000000008005504        0xc 
 .text.PendSV_Handler
                0x0000000008005510       0x44 build/port.o
                0x0000000008005510                PendSV_Handler
 .text.SysTick_Handler
                0x0000000008005554       0x2c build/port.o
                0x0000000008005554                SysTick_Handler
 .text.vPortSetupTimerInterrupt
                0x0000000008005580       0x28 build/port.o
                0x0000000008005580                vPortSetupTimerInterrupt
 .text.xPortStartScheduler
                0x00000000080055a8       0xc0 build/port.o
                0x00000000080055a8                xPortStartScheduler
 .text._sbrk    0x0000000008005668       0x48 build/sysmem.o
                0x0000000008005668                _sbrk
 .text._read    0x00000000080056b0       0x20 build/syscalls.o
                0x00000000080056b0                _read
 .text._close   0x00000000080056d0        0x6 build/syscalls.o
                0x00000000080056d0                _close
 .text._fstat   0x00000000080056d6        0xa build/syscalls.o
                0x00000000080056d6                _fstat
 .text._isatty  0x00000000080056e0        0x4 build/syscalls.o
                0x00000000080056e0                _isatty
 .text._lseek   0x00000000080056e4        0x4 build/syscalls.o
                0x00000000080056e4                _lseek
 .text.MX_CAN_Init
                0x00000000080056e8       0xe4 build/can.o
                0x00000000080056e8                MX_CAN_Init
 .text.HAL_CAN_MspInit
                0x00000000080057cc       0xa8 build/can.o
                0x00000000080057cc                HAL_CAN_MspInit
 .text.HAL_CAN_Init
                0x0000000008005874      0x14c build/stm32f1xx_hal_can.o
                0x0000000008005874                HAL_CAN_Init
 .text.HAL_CAN_ConfigFilter
                0x00000000080059c0      0x10c build/stm32f1xx_hal_can.o
                0x00000000080059c0                HAL_CAN_ConfigFilter
 .text.HAL_CAN_Start
                0x0000000008005acc       0x5c build/stm32f1xx_hal_can.o
                0x0000000008005acc                HAL_CAN_Start
 .text.HAL_CAN_AddTxMessage
                0x0000000008005b28       0xea build/stm32f1xx_hal_can.o
                0x0000000008005b28                HAL_CAN_AddTxMessage
 .text.HAL_CAN_GetTxMailboxesFreeLevel
                0x0000000008005c12       0x32 build/stm32f1xx_hal_can.o
                0x0000000008005c12                HAL_CAN_GetTxMailboxesFreeLevel
 .text.HAL_CAN_IsTxMessagePending
                0x0000000008005c44       0x26 build/stm32f1xx_hal_can.o
                0x0000000008005c44                HAL_CAN_IsTxMessagePending
 .text.HAL_CAN_ActivateNotification
                0x0000000008005c6a       0x24 build/stm32f1xx_hal_can.o
                0x0000000008005c6a                HAL_CAN_ActivateNotification
 *fill*         0x0000000008005c8e        0x2 
 .text.Reset_Handler
                0x0000000008005c90       0x48 build/startup_stm32f103xb.o
                0x0000000008005c90                Reset_Handler
 .text.Default_Handler
                0x0000000008005cd8        0x2 build/startup_stm32f103xb.o
                0x0000000008005cd8                RTC_Alarm_IRQHandler
                0x0000000008005cd8                EXTI2_IRQHandler
                0x0000000008005cd8                TIM1_CC_IRQHandler
                0x0000000008005cd8                PVD_IRQHandler
                0x0000000008005cd8                EXTI3_IRQHandler
                0x0000000008005cd8                EXTI0_IRQHandler
                0x0000000008005cd8                I2C2_EV_IRQHandler
                0x0000000008005cd8                SPI1_IRQHandler
                0x0000000008005cd8                TAMPER_IRQHandler
                0x0000000008005cd8                DMA1_Channel4_IRQHandler
                0x0000000008005cd8                USART3_IRQHandler
                0x0000000008005cd8                RTC_IRQHandler
                0x0000000008005cd8                DMA1_Channel7_IRQHandler
                0x0000000008005cd8                CAN1_RX1_IRQHandler
                0x0000000008005cd8                TIM4_IRQHandler
                0x0000000008005cd8                I2C1_EV_IRQHandler
                0x0000000008005cd8                DMA1_Channel6_IRQHandler
                0x0000000008005cd8                RCC_IRQHandler
                0x0000000008005cd8                TIM1_TRG_COM_IRQHandler
                0x0000000008005cd8                DMA1_Channel1_IRQHandler
                0x0000000008005cd8                Default_Handler
                0x0000000008005cd8                EXTI15_10_IRQHandler
                0x0000000008005cd8                EXTI9_5_IRQHandler
                0x0000000008005cd8                SPI2_IRQHandler
                0x0000000008005cd8                DMA1_Channel5_IRQHandler
                0x0000000008005cd8                EXTI4_IRQHandler
                0x0000000008005cd8                USB_LP_CAN1_RX0_IRQHandler
                0x0000000008005cd8                USB_HP_CAN1_TX_IRQHandler
                0x0000000008005cd8                DMA1_Channel3_IRQHandler
                0x0000000008005cd8                TIM1_UP_IRQHandler
                0x0000000008005cd8                WWDG_IRQHandler
                0x0000000008005cd8                TIM1_BRK_IRQHandler
                0x0000000008005cd8                EXTI1_IRQHandler
                0x0000000008005cd8                USART2_IRQHandler
                0x0000000008005cd8                I2C2_ER_IRQHandler
                0x0000000008005cd8                DMA1_Channel2_IRQHandler
                0x0000000008005cd8                CAN1_SCE_IRQHandler
                0x0000000008005cd8                FLASH_IRQHandler
                0x0000000008005cd8                USART1_IRQHandler
                0x0000000008005cd8                I2C1_ER_IRQHandler
                0x0000000008005cd8                USBWakeUp_IRQHandler
 *fill*         0x0000000008005cda        0x2 
 .text.__errno  0x0000000008005cdc        0xc /home/santiago/gcc-arm-none-eabi-10.3-2021.10-x86_64-linux/gcc-arm-none-eabi-10.3-2021.10/bin/../lib/gcc/arm-none-eabi/10.3.1/../../../../arm-none-eabi/lib/thumb/v7-m/nofp/libc_nano.a(lib_a-errno.o)
                0x0000000008005cdc                __errno
 .text.__libc_init_array
                0x0000000008005ce8       0x48 /home/santiago/gcc-arm-none-eabi-10.3-2021.10-x86_64-linux/gcc-arm-none-eabi-10.3-2021.10/bin/../lib/gcc/arm-none-eabi/10.3.1/../../../../arm-none-eabi/lib/thumb/v7-m/nofp/libc_nano.a(lib_a-init.o)
                0x0000000008005ce8                __libc_init_array
 .text.memcpy   0x0000000008005d30       0x1c /home/santiago/gcc-arm-none-eabi-10.3-2021.10-x86_64-linux/gcc-arm-none-eabi-10.3-2021.10/bin/../lib/gcc/arm-none-eabi/10.3.1/../../../../arm-none-eabi/lib/thumb/v7-m/nofp/libc_nano.a(lib_a-memcpy-stub.o)
                0x0000000008005d30                memcpy
 .text.memset   0x0000000008005d4c       0x10 /home/santiago/gcc-arm-none-eabi-10.3-2021.10-x86_64-linux/gcc-arm-none-eabi-10.3-2021.10/bin/../lib/gcc/arm-none-eabi/10.3.1/../../../../arm-none-eabi/lib/thumb/v7-m/nofp/libc_nano.a(lib_a-memset.o)
                0x0000000008005d4c                memset
 .text.printf   0x0000000008005d5c       0x30 /home/santiago/gcc-arm-none-eabi-10.3-2021.10-x86_64-linux/gcc-arm-none-eabi-10.3-2021.10/bin/../lib/gcc/arm-none-eabi/10.3.1/../../../../arm-none-eabi/lib/thumb/v7-m/nofp/libc_nano.a(lib_a-printf.o)
                0x0000000008005d5c                printf
                0x0000000008005d5c                iprintf
 .text._puts_r  0x0000000008005d8c       0xdc /home/santiago/gcc-arm-none-eabi-10.3-2021.10-x86_64-linux/gcc-arm-none-eabi-10.3-2021.10/bin/../lib/gcc/arm-none-eabi/10.3.1/../../../../arm-none-eabi/lib/thumb/v7-m/nofp/libc_nano.a(lib_a-puts.o)
                0x0000000008005d8c                _puts_r
 .text.puts     0x0000000008005e68       0x10 /home/santiago/gcc-arm-none-eabi-10.3-2021.10-x86_64-linux/gcc-arm-none-eabi-10.3-2021.10/bin/../lib/gcc/arm-none-eabi/10.3.1/../../../../arm-none-eabi/lib/thumb/v7-m/nofp/libc_nano.a(lib_a-puts.o)
                0x0000000008005e68                puts
 .text.__swbuf_r
                0x0000000008005e78       0xa4 /home/santiago/gcc-arm-none-eabi-10.3-2021.10-x86_64-linux/gcc-arm-none-eabi-10.3-2021.10/bin/../lib/gcc/arm-none-eabi/10.3.1/../../../../arm-none-eabi/lib/thumb/v7-m/nofp/libc_nano.a(lib_a-wbuf.o)
                0x0000000008005e78                __swbuf_r
 .text.__swsetup_r
                0x0000000008005f1c       0xdc /home/santiago/gcc-arm-none-eabi-10.3-2021.10-x86_64-linux/gcc-arm-none-eabi-10.3-2021.10/bin/../lib/gcc/arm-none-eabi/10.3.1/../../../../arm-none-eabi/lib/thumb/v7-m/nofp/libc_nano.a(lib_a-wsetup.o)
                0x0000000008005f1c                __swsetup_r
 .text.__sflush_r
                0x0000000008005ff8      0x104 /home/santiago/gcc-arm-none-eabi-10.3-2021.10-x86_64-linux/gcc-arm-none-eabi-10.3-2021.10/bin/../lib/gcc/arm-none-eabi/10.3.1/../../../../arm-none-eabi/lib/thumb/v7-m/nofp/libc_nano.a(lib_a-fflush.o)
                0x0000000008005ff8                __sflush_r
 .text._fflush_r
                0x00000000080060fc       0x78 /home/santiago/gcc-arm-none-eabi-10.3-2021.10-x86_64-linux/gcc-arm-none-eabi-10.3-2021.10/bin/../lib/gcc/arm-none-eabi/10.3.1/../../../../arm-none-eabi/lib/thumb/v7-m/nofp/libc_nano.a(lib_a-fflush.o)
                0x00000000080060fc                _fflush_r
 .text.std      0x0000000008006174       0x48 /home/santiago/gcc-arm-none-eabi-10.3-2021.10-x86_64-linux/gcc-arm-none-eabi-10.3-2021.10/bin/../lib/gcc/arm-none-eabi/10.3.1/../../../../arm-none-eabi/lib/thumb/v7-m/nofp/libc_nano.a(lib_a-findfp.o)
 .text._cleanup_r
                0x00000000080061bc        0xc /home/santiago/gcc-arm-none-eabi-10.3-2021.10-x86_64-linux/gcc-arm-none-eabi-10.3-2021.10/bin/../lib/gcc/arm-none-eabi/10.3.1/../../../../arm-none-eabi/lib/thumb/v7-m/nofp/libc_nano.a(lib_a-findfp.o)
                0x00000000080061bc                _cleanup_r
 .text.__sfmoreglue
                0x00000000080061c8       0x2c /home/santiago/gcc-arm-none-eabi-10.3-2021.10-x86_64-linux/gcc-arm-none-eabi-10.3-2021.10/bin/../lib/gcc/arm-none-eabi/10.3.1/../../../../arm-none-eabi/lib/thumb/v7-m/nofp/libc_nano.a(lib_a-findfp.o)
                0x00000000080061c8                __sfmoreglue
 .text.__sfp_lock_acquire
                0x00000000080061f4        0xc /home/santiago/gcc-arm-none-eabi-10.3-2021.10-x86_64-linux/gcc-arm-none-eabi-10.3-2021.10/bin/../lib/gcc/arm-none-eabi/10.3.1/../../../../arm-none-eabi/lib/thumb/v7-m/nofp/libc_nano.a(lib_a-findfp.o)
                0x00000000080061f4                __sfp_lock_acquire
 .text.__sfp_lock_release
                0x0000000008006200        0xc /home/santiago/gcc-arm-none-eabi-10.3-2021.10-x86_64-linux/gcc-arm-none-eabi-10.3-2021.10/bin/../lib/gcc/arm-none-eabi/10.3.1/../../../../arm-none-eabi/lib/thumb/v7-m/nofp/libc_nano.a(lib_a-findfp.o)
                0x0000000008006200                __sfp_lock_release
 .text.__sinit_lock_acquire
                0x000000000800620c        0xc /home/santiago/gcc-arm-none-eabi-10.3-2021.10-x86_64-linux/gcc-arm-none-eabi-10.3-2021.10/bin/../lib/gcc/arm-none-eabi/10.3.1/../../../../arm-none-eabi/lib/thumb/v7-m/nofp/libc_nano.a(lib_a-findfp.o)
                0x000000000800620c                __sinit_lock_acquire
 .text.__sinit_lock_release
                0x0000000008006218        0xc /home/santiago/gcc-arm-none-eabi-10.3-2021.10-x86_64-linux/gcc-arm-none-eabi-10.3-2021.10/bin/../lib/gcc/arm-none-eabi/10.3.1/../../../../arm-none-eabi/lib/thumb/v7-m/nofp/libc_nano.a(lib_a-findfp.o)
                0x0000000008006218                __sinit_lock_release
 .text.__sinit  0x0000000008006224       0x70 /home/santiago/gcc-arm-none-eabi-10.3-2021.10-x86_64-linux/gcc-arm-none-eabi-10.3-2021.10/bin/../lib/gcc/arm-none-eabi/10.3.1/../../../../arm-none-eabi/lib/thumb/v7-m/nofp/libc_nano.a(lib_a-findfp.o)
                0x0000000008006224                __sinit
 .text.__sfp    0x0000000008006294       0x8c /home/santiago/gcc-arm-none-eabi-10.3-2021.10-x86_64-linux/gcc-arm-none-eabi-10.3-2021.10/bin/../lib/gcc/arm-none-eabi/10.3.1/../../../../arm-none-eabi/lib/thumb/v7-m/nofp/libc_nano.a(lib_a-findfp.o)
                0x0000000008006294                __sfp
 .text._fwalk_reent
                0x0000000008006320       0x3e /home/santiago/gcc-arm-none-eabi-10.3-2021.10-x86_64-linux/gcc-arm-none-eabi-10.3-2021.10/bin/../lib/gcc/arm-none-eabi/10.3.1/../../../../arm-none-eabi/lib/thumb/v7-m/nofp/libc_nano.a(lib_a-fwalk.o)
                0x0000000008006320                _fwalk_reent
 .text.__retarget_lock_init_recursive
                0x000000000800635e        0x2 /home/santiago/gcc-arm-none-eabi-10.3-2021.10-x86_64-linux/gcc-arm-none-eabi-10.3-2021.10/bin/../lib/gcc/arm-none-eabi/10.3.1/../../../../arm-none-eabi/lib/thumb/v7-m/nofp/libc_nano.a(lib_a-lock.o)
                0x000000000800635e                __retarget_lock_init_recursive
 .text.__retarget_lock_acquire_recursive
                0x0000000008006360        0x2 /home/santiago/gcc-arm-none-eabi-10.3-2021.10-x86_64-linux/gcc-arm-none-eabi-10.3-2021.10/bin/../lib/gcc/arm-none-eabi/10.3.1/../../../../arm-none-eabi/lib/thumb/v7-m/nofp/libc_nano.a(lib_a-lock.o)
                0x0000000008006360                __retarget_lock_acquire_recursive
 .text.__retarget_lock_release_recursive
                0x0000000008006362        0x2 /home/santiago/gcc-arm-none-eabi-10.3-2021.10-x86_64-linux/gcc-arm-none-eabi-10.3-2021.10/bin/../lib/gcc/arm-none-eabi/10.3.1/../../../../arm-none-eabi/lib/thumb/v7-m/nofp/libc_nano.a(lib_a-lock.o)
                0x0000000008006362                __retarget_lock_release_recursive
 .text.__swhatbuf_r
                0x0000000008006364       0x4a /home/santiago/gcc-arm-none-eabi-10.3-2021.10-x86_64-linux/gcc-arm-none-eabi-10.3-2021.10/bin/../lib/gcc/arm-none-eabi/10.3.1/../../../../arm-none-eabi/lib/thumb/v7-m/nofp/libc_nano.a(lib_a-makebuf.o)
                0x0000000008006364                __swhatbuf_r
 *fill*         0x00000000080063ae        0x2 
 .text.__smakebuf_r
                0x00000000080063b0       0x80 /home/santiago/gcc-arm-none-eabi-10.3-2021.10-x86_64-linux/gcc-arm-none-eabi-10.3-2021.10/bin/../lib/gcc/arm-none-eabi/10.3.1/../../../../arm-none-eabi/lib/thumb/v7-m/nofp/libc_nano.a(lib_a-makebuf.o)
                0x00000000080063b0                __smakebuf_r
 .text._free_r  0x0000000008006430       0x90 /home/santiago/gcc-arm-none-eabi-10.3-2021.10-x86_64-linux/gcc-arm-none-eabi-10.3-2021.10/bin/../lib/gcc/arm-none-eabi/10.3.1/../../../../arm-none-eabi/lib/thumb/v7-m/nofp/libc_nano.a(lib_a-nano-freer.o)
                0x0000000008006430                _free_r
 .text.sbrk_aligned
                0x00000000080064c0       0x40 /home/santiago/gcc-arm-none-eabi-10.3-2021.10-x86_64-linux/gcc-arm-none-eabi-10.3-2021.10/bin/../lib/gcc/arm-none-eabi/10.3.1/../../../../arm-none-eabi/lib/thumb/v7-m/nofp/libc_nano.a(lib_a-nano-mallocr.o)
 .text._malloc_r
                0x0000000008006500       0xe8 /home/santiago/gcc-arm-none-eabi-10.3-2021.10-x86_64-linux/gcc-arm-none-eabi-10.3-2021.10/bin/../lib/gcc/arm-none-eabi/10.3.1/../../../../arm-none-eabi/lib/thumb/v7-m/nofp/libc_nano.a(lib_a-nano-mallocr.o)
                0x0000000008006500                _malloc_r
 .text.__sfputc_r
                0x00000000080065e8       0x2a /home/santiago/gcc-arm-none-eabi-10.3-2021.10-x86_64-linux/gcc-arm-none-eabi-10.3-2021.10/bin/../lib/gcc/arm-none-eabi/10.3.1/../../../../arm-none-eabi/lib/thumb/v7-m/nofp/libc_nano.a(lib_a-nano-vfprintf.o)
 .text.__sfputs_r
                0x0000000008006612       0x24 /home/santiago/gcc-arm-none-eabi-10.3-2021.10-x86_64-linux/gcc-arm-none-eabi-10.3-2021.10/bin/../lib/gcc/arm-none-eabi/10.3.1/../../../../arm-none-eabi/lib/thumb/v7-m/nofp/libc_nano.a(lib_a-nano-vfprintf.o)
                0x0000000008006612                __sfputs_r
 *fill*         0x0000000008006636        0x2 
 .text._vfprintf_r
                0x0000000008006638      0x260 /home/santiago/gcc-arm-none-eabi-10.3-2021.10-x86_64-linux/gcc-arm-none-eabi-10.3-2021.10/bin/../lib/gcc/arm-none-eabi/10.3.1/../../../../arm-none-eabi/lib/thumb/v7-m/nofp/libc_nano.a(lib_a-nano-vfprintf.o)
                0x0000000008006638                _vfiprintf_r
                0x0000000008006638                _vfprintf_r
 .text._printf_common
                0x0000000008006898       0xde /home/santiago/gcc-arm-none-eabi-10.3-2021.10-x86_64-linux/gcc-arm-none-eabi-10.3-2021.10/bin/../lib/gcc/arm-none-eabi/10.3.1/../../../../arm-none-eabi/lib/thumb/v7-m/nofp/libc_nano.a(lib_a-nano-vfprintf_i.o)
                0x0000000008006898                _printf_common
 *fill*         0x0000000008006976        0x2 
 .text._printf_i
                0x0000000008006978      0x24c /home/santiago/gcc-arm-none-eabi-10.3-2021.10-x86_64-linux/gcc-arm-none-eabi-10.3-2021.10/bin/../lib/gcc/arm-none-eabi/10.3.1/../../../../arm-none-eabi/lib/thumb/v7-m/nofp/libc_nano.a(lib_a-nano-vfprintf_i.o)
                0x0000000008006978                _printf_i
 .text._sbrk_r  0x0000000008006bc4       0x20 /home/santiago/gcc-arm-none-eabi-10.3-2021.10-x86_64-linux/gcc-arm-none-eabi-10.3-2021.10/bin/../lib/gcc/arm-none-eabi/10.3.1/../../../../arm-none-eabi/lib/thumb/v7-m/nofp/libc_nano.a(lib_a-sbrkr.o)
                0x0000000008006bc4                _sbrk_r
 .text.__sread  0x0000000008006be4       0x22 /home/santiago/gcc-arm-none-eabi-10.3-2021.10-x86_64-linux/gcc-arm-none-eabi-10.3-2021.10/bin/../lib/gcc/arm-none-eabi/10.3.1/../../../../arm-none-eabi/lib/thumb/v7-m/nofp/libc_nano.a(lib_a-stdio.o)
                0x0000000008006be4                __sread
 .text.__swrite
                0x0000000008006c06       0x38 /home/santiago/gcc-arm-none-eabi-10.3-2021.10-x86_64-linux/gcc-arm-none-eabi-10.3-2021.10/bin/../lib/gcc/arm-none-eabi/10.3.1/../../../../arm-none-eabi/lib/thumb/v7-m/nofp/libc_nano.a(lib_a-stdio.o)
                0x0000000008006c06                __swrite
 .text.__sseek  0x0000000008006c3e       0x24 /home/santiago/gcc-arm-none-eabi-10.3-2021.10-x86_64-linux/gcc-arm-none-eabi-10.3-2021.10/bin/../lib/gcc/arm-none-eabi/10.3.1/../../../../arm-none-eabi/lib/thumb/v7-m/nofp/libc_nano.a(lib_a-stdio.o)
                0x0000000008006c3e                __sseek
 .text.__sclose
                0x0000000008006c62        0x8 /home/santiago/gcc-arm-none-eabi-10.3-2021.10-x86_64-linux/gcc-arm-none-eabi-10.3-2021.10/bin/../lib/gcc/arm-none-eabi/10.3.1/../../../../arm-none-eabi/lib/thumb/v7-m/nofp/libc_nano.a(lib_a-stdio.o)
                0x0000000008006c62                __sclose
 *fill*         0x0000000008006c6a        0x2 
 .text._write_r
                0x0000000008006c6c       0x24 /home/santiago/gcc-arm-none-eabi-10.3-2021.10-x86_64-linux/gcc-arm-none-eabi-10.3-2021.10/bin/../lib/gcc/arm-none-eabi/10.3.1/../../../../arm-none-eabi/lib/thumb/v7-m/nofp/libc_nano.a(lib_a-writer.o)
                0x0000000008006c6c                _write_r
 .text._close_r
                0x0000000008006c90       0x20 /home/santiago/gcc-arm-none-eabi-10.3-2021.10-x86_64-linux/gcc-arm-none-eabi-10.3-2021.10/bin/../lib/gcc/arm-none-eabi/10.3.1/../../../../arm-none-eabi/lib/thumb/v7-m/nofp/libc_nano.a(lib_a-closer.o)
                0x0000000008006c90                _close_r
 .text._fstat_r
                0x0000000008006cb0       0x24 /home/santiago/gcc-arm-none-eabi-10.3-2021.10-x86_64-linux/gcc-arm-none-eabi-10.3-2021.10/bin/../lib/gcc/arm-none-eabi/10.3.1/../../../../arm-none-eabi/lib/thumb/v7-m/nofp/libc_nano.a(lib_a-fstatr.o)
                0x0000000008006cb0                _fstat_r
 .text._isatty_r
                0x0000000008006cd4       0x20 /home/santiago/gcc-arm-none-eabi-10.3-2021.10-x86_64-linux/gcc-arm-none-eabi-10.3-2021.10/bin/../lib/gcc/arm-none-eabi/10.3.1/../../../../arm-none-eabi/lib/thumb/v7-m/nofp/libc_nano.a(lib_a-isattyr.o)
                0x0000000008006cd4                _isatty_r
 .text._lseek_r
                0x0000000008006cf4       0x24 /home/santiago/gcc-arm-none-eabi-10.3-2021.10-x86_64-linux/gcc-arm-none-eabi-10.3-2021.10/bin/../lib/gcc/arm-none-eabi/10.3.1/../../../../arm-none-eabi/lib/thumb/v7-m/nofp/libc_nano.a(lib_a-lseekr.o)
                0x0000000008006cf4                _lseek_r
 .text.memchr   0x0000000008006d18       0x1c /home/santiago/gcc-arm-none-eabi-10.3-2021.10-x86_64-linux/gcc-arm-none-eabi-10.3-2021.10/bin/../lib/gcc/arm-none-eabi/10.3.1/../../../../arm-none-eabi/lib/thumb/v7-m/nofp/libc_nano.a(lib_a-memchr-stub.o)
                0x0000000008006d18                memchr
 .text.__malloc_lock
                0x0000000008006d34        0xc /home/santiago/gcc-arm-none-eabi-10.3-2021.10-x86_64-linux/gcc-arm-none-eabi-10.3-2021.10/bin/../lib/gcc/arm-none-eabi/10.3.1/../../../../arm-none-eabi/lib/thumb/v7-m/nofp/libc_nano.a(lib_a-mlock.o)
                0x0000000008006d34                __malloc_lock
 .text.__malloc_unlock
                0x0000000008006d40        0xc /home/santiago/gcc-arm-none-eabi-10.3-2021.10-x86_64-linux/gcc-arm-none-eabi-10.3-2021.10/bin/../lib/gcc/arm-none-eabi/10.3.1/../../../../arm-none-eabi/lib/thumb/v7-m/nofp/libc_nano.a(lib_a-mlock.o)
                0x0000000008006d40                __malloc_unlock
 .text._read_r  0x0000000008006d4c       0x24 /home/santiago/gcc-arm-none-eabi-10.3-2021.10-x86_64-linux/gcc-arm-none-eabi-10.3-2021.10/bin/../lib/gcc/arm-none-eabi/10.3.1/../../../../arm-none-eabi/lib/thumb/v7-m/nofp/libc_nano.a(lib_a-readr.o)
                0x0000000008006d4c                _read_r
 .text.sqrtf    0x0000000008006d70       0x3c /home/santiago/gcc-arm-none-eabi-10.3-2021.10-x86_64-linux/gcc-arm-none-eabi-10.3-2021.10/bin/../lib/gcc/arm-none-eabi/10.3.1/../../../../arm-none-eabi/lib/thumb/v7-m/nofp/libm.a(lib_a-wf_sqrt.o)
                0x0000000008006d70                sqrtf
 .text.__ieee754_sqrtf
                0x0000000008006dac       0xb0 /home/santiago/gcc-arm-none-eabi-10.3-2021.10-x86_64-linux/gcc-arm-none-eabi-10.3-2021.10/bin/../lib/gcc/arm-none-eabi/10.3.1/../../../../arm-none-eabi/lib/thumb/v7-m/nofp/libm.a(lib_a-ef_sqrt.o)
                0x0000000008006dac                __ieee754_sqrtf
 *(.glue_7)
 .glue_7        0x0000000008006e5c        0x0 linker stubs
 *(.glue_7t)
 .glue_7t       0x0000000008006e5c        0x0 linker stubs
 *(.eh_frame)
 .eh_frame      0x0000000008006e5c        0x0 /home/santiago/gcc-arm-none-eabi-10.3-2021.10-x86_64-linux/gcc-arm-none-eabi-10.3-2021.10/bin/../lib/gcc/arm-none-eabi/10.3.1/thumb/v7-m/nofp/crtbegin.o
 *(.init)
 .init          0x0000000008006e5c        0x4 /home/santiago/gcc-arm-none-eabi-10.3-2021.10-x86_64-linux/gcc-arm-none-eabi-10.3-2021.10/bin/../lib/gcc/arm-none-eabi/10.3.1/thumb/v7-m/nofp/crti.o
                0x0000000008006e5c                _init
 .init          0x0000000008006e60        0x8 /home/santiago/gcc-arm-none-eabi-10.3-2021.10-x86_64-linux/gcc-arm-none-eabi-10.3-2021.10/bin/../lib/gcc/arm-none-eabi/10.3.1/thumb/v7-m/nofp/crtn.o
 *(.fini)
 .fini          0x0000000008006e68        0x4 /home/santiago/gcc-arm-none-eabi-10.3-2021.10-x86_64-linux/gcc-arm-none-eabi-10.3-2021.10/bin/../lib/gcc/arm-none-eabi/10.3.1/thumb/v7-m/nofp/crti.o
                0x0000000008006e68                _fini
 .fini          0x0000000008006e6c        0x8 /home/santiago/gcc-arm-none-eabi-10.3-2021.10-x86_64-linux/gcc-arm-none-eabi-10.3-2021.10/bin/../lib/gcc/arm-none-eabi/10.3.1/thumb/v7-m/nofp/crtn.o
                0x0000000008006e74                . = ALIGN (0x4)
                0x0000000008006e74                _etext = .

.vfp11_veneer   0x0000000008006e74        0x0
 .vfp11_veneer  0x0000000008006e74        0x0 linker stubs

.v4_bx          0x0000000008006e74        0x0
 .v4_bx         0x0000000008006e74        0x0 linker stubs

.iplt           0x0000000008006e74        0x0
 .iplt          0x0000000008006e74        0x0 /home/santiago/gcc-arm-none-eabi-10.3-2021.10-x86_64-linux/gcc-arm-none-eabi-10.3-2021.10/bin/../lib/gcc/arm-none-eabi/10.3.1/thumb/v7-m/nofp/crtbegin.o

.rodata         0x0000000008006e74      0x2a0
                0x0000000008006e74                . = ALIGN (0x4)
 *(.rodata)
 .rodata        0x0000000008006e74       0x70 build/freertos.o
 *(.rodata*)
 .rodata.str1.4
                0x0000000008006ee4       0x20 build/freertos.o
 .rodata.StartPackageTask.str1.4
                0x0000000008006f04       0x16 build/freertos.o
 *fill*         0x0000000008006f1a        0x2 
 .rodata.StartTxCAN.str1.4
                0x0000000008006f1c       0x14 build/freertos.o
 .rodata.StartAcquireTask.str1.4
                0x0000000008006f30       0x19 build/freertos.o
 *fill*         0x0000000008006f49        0x3 
 .rodata.CAN_SendFloat.str1.4
                0x0000000008006f4c       0x71 build/can_app.o
 *fill*         0x0000000008006fbd        0x3 
 .rodata.aPLLMULFactorTable.1
                0x0000000008006fc0       0x10 build/stm32f1xx_hal_rcc.o
 .rodata.aPredivFactorTable.0
                0x0000000008006fd0        0x2 build/stm32f1xx_hal_rcc.o
 *fill*         0x0000000008006fd2        0x2 
 .rodata.aPLLMULFactorTable.1
                0x0000000008006fd4       0x10 build/stm32f1xx_hal_rcc_ex.o
 .rodata.aPredivFactorTable.0
                0x0000000008006fe4        0x2 build/stm32f1xx_hal_rcc_ex.o
 *fill*         0x0000000008006fe6        0x2 
 .rodata.AHBPrescTable
                0x0000000008006fe8       0x10 build/system_stm32f1xx.o
                0x0000000008006fe8                AHBPrescTable
 .rodata.APBPrescTable
                0x0000000008006ff8        0x8 build/system_stm32f1xx.o
                0x0000000008006ff8                APBPrescTable
 .rodata.vTaskStartScheduler.str1.4
                0x0000000008007000        0x5 build/tasks.o
 *fill*         0x0000000008007005        0x3 
 .rodata.MX_CAN_Init.str1.4
                0x0000000008007008       0x73 build/can.o
 *fill*         0x000000000800707b        0x1 
 .rodata._global_impure_ptr
                0x000000000800707c        0x4 /home/santiago/gcc-arm-none-eabi-10.3-2021.10-x86_64-linux/gcc-arm-none-eabi-10.3-2021.10/bin/../lib/gcc/arm-none-eabi/10.3.1/../../../../arm-none-eabi/lib/thumb/v7-m/nofp/libc_nano.a(lib_a-impure.o)
                0x000000000800707c                _global_impure_ptr
 .rodata.__sf_fake_stderr
                0x0000000008007080       0x20 /home/santiago/gcc-arm-none-eabi-10.3-2021.10-x86_64-linux/gcc-arm-none-eabi-10.3-2021.10/bin/../lib/gcc/arm-none-eabi/10.3.1/../../../../arm-none-eabi/lib/thumb/v7-m/nofp/libc_nano.a(lib_a-findfp.o)
                0x0000000008007080                __sf_fake_stderr
 .rodata.__sf_fake_stdin
                0x00000000080070a0       0x20 /home/santiago/gcc-arm-none-eabi-10.3-2021.10-x86_64-linux/gcc-arm-none-eabi-10.3-2021.10/bin/../lib/gcc/arm-none-eabi/10.3.1/../../../../arm-none-eabi/lib/thumb/v7-m/nofp/libc_nano.a(lib_a-findfp.o)
                0x00000000080070a0                __sf_fake_stdin
 .rodata.__sf_fake_stdout
                0x00000000080070c0       0x20 /home/santiago/gcc-arm-none-eabi-10.3-2021.10-x86_64-linux/gcc-arm-none-eabi-10.3-2021.10/bin/../lib/gcc/arm-none-eabi/10.3.1/../../../../arm-none-eabi/lib/thumb/v7-m/nofp/libc_nano.a(lib_a-findfp.o)
                0x00000000080070c0                __sf_fake_stdout
 .rodata._vfprintf_r.str1.1
                0x00000000080070e0       0x11 /home/santiago/gcc-arm-none-eabi-10.3-2021.10-x86_64-linux/gcc-arm-none-eabi-10.3-2021.10/bin/../lib/gcc/arm-none-eabi/10.3.1/../../../../arm-none-eabi/lib/thumb/v7-m/nofp/libc_nano.a(lib_a-nano-vfprintf.o)
 .rodata._printf_i.str1.1
                0x00000000080070f1       0x22 /home/santiago/gcc-arm-none-eabi-10.3-2021.10-x86_64-linux/gcc-arm-none-eabi-10.3-2021.10/bin/../lib/gcc/arm-none-eabi/10.3.1/../../../../arm-none-eabi/lib/thumb/v7-m/nofp/libc_nano.a(lib_a-nano-vfprintf_i.o)
                0x0000000008007114                . = ALIGN (0x4)
 *fill*         0x0000000008007113        0x1 

.rel.dyn        0x0000000008007114        0x0
 .rel.iplt      0x0000000008007114        0x0 /home/santiago/gcc-arm-none-eabi-10.3-2021.10-x86_64-linux/gcc-arm-none-eabi-10.3-2021.10/bin/../lib/gcc/arm-none-eabi/10.3.1/thumb/v7-m/nofp/crtbegin.o

.ARM.extab      0x0000000008007114        0x0
                0x0000000008007114                . = ALIGN (0x4)
 *(.ARM.extab* .gnu.linkonce.armextab.*)
                0x0000000008007114                . = ALIGN (0x4)

.ARM            0x0000000008007114        0x0
                0x0000000008007114                . = ALIGN (0x4)
                0x0000000008007114                __exidx_start = .
 *(.ARM.exidx*)
                0x0000000008007114                __exidx_end = .
                0x0000000008007114                . = ALIGN (0x4)

.preinit_array  0x0000000008007114        0x0
                0x0000000008007114                . = ALIGN (0x4)
                0x0000000008007114                PROVIDE (__preinit_array_start = .)
 *(.preinit_array*)
                0x0000000008007114                PROVIDE (__preinit_array_end = .)
                0x0000000008007114                . = ALIGN (0x4)

.init_array     0x0000000008007114        0x4
                0x0000000008007114                . = ALIGN (0x4)
                0x0000000008007114                PROVIDE (__init_array_start = .)
 *(SORT_BY_NAME(.init_array.*))
 *(.init_array*)
 .init_array    0x0000000008007114        0x4 /home/santiago/gcc-arm-none-eabi-10.3-2021.10-x86_64-linux/gcc-arm-none-eabi-10.3-2021.10/bin/../lib/gcc/arm-none-eabi/10.3.1/thumb/v7-m/nofp/crtbegin.o
                0x0000000008007118                PROVIDE (__init_array_end = .)
                0x0000000008007118                . = ALIGN (0x4)

.fini_array     0x0000000008007118        0x4
                0x0000000008007118                . = ALIGN (0x4)
                [!provide]                        PROVIDE (__fini_array_start = .)
 *(SORT_BY_NAME(.fini_array.*))
 *(.fini_array*)
 .fini_array    0x0000000008007118        0x4 /home/santiago/gcc-arm-none-eabi-10.3-2021.10-x86_64-linux/gcc-arm-none-eabi-10.3-2021.10/bin/../lib/gcc/arm-none-eabi/10.3.1/thumb/v7-m/nofp/crtbegin.o
                [!provide]                        PROVIDE (__fini_array_end = .)
                0x000000000800711c                . = ALIGN (0x4)
                0x000000000800711c                _sidata = LOADADDR (.data)

.data           0x0000000020000000       0x74 load address 0x000000000800711c
                0x0000000020000000                . = ALIGN (0x4)
                0x0000000020000000                _sdata = .
 *(.data)
 *(.data*)
 .data.uwTickFreq
                0x0000000020000000        0x1 build/stm32f1xx_hal.o
                0x0000000020000000                uwTickFreq
 *fill*         0x0000000020000001        0x3 
 .data.uwTickPrio
                0x0000000020000004        0x4 build/stm32f1xx_hal.o
                0x0000000020000004                uwTickPrio
 .data.SystemCoreClock
                0x0000000020000008        0x4 build/system_stm32f1xx.o
                0x0000000020000008                SystemCoreClock
 .data.uxCriticalNesting
                0x000000002000000c        0x4 build/port.o
 .data._impure_ptr
                0x0000000020000010        0x4 /home/santiago/gcc-arm-none-eabi-10.3-2021.10-x86_64-linux/gcc-arm-none-eabi-10.3-2021.10/bin/../lib/gcc/arm-none-eabi/10.3.1/../../../../arm-none-eabi/lib/thumb/v7-m/nofp/libc_nano.a(lib_a-impure.o)
                0x0000000020000010                _impure_ptr
 .data.impure_data
                0x0000000020000014       0x60 /home/santiago/gcc-arm-none-eabi-10.3-2021.10-x86_64-linux/gcc-arm-none-eabi-10.3-2021.10/bin/../lib/gcc/arm-none-eabi/10.3.1/../../../../arm-none-eabi/lib/thumb/v7-m/nofp/libc_nano.a(lib_a-impure.o)
 *(.RamFunc)
 *(.RamFunc*)
                0x0000000020000074                . = ALIGN (0x4)
                0x0000000020000074                _edata = .

.igot.plt       0x0000000020000074        0x0 load address 0x0000000008007190
 .igot.plt      0x0000000020000074        0x0 /home/santiago/gcc-arm-none-eabi-10.3-2021.10-x86_64-linux/gcc-arm-none-eabi-10.3-2021.10/bin/../lib/gcc/arm-none-eabi/10.3.1/thumb/v7-m/nofp/crtbegin.o
                0x0000000020000074                . = ALIGN (0x4)

.bss            0x0000000020000074     0x4388 load address 0x0000000008007190
                0x0000000020000074                _sbss = .
                0x0000000020000074                __bss_start__ = _sbss
 *(.bss)
 .bss           0x0000000020000074       0x1c /home/santiago/gcc-arm-none-eabi-10.3-2021.10-x86_64-linux/gcc-arm-none-eabi-10.3-2021.10/bin/../lib/gcc/arm-none-eabi/10.3.1/thumb/v7-m/nofp/crtbegin.o
 *(.bss*)
 .bss.adc_buffer_corriente
                0x0000000020000090       0xc8 build/main.o
                0x0000000020000090                adc_buffer_corriente
 .bss.buffer_listo
                0x0000000020000158        0x1 build/main.o
                0x0000000020000158                buffer_listo
 *fill*         0x0000000020000159        0x3 
 .bss.diff_ticks
                0x000000002000015c        0x4 build/main.o
                0x000000002000015c                diff_ticks
 .bss.indice_adc
                0x0000000020000160        0x2 build/main.o
                0x0000000020000160                indice_adc
 .bss.new_read  0x0000000020000162        0x1 build/main.o
                0x0000000020000162                new_read
 *fill*         0x0000000020000163        0x1 
 .bss.acquireHandle
                0x0000000020000164        0x4 build/freertos.o
                0x0000000020000164                acquireHandle
 .bss.acumulador_ticks.1
                0x0000000020000168        0x4 build/freertos.o
 .bss.canQueue  0x000000002000016c        0x4 build/freertos.o
                0x000000002000016c                canQueue
 .bss.contador_pulsos.0
                0x0000000020000170        0x1 build/freertos.o
 *fill*         0x0000000020000171        0x3 
 .bss.corriente_actual
                0x0000000020000174        0x4 build/freertos.o
                0x0000000020000174                corriente_actual
 .bss.packageHandle
                0x0000000020000178        0x4 build/freertos.o
                0x0000000020000178                packageHandle
 .bss.raw.2     0x000000002000017c       0xf8 build/freertos.o
 .bss.rawQueue  0x0000000020000274        0x4 build/freertos.o
                0x0000000020000274                rawQueue
 .bss.samplerHandle
                0x0000000020000278        0x4 build/freertos.o
                0x0000000020000278                samplerHandle
 .bss.temp_filtrada
                0x000000002000027c        0x4 build/freertos.o
                0x000000002000027c                temp_filtrada
 .bss.txCANHandle
                0x0000000020000280        0x4 build/freertos.o
                0x0000000020000280                txCANHandle
 .bss.xIdleStack
                0x0000000020000284      0x200 build/freertos.o
 .bss.xIdleTaskTCBBuffer
                0x0000000020000484       0x54 build/freertos.o
 .bss.hi2c1     0x00000000200004d8       0x54 build/i2c.o
                0x00000000200004d8                hi2c1
 .bss.hadc1     0x000000002000052c       0x30 build/adc.o
                0x000000002000052c                hadc1
 .bss.hadc2     0x000000002000055c       0x30 build/adc.o
                0x000000002000055c                hadc2
 .bss.htim3     0x000000002000058c       0x48 build/tim.o
                0x000000002000058c                htim3
 .bss.huart1    0x00000000200005d4       0x48 build/usart.o
                0x00000000200005d4                huart1
 .bss.adxl_i2c  0x000000002000061c        0x4 build/adxl345.o
 .bss.htim2     0x0000000020000620       0x48 build/stm32f1xx_hal_timebase_tim.o
                0x0000000020000620                htim2
 .bss.uwTick    0x0000000020000668        0x4 build/stm32f1xx_hal.o
                0x0000000020000668                uwTick
 .bss.pxCurrentTCB
                0x000000002000066c        0x4 build/tasks.o
                0x000000002000066c                pxCurrentTCB
 .bss.pxDelayedTaskList
                0x0000000020000670        0x4 build/tasks.o
 .bss.pxOverflowDelayedTaskList
                0x0000000020000674        0x4 build/tasks.o
 .bss.pxReadyTasksLists
                0x0000000020000678       0x8c build/tasks.o
 .bss.uxCurrentNumberOfTasks
                0x0000000020000704        0x4 build/tasks.o
 .bss.uxDeletedTasksWaitingCleanUp
                0x0000000020000708        0x4 build/tasks.o
 .bss.uxSchedulerSuspended
                0x000000002000070c        0x4 build/tasks.o
 .bss.uxTaskNumber
                0x0000000020000710        0x4 build/tasks.o
 .bss.uxTopReadyPriority
                0x0000000020000714        0x4 build/tasks.o
 .bss.xDelayedTaskList1
                0x0000000020000718       0x14 build/tasks.o
 .bss.xDelayedTaskList2
                0x000000002000072c       0x14 build/tasks.o
 .bss.xIdleTaskHandle
                0x0000000020000740        0x4 build/tasks.o
 .bss.xNextTaskUnblockTime
                0x0000000020000744        0x4 build/tasks.o
 .bss.xNumOfOverflows
                0x0000000020000748        0x4 build/tasks.o
 .bss.xPendedTicks
                0x000000002000074c        0x4 build/tasks.o
 .bss.xPendingReadyList
                0x0000000020000750       0x14 build/tasks.o
 .bss.xSchedulerRunning
                0x0000000020000764        0x4 build/tasks.o
 .bss.xSuspendedTaskList
                0x0000000020000768       0x14 build/tasks.o
 .bss.xTasksWaitingTermination
                0x000000002000077c       0x14 build/tasks.o
 .bss.xTickCount
                0x0000000020000790        0x4 build/tasks.o
 .bss.xYieldPending
                0x0000000020000794        0x4 build/tasks.o
 .bss.pxEnd     0x0000000020000798        0x4 build/heap_4.o
 .bss.ucHeap    0x000000002000079c     0x3c00 build/heap_4.o
 .bss.xBlockAllocatedBit
                0x000000002000439c        0x4 build/heap_4.o
 .bss.xFreeBytesRemaining
                0x00000000200043a0        0x4 build/heap_4.o
 .bss.xMinimumEverFreeBytesRemaining
                0x00000000200043a4        0x4 build/heap_4.o
 .bss.xNumberOfSuccessfulAllocations
                0x00000000200043a8        0x4 build/heap_4.o
 .bss.xNumberOfSuccessfulFrees
                0x00000000200043ac        0x4 build/heap_4.o
 .bss.xStart    0x00000000200043b0        0x8 build/heap_4.o
 .bss.ucMaxSysCallPriority
                0x00000000200043b8        0x1 build/port.o
 *fill*         0x00000000200043b9        0x3 
 .bss.ulMaxPRIGROUPValue
                0x00000000200043bc        0x4 build/port.o
 .bss.__sbrk_heap_end
                0x00000000200043c0        0x4 build/sysmem.o
 .bss.hcan      0x00000000200043c4       0x28 build/can.o
                0x00000000200043c4                hcan
 .bss.__lock___malloc_recursive_mutex
                0x00000000200043ec        0x1 /home/santiago/gcc-arm-none-eabi-10.3-2021.10-x86_64-linux/gcc-arm-none-eabi-10.3-2021.10/bin/../lib/gcc/arm-none-eabi/10.3.1/../../../../arm-none-eabi/lib/thumb/v7-m/nofp/libc_nano.a(lib_a-lock.o)
                0x00000000200043ec                __lock___malloc_recursive_mutex
 .bss.__lock___sfp_recursive_mutex
                0x00000000200043ed        0x1 /home/santiago/gcc-arm-none-eabi-10.3-2021.10-x86_64-linux/gcc-arm-none-eabi-10.3-2021.10/bin/../lib/gcc/arm-none-eabi/10.3.1/../../../../arm-none-eabi/lib/thumb/v7-m/nofp/libc_nano.a(lib_a-lock.o)
                0x00000000200043ed                __lock___sfp_recursive_mutex
 .bss.__lock___sinit_recursive_mutex
                0x00000000200043ee        0x1 /home/santiago/gcc-arm-none-eabi-10.3-2021.10-x86_64-linux/gcc-arm-none-eabi-10.3-2021.10/bin/../lib/gcc/arm-none-eabi/10.3.1/../../../../arm-none-eabi/lib/thumb/v7-m/nofp/libc_nano.a(lib_a-lock.o)
                0x00000000200043ee                __lock___sinit_recursive_mutex
 *fill*         0x00000000200043ef        0x1 
 .bss.__malloc_free_list
                0x00000000200043f0        0x4 /home/santiago/gcc-arm-none-eabi-10.3-2021.10-x86_64-linux/gcc-arm-none-eabi-10.3-2021.10/bin/../lib/gcc/arm-none-eabi/10.3.1/../../../../arm-none-eabi/lib/thumb/v7-m/nofp/libc_nano.a(lib_a-nano-mallocr.o)
                0x00000000200043f0                __malloc_free_list
 .bss.__malloc_sbrk_start
                0x00000000200043f4        0x4 /home/santiago/gcc-arm-none-eabi-10.3-2021.10-x86_64-linux/gcc-arm-none-eabi-10.3-2021.10/bin/../lib/gcc/arm-none-eabi/10.3.1/../../../../arm-none-eabi/lib/thumb/v7-m/nofp/libc_nano.a(lib_a-nano-mallocr.o)
                0x00000000200043f4                __malloc_sbrk_start
 .bss.errno     0x00000000200043f8        0x4 /home/santiago/gcc-arm-none-eabi-10.3-2021.10-x86_64-linux/gcc-arm-none-eabi-10.3-2021.10/bin/../lib/gcc/arm-none-eabi/10.3.1/../../../../arm-none-eabi/lib/thumb/v7-m/nofp/libc_nano.a(lib_a-reent.o)
                0x00000000200043f8                errno
 *(COMMON)
                0x00000000200043fc                . = ALIGN (0x4)
                0x00000000200043fc                _ebss = .
                0x00000000200043fc                __bss_end__ = _ebss

._user_heap_stack
                0x00000000200043fc      0x604 load address 0x0000000008007190
                0x0000000020004400                . = ALIGN (0x8)
 *fill*         0x00000000200043fc        0x4 
                [!provide]                        PROVIDE (end = .)
                0x0000000020004400                PROVIDE (_end = .)
                0x0000000020004600                . = (. + _Min_Heap_Size)
 *fill*         0x0000000020004400      0x200 
                0x0000000020004a00                . = (. + _Min_Stack_Size)
 *fill*         0x0000000020004600      0x400 
                0x0000000020004a00                . = ALIGN (0x8)

/DISCARD/
 libc.a(*)
 libm.a(*)
 libgcc.a(*)
OUTPUT(build/aceleracion_freertos.elf elf32-littlearm)
LOAD linker stubs
LOAD /home/santiago/gcc-arm-none-eabi-10.3-2021.10-x86_64-linux/gcc-arm-none-eabi-10.3-2021.10/bin/../lib/gcc/arm-none-eabi/10.3.1/../../../../arm-none-eabi/lib/thumb/v7-m/nofp/libc.a
LOAD /home/santiago/gcc-arm-none-eabi-10.3-2021.10-x86_64-linux/gcc-arm-none-eabi-10.3-2021.10/bin/../lib/gcc/arm-none-eabi/10.3.1/../../../../arm-none-eabi/lib/thumb/v7-m/nofp/libm.a
LOAD /home/santiago/gcc-arm-none-eabi-10.3-2021.10-x86_64-linux/gcc-arm-none-eabi-10.3-2021.10/bin/../lib/gcc/arm-none-eabi/10.3.1/thumb/v7-m/nofp/libgcc.a

.ARM.attributes
                0x0000000000000000       0x29
 .ARM.attributes
                0x0000000000000000       0x1d /home/santiago/gcc-arm-none-eabi-10.3-2021.10-x86_64-linux/gcc-arm-none-eabi-10.3-2021.10/bin/../lib/gcc/arm-none-eabi/10.3.1/thumb/v7-m/nofp/crti.o
 .ARM.attributes
                0x000000000000001d       0x2d /home/santiago/gcc-arm-none-eabi-10.3-2021.10-x86_64-linux/gcc-arm-none-eabi-10.3-2021.10/bin/../lib/gcc/arm-none-eabi/10.3.1/thumb/v7-m/nofp/crtbegin.o
 .ARM.attributes
                0x000000000000004a       0x2d build/main.o
 .ARM.attributes
                0x0000000000000077       0x2d build/gpio.o
 .ARM.attributes
                0x00000000000000a4       0x2d build/freertos.o
 .ARM.attributes
                0x00000000000000d1       0x2d build/i2c.o
 .ARM.attributes
                0x00000000000000fe       0x2d build/adc.o
 .ARM.attributes
                0x000000000000012b       0x2d build/tim.o
 .ARM.attributes
                0x0000000000000158       0x2d build/features.o
 .ARM.attributes
                0x0000000000000185       0x2d build/usart.o
 .ARM.attributes
                0x00000000000001b2       0x2d build/can_app.o
 .ARM.attributes
                0x00000000000001df       0x2d build/adxl345.o
 .ARM.attributes
                0x000000000000020c       0x2d build/stm32f1xx_it.o
 .ARM.attributes
                0x0000000000000239       0x2d build/stm32f1xx_hal_msp.o
 .ARM.attributes
                0x0000000000000266       0x2d build/stm32f1xx_hal_timebase_tim.o
 .ARM.attributes
                0x0000000000000293       0x2d build/stm32f1xx_hal_adc_ex.o
 .ARM.attributes
                0x00000000000002c0       0x2d build/stm32f1xx_hal_adc.o
 .ARM.attributes
                0x00000000000002ed       0x2d build/stm32f1xx_hal_tim.o
 .ARM.attributes
                0x000000000000031a       0x2d build/stm32f1xx_hal_tim_ex.o
 .ARM.attributes
                0x0000000000000347       0x2d build/stm32f1xx_hal.o
 .ARM.attributes
                0x0000000000000374       0x2d build/stm32f1xx_hal_rcc.o
 .ARM.attributes
                0x00000000000003a1       0x2d build/stm32f1xx_hal_rcc_ex.o
 .ARM.attributes
                0x00000000000003ce       0x2d build/stm32f1xx_hal_gpio.o
 .ARM.attributes
                0x00000000000003fb       0x2d build/stm32f1xx_hal_cortex.o
 .ARM.attributes
                0x0000000000000428       0x2d build/stm32f1xx_hal_i2c.o
 .ARM.attributes
                0x0000000000000455       0x2d build/stm32f1xx_hal_uart.o
 .ARM.attributes
                0x0000000000000482       0x2d build/system_stm32f1xx.o
 .ARM.attributes
                0x00000000000004af       0x2d build/list.o
 .ARM.attributes
                0x00000000000004dc       0x2d build/queue.o
 .ARM.attributes
                0x0000000000000509       0x2d build/tasks.o
 .ARM.attributes
                0x0000000000000536       0x2d build/cmsis_os.o
 .ARM.attributes
                0x0000000000000563       0x2d build/heap_4.o
 .ARM.attributes
                0x0000000000000590       0x2d build/port.o
 .ARM.attributes
                0x00000000000005bd       0x2d build/sysmem.o
 .ARM.attributes
                0x00000000000005ea       0x2d build/syscalls.o
 .ARM.attributes
                0x0000000000000617       0x2d build/can.o
 .ARM.attributes
                0x0000000000000644       0x2d build/stm32f1xx_hal_can.o
 .ARM.attributes
                0x0000000000000671       0x21 build/startup_stm32f103xb.o
 .ARM.attributes
                0x0000000000000692       0x2d /home/santiago/gcc-arm-none-eabi-10.3-2021.10-x86_64-linux/gcc-arm-none-eabi-10.3-2021.10/bin/../lib/gcc/arm-none-eabi/10.3.1/../../../../arm-none-eabi/lib/thumb/v7-m/nofp/libc_nano.a(lib_a-errno.o)
 .ARM.attributes
                0x00000000000006bf       0x2d /home/santiago/gcc-arm-none-eabi-10.3-2021.10-x86_64-linux/gcc-arm-none-eabi-10.3-2021.10/bin/../lib/gcc/arm-none-eabi/10.3.1/../../../../arm-none-eabi/lib/thumb/v7-m/nofp/libc_nano.a(lib_a-impure.o)
 .ARM.attributes
                0x00000000000006ec       0x2d /home/santiago/gcc-arm-none-eabi-10.3-2021.10-x86_64-linux/gcc-arm-none-eabi-10.3-2021.10/bin/../lib/gcc/arm-none-eabi/10.3.1/../../../../arm-none-eabi/lib/thumb/v7-m/nofp/libc_nano.a(lib_a-init.o)
 .ARM.attributes
                0x0000000000000719       0x2d /home/santiago/gcc-arm-none-eabi-10.3-2021.10-x86_64-linux/gcc-arm-none-eabi-10.3-2021.10/bin/../lib/gcc/arm-none-eabi/10.3.1/../../../../arm-none-eabi/lib/thumb/v7-m/nofp/libc_nano.a(lib_a-memcpy-stub.o)
 .ARM.attributes
                0x0000000000000746       0x2d /home/santiago/gcc-arm-none-eabi-10.3-2021.10-x86_64-linux/gcc-arm-none-eabi-10.3-2021.10/bin/../lib/gcc/arm-none-eabi/10.3.1/../../../../arm-none-eabi/lib/thumb/v7-m/nofp/libc_nano.a(lib_a-memset.o)
 .ARM.attributes
                0x0000000000000773       0x2d /home/santiago/gcc-arm-none-eabi-10.3-2021.10-x86_64-linux/gcc-arm-none-eabi-10.3-2021.10/bin/../lib/gcc/arm-none-eabi/10.3.1/../../../../arm-none-eabi/lib/thumb/v7-m/nofp/libc_nano.a(lib_a-printf.o)
 .ARM.attributes
                0x00000000000007a0       0x2d /home/santiago/gcc-arm-none-eabi-10.3-2021.10-x86_64-linux/gcc-arm-none-eabi-10.3-2021.10/bin/../lib/gcc/arm-none-eabi/10.3.1/../../../../arm-none-eabi/lib/thumb/v7-m/nofp/libc_nano.a(lib_a-puts.o)
 .ARM.attributes
                0x00000000000007cd       0x2d /home/santiago/gcc-arm-none-eabi-10.3-2021.10-x86_64-linux/gcc-arm-none-eabi-10.3-2021.10/bin/../lib/gcc/arm-none-eabi/10.3.1/../../../../arm-none-eabi/lib/thumb/v7-m/nofp/libc_nano.a(lib_a-wbuf.o)
 .ARM.attributes
                0x00000000000007fa       0x2d /home/santiago/gcc-arm-none-eabi-10.3-2021.10-x86_64-linux/gcc-arm-none-eabi-10.3-2021.10/bin/../lib/gcc/arm-none-eabi/10.3.1/../../../../arm-none-eabi/lib/thumb/v7-m/nofp/libc_nano.a(lib_a-wsetup.o)
 .ARM.attributes
                0x0000000000000827       0x2d /home/santiago/gcc-arm-none-eabi-10.3-2021.10-x86_64-linux/gcc-arm-none-eabi-10.3-2021.10/bin/../lib/gcc/arm-none-eabi/10.3.1/../../../../arm-none-eabi/lib/thumb/v7-m/nofp/libc_nano.a(lib_a-fflush.o)
 .ARM.attributes
                0x0000000000000854       0x2d /home/santiago/gcc-arm-none-eabi-10.3-2021.10-x86_64-linux/gcc-arm-none-eabi-10.3-2021.10/bin/../lib/gcc/arm-none-eabi/10.3.1/../../../../arm-none-eabi/lib/thumb/v7-m/nofp/libc_nano.a(lib_a-findfp.o)
 .ARM.attributes
                0x0000000000000881       0x2d /home/santiago/gcc-arm-none-eabi-10.3-2021.10-x86_64-linux/gcc-arm-none-eabi-10.3-2021.10/bin/../lib/gcc/arm-none-eabi/10.3.1/../../../../arm-none-eabi/lib/thumb/v7-m/nofp/libc_nano.a(lib_a-fwalk.o)
 .ARM.attributes
                0x00000000000008ae       0x2d /home/santiago/gcc-arm-none-eabi-10.3-2021.10-x86_64-linux/gcc-arm-none-eabi-10.3-2021.10/bin/../lib/gcc/arm-none-eabi/10.3.1/../../../../arm-none-eabi/lib/thumb/v7-m/nofp/libc_nano.a(lib_a-lock.o)
 .ARM.attributes
                0x00000000000008db       0x2d /home/santiago/gcc-arm-none-eabi-10.3-2021.10-x86_64-linux/gcc-arm-none-eabi-10.3-2021.10/bin/../lib/gcc/arm-none-eabi/10.3.1/../../../../arm-none-eabi/lib/thumb/v7-m/nofp/libc_nano.a(lib_a-makebuf.o)
 .ARM.attributes
                0x0000000000000908       0x2d /home/santiago/gcc-arm-none-eabi-10.3-2021.10-x86_64-linux/gcc-arm-none-eabi-10.3-2021.10/bin/../lib/gcc/arm-none-eabi/10.3.1/../../../../arm-none-eabi/lib/thumb/v7-m/nofp/libc_nano.a(lib_a-nano-freer.o)
 .ARM.attributes
                0x0000000000000935       0x2d /home/santiago/gcc-arm-none-eabi-10.3-2021.10-x86_64-linux/gcc-arm-none-eabi-10.3-2021.10/bin/../lib/gcc/arm-none-eabi/10.3.1/../../../../arm-none-eabi/lib/thumb/v7-m/nofp/libc_nano.a(lib_a-nano-mallocr.o)
 .ARM.attributes
                0x0000000000000962       0x2d /home/santiago/gcc-arm-none-eabi-10.3-2021.10-x86_64-linux/gcc-arm-none-eabi-10.3-2021.10/bin/../lib/gcc/arm-none-eabi/10.3.1/../../../../arm-none-eabi/lib/thumb/v7-m/nofp/libc_nano.a(lib_a-nano-vfprintf.o)
 .ARM.attributes
                0x000000000000098f       0x2d /home/santiago/gcc-arm-none-eabi-10.3-2021.10-x86_64-linux/gcc-arm-none-eabi-10.3-2021.10/bin/../lib/gcc/arm-none-eabi/10.3.1/../../../../arm-none-eabi/lib/thumb/v7-m/nofp/libc_nano.a(lib_a-nano-vfprintf_i.o)
 .ARM.attributes
                0x00000000000009bc       0x2d /home/santiago/gcc-arm-none-eabi-10.3-2021.10-x86_64-linux/gcc-arm-none-eabi-10.3-2021.10/bin/../lib/gcc/arm-none-eabi/10.3.1/../../../../arm-none-eabi/lib/thumb/v7-m/nofp/libc_nano.a(lib_a-sbrkr.o)
 .ARM.attributes
                0x00000000000009e9       0x2d /home/santiago/gcc-arm-none-eabi-10.3-2021.10-x86_64-linux/gcc-arm-none-eabi-10.3-2021.10/bin/../lib/gcc/arm-none-eabi/10.3.1/../../../../arm-none-eabi/lib/thumb/v7-m/nofp/libc_nano.a(lib_a-stdio.o)
 .ARM.attributes
                0x0000000000000a16       0x2d /home/santiago/gcc-arm-none-eabi-10.3-2021.10-x86_64-linux/gcc-arm-none-eabi-10.3-2021.10/bin/../lib/gcc/arm-none-eabi/10.3.1/../../../../arm-none-eabi/lib/thumb/v7-m/nofp/libc_nano.a(lib_a-writer.o)
 .ARM.attributes
                0x0000000000000a43       0x2d /home/santiago/gcc-arm-none-eabi-10.3-2021.10-x86_64-linux/gcc-arm-none-eabi-10.3-2021.10/bin/../lib/gcc/arm-none-eabi/10.3.1/../../../../arm-none-eabi/lib/thumb/v7-m/nofp/libc_nano.a(lib_a-closer.o)
 .ARM.attributes
                0x0000000000000a70       0x2d /home/santiago/gcc-arm-none-eabi-10.3-2021.10-x86_64-linux/gcc-arm-none-eabi-10.3-2021.10/bin/../lib/gcc/arm-none-eabi/10.3.1/../../../../arm-none-eabi/lib/thumb/v7-m/nofp/libc_nano.a(lib_a-fstatr.o)
 .ARM.attributes
                0x0000000000000a9d       0x2d /home/santiago/gcc-arm-none-eabi-10.3-2021.10-x86_64-linux/gcc-arm-none-eabi-10.3-2021.10/bin/../lib/gcc/arm-none-eabi/10.3.1/../../../../arm-none-eabi/lib/thumb/v7-m/nofp/libc_nano.a(lib_a-isattyr.o)
 .ARM.attributes
                0x0000000000000aca       0x2d /home/santiago/gcc-arm-none-eabi-10.3-2021.10-x86_64-linux/gcc-arm-none-eabi-10.3-2021.10/bin/../lib/gcc/arm-none-eabi/10.3.1/../../../../arm-none-eabi/lib/thumb/v7-m/nofp/libc_nano.a(lib_a-lseekr.o)
 .ARM.attributes
                0x0000000000000af7       0x2d /home/santiago/gcc-arm-none-eabi-10.3-2021.10-x86_64-linux/gcc-arm-none-eabi-10.3-2021.10/bin/../lib/gcc/arm-none-eabi/10.3.1/../../../../arm-none-eabi/lib/thumb/v7-m/nofp/libc_nano.a(lib_a-memchr-stub.o)
 .ARM.attributes
                0x0000000000000b24       0x2d /home/santiago/gcc-arm-none-eabi-10.3-2021.10-x86_64-linux/gcc-arm-none-eabi-10.3-2021.10/bin/../lib/gcc/arm-none-eabi/10.3.1/../../../../arm-none-eabi/lib/thumb/v7-m/nofp/libc_nano.a(lib_a-mlock.o)
 .ARM.attributes
                0x0000000000000b51       0x2d /home/santiago/gcc-arm-none-eabi-10.3-2021.10-x86_64-linux/gcc-arm-none-eabi-10.3-2021.10/bin/../lib/gcc/arm-none-eabi/10.3.1/../../../../arm-none-eabi/lib/thumb/v7-m/nofp/libc_nano.a(lib_a-readr.o)
 .ARM.attributes
                0x0000000000000b7e       0x2d /home/santiago/gcc-arm-none-eabi-10.3-2021.10-x86_64-linux/gcc-arm-none-eabi-10.3-2021.10/bin/../lib/gcc/arm-none-eabi/10.3.1/../../../../arm-none-eabi/lib/thumb/v7-m/nofp/libc_nano.a(lib_a-reent.o)
 .ARM.attributes
                0x0000000000000bab       0x2d /home/santiago/gcc-arm-none-eabi-10.3-2021.10-x86_64-linux/gcc-arm-none-eabi-10.3-2021.10/bin/../lib/gcc/arm-none-eabi/10.3.1/../../../../arm-none-eabi/lib/thumb/v7-m/nofp/libm.a(lib_a-wf_sqrt.o)
 .ARM.attributes
                0x0000000000000bd8       0x2d /home/santiago/gcc-arm-none-eabi-10.3-2021.10-x86_64-linux/gcc-arm-none-eabi-10.3-2021.10/bin/../lib/gcc/arm-none-eabi/10.3.1/../../../../arm-none-eabi/lib/thumb/v7-m/nofp/libm.a(lib_a-ef_sqrt.o)
 .ARM.attributes
                0x0000000000000c05       0x1d /home/santiago/gcc-arm-none-eabi-10.3-2021.10-x86_64-linux/gcc-arm-none-eabi-10.3-2021.10/bin/../lib/gcc/arm-none-eabi/10.3.1/thumb/v7-m/nofp/libgcc.a(_arm_addsubdf3.o)
 .ARM.attributes
                0x0000000000000c22       0x1d /home/santiago/gcc-arm-none-eabi-10.3-2021.10-x86_64-linux/gcc-arm-none-eabi-10.3-2021.10/bin/../lib/gcc/arm-none-eabi/10.3.1/thumb/v7-m/nofp/libgcc.a(_arm_addsubsf3.o)
 .ARM.attributes
                0x0000000000000c3f       0x1d /home/santiago/gcc-arm-none-eabi-10.3-2021.10-x86_64-linux/gcc-arm-none-eabi-10.3-2021.10/bin/../lib/gcc/arm-none-eabi/10.3.1/thumb/v7-m/nofp/libgcc.a(_arm_muldivsf3.o)
 .ARM.attributes
                0x0000000000000c5c       0x1d /home/santiago/gcc-arm-none-eabi-10.3-2021.10-x86_64-linux/gcc-arm-none-eabi-10.3-2021.10/bin/../lib/gcc/arm-none-eabi/10.3.1/thumb/v7-m/nofp/libgcc.a(_arm_cmpsf2.o)
 .ARM.attributes
                0x0000000000000c79       0x1d /home/santiago/gcc-arm-none-eabi-10.3-2021.10-x86_64-linux/gcc-arm-none-eabi-10.3-2021.10/bin/../lib/gcc/arm-none-eabi/10.3.1/thumb/v7-m/nofp/libgcc.a(_arm_unordsf2.o)
 .ARM.attributes
                0x0000000000000c96       0x1d /home/santiago/gcc-arm-none-eabi-10.3-2021.10-x86_64-linux/gcc-arm-none-eabi-10.3-2021.10/bin/../lib/gcc/arm-none-eabi/10.3.1/thumb/v7-m/nofp/crtn.o

.comment        0x0000000000000000       0x49
 .comment       0x0000000000000000       0x49 build/main.o
                                         0x4a (size before relaxing)
 .comment       0x0000000000000049       0x4a build/gpio.o
 .comment       0x0000000000000049       0x4a build/freertos.o
 .comment       0x0000000000000049       0x4a build/i2c.o
 .comment       0x0000000000000049       0x4a build/adc.o
 .comment       0x0000000000000049       0x4a build/tim.o
 .comment       0x0000000000000049       0x4a build/features.o
 .comment       0x0000000000000049       0x4a build/usart.o
 .comment       0x0000000000000049       0x4a build/can_app.o
 .comment       0x0000000000000049       0x4a build/adxl345.o
 .comment       0x0000000000000049       0x4a build/stm32f1xx_it.o
 .comment       0x0000000000000049       0x4a build/stm32f1xx_hal_msp.o
 .comment       0x0000000000000049       0x4a build/stm32f1xx_hal_timebase_tim.o
 .comment       0x0000000000000049       0x4a build/stm32f1xx_hal_adc_ex.o
 .comment       0x0000000000000049       0x4a build/stm32f1xx_hal_adc.o
 .comment       0x0000000000000049       0x4a build/stm32f1xx_hal_tim.o
 .comment       0x0000000000000049       0x4a build/stm32f1xx_hal_tim_ex.o
 .comment       0x0000000000000049       0x4a build/stm32f1xx_hal.o
 .comment       0x0000000000000049       0x4a build/stm32f1xx_hal_rcc.o
 .comment       0x0000000000000049       0x4a build/stm32f1xx_hal_rcc_ex.o
 .comment       0x0000000000000049       0x4a build/stm32f1xx_hal_gpio.o
 .comment       0x0000000000000049       0x4a build/stm32f1xx_hal_cortex.o
 .comment       0x0000000000000049       0x4a build/stm32f1xx_hal_i2c.o
 .comment       0x0000000000000049       0x4a build/stm32f1xx_hal_uart.o
 .comment       0x0000000000000049       0x4a build/system_stm32f1xx.o
 .comment       0x0000000000000049       0x4a build/list.o
 .comment       0x0000000000000049       0x4a build/queue.o
 .comment       0x0000000000000049       0x4a build/tasks.o
 .comment       0x0000000000000049       0x4a build/cmsis_os.o
 .comment       0x0000000000000049       0x4a build/heap_4.o
 .comment       0x0000000000000049       0x4a build/port.o
 .comment       0x0000000000000049       0x4a build/sysmem.o
 .comment       0x0000000000000049       0x4a build/syscalls.o
 .comment       0x0000000000000049       0x4a build/can.o
 .comment       0x0000000000000049       0x4a build/stm32f1xx_hal_can.o

.debug_info     0x0000000000000000    0x25e81
 .debug_info    0x0000000000000000     0x1ad9 build/main.o
 .debug_info    0x0000000000001ad9      0x360 build/gpio.o
 .debug_info    0x0000000000001e39     0x142e build/freertos.o
 .debug_info    0x0000000000003267      0x962 build/i2c.o
 .debug_info    0x0000000000003bc9      0xc41 build/adc.o
 .debug_info    0x000000000000480a      0xd69 build/tim.o
 .debug_info    0x0000000000005573      0x405 build/features.o
 .debug_info    0x0000000000005978      0x99d build/usart.o
 .debug_info    0x0000000000006315      0x789 build/can_app.o
 .debug_info    0x0000000000006a9e      0x7fc build/adxl345.o
 .debug_info    0x000000000000729a      0xa3a build/stm32f1xx_it.o
 .debug_info    0x0000000000007cd4      0x3b0 build/stm32f1xx_hal_msp.o
 .debug_info    0x0000000000008084      0xb07 build/stm32f1xx_hal_timebase_tim.o
 .debug_info    0x0000000000008b8b      0xd19 build/stm32f1xx_hal_adc_ex.o
 .debug_info    0x00000000000098a4     0x1054 build/stm32f1xx_hal_adc.o
 .debug_info    0x000000000000a8f8     0x4074 build/stm32f1xx_hal_tim.o
 .debug_info    0x000000000000e96c     0x1c39 build/stm32f1xx_hal_tim_ex.o
 .debug_info    0x00000000000105a5      0x855 build/stm32f1xx_hal.o
 .debug_info    0x0000000000010dfa      0xaf0 build/stm32f1xx_hal_rcc.o
 .debug_info    0x00000000000118ea      0x47f build/stm32f1xx_hal_rcc_ex.o
 .debug_info    0x0000000000011d69      0x6d7 build/stm32f1xx_hal_gpio.o
 .debug_info    0x0000000000012440      0xe2d build/stm32f1xx_hal_cortex.o
 .debug_info    0x000000000001326d     0x3cad build/stm32f1xx_hal_i2c.o
 .debug_info    0x0000000000016f1a     0x42a4 build/stm32f1xx_hal_uart.o
 .debug_info    0x000000000001b1be      0x26e build/system_stm32f1xx.o
 .debug_info    0x000000000001b42c      0x30f build/list.o
 .debug_info    0x000000000001b73b     0x2407 build/queue.o
 .debug_info    0x000000000001db42     0x2bf7 build/tasks.o
 .debug_info    0x0000000000020739     0x243d build/cmsis_os.o
 .debug_info    0x0000000000022b76      0x61a build/heap_4.o
 .debug_info    0x0000000000023190      0x569 build/port.o
 .debug_info    0x00000000000236f9      0x185 build/sysmem.o
 .debug_info    0x000000000002387e      0x840 build/syscalls.o
 .debug_info    0x00000000000240be      0xa0d build/can.o
 .debug_info    0x0000000000024acb     0x1394 build/stm32f1xx_hal_can.o
 .debug_info    0x0000000000025e5f       0x22 build/startup_stm32f103xb.o

.debug_abbrev   0x0000000000000000     0x4dde
 .debug_abbrev  0x0000000000000000      0x294 build/main.o
 .debug_abbrev  0x0000000000000294      0x13f build/gpio.o
 .debug_abbrev  0x00000000000003d3      0x3aa build/freertos.o
 .debug_abbrev  0x000000000000077d      0x1c5 build/i2c.o
 .debug_abbrev  0x0000000000000942      0x1ce build/adc.o
 .debug_abbrev  0x0000000000000b10      0x1f3 build/tim.o
 .debug_abbrev  0x0000000000000d03      0x168 build/features.o
 .debug_abbrev  0x0000000000000e6b      0x1e0 build/usart.o
 .debug_abbrev  0x000000000000104b      0x204 build/can_app.o
 .debug_abbrev  0x000000000000124f      0x1a1 build/adxl345.o
 .debug_abbrev  0x00000000000013f0      0x18d build/stm32f1xx_it.o
 .debug_abbrev  0x000000000000157d      0x130 build/stm32f1xx_hal_msp.o
 .debug_abbrev  0x00000000000016ad      0x202 build/stm32f1xx_hal_timebase_tim.o
 .debug_abbrev  0x00000000000018af      0x26a build/stm32f1xx_hal_adc_ex.o
 .debug_abbrev  0x0000000000001b19      0x239 build/stm32f1xx_hal_adc.o
 .debug_abbrev  0x0000000000001d52      0x29d build/stm32f1xx_hal_tim.o
 .debug_abbrev  0x0000000000001fef      0x29f build/stm32f1xx_hal_tim_ex.o
 .debug_abbrev  0x000000000000228e      0x1f7 build/stm32f1xx_hal.o
 .debug_abbrev  0x0000000000002485      0x2b8 build/stm32f1xx_hal_rcc.o
 .debug_abbrev  0x000000000000273d      0x1d5 build/stm32f1xx_hal_rcc_ex.o