ARM GAS  /tmp/cczPZScz.s 			page 1


   1              		.cpu cortex-m3
   2              		.arch armv7-m
   3              		.fpu softvfp
   4              		.eabi_attribute 20, 1
   5              		.eabi_attribute 21, 1
   6              		.eabi_attribute 23, 3
   7              		.eabi_attribute 24, 1
   8              		.eabi_attribute 25, 1
   9              		.eabi_attribute 26, 1
  10              		.eabi_attribute 30, 1
  11              		.eabi_attribute 34, 1
  12              		.eabi_attribute 18, 4
  13              		.file	"adc.c"
  14              		.text
  15              	.Ltext0:
  16              		.cfi_sections	.debug_frame
  17              		.section	.text.MX_ADC1_Init,"ax",%progbits
  18              		.align	1
  19              		.global	MX_ADC1_Init
  20              		.syntax unified
  21              		.thumb
  22              		.thumb_func
  24              	MX_ADC1_Init:
  25              	.LFB65:
  26              		.file 1 "Core/Src/adc.c"
   1:Core/Src/adc.c **** /* USER CODE BEGIN Header */
   2:Core/Src/adc.c **** /**
   3:Core/Src/adc.c ****   ******************************************************************************
   4:Core/Src/adc.c ****   * @file    adc.c
   5:Core/Src/adc.c ****   * @brief   This file provides code for the configuration
   6:Core/Src/adc.c ****   *          of the ADC instances.
   7:Core/Src/adc.c ****   ******************************************************************************
   8:Core/Src/adc.c ****   * @attention
   9:Core/Src/adc.c ****   *
  10:Core/Src/adc.c ****   * Copyright (c) 2026 STMicroelectronics.
  11:Core/Src/adc.c ****   * All rights reserved.
  12:Core/Src/adc.c ****   *
  13:Core/Src/adc.c ****   * This software is licensed under terms that can be found in the LICENSE file
  14:Core/Src/adc.c ****   * in the root directory of this software component.
  15:Core/Src/adc.c ****   * If no LICENSE file comes with this software, it is provided AS-IS.
  16:Core/Src/adc.c ****   *
  17:Core/Src/adc.c ****   ******************************************************************************
  18:Core/Src/adc.c ****   */
  19:Core/Src/adc.c **** /* USER CODE END Header */
  20:Core/Src/adc.c **** /* Includes ------------------------------------------------------------------*/
  21:Core/Src/adc.c **** #include "adc.h"
  22:Core/Src/adc.c **** 
  23:Core/Src/adc.c **** /* USER CODE BEGIN 0 */
  24:Core/Src/adc.c **** 
  25:Core/Src/adc.c **** /* USER CODE END 0 */
  26:Core/Src/adc.c **** 
  27:Core/Src/adc.c **** ADC_HandleTypeDef hadc1;
  28:Core/Src/adc.c **** 
  29:Core/Src/adc.c **** /* ADC1 init function */
  30:Core/Src/adc.c **** void MX_ADC1_Init(void)
  31:Core/Src/adc.c **** {
  27              		.loc 1 31 1 view -0
ARM GAS  /tmp/cczPZScz.s 			page 2


  28              		.cfi_startproc
  29              		@ args = 0, pretend = 0, frame = 16
  30              		@ frame_needed = 0, uses_anonymous_args = 0
  31 0000 00B5     		push	{lr}
  32              	.LCFI0:
  33              		.cfi_def_cfa_offset 4
  34              		.cfi_offset 14, -4
  35 0002 85B0     		sub	sp, sp, #20
  36              	.LCFI1:
  37              		.cfi_def_cfa_offset 24
  32:Core/Src/adc.c **** 
  33:Core/Src/adc.c ****   /* USER CODE BEGIN ADC1_Init 0 */
  34:Core/Src/adc.c **** 
  35:Core/Src/adc.c ****   /* USER CODE END ADC1_Init 0 */
  36:Core/Src/adc.c **** 
  37:Core/Src/adc.c ****   ADC_ChannelConfTypeDef sConfig = {0};
  38              		.loc 1 37 3 view .LVU1
  39              		.loc 1 37 26 is_stmt 0 view .LVU2
  40 0004 0023     		movs	r3, #0
  41 0006 0193     		str	r3, [sp, #4]
  42 0008 0293     		str	r3, [sp, #8]
  43 000a 0393     		str	r3, [sp, #12]
  38:Core/Src/adc.c **** 
  39:Core/Src/adc.c ****   /* USER CODE BEGIN ADC1_Init 1 */
  40:Core/Src/adc.c **** 
  41:Core/Src/adc.c ****   /* USER CODE END ADC1_Init 1 */
  42:Core/Src/adc.c **** 
  43:Core/Src/adc.c ****   /** Common config
  44:Core/Src/adc.c ****   */
  45:Core/Src/adc.c ****   hadc1.Instance = ADC1;
  44              		.loc 1 45 3 is_stmt 1 view .LVU3
  45              		.loc 1 45 18 is_stmt 0 view .LVU4
  46 000c 1048     		ldr	r0, .L7
  47 000e 114A     		ldr	r2, .L7+4
  48 0010 0260     		str	r2, [r0]
  46:Core/Src/adc.c ****   hadc1.Init.ScanConvMode = ADC_SCAN_DISABLE;
  49              		.loc 1 46 3 is_stmt 1 view .LVU5
  50              		.loc 1 46 27 is_stmt 0 view .LVU6
  51 0012 8360     		str	r3, [r0, #8]
  47:Core/Src/adc.c ****   hadc1.Init.ContinuousConvMode = ENABLE;
  52              		.loc 1 47 3 is_stmt 1 view .LVU7
  53              		.loc 1 47 33 is_stmt 0 view .LVU8
  54 0014 0122     		movs	r2, #1
  55 0016 0273     		strb	r2, [r0, #12]
  48:Core/Src/adc.c ****   hadc1.Init.DiscontinuousConvMode = DISABLE;
  56              		.loc 1 48 3 is_stmt 1 view .LVU9
  57              		.loc 1 48 36 is_stmt 0 view .LVU10
  58 0018 0375     		strb	r3, [r0, #20]
  49:Core/Src/adc.c ****   hadc1.Init.ExternalTrigConv = ADC_SOFTWARE_START;
  59              		.loc 1 49 3 is_stmt 1 view .LVU11
  60              		.loc 1 49 31 is_stmt 0 view .LVU12
  61 001a 4FF46021 		mov	r1, #917504
  62 001e C161     		str	r1, [r0, #28]
  50:Core/Src/adc.c ****   hadc1.Init.DataAlign = ADC_DATAALIGN_RIGHT;
  63              		.loc 1 50 3 is_stmt 1 view .LVU13
  64              		.loc 1 50 24 is_stmt 0 view .LVU14
  65 0020 4360     		str	r3, [r0, #4]
ARM GAS  /tmp/cczPZScz.s 			page 3


  51:Core/Src/adc.c ****   hadc1.Init.NbrOfConversion = 1;
  66              		.loc 1 51 3 is_stmt 1 view .LVU15
  67              		.loc 1 51 30 is_stmt 0 view .LVU16
  68 0022 0261     		str	r2, [r0, #16]
  52:Core/Src/adc.c ****   if (HAL_ADC_Init(&hadc1) != HAL_OK)
  69              		.loc 1 52 3 is_stmt 1 view .LVU17
  70              		.loc 1 52 7 is_stmt 0 view .LVU18
  71 0024 FFF7FEFF 		bl	HAL_ADC_Init
  72              	.LVL0:
  73              		.loc 1 52 6 view .LVU19
  74 0028 60B9     		cbnz	r0, .L5
  75              	.L2:
  53:Core/Src/adc.c ****   {
  54:Core/Src/adc.c ****     Error_Handler();
  55:Core/Src/adc.c ****   }
  56:Core/Src/adc.c **** 
  57:Core/Src/adc.c ****   /** Configure Regular Channel
  58:Core/Src/adc.c ****   */
  59:Core/Src/adc.c ****   sConfig.Channel = ADC_CHANNEL_1;
  76              		.loc 1 59 3 is_stmt 1 view .LVU20
  77              		.loc 1 59 19 is_stmt 0 view .LVU21
  78 002a 0123     		movs	r3, #1
  79 002c 0193     		str	r3, [sp, #4]
  60:Core/Src/adc.c ****   sConfig.Rank = ADC_REGULAR_RANK_1;
  80              		.loc 1 60 3 is_stmt 1 view .LVU22
  81              		.loc 1 60 16 is_stmt 0 view .LVU23
  82 002e 0293     		str	r3, [sp, #8]
  61:Core/Src/adc.c ****   sConfig.SamplingTime = ADC_SAMPLETIME_1CYCLE_5;
  83              		.loc 1 61 3 is_stmt 1 view .LVU24
  84              		.loc 1 61 24 is_stmt 0 view .LVU25
  85 0030 0023     		movs	r3, #0
  86 0032 0393     		str	r3, [sp, #12]
  62:Core/Src/adc.c ****   if (HAL_ADC_ConfigChannel(&hadc1, &sConfig) != HAL_OK)
  87              		.loc 1 62 3 is_stmt 1 view .LVU26
  88              		.loc 1 62 7 is_stmt 0 view .LVU27
  89 0034 01A9     		add	r1, sp, #4
  90 0036 0648     		ldr	r0, .L7
  91 0038 FFF7FEFF 		bl	HAL_ADC_ConfigChannel
  92              	.LVL1:
  93              		.loc 1 62 6 view .LVU28
  94 003c 28B9     		cbnz	r0, .L6
  95              	.L1:
  63:Core/Src/adc.c ****   {
  64:Core/Src/adc.c ****     Error_Handler();
  65:Core/Src/adc.c ****   }
  66:Core/Src/adc.c ****   /* USER CODE BEGIN ADC1_Init 2 */
  67:Core/Src/adc.c **** 
  68:Core/Src/adc.c ****   /* USER CODE END ADC1_Init 2 */
  69:Core/Src/adc.c **** 
  70:Core/Src/adc.c **** }
  96              		.loc 1 70 1 view .LVU29
  97 003e 05B0     		add	sp, sp, #20
  98              	.LCFI2:
  99              		.cfi_remember_state
 100              		.cfi_def_cfa_offset 4
 101              		@ sp needed
 102 0040 5DF804FB 		ldr	pc, [sp], #4
ARM GAS  /tmp/cczPZScz.s 			page 4


 103              	.L5:
 104              	.LCFI3:
 105              		.cfi_restore_state
  54:Core/Src/adc.c ****   }
 106              		.loc 1 54 5 is_stmt 1 view .LVU30
 107 0044 FFF7FEFF 		bl	Error_Handler
 108              	.LVL2:
 109 0048 EFE7     		b	.L2
 110              	.L6:
  64:Core/Src/adc.c ****   }
 111              		.loc 1 64 5 view .LVU31
 112 004a FFF7FEFF 		bl	Error_Handler
 113              	.LVL3:
 114              		.loc 1 70 1 is_stmt 0 view .LVU32
 115 004e F6E7     		b	.L1
 116              	.L8:
 117              		.align	2
 118              	.L7:
 119 0050 00000000 		.word	.LANCHOR0
 120 0054 00240140 		.word	1073816576
 121              		.cfi_endproc
 122              	.LFE65:
 124              		.section	.text.HAL_ADC_MspInit,"ax",%progbits
 125              		.align	1
 126              		.global	HAL_ADC_MspInit
 127              		.syntax unified
 128              		.thumb
 129              		.thumb_func
 131              	HAL_ADC_MspInit:
 132              	.LVL4:
 133              	.LFB66:
  71:Core/Src/adc.c **** 
  72:Core/Src/adc.c **** void HAL_ADC_MspInit(ADC_HandleTypeDef* adcHandle)
  73:Core/Src/adc.c **** {
 134              		.loc 1 73 1 is_stmt 1 view -0
 135              		.cfi_startproc
 136              		@ args = 0, pretend = 0, frame = 24
 137              		@ frame_needed = 0, uses_anonymous_args = 0
 138              		.loc 1 73 1 is_stmt 0 view .LVU34
 139 0000 00B5     		push	{lr}
 140              	.LCFI4:
 141              		.cfi_def_cfa_offset 4
 142              		.cfi_offset 14, -4
 143 0002 87B0     		sub	sp, sp, #28
 144              	.LCFI5:
 145              		.cfi_def_cfa_offset 32
  74:Core/Src/adc.c **** 
  75:Core/Src/adc.c ****   GPIO_InitTypeDef GPIO_InitStruct = {0};
 146              		.loc 1 75 3 is_stmt 1 view .LVU35
 147              		.loc 1 75 20 is_stmt 0 view .LVU36
 148 0004 0023     		movs	r3, #0
 149 0006 0293     		str	r3, [sp, #8]
 150 0008 0393     		str	r3, [sp, #12]
 151 000a 0493     		str	r3, [sp, #16]
 152 000c 0593     		str	r3, [sp, #20]
  76:Core/Src/adc.c ****   if(adcHandle->Instance==ADC1)
 153              		.loc 1 76 3 is_stmt 1 view .LVU37
ARM GAS  /tmp/cczPZScz.s 			page 5


 154              		.loc 1 76 15 is_stmt 0 view .LVU38
 155 000e 0268     		ldr	r2, [r0]
 156              		.loc 1 76 5 view .LVU39
 157 0010 114B     		ldr	r3, .L13
 158 0012 9A42     		cmp	r2, r3
 159 0014 02D0     		beq	.L12
 160              	.LVL5:
 161              	.L9:
  77:Core/Src/adc.c ****   {
  78:Core/Src/adc.c ****   /* USER CODE BEGIN ADC1_MspInit 0 */
  79:Core/Src/adc.c **** 
  80:Core/Src/adc.c ****   /* USER CODE END ADC1_MspInit 0 */
  81:Core/Src/adc.c ****     /* ADC1 clock enable */
  82:Core/Src/adc.c ****     __HAL_RCC_ADC1_CLK_ENABLE();
  83:Core/Src/adc.c **** 
  84:Core/Src/adc.c ****     __HAL_RCC_GPIOA_CLK_ENABLE();
  85:Core/Src/adc.c ****     /**ADC1 GPIO Configuration
  86:Core/Src/adc.c ****     PA1     ------> ADC1_IN1
  87:Core/Src/adc.c ****     */
  88:Core/Src/adc.c ****     GPIO_InitStruct.Pin = GPIO_PIN_1;
  89:Core/Src/adc.c ****     GPIO_InitStruct.Mode = GPIO_MODE_ANALOG;
  90:Core/Src/adc.c ****     HAL_GPIO_Init(GPIOA, &GPIO_InitStruct);
  91:Core/Src/adc.c **** 
  92:Core/Src/adc.c ****   /* USER CODE BEGIN ADC1_MspInit 1 */
  93:Core/Src/adc.c **** 
  94:Core/Src/adc.c ****   /* USER CODE END ADC1_MspInit 1 */
  95:Core/Src/adc.c ****   }
  96:Core/Src/adc.c **** }
 162              		.loc 1 96 1 view .LVU40
 163 0016 07B0     		add	sp, sp, #28
 164              	.LCFI6:
 165              		.cfi_remember_state
 166              		.cfi_def_cfa_offset 4
 167              		@ sp needed
 168 0018 5DF804FB 		ldr	pc, [sp], #4
 169              	.LVL6:
 170              	.L12:
 171              	.LCFI7:
 172              		.cfi_restore_state
  82:Core/Src/adc.c **** 
 173              		.loc 1 82 5 is_stmt 1 view .LVU41
 174              	.LBB2:
  82:Core/Src/adc.c **** 
 175              		.loc 1 82 5 view .LVU42
  82:Core/Src/adc.c **** 
 176              		.loc 1 82 5 view .LVU43
 177 001c 03F56C43 		add	r3, r3, #60416
 178 0020 9A69     		ldr	r2, [r3, #24]
 179 0022 42F40072 		orr	r2, r2, #512
 180 0026 9A61     		str	r2, [r3, #24]
  82:Core/Src/adc.c **** 
 181              		.loc 1 82 5 view .LVU44
 182 0028 9A69     		ldr	r2, [r3, #24]
 183 002a 02F40072 		and	r2, r2, #512
 184 002e 0092     		str	r2, [sp]
  82:Core/Src/adc.c **** 
 185              		.loc 1 82 5 view .LVU45
ARM GAS  /tmp/cczPZScz.s 			page 6


 186 0030 009A     		ldr	r2, [sp]
 187              	.LBE2:
  82:Core/Src/adc.c **** 
 188              		.loc 1 82 5 view .LVU46
  84:Core/Src/adc.c ****     /**ADC1 GPIO Configuration
 189              		.loc 1 84 5 view .LVU47
 190              	.LBB3:
  84:Core/Src/adc.c ****     /**ADC1 GPIO Configuration
 191              		.loc 1 84 5 view .LVU48
  84:Core/Src/adc.c ****     /**ADC1 GPIO Configuration
 192              		.loc 1 84 5 view .LVU49
 193 0032 9A69     		ldr	r2, [r3, #24]
 194 0034 42F00402 		orr	r2, r2, #4
 195 0038 9A61     		str	r2, [r3, #24]
  84:Core/Src/adc.c ****     /**ADC1 GPIO Configuration
 196              		.loc 1 84 5 view .LVU50
 197 003a 9B69     		ldr	r3, [r3, #24]
 198 003c 03F00403 		and	r3, r3, #4
 199 0040 0193     		str	r3, [sp, #4]
  84:Core/Src/adc.c ****     /**ADC1 GPIO Configuration
 200              		.loc 1 84 5 view .LVU51
 201 0042 019B     		ldr	r3, [sp, #4]
 202              	.LBE3:
  84:Core/Src/adc.c ****     /**ADC1 GPIO Configuration
 203              		.loc 1 84 5 view .LVU52
  88:Core/Src/adc.c ****     GPIO_InitStruct.Mode = GPIO_MODE_ANALOG;
 204              		.loc 1 88 5 view .LVU53
  88:Core/Src/adc.c ****     GPIO_InitStruct.Mode = GPIO_MODE_ANALOG;
 205              		.loc 1 88 25 is_stmt 0 view .LVU54
 206 0044 0223     		movs	r3, #2
 207 0046 0293     		str	r3, [sp, #8]
  89:Core/Src/adc.c ****     HAL_GPIO_Init(GPIOA, &GPIO_InitStruct);
 208              		.loc 1 89 5 is_stmt 1 view .LVU55
  89:Core/Src/adc.c ****     HAL_GPIO_Init(GPIOA, &GPIO_InitStruct);
 209              		.loc 1 89 26 is_stmt 0 view .LVU56
 210 0048 0323     		movs	r3, #3
 211 004a 0393     		str	r3, [sp, #12]
  90:Core/Src/adc.c **** 
 212              		.loc 1 90 5 is_stmt 1 view .LVU57
 213 004c 02A9     		add	r1, sp, #8
 214 004e 0348     		ldr	r0, .L13+4
 215              	.LVL7:
  90:Core/Src/adc.c **** 
 216              		.loc 1 90 5 is_stmt 0 view .LVU58
 217 0050 FFF7FEFF 		bl	HAL_GPIO_Init
 218              	.LVL8:
 219              		.loc 1 96 1 view .LVU59
 220 0054 DFE7     		b	.L9
 221              	.L14:
 222 0056 00BF     		.align	2
 223              	.L13:
 224 0058 00240140 		.word	1073816576
 225 005c 00080140 		.word	1073809408
 226              		.cfi_endproc
 227              	.LFE66:
 229              		.section	.text.HAL_ADC_MspDeInit,"ax",%progbits
 230              		.align	1
ARM GAS  /tmp/cczPZScz.s 			page 7


 231              		.global	HAL_ADC_MspDeInit
 232              		.syntax unified
 233              		.thumb
 234              		.thumb_func
 236              	HAL_ADC_MspDeInit:
 237              	.LVL9:
 238              	.LFB67:
  97:Core/Src/adc.c **** 
  98:Core/Src/adc.c **** void HAL_ADC_MspDeInit(ADC_HandleTypeDef* adcHandle)
  99:Core/Src/adc.c **** {
 239              		.loc 1 99 1 is_stmt 1 view -0
 240              		.cfi_startproc
 241              		@ args = 0, pretend = 0, frame = 0
 242              		@ frame_needed = 0, uses_anonymous_args = 0
 243              		.loc 1 99 1 is_stmt 0 view .LVU61
 244 0000 08B5     		push	{r3, lr}
 245              	.LCFI8:
 246              		.cfi_def_cfa_offset 8
 247              		.cfi_offset 3, -8
 248              		.cfi_offset 14, -4
 100:Core/Src/adc.c **** 
 101:Core/Src/adc.c ****   if(adcHandle->Instance==ADC1)
 249              		.loc 1 101 3 is_stmt 1 view .LVU62
 250              		.loc 1 101 15 is_stmt 0 view .LVU63
 251 0002 0268     		ldr	r2, [r0]
 252              		.loc 1 101 5 view .LVU64
 253 0004 064B     		ldr	r3, .L19
 254 0006 9A42     		cmp	r2, r3
 255 0008 00D0     		beq	.L18
 256              	.LVL10:
 257              	.L15:
 102:Core/Src/adc.c ****   {
 103:Core/Src/adc.c ****   /* USER CODE BEGIN ADC1_MspDeInit 0 */
 104:Core/Src/adc.c **** 
 105:Core/Src/adc.c ****   /* USER CODE END ADC1_MspDeInit 0 */
 106:Core/Src/adc.c ****     /* Peripheral clock disable */
 107:Core/Src/adc.c ****     __HAL_RCC_ADC1_CLK_DISABLE();
 108:Core/Src/adc.c **** 
 109:Core/Src/adc.c ****     /**ADC1 GPIO Configuration
 110:Core/Src/adc.c ****     PA1     ------> ADC1_IN1
 111:Core/Src/adc.c ****     */
 112:Core/Src/adc.c ****     HAL_GPIO_DeInit(GPIOA, GPIO_PIN_1);
 113:Core/Src/adc.c **** 
 114:Core/Src/adc.c ****   /* USER CODE BEGIN ADC1_MspDeInit 1 */
 115:Core/Src/adc.c **** 
 116:Core/Src/adc.c ****   /* USER CODE END ADC1_MspDeInit 1 */
 117:Core/Src/adc.c ****   }
 118:Core/Src/adc.c **** }
 258              		.loc 1 118 1 view .LVU65
 259 000a 08BD     		pop	{r3, pc}
 260              	.LVL11:
 261              	.L18:
 107:Core/Src/adc.c **** 
 262              		.loc 1 107 5 is_stmt 1 view .LVU66
 263 000c 054A     		ldr	r2, .L19+4
 264 000e 9369     		ldr	r3, [r2, #24]
 265 0010 23F40073 		bic	r3, r3, #512
ARM GAS  /tmp/cczPZScz.s 			page 8


 266 0014 9361     		str	r3, [r2, #24]
 112:Core/Src/adc.c **** 
 267              		.loc 1 112 5 view .LVU67
 268 0016 0221     		movs	r1, #2
 269 0018 0348     		ldr	r0, .L19+8
 270              	.LVL12:
 112:Core/Src/adc.c **** 
 271              		.loc 1 112 5 is_stmt 0 view .LVU68
 272 001a FFF7FEFF 		bl	HAL_GPIO_DeInit
 273              	.LVL13:
 274              		.loc 1 118 1 view .LVU69
 275 001e F4E7     		b	.L15
 276              	.L20:
 277              		.align	2
 278              	.L19:
 279 0020 00240140 		.word	1073816576
 280 0024 00100240 		.word	1073876992
 281 0028 00080140 		.word	1073809408
 282              		.cfi_endproc
 283              	.LFE67:
 285              		.global	hadc1
 286              		.section	.bss.hadc1,"aw",%nobits
 287              		.align	2
 288              		.set	.LANCHOR0,. + 0
 291              	hadc1:
 292 0000 00000000 		.space	48
 292      00000000 
 292      00000000 
 292      00000000 
 292      00000000 
 293              		.text
 294              	.Letext0:
 295              		.file 2 "/home/santiago/gcc-arm-none-eabi-10.3-2021.10-x86_64-linux/gcc-arm-none-eabi-10.3-2021.10
 296              		.file 3 "/home/santiago/gcc-arm-none-eabi-10.3-2021.10-x86_64-linux/gcc-arm-none-eabi-10.3-2021.10
 297              		.file 4 "Drivers/CMSIS/Device/ST/STM32F1xx/Include/stm32f103xb.h"
 298              		.file 5 "Drivers/CMSIS/Device/ST/STM32F1xx/Include/stm32f1xx.h"
 299              		.file 6 "Drivers/STM32F1xx_HAL_Driver/Inc/stm32f1xx_hal_def.h"
 300              		.file 7 "Drivers/STM32F1xx_HAL_Driver/Inc/stm32f1xx_hal_gpio.h"
 301              		.file 8 "Drivers/STM32F1xx_HAL_Driver/Inc/stm32f1xx_hal_dma.h"
 302              		.file 9 "Drivers/STM32F1xx_HAL_Driver/Inc/stm32f1xx_hal_adc.h"
 303              		.file 10 "Core/Inc/main.h"
 304              		.file 11 "Core/Inc/adc.h"
ARM GAS  /tmp/cczPZScz.s 			page 9


DEFINED SYMBOLS
                            *ABS*:0000000000000000 adc.c
     /tmp/cczPZScz.s:18     .text.MX_ADC1_Init:0000000000000000 $t
     /tmp/cczPZScz.s:24     .text.MX_ADC1_Init:0000000000000000 MX_ADC1_Init
     /tmp/cczPZScz.s:119    .text.MX_ADC1_Init:0000000000000050 $d
     /tmp/cczPZScz.s:125    .text.HAL_ADC_MspInit:0000000000000000 $t
     /tmp/cczPZScz.s:131    .text.HAL_ADC_MspInit:0000000000000000 HAL_ADC_MspInit
     /tmp/cczPZScz.s:224    .text.HAL_ADC_MspInit:0000000000000058 $d
     /tmp/cczPZScz.s:230    .text.HAL_ADC_MspDeInit:0000000000000000 $t
     /tmp/cczPZScz.s:236    .text.HAL_ADC_MspDeInit:0000000000000000 HAL_ADC_MspDeInit
     /tmp/cczPZScz.s:279    .text.HAL_ADC_MspDeInit:0000000000000020 $d
     /tmp/cczPZScz.s:291    .bss.hadc1:0000000000000000 hadc1
     /tmp/cczPZScz.s:287    .bss.hadc1:0000000000000000 $d

UNDEFINED SYMBOLS
HAL_ADC_Init
HAL_ADC_ConfigChannel
Error_Handler
HAL_GPIO_Init
HAL_GPIO_DeInit
