ARM GAS  /tmp/ccI3fwCo.s 			page 1


   1              		.cpu cortex-m3
   2              		.arch armv7-m
   3              		.fpu softvfp
   4              		.eabi_attribute 20, 1
   5              		.eabi_attribute 21, 1
   6              		.eabi_attribute 23, 3
   7              		.eabi_attribute 24, 1
   8              		.eabi_attribute 25, 1
   9              		.eabi_attribute 26, 1
  10              		.eabi_attribute 30, 1
  11              		.eabi_attribute 34, 1
  12              		.eabi_attribute 18, 4
  13              		.file	"can_app.c"
  14              		.text
  15              	.Ltext0:
  16              		.cfi_sections	.debug_frame
  17              		.section	.rodata.CAN_SendFloat.str1.4,"aMS",%progbits,1
  18              		.align	2
  19              	.LC0:
  20 0000 54582054 		.ascii	"TX TIMEOUT\015\000"
  20      494D454F 
  20      55540D00 
  21              		.align	2
  22              	.LC1:
  23 000c 5B43414E 		.ascii	"[CAN SEND] ID=0x%03X DLC=%d DATA=%02X %02X %02X %02"
  23      2053454E 
  23      445D2049 
  23      443D3078 
  23      25303358 
  24 003f 58202825 		.ascii	"X (%.3f)\015\012\000"
  24      2E336629 
  24      0D0A00
  25              		.global	__aeabi_f2d
  26 004a 0000     		.align	2
  27              	.LC2:
  28 004c 5B43414E 		.ascii	"[CAN TX] ERROR al enviar ID=0x%03X\015\012\000"
  28      2054585D 
  28      20455252 
  28      4F522061 
  28      6C20656E 
  29              		.section	.text.CAN_SendFloat,"ax",%progbits
  30              		.align	1
  31              		.global	CAN_SendFloat
  32              		.syntax unified
  33              		.thumb
  34              		.thumb_func
  36              	CAN_SendFloat:
  37              	.LVL0:
  38              	.LFB68:
  39              		.file 1 "Core/Src/can_app.c"
   1:Core/Src/can_app.c **** #include "can.h"
   2:Core/Src/can_app.c **** #include "can_app.h"
   3:Core/Src/can_app.c **** #include <stdio.h>
   4:Core/Src/can_app.c **** 
   5:Core/Src/can_app.c **** extern CAN_HandleTypeDef hcan;
   6:Core/Src/can_app.c **** 
   7:Core/Src/can_app.c **** void CAN_SendFloat(uint16_t id, float value)
ARM GAS  /tmp/ccI3fwCo.s 			page 2


   8:Core/Src/can_app.c **** {
  40              		.loc 1 8 1 view -0
  41              		.cfi_startproc
  42              		@ args = 0, pretend = 0, frame = 32
  43              		@ frame_needed = 0, uses_anonymous_args = 0
  44              		.loc 1 8 1 is_stmt 0 view .LVU1
  45 0000 2DE9F043 		push	{r4, r5, r6, r7, r8, r9, lr}
  46              	.LCFI0:
  47              		.cfi_def_cfa_offset 28
  48              		.cfi_offset 4, -28
  49              		.cfi_offset 5, -24
  50              		.cfi_offset 6, -20
  51              		.cfi_offset 7, -16
  52              		.cfi_offset 8, -12
  53              		.cfi_offset 9, -8
  54              		.cfi_offset 14, -4
  55 0004 8FB0     		sub	sp, sp, #60
  56              	.LCFI1:
  57              		.cfi_def_cfa_offset 88
  58 0006 0546     		mov	r5, r0
  59 0008 0E46     		mov	r6, r1
   9:Core/Src/can_app.c ****     CAN_TxHeaderTypeDef TxHeader;
  60              		.loc 1 9 5 is_stmt 1 view .LVU2
  10:Core/Src/can_app.c ****     uint32_t TxMailbox;
  61              		.loc 1 10 5 view .LVU3
  11:Core/Src/can_app.c **** 
  12:Core/Src/can_app.c ****     union {
  62              		.loc 1 12 5 view .LVU4
  13:Core/Src/can_app.c ****         float f;
  14:Core/Src/can_app.c ****         uint8_t bytes[4];
  15:Core/Src/can_app.c ****     } data;
  16:Core/Src/can_app.c **** 
  17:Core/Src/can_app.c ****     data.f = value;
  63              		.loc 1 17 5 view .LVU5
  64              		.loc 1 17 12 is_stmt 0 view .LVU6
  65 000a 0691     		str	r1, [sp, #24]	@ float
  18:Core/Src/can_app.c **** 
  19:Core/Src/can_app.c ****     TxHeader.StdId = id;
  66              		.loc 1 19 5 is_stmt 1 view .LVU7
  67              		.loc 1 19 20 is_stmt 0 view .LVU8
  68 000c 0890     		str	r0, [sp, #32]
  20:Core/Src/can_app.c ****     TxHeader.RTR = CAN_RTR_DATA;
  69              		.loc 1 20 5 is_stmt 1 view .LVU9
  70              		.loc 1 20 18 is_stmt 0 view .LVU10
  71 000e 0023     		movs	r3, #0
  72 0010 0B93     		str	r3, [sp, #44]
  21:Core/Src/can_app.c ****     TxHeader.IDE = CAN_ID_STD;
  73              		.loc 1 21 5 is_stmt 1 view .LVU11
  74              		.loc 1 21 18 is_stmt 0 view .LVU12
  75 0012 0A93     		str	r3, [sp, #40]
  22:Core/Src/can_app.c ****     TxHeader.DLC = 4;
  76              		.loc 1 22 5 is_stmt 1 view .LVU13
  77              		.loc 1 22 18 is_stmt 0 view .LVU14
  78 0014 0422     		movs	r2, #4
  79 0016 0C92     		str	r2, [sp, #48]
  23:Core/Src/can_app.c ****     TxHeader.TransmitGlobalTime = DISABLE;
  80              		.loc 1 23 5 is_stmt 1 view .LVU15
ARM GAS  /tmp/ccI3fwCo.s 			page 3


  81              		.loc 1 23 33 is_stmt 0 view .LVU16
  82 0018 8DF83430 		strb	r3, [sp, #52]
  24:Core/Src/can_app.c **** 
  25:Core/Src/can_app.c ****     /* Esperar mailbox libre */
  26:Core/Src/can_app.c ****     while (HAL_CAN_GetTxMailboxesFreeLevel(&hcan) == 0)
  83              		.loc 1 26 5 is_stmt 1 view .LVU17
  84              	.LVL1:
  85              	.L2:
  27:Core/Src/can_app.c ****     {
  28:Core/Src/can_app.c ****         //taskYIELD();   // o osDelay(1)
  29:Core/Src/can_app.c ****     }
  86              		.loc 1 29 5 discriminator 1 view .LVU18
  26:Core/Src/can_app.c ****     {
  87              		.loc 1 26 11 discriminator 1 view .LVU19
  26:Core/Src/can_app.c ****     {
  88              		.loc 1 26 12 is_stmt 0 discriminator 1 view .LVU20
  89 001c 1E48     		ldr	r0, .L9
  90 001e FFF7FEFF 		bl	HAL_CAN_GetTxMailboxesFreeLevel
  91              	.LVL2:
  26:Core/Src/can_app.c ****     {
  92              		.loc 1 26 11 discriminator 1 view .LVU21
  93 0022 0028     		cmp	r0, #0
  94 0024 FAD0     		beq	.L2
  30:Core/Src/can_app.c **** 
  31:Core/Src/can_app.c ****     if (HAL_CAN_AddTxMessage(&hcan, &TxHeader, data.bytes, &TxMailbox) == HAL_OK)
  95              		.loc 1 31 5 is_stmt 1 view .LVU22
  96              		.loc 1 31 9 is_stmt 0 view .LVU23
  97 0026 07AB     		add	r3, sp, #28
  98 0028 06AA     		add	r2, sp, #24
  99 002a 08A9     		add	r1, sp, #32
 100 002c 1A48     		ldr	r0, .L9
 101 002e FFF7FEFF 		bl	HAL_CAN_AddTxMessage
 102              	.LVL3:
 103              		.loc 1 31 8 view .LVU24
 104 0032 48BB     		cbnz	r0, .L3
 105              	.LBB2:
  32:Core/Src/can_app.c ****     {
  33:Core/Src/can_app.c ****         uint32_t timeout = HAL_GetTick();
 106              		.loc 1 33 9 is_stmt 1 view .LVU25
 107              		.loc 1 33 28 is_stmt 0 view .LVU26
 108 0034 FFF7FEFF 		bl	HAL_GetTick
 109              	.LVL4:
 110 0038 0446     		mov	r4, r0
 111              	.LVL5:
  34:Core/Src/can_app.c ****         uint8_t tx_ok = 1;
 112              		.loc 1 34 9 is_stmt 1 view .LVU27
  35:Core/Src/can_app.c **** 
  36:Core/Src/can_app.c ****         while(HAL_CAN_IsTxMessagePending(&hcan, TxMailbox))
 113              		.loc 1 36 9 view .LVU28
 114              	.L4:
 115              		.loc 1 36 14 view .LVU29
 116              		.loc 1 36 15 is_stmt 0 view .LVU30
 117 003a 0799     		ldr	r1, [sp, #28]
 118 003c 1648     		ldr	r0, .L9
 119 003e FFF7FEFF 		bl	HAL_CAN_IsTxMessagePending
 120              	.LVL6:
 121              		.loc 1 36 14 view .LVU31
ARM GAS  /tmp/ccI3fwCo.s 			page 4


 122 0042 40B1     		cbz	r0, .L8
  37:Core/Src/can_app.c ****         {
  38:Core/Src/can_app.c ****             if((HAL_GetTick() - timeout) > 10)
 123              		.loc 1 38 13 is_stmt 1 view .LVU32
 124              		.loc 1 38 17 is_stmt 0 view .LVU33
 125 0044 FFF7FEFF 		bl	HAL_GetTick
 126              	.LVL7:
 127              		.loc 1 38 31 view .LVU34
 128 0048 031B     		subs	r3, r0, r4
 129              		.loc 1 38 15 view .LVU35
 130 004a 0A2B     		cmp	r3, #10
 131 004c F5D9     		bls	.L4
  39:Core/Src/can_app.c ****             {
  40:Core/Src/can_app.c ****                 printf("TX TIMEOUT\r\n");
 132              		.loc 1 40 17 is_stmt 1 view .LVU36
 133 004e 1348     		ldr	r0, .L9+4
 134 0050 FFF7FEFF 		bl	puts
 135              	.LVL8:
  41:Core/Src/can_app.c ****                 tx_ok = 0;
 136              		.loc 1 41 17 view .LVU37
  42:Core/Src/can_app.c ****                 break;
 137              		.loc 1 42 17 view .LVU38
  43:Core/Src/can_app.c ****             }
  44:Core/Src/can_app.c ****         }
  45:Core/Src/can_app.c **** 
  46:Core/Src/can_app.c ****     if(tx_ok)
 138              		.loc 1 46 5 view .LVU39
 139 0054 1CE0     		b	.L1
 140              	.LVL9:
 141              	.L8:
 142              		.loc 1 46 5 view .LVU40
  47:Core/Src/can_app.c ****     {
  48:Core/Src/can_app.c ****         printf(
 143              		.loc 1 48 9 view .LVU41
  49:Core/Src/can_app.c ****            "[CAN SEND] ID=0x%03X DLC=%d DATA=%02X %02X %02X %02X (%.3f)\r\n",
  50:Core/Src/can_app.c ****            id,
  51:Core/Src/can_app.c ****            TxHeader.DLC,
  52:Core/Src/can_app.c ****            data.bytes[0],
 144              		.loc 1 52 22 is_stmt 0 view .LVU42
 145 0056 9DF81840 		ldrb	r4, [sp, #24]	@ zero_extendqisi2
 146              	.LVL10:
  53:Core/Src/can_app.c ****            data.bytes[1],
 147              		.loc 1 53 22 view .LVU43
 148 005a 9DF81970 		ldrb	r7, [sp, #25]	@ zero_extendqisi2
  54:Core/Src/can_app.c ****            data.bytes[2],
 149              		.loc 1 54 22 view .LVU44
 150 005e 9DF81A80 		ldrb	r8, [sp, #26]	@ zero_extendqisi2
  55:Core/Src/can_app.c ****            data.bytes[3],
 151              		.loc 1 55 22 view .LVU45
 152 0062 9DF81B90 		ldrb	r9, [sp, #27]	@ zero_extendqisi2
  48:Core/Src/can_app.c ****            "[CAN SEND] ID=0x%03X DLC=%d DATA=%02X %02X %02X %02X (%.3f)\r\n",
 153              		.loc 1 48 9 view .LVU46
 154 0066 3046     		mov	r0, r6
 155 0068 FFF7FEFF 		bl	__aeabi_f2d
 156              	.LVL11:
 157 006c CDE90401 		strd	r0, [sp, #16]
 158 0070 CDF80890 		str	r9, [sp, #8]
ARM GAS  /tmp/ccI3fwCo.s 			page 5


 159 0074 CDF80480 		str	r8, [sp, #4]
 160 0078 0097     		str	r7, [sp]
 161 007a 2346     		mov	r3, r4
 162 007c 0C9A     		ldr	r2, [sp, #48]
 163 007e 2946     		mov	r1, r5
 164 0080 0748     		ldr	r0, .L9+8
 165 0082 FFF7FEFF 		bl	printf
 166              	.LVL12:
 167 0086 03E0     		b	.L1
 168              	.LVL13:
 169              	.L3:
  48:Core/Src/can_app.c ****            "[CAN SEND] ID=0x%03X DLC=%d DATA=%02X %02X %02X %02X (%.3f)\r\n",
 170              		.loc 1 48 9 view .LVU47
 171              	.LBE2:
  56:Core/Src/can_app.c ****            value
  57:Core/Src/can_app.c ****         );
  58:Core/Src/can_app.c ****     }
  59:Core/Src/can_app.c **** 
  60:Core/Src/can_app.c ****     }
  61:Core/Src/can_app.c ****     else
  62:Core/Src/can_app.c ****     {
  63:Core/Src/can_app.c ****         printf("[CAN TX] ERROR al enviar ID=0x%03X\r\n", id);
 172              		.loc 1 63 9 is_stmt 1 view .LVU48
 173 0088 2946     		mov	r1, r5
 174 008a 0648     		ldr	r0, .L9+12
 175 008c FFF7FEFF 		bl	printf
 176              	.LVL14:
 177              	.L1:
  64:Core/Src/can_app.c ****     }
  65:Core/Src/can_app.c **** }
 178              		.loc 1 65 1 is_stmt 0 view .LVU49
 179 0090 0FB0     		add	sp, sp, #60
 180              	.LCFI2:
 181              		.cfi_def_cfa_offset 28
 182              		@ sp needed
 183 0092 BDE8F083 		pop	{r4, r5, r6, r7, r8, r9, pc}
 184              	.LVL15:
 185              	.L10:
 186              		.loc 1 65 1 view .LVU50
 187 0096 00BF     		.align	2
 188              	.L9:
 189 0098 00000000 		.word	hcan
 190 009c 00000000 		.word	.LC0
 191 00a0 0C000000 		.word	.LC1
 192 00a4 4C000000 		.word	.LC2
 193              		.cfi_endproc
 194              	.LFE68:
 196              		.text
 197              	.Letext0:
 198              		.file 2 "/home/santiago/gcc-arm-none-eabi-10.3-2021.10-x86_64-linux/gcc-arm-none-eabi-10.3-2021.10
 199              		.file 3 "/home/santiago/gcc-arm-none-eabi-10.3-2021.10-x86_64-linux/gcc-arm-none-eabi-10.3-2021.10
 200              		.file 4 "Drivers/CMSIS/Device/ST/STM32F1xx/Include/stm32f103xb.h"
 201              		.file 5 "Drivers/CMSIS/Device/ST/STM32F1xx/Include/stm32f1xx.h"
 202              		.file 6 "Drivers/STM32F1xx_HAL_Driver/Inc/stm32f1xx_hal_def.h"
 203              		.file 7 "Drivers/STM32F1xx_HAL_Driver/Inc/stm32f1xx_hal_can.h"
 204              		.file 8 "Core/Inc/can.h"
 205              		.file 9 "Drivers/STM32F1xx_HAL_Driver/Inc/stm32f1xx_hal.h"
ARM GAS  /tmp/ccI3fwCo.s 			page 6


 206              		.file 10 "/home/santiago/gcc-arm-none-eabi-10.3-2021.10-x86_64-linux/gcc-arm-none-eabi-10.3-2021.1
 207              		.file 11 "<built-in>"
ARM GAS  /tmp/ccI3fwCo.s 			page 7


DEFINED SYMBOLS
                            *ABS*:0000000000000000 can_app.c
     /tmp/ccI3fwCo.s:18     .rodata.CAN_SendFloat.str1.4:0000000000000000 $d
     /tmp/ccI3fwCo.s:30     .text.CAN_SendFloat:0000000000000000 $t
     /tmp/ccI3fwCo.s:36     .text.CAN_SendFloat:0000000000000000 CAN_SendFloat
     /tmp/ccI3fwCo.s:189    .text.CAN_SendFloat:0000000000000098 $d

UNDEFINED SYMBOLS
__aeabi_f2d
HAL_CAN_GetTxMailboxesFreeLevel
HAL_CAN_AddTxMessage
HAL_GetTick
HAL_CAN_IsTxMessagePending
puts
printf
hcan
