ARM GAS  /tmp/cciht4v6.s 			page 1


   1              		.cpu cortex-m3
   2              		.arch armv7-m
   3              		.fpu softvfp
   4              		.eabi_attribute 20, 1
   5              		.eabi_attribute 21, 1
   6              		.eabi_attribute 23, 3
   7              		.eabi_attribute 24, 1
   8              		.eabi_attribute 25, 1
   9              		.eabi_attribute 26, 1
  10              		.eabi_attribute 30, 1
  11              		.eabi_attribute 34, 1
  12              		.eabi_attribute 18, 4
  13              		.file	"features.c"
  14              		.text
  15              	.Ltext0:
  16              		.cfi_sections	.debug_frame
  17              		.global	__aeabi_i2f
  18              		.global	__aeabi_fmul
  19              		.global	__aeabi_fadd
  20              		.global	__aeabi_fdiv
  21              		.global	__aeabi_fsub
  22              		.global	__aeabi_fcmpgt
  23              		.section	.text.Features_ComputeRMSPeak,"ax",%progbits
  24              		.align	1
  25              		.global	Features_ComputeRMSPeak
  26              		.syntax unified
  27              		.thumb
  28              		.thumb_func
  30              	Features_ComputeRMSPeak:
  31              	.LVL0:
  32              	.LFB0:
  33              		.file 1 "Core/Src/features.c"
   1:Core/Src/features.c **** #include "features.h"
   2:Core/Src/features.c **** #include <math.h>
   3:Core/Src/features.c **** 
   4:Core/Src/features.c **** /**
   5:Core/Src/features.c ****  * @brief Calcula RMS, Peak y Crest Factor sobre la magnitud vectorial
   6:Core/Src/features.c ****  *        de los tres ejes del acelerómetro, con remoción de offset DC.
   7:Core/Src/features.c ****  *
   8:Core/Src/features.c ****  *        Usar magnitud en lugar de un solo eje tiene dos ventajas:
   9:Core/Src/features.c ****  *          - La orientación física del sensor no afecta el resultado.
  10:Core/Src/features.c ****  *          - Captura vibración en cualquier dirección simultáneamente.
  11:Core/Src/features.c ****  *
  12:Core/Src/features.c ****  *        El offset DC (gravedad + posición estática) se remueve
  13:Core/Src/features.c ****  *        restando la media de la ventana antes de calcular RMS/Peak,
  14:Core/Src/features.c ****  *        dejando solo la componente dinámica (vibración real).
  15:Core/Src/features.c ****  */
  16:Core/Src/features.c **** void Features_ComputeRMSPeak(const accel_window_t *window, vib_features_t *features)
  17:Core/Src/features.c **** {
  34              		.loc 1 17 1 view -0
  35              		.cfi_startproc
  36              		@ args = 0, pretend = 0, frame = 120
  37              		@ frame_needed = 0, uses_anonymous_args = 0
  38              		.loc 1 17 1 is_stmt 0 view .LVU1
  39 0000 2DE9F043 		push	{r4, r5, r6, r7, r8, r9, lr}
  40              	.LCFI0:
  41              		.cfi_def_cfa_offset 28
ARM GAS  /tmp/cciht4v6.s 			page 2


  42              		.cfi_offset 4, -28
  43              		.cfi_offset 5, -24
  44              		.cfi_offset 6, -20
  45              		.cfi_offset 7, -16
  46              		.cfi_offset 8, -12
  47              		.cfi_offset 9, -8
  48              		.cfi_offset 14, -4
  49 0004 9FB0     		sub	sp, sp, #124
  50              	.LCFI1:
  51              		.cfi_def_cfa_offset 152
  52 0006 8146     		mov	r9, r0
  53 0008 8846     		mov	r8, r1
  18:Core/Src/features.c ****     // --- Paso 1: calcular la magnitud cruda de cada muestra ---
  19:Core/Src/features.c ****     float mag[WINDOW_SIZE];
  54              		.loc 1 19 5 is_stmt 1 view .LVU2
  20:Core/Src/features.c **** 
  21:Core/Src/features.c ****     for (int i = 0; i < WINDOW_SIZE; i++)
  55              		.loc 1 21 5 view .LVU3
  56              	.LBB2:
  57              		.loc 1 21 10 view .LVU4
  58              	.LVL1:
  59              		.loc 1 21 14 is_stmt 0 view .LVU5
  60 000a 0024     		movs	r4, #0
  61              		.loc 1 21 5 view .LVU6
  62 000c 32E0     		b	.L2
  63              	.LVL2:
  64              	.L3:
  65              	.LBB3:
  22:Core/Src/features.c ****     {
  23:Core/Src/features.c ****         float ax = (float)window->ax[i];
  66              		.loc 1 23 9 is_stmt 1 discriminator 3 view .LVU7
  67              		.loc 1 23 15 is_stmt 0 discriminator 3 view .LVU8
  68 000e 39F91400 		ldrsh	r0, [r9, r4, lsl #1]
  69 0012 FFF7FEFF 		bl	__aeabi_i2f
  70              	.LVL3:
  71 0016 0746     		mov	r7, r0
  72              	.LVL4:
  24:Core/Src/features.c ****         float ay = (float)window->ay[i];
  73              		.loc 1 24 9 is_stmt 1 discriminator 3 view .LVU9
  74              		.loc 1 24 37 is_stmt 0 discriminator 3 view .LVU10
  75 0018 04F11C03 		add	r3, r4, #28
  76 001c 09EB4303 		add	r3, r9, r3, lsl #1
  77              		.loc 1 24 15 discriminator 3 view .LVU11
  78 0020 B3F90400 		ldrsh	r0, [r3, #4]
  79              	.LVL5:
  80              		.loc 1 24 15 discriminator 3 view .LVU12
  81 0024 FFF7FEFF 		bl	__aeabi_i2f
  82              	.LVL6:
  83 0028 0646     		mov	r6, r0
  84              	.LVL7:
  25:Core/Src/features.c ****         float az = (float)window->az[i];
  85              		.loc 1 25 9 is_stmt 1 discriminator 3 view .LVU13
  86              		.loc 1 25 37 is_stmt 0 discriminator 3 view .LVU14
  87 002a 04F13C03 		add	r3, r4, #60
  88              		.loc 1 25 15 discriminator 3 view .LVU15
  89 002e 39F91300 		ldrsh	r0, [r9, r3, lsl #1]
  90              	.LVL8:
ARM GAS  /tmp/cciht4v6.s 			page 3


  91              		.loc 1 25 15 discriminator 3 view .LVU16
  92 0032 FFF7FEFF 		bl	__aeabi_i2f
  93              	.LVL9:
  94 0036 0546     		mov	r5, r0
  95              	.LVL10:
  26:Core/Src/features.c ****         mag[i] = sqrtf(ax*ax + ay*ay + az*az);
  96              		.loc 1 26 9 is_stmt 1 discriminator 3 view .LVU17
  97              		.loc 1 26 26 is_stmt 0 discriminator 3 view .LVU18
  98 0038 3946     		mov	r1, r7
  99 003a 3846     		mov	r0, r7
 100              	.LVL11:
 101              		.loc 1 26 26 discriminator 3 view .LVU19
 102 003c FFF7FEFF 		bl	__aeabi_fmul
 103              	.LVL12:
 104 0040 0746     		mov	r7, r0
 105              	.LVL13:
 106              		.loc 1 26 34 discriminator 3 view .LVU20
 107 0042 3146     		mov	r1, r6
 108 0044 3046     		mov	r0, r6
 109 0046 FFF7FEFF 		bl	__aeabi_fmul
 110              	.LVL14:
 111 004a 0146     		mov	r1, r0
 112              		.loc 1 26 30 discriminator 3 view .LVU21
 113 004c 3846     		mov	r0, r7
 114 004e FFF7FEFF 		bl	__aeabi_fadd
 115              	.LVL15:
 116 0052 0646     		mov	r6, r0
 117              	.LVL16:
 118              		.loc 1 26 42 discriminator 3 view .LVU22
 119 0054 2946     		mov	r1, r5
 120 0056 2846     		mov	r0, r5
 121 0058 FFF7FEFF 		bl	__aeabi_fmul
 122              	.LVL17:
 123 005c 0146     		mov	r1, r0
 124              		.loc 1 26 18 discriminator 3 view .LVU23
 125 005e 3046     		mov	r0, r6
 126 0060 FFF7FEFF 		bl	__aeabi_fadd
 127              	.LVL18:
 128 0064 FFF7FEFF 		bl	sqrtf
 129              	.LVL19:
 130              		.loc 1 26 16 discriminator 3 view .LVU24
 131 0068 1EAB     		add	r3, sp, #120
 132 006a 03EB8403 		add	r3, r3, r4, lsl #2
 133 006e 43F8780C 		str	r0, [r3, #-120]	@ float
 134              	.LBE3:
  21:Core/Src/features.c ****     {
 135              		.loc 1 21 38 is_stmt 1 discriminator 3 view .LVU25
  21:Core/Src/features.c ****     {
 136              		.loc 1 21 39 is_stmt 0 discriminator 3 view .LVU26
 137 0072 0134     		adds	r4, r4, #1
 138              	.LVL20:
 139              	.L2:
  21:Core/Src/features.c ****     {
 140              		.loc 1 21 21 is_stmt 1 discriminator 1 view .LVU27
  21:Core/Src/features.c ****     {
 141              		.loc 1 21 5 is_stmt 0 discriminator 1 view .LVU28
 142 0074 1D2C     		cmp	r4, #29
ARM GAS  /tmp/cciht4v6.s 			page 4


 143 0076 CADD     		ble	.L3
 144              	.LBE2:
 145              	.LBB4:
  27:Core/Src/features.c ****     }
  28:Core/Src/features.c **** 
  29:Core/Src/features.c ****     // --- Paso 2: restar media (eliminar componente DC = gravedad) ---
  30:Core/Src/features.c ****     float mean = 0.0f;
  31:Core/Src/features.c ****     for (int i = 0; i < WINDOW_SIZE; i++)
 146              		.loc 1 31 14 view .LVU29
 147 0078 0024     		movs	r4, #0
 148              	.LVL21:
 149              		.loc 1 31 14 view .LVU30
 150              	.LBE4:
  30:Core/Src/features.c ****     for (int i = 0; i < WINDOW_SIZE; i++)
 151              		.loc 1 30 11 view .LVU31
 152 007a 0020     		movs	r0, #0
 153 007c 07E0     		b	.L4
 154              	.LVL22:
 155              	.L5:
 156              	.LBB5:
  32:Core/Src/features.c ****         mean += mag[i];
 157              		.loc 1 32 9 is_stmt 1 discriminator 3 view .LVU32
 158              		.loc 1 32 20 is_stmt 0 discriminator 3 view .LVU33
 159 007e 1EAB     		add	r3, sp, #120
 160 0080 03EB8403 		add	r3, r3, r4, lsl #2
 161              		.loc 1 32 14 discriminator 3 view .LVU34
 162 0084 53F8781C 		ldr	r1, [r3, #-120]	@ float
 163 0088 FFF7FEFF 		bl	__aeabi_fadd
 164              	.LVL23:
  31:Core/Src/features.c ****         mean += mag[i];
 165              		.loc 1 31 38 is_stmt 1 discriminator 3 view .LVU35
  31:Core/Src/features.c ****         mean += mag[i];
 166              		.loc 1 31 39 is_stmt 0 discriminator 3 view .LVU36
 167 008c 0134     		adds	r4, r4, #1
 168              	.LVL24:
 169              	.L4:
  31:Core/Src/features.c ****         mean += mag[i];
 170              		.loc 1 31 21 is_stmt 1 discriminator 1 view .LVU37
  31:Core/Src/features.c ****         mean += mag[i];
 171              		.loc 1 31 5 is_stmt 0 discriminator 1 view .LVU38
 172 008e 1D2C     		cmp	r4, #29
 173 0090 F5DD     		ble	.L5
 174              	.LBE5:
  33:Core/Src/features.c ****     mean /= WINDOW_SIZE;
 175              		.loc 1 33 5 is_stmt 1 view .LVU39
 176              		.loc 1 33 10 is_stmt 0 view .LVU40
 177 0092 2049     		ldr	r1, .L17
 178 0094 FFF7FEFF 		bl	__aeabi_fdiv
 179              	.LVL25:
 180              		.loc 1 33 10 view .LVU41
 181 0098 8146     		mov	r9, r0
 182              	.LVL26:
  34:Core/Src/features.c **** 
  35:Core/Src/features.c ****     // --- Paso 3: RMS y Peak sobre la componente dinámica ---
  36:Core/Src/features.c ****     float sum_sq = 0.0f;
 183              		.loc 1 36 5 is_stmt 1 view .LVU42
  37:Core/Src/features.c ****     float peak   = 0.0f;
ARM GAS  /tmp/cciht4v6.s 			page 5


 184              		.loc 1 37 5 view .LVU43
  38:Core/Src/features.c **** 
  39:Core/Src/features.c ****     for (int i = 0; i < WINDOW_SIZE; i++)
 185              		.loc 1 39 5 view .LVU44
 186              	.LBB6:
 187              		.loc 1 39 10 view .LVU45
 188              		.loc 1 39 14 is_stmt 0 view .LVU46
 189 009a 0025     		movs	r5, #0
 190              	.LBE6:
  37:Core/Src/features.c ****     float peak   = 0.0f;
 191              		.loc 1 37 11 view .LVU47
 192 009c 0027     		movs	r7, #0
  36:Core/Src/features.c ****     float peak   = 0.0f;
 193              		.loc 1 36 11 view .LVU48
 194 009e 3E46     		mov	r6, r7
 195              	.LBB8:
 196              		.loc 1 39 5 view .LVU49
 197 00a0 00E0     		b	.L6
 198              	.LVL27:
 199              	.L7:
 200              		.loc 1 39 38 is_stmt 1 discriminator 2 view .LVU50
 201              		.loc 1 39 39 is_stmt 0 discriminator 2 view .LVU51
 202 00a2 0135     		adds	r5, r5, #1
 203              	.LVL28:
 204              	.L6:
 205              		.loc 1 39 21 is_stmt 1 discriminator 1 view .LVU52
 206              		.loc 1 39 5 is_stmt 0 discriminator 1 view .LVU53
 207 00a4 1D2D     		cmp	r5, #29
 208 00a6 1ADC     		bgt	.L16
 209              	.LBB7:
  40:Core/Src/features.c ****     {
  41:Core/Src/features.c ****         float a = mag[i] - mean;        /* componente AC de la vibración */
 210              		.loc 1 41 9 is_stmt 1 view .LVU54
 211              		.loc 1 41 15 is_stmt 0 view .LVU55
 212 00a8 4946     		mov	r1, r9
 213 00aa 1EAB     		add	r3, sp, #120
 214 00ac 03EB8503 		add	r3, r3, r5, lsl #2
 215 00b0 53F8780C 		ldr	r0, [r3, #-120]	@ float
 216 00b4 FFF7FEFF 		bl	__aeabi_fsub
 217              	.LVL29:
 218 00b8 0446     		mov	r4, r0
 219              	.LVL30:
  42:Core/Src/features.c ****         sum_sq += a * a;
 220              		.loc 1 42 9 is_stmt 1 view .LVU56
 221              		.loc 1 42 21 is_stmt 0 view .LVU57
 222 00ba 0146     		mov	r1, r0
 223 00bc FFF7FEFF 		bl	__aeabi_fmul
 224              	.LVL31:
 225              		.loc 1 42 21 view .LVU58
 226 00c0 0146     		mov	r1, r0
 227              		.loc 1 42 16 view .LVU59
 228 00c2 3046     		mov	r0, r6
 229 00c4 FFF7FEFF 		bl	__aeabi_fadd
 230              	.LVL32:
 231 00c8 0646     		mov	r6, r0
 232              	.LVL33:
  43:Core/Src/features.c ****         if (fabsf(a) > peak)
ARM GAS  /tmp/cciht4v6.s 			page 6


 233              		.loc 1 43 9 is_stmt 1 view .LVU60
 234              		.loc 1 43 13 is_stmt 0 view .LVU61
 235 00ca 24F00044 		bic	r4, r4, #-2147483648
 236              	.LVL34:
 237              		.loc 1 43 12 view .LVU62
 238 00ce 3946     		mov	r1, r7
 239 00d0 2046     		mov	r0, r4
 240              	.LVL35:
 241              		.loc 1 43 12 view .LVU63
 242 00d2 FFF7FEFF 		bl	__aeabi_fcmpgt
 243              	.LVL36:
 244 00d6 0028     		cmp	r0, #0
 245 00d8 E3D0     		beq	.L7
  44:Core/Src/features.c ****             peak = fabsf(a);
 246              		.loc 1 44 18 view .LVU64
 247 00da 2746     		mov	r7, r4
 248              	.LVL37:
 249              		.loc 1 44 18 view .LVU65
 250 00dc E1E7     		b	.L7
 251              	.LVL38:
 252              	.L16:
 253              		.loc 1 44 18 view .LVU66
 254              	.LBE7:
 255              	.LBE8:
  45:Core/Src/features.c ****     }
  46:Core/Src/features.c **** 
  47:Core/Src/features.c ****     features->rms   = sqrtf(sum_sq / WINDOW_SIZE);
 256              		.loc 1 47 5 is_stmt 1 view .LVU67
 257              		.loc 1 47 23 is_stmt 0 view .LVU68
 258 00de 0D49     		ldr	r1, .L17
 259 00e0 3046     		mov	r0, r6
 260 00e2 FFF7FEFF 		bl	__aeabi_fdiv
 261              	.LVL39:
 262 00e6 FFF7FEFF 		bl	sqrtf
 263              	.LVL40:
 264 00ea 0446     		mov	r4, r0
 265              		.loc 1 47 21 view .LVU69
 266 00ec C8F80000 		str	r0, [r8]	@ float
  48:Core/Src/features.c ****     features->peak  = peak;
 267              		.loc 1 48 5 is_stmt 1 view .LVU70
 268              		.loc 1 48 21 is_stmt 0 view .LVU71
 269 00f0 C8F80470 		str	r7, [r8, #4]	@ float
  49:Core/Src/features.c **** 
  50:Core/Src/features.c ****     /* Crest Factor = Pico / RMS
  51:Core/Src/features.c ****      * - Cercano a 1.4 : vibración sinusoidal pura (desequilibrio)
  52:Core/Src/features.c ****      * - 3–6           : vibración con algunos golpes (desalineación)
  53:Core/Src/features.c ****      * - >6            : impactos aislados, falla de rodamiento incipiente */
  54:Core/Src/features.c ****     features->crest = (features->rms > 0.0f) ? (peak / features->rms) : 0.0f;
 270              		.loc 1 54 5 is_stmt 1 view .LVU72
 271              		.loc 1 54 71 is_stmt 0 view .LVU73
 272 00f4 0021     		movs	r1, #0
 273 00f6 FFF7FEFF 		bl	__aeabi_fcmpgt
 274              	.LVL41:
 275 00fa 40B1     		cbz	r0, .L14
 276              		.loc 1 54 71 discriminator 1 view .LVU74
 277 00fc 2146     		mov	r1, r4
 278 00fe 3846     		mov	r0, r7
ARM GAS  /tmp/cciht4v6.s 			page 7


 279 0100 FFF7FEFF 		bl	__aeabi_fdiv
 280              	.LVL42:
 281              	.L9:
 282              		.loc 1 54 21 discriminator 4 view .LVU75
 283 0104 C8F80800 		str	r0, [r8, #8]	@ float
  55:Core/Src/features.c **** }
 284              		.loc 1 55 1 discriminator 4 view .LVU76
 285 0108 1FB0     		add	sp, sp, #124
 286              	.LCFI2:
 287              		.cfi_remember_state
 288              		.cfi_def_cfa_offset 28
 289              		@ sp needed
 290 010a BDE8F083 		pop	{r4, r5, r6, r7, r8, r9, pc}
 291              	.LVL43:
 292              	.L14:
 293              	.LCFI3:
 294              		.cfi_restore_state
  54:Core/Src/features.c **** }
 295              		.loc 1 54 71 view .LVU77
 296 010e 0020     		movs	r0, #0
 297 0110 F8E7     		b	.L9
 298              	.L18:
 299 0112 00BF     		.align	2
 300              	.L17:
 301 0114 0000F041 		.word	1106247680
 302              		.cfi_endproc
 303              	.LFE0:
 305              		.global	__aeabi_ui2f
 306              		.section	.text.ADC_To_Temp,"ax",%progbits
 307              		.align	1
 308              		.global	ADC_To_Temp
 309              		.syntax unified
 310              		.thumb
 311              		.thumb_func
 313              	ADC_To_Temp:
 314              	.LVL44:
 315              	.LFB1:
  56:Core/Src/features.c **** 
  57:Core/Src/features.c **** /**
  58:Core/Src/features.c ****  * @brief Convierte una lectura ADC del LM35 a temperatura en °C.
  59:Core/Src/features.c ****  *        LM35: 10 mV/°C, referencia 3.3V, ADC 12 bits.
  60:Core/Src/features.c ****  */
  61:Core/Src/features.c **** float ADC_To_Temp(uint16_t adc)
  62:Core/Src/features.c **** {
 316              		.loc 1 62 1 is_stmt 1 view -0
 317              		.cfi_startproc
 318              		@ args = 0, pretend = 0, frame = 0
 319              		@ frame_needed = 0, uses_anonymous_args = 0
 320              		.loc 1 62 1 is_stmt 0 view .LVU79
 321 0000 08B5     		push	{r3, lr}
 322              	.LCFI4:
 323              		.cfi_def_cfa_offset 8
 324              		.cfi_offset 3, -8
 325              		.cfi_offset 14, -4
  63:Core/Src/features.c ****     float v = (float)adc * 3.3f / 4095.0f;
 326              		.loc 1 63 5 is_stmt 1 view .LVU80
 327              		.loc 1 63 15 is_stmt 0 view .LVU81
ARM GAS  /tmp/cciht4v6.s 			page 8


 328 0002 FFF7FEFF 		bl	__aeabi_ui2f
 329              	.LVL45:
 330              		.loc 1 63 26 view .LVU82
 331 0006 0549     		ldr	r1, .L21
 332 0008 FFF7FEFF 		bl	__aeabi_fmul
 333              	.LVL46:
 334              		.loc 1 63 11 view .LVU83
 335 000c 0449     		ldr	r1, .L21+4
 336 000e FFF7FEFF 		bl	__aeabi_fdiv
 337              	.LVL47:
  64:Core/Src/features.c ****     return v / 0.01f;
 338              		.loc 1 64 5 is_stmt 1 view .LVU84
 339              		.loc 1 64 14 is_stmt 0 view .LVU85
 340 0012 0449     		ldr	r1, .L21+8
 341 0014 FFF7FEFF 		bl	__aeabi_fdiv
 342              	.LVL48:
  65:Core/Src/features.c **** }
 343              		.loc 1 65 1 view .LVU86
 344 0018 08BD     		pop	{r3, pc}
 345              	.L22:
 346 001a 00BF     		.align	2
 347              	.L21:
 348 001c 33335340 		.word	1079194419
 349 0020 00F07F45 		.word	1166012416
 350 0024 0AD7233C 		.word	1008981770
 351              		.cfi_endproc
 352              	.LFE1:
 354              		.section	.text.ADC_To_Current,"ax",%progbits
 355              		.align	1
 356              		.global	ADC_To_Current
 357              		.syntax unified
 358              		.thumb
 359              		.thumb_func
 361              	ADC_To_Current:
 362              	.LVL49:
 363              	.LFB2:
  66:Core/Src/features.c **** 
  67:Core/Src/features.c **** /**
  68:Core/Src/features.c ****  * @brief Calcula corriente RMS a partir de muestras ADC centradas.
  69:Core/Src/features.c ****  *        Asume señal AC centrada en 1.65V (mitad de 3.3V).
  70:Core/Src/features.c ****  *        Sensibilidad del sensor de corriente: 0.2 V/A.
  71:Core/Src/features.c ****  */
  72:Core/Src/features.c **** float ADC_To_Current(uint16_t *samples)
  73:Core/Src/features.c **** {
 364              		.loc 1 73 1 is_stmt 1 view -0
 365              		.cfi_startproc
 366              		@ args = 0, pretend = 0, frame = 0
 367              		@ frame_needed = 0, uses_anonymous_args = 0
 368              		.loc 1 73 1 is_stmt 0 view .LVU88
 369 0000 70B5     		push	{r4, r5, r6, lr}
 370              	.LCFI5:
 371              		.cfi_def_cfa_offset 16
 372              		.cfi_offset 4, -16
 373              		.cfi_offset 5, -12
 374              		.cfi_offset 6, -8
 375              		.cfi_offset 14, -4
 376 0002 0646     		mov	r6, r0
ARM GAS  /tmp/cciht4v6.s 			page 9


  74:Core/Src/features.c ****     float sum_sq = 0.0f;
 377              		.loc 1 74 5 is_stmt 1 view .LVU89
 378              	.LVL50:
  75:Core/Src/features.c **** 
  76:Core/Src/features.c ****     for (int i = 0; i < WINDOW_SIZE; i++)
 379              		.loc 1 76 5 view .LVU90
 380              	.LBB9:
 381              		.loc 1 76 10 view .LVU91
 382              		.loc 1 76 14 is_stmt 0 view .LVU92
 383 0004 0024     		movs	r4, #0
 384              	.LBE9:
  74:Core/Src/features.c ****     float sum_sq = 0.0f;
 385              		.loc 1 74 11 view .LVU93
 386 0006 0025     		movs	r5, #0
 387              	.LBB11:
 388              		.loc 1 76 5 view .LVU94
 389 0008 15E0     		b	.L24
 390              	.LVL51:
 391              	.L25:
 392              	.LBB10:
  77:Core/Src/features.c ****     {
  78:Core/Src/features.c ****         float v = ((float)samples[i] * 3.3f / 4095.0f) - 1.65f;
 393              		.loc 1 78 9 is_stmt 1 discriminator 3 view .LVU95
 394              		.loc 1 78 20 is_stmt 0 discriminator 3 view .LVU96
 395 000a 36F81400 		ldrh	r0, [r6, r4, lsl #1]
 396 000e FFF7FEFF 		bl	__aeabi_ui2f
 397              	.LVL52:
 398              		.loc 1 78 38 discriminator 3 view .LVU97
 399 0012 0F49     		ldr	r1, .L27
 400 0014 FFF7FEFF 		bl	__aeabi_fmul
 401              	.LVL53:
 402              		.loc 1 78 45 discriminator 3 view .LVU98
 403 0018 0E49     		ldr	r1, .L27+4
 404 001a FFF7FEFF 		bl	__aeabi_fdiv
 405              	.LVL54:
 406              		.loc 1 78 15 discriminator 3 view .LVU99
 407 001e 0E49     		ldr	r1, .L27+8
 408 0020 FFF7FEFF 		bl	__aeabi_fsub
 409              	.LVL55:
 410 0024 0146     		mov	r1, r0
 411              	.LVL56:
  79:Core/Src/features.c ****         sum_sq += v * v;
 412              		.loc 1 79 9 is_stmt 1 discriminator 3 view .LVU100
 413              		.loc 1 79 21 is_stmt 0 discriminator 3 view .LVU101
 414 0026 FFF7FEFF 		bl	__aeabi_fmul
 415              	.LVL57:
 416              		.loc 1 79 21 discriminator 3 view .LVU102
 417 002a 0146     		mov	r1, r0
 418              		.loc 1 79 16 discriminator 3 view .LVU103
 419 002c 2846     		mov	r0, r5
 420 002e FFF7FEFF 		bl	__aeabi_fadd
 421              	.LVL58:
 422 0032 0546     		mov	r5, r0
 423              	.LVL59:
 424              		.loc 1 79 16 discriminator 3 view .LVU104
 425              	.LBE10:
  76:Core/Src/features.c ****     {
ARM GAS  /tmp/cciht4v6.s 			page 10


 426              		.loc 1 76 38 is_stmt 1 discriminator 3 view .LVU105
  76:Core/Src/features.c ****     {
 427              		.loc 1 76 39 is_stmt 0 discriminator 3 view .LVU106
 428 0034 0134     		adds	r4, r4, #1
 429              	.LVL60:
 430              	.L24:
  76:Core/Src/features.c ****     {
 431              		.loc 1 76 21 is_stmt 1 discriminator 1 view .LVU107
  76:Core/Src/features.c ****     {
 432              		.loc 1 76 5 is_stmt 0 discriminator 1 view .LVU108
 433 0036 1D2C     		cmp	r4, #29
 434 0038 E7DD     		ble	.L25
 435              	.LBE11:
  80:Core/Src/features.c ****     }
  81:Core/Src/features.c **** 
  82:Core/Src/features.c ****     float v_rms = sqrtf(sum_sq / WINDOW_SIZE);
 436              		.loc 1 82 5 is_stmt 1 view .LVU109
 437              		.loc 1 82 19 is_stmt 0 view .LVU110
 438 003a 0849     		ldr	r1, .L27+12
 439 003c 2846     		mov	r0, r5
 440 003e FFF7FEFF 		bl	__aeabi_fdiv
 441              	.LVL61:
 442 0042 FFF7FEFF 		bl	sqrtf
 443              	.LVL62:
  83:Core/Src/features.c ****     return v_rms / 0.2f;
 444              		.loc 1 83 5 is_stmt 1 view .LVU111
 445              		.loc 1 83 18 is_stmt 0 view .LVU112
 446 0046 0649     		ldr	r1, .L27+16
 447 0048 FFF7FEFF 		bl	__aeabi_fdiv
 448              	.LVL63:
  84:Core/Src/features.c **** }...
 449              		.loc 1 84 1 view .LVU113
 450 004c 70BD     		pop	{r4, r5, r6, pc}
 451              	.LVL64:
 452              	.L28:
 453              		.loc 1 84 1 view .LVU114
 454 004e 00BF     		.align	2
 455              	.L27:
 456 0050 33335340 		.word	1079194419
 457 0054 00F07F45 		.word	1166012416
 458 0058 3333D33F 		.word	1070805811
 459 005c 0000F041 		.word	1106247680
 460 0060 CDCC4C3E 		.word	1045220557
 461              		.cfi_endproc
 462              	.LFE2:
 464              		.text
 465              	.Letext0:
 466              		.file 2 "/home/santiago/gcc-arm-none-eabi-10.3-2021.10-x86_64-linux/gcc-arm-none-eabi-10.3-2021.10
 467              		.file 3 "/home/santiago/gcc-arm-none-eabi-10.3-2021.10-x86_64-linux/gcc-arm-none-eabi-10.3-2021.10
 468              		.file 4 "Core/Inc/features.h"
 469              		.file 5 "/home/santiago/gcc-arm-none-eabi-10.3-2021.10-x86_64-linux/gcc-arm-none-eabi-10.3-2021.10
ARM GAS  /tmp/cciht4v6.s 			page 11


DEFINED SYMBOLS
                            *ABS*:0000000000000000 features.c
     /tmp/cciht4v6.s:24     .text.Features_ComputeRMSPeak:0000000000000000 $t
     /tmp/cciht4v6.s:30     .text.Features_ComputeRMSPeak:0000000000000000 Features_ComputeRMSPeak
     /tmp/cciht4v6.s:301    .text.Features_ComputeRMSPeak:0000000000000114 $d
     /tmp/cciht4v6.s:307    .text.ADC_To_Temp:0000000000000000 $t
     /tmp/cciht4v6.s:313    .text.ADC_To_Temp:0000000000000000 ADC_To_Temp
     /tmp/cciht4v6.s:348    .text.ADC_To_Temp:000000000000001c $d
     /tmp/cciht4v6.s:355    .text.ADC_To_Current:0000000000000000 $t
     /tmp/cciht4v6.s:361    .text.ADC_To_Current:0000000000000000 ADC_To_Current
     /tmp/cciht4v6.s:456    .text.ADC_To_Current:0000000000000050 $d

UNDEFINED SYMBOLS
__aeabi_i2f
__aeabi_fmul
__aeabi_fadd
__aeabi_fdiv
__aeabi_fsub
__aeabi_fcmpgt
sqrtf
__aeabi_ui2f
