ARM GAS  /tmp/ccEqF2Pq.s 			page 1


   1              		.cpu cortex-m3
   2              		.arch armv7-m
   3              		.fpu softvfp
   4              		.eabi_attribute 20, 1
   5              		.eabi_attribute 21, 1
   6              		.eabi_attribute 23, 3
   7              		.eabi_attribute 24, 1
   8              		.eabi_attribute 25, 1
   9              		.eabi_attribute 26, 1
  10              		.eabi_attribute 30, 1
  11              		.eabi_attribute 34, 1
  12              		.eabi_attribute 18, 4
  13              		.file	"gpio.c"
  14              		.text
  15              	.Ltext0:
  16              		.cfi_sections	.debug_frame
  17              		.section	.text.MX_GPIO_Init,"ax",%progbits
  18              		.align	1
  19              		.global	MX_GPIO_Init
  20              		.syntax unified
  21              		.thumb
  22              		.thumb_func
  24              	MX_GPIO_Init:
  25              	.LFB65:
  26              		.file 1 "Core/Src/gpio.c"
   1:Core/Src/gpio.c **** /* USER CODE BEGIN Header */
   2:Core/Src/gpio.c **** /**
   3:Core/Src/gpio.c ****   ******************************************************************************
   4:Core/Src/gpio.c ****   * @file    gpio.c
   5:Core/Src/gpio.c ****   * @brief   This file provides code for the configuration
   6:Core/Src/gpio.c ****   *          of all used GPIO pins.
   7:Core/Src/gpio.c ****   ******************************************************************************
   8:Core/Src/gpio.c ****   * @attention
   9:Core/Src/gpio.c ****   *
  10:Core/Src/gpio.c ****   * Copyright (c) 2026 STMicroelectronics.
  11:Core/Src/gpio.c ****   * All rights reserved.
  12:Core/Src/gpio.c ****   *
  13:Core/Src/gpio.c ****   * This software is licensed under terms that can be found in the LICENSE file
  14:Core/Src/gpio.c ****   * in the root directory of this software component.
  15:Core/Src/gpio.c ****   * If no LICENSE file comes with this software, it is provided AS-IS.
  16:Core/Src/gpio.c ****   *
  17:Core/Src/gpio.c ****   ******************************************************************************
  18:Core/Src/gpio.c ****   */
  19:Core/Src/gpio.c **** /* USER CODE END Header */
  20:Core/Src/gpio.c **** 
  21:Core/Src/gpio.c **** /* Includes ------------------------------------------------------------------*/
  22:Core/Src/gpio.c **** #include "gpio.h"
  23:Core/Src/gpio.c **** 
  24:Core/Src/gpio.c **** /* USER CODE BEGIN 0 */
  25:Core/Src/gpio.c **** 
  26:Core/Src/gpio.c **** /* USER CODE END 0 */
  27:Core/Src/gpio.c **** 
  28:Core/Src/gpio.c **** /*----------------------------------------------------------------------------*/
  29:Core/Src/gpio.c **** /* Configure GPIO                                                             */
  30:Core/Src/gpio.c **** /*----------------------------------------------------------------------------*/
  31:Core/Src/gpio.c **** /* USER CODE BEGIN 1 */
  32:Core/Src/gpio.c **** 
ARM GAS  /tmp/ccEqF2Pq.s 			page 2


  33:Core/Src/gpio.c **** /* USER CODE END 1 */
  34:Core/Src/gpio.c **** 
  35:Core/Src/gpio.c **** /** Configure pins as
  36:Core/Src/gpio.c ****         * Analog
  37:Core/Src/gpio.c ****         * Input
  38:Core/Src/gpio.c ****         * Output
  39:Core/Src/gpio.c ****         * EVENT_OUT
  40:Core/Src/gpio.c ****         * EXTI
  41:Core/Src/gpio.c **** */
  42:Core/Src/gpio.c **** void MX_GPIO_Init(void)
  43:Core/Src/gpio.c **** {
  27              		.loc 1 43 1 view -0
  28              		.cfi_startproc
  29              		@ args = 0, pretend = 0, frame = 32
  30              		@ frame_needed = 0, uses_anonymous_args = 0
  31 0000 F0B5     		push	{r4, r5, r6, r7, lr}
  32              	.LCFI0:
  33              		.cfi_def_cfa_offset 20
  34              		.cfi_offset 4, -20
  35              		.cfi_offset 5, -16
  36              		.cfi_offset 6, -12
  37              		.cfi_offset 7, -8
  38              		.cfi_offset 14, -4
  39 0002 89B0     		sub	sp, sp, #36
  40              	.LCFI1:
  41              		.cfi_def_cfa_offset 56
  44:Core/Src/gpio.c **** 
  45:Core/Src/gpio.c ****   GPIO_InitTypeDef GPIO_InitStruct = {0};
  42              		.loc 1 45 3 view .LVU1
  43              		.loc 1 45 20 is_stmt 0 view .LVU2
  44 0004 0024     		movs	r4, #0
  45 0006 0494     		str	r4, [sp, #16]
  46 0008 0594     		str	r4, [sp, #20]
  47 000a 0694     		str	r4, [sp, #24]
  48 000c 0794     		str	r4, [sp, #28]
  46:Core/Src/gpio.c **** 
  47:Core/Src/gpio.c ****   /* GPIO Ports Clock Enable */
  48:Core/Src/gpio.c ****   __HAL_RCC_GPIOC_CLK_ENABLE();
  49              		.loc 1 48 3 is_stmt 1 view .LVU3
  50              	.LBB2:
  51              		.loc 1 48 3 view .LVU4
  52              		.loc 1 48 3 view .LVU5
  53 000e 224B     		ldr	r3, .L3
  54 0010 9A69     		ldr	r2, [r3, #24]
  55 0012 42F01002 		orr	r2, r2, #16
  56 0016 9A61     		str	r2, [r3, #24]
  57              		.loc 1 48 3 view .LVU6
  58 0018 9A69     		ldr	r2, [r3, #24]
  59 001a 02F01002 		and	r2, r2, #16
  60 001e 0192     		str	r2, [sp, #4]
  61              		.loc 1 48 3 view .LVU7
  62 0020 019A     		ldr	r2, [sp, #4]
  63              	.LBE2:
  64              		.loc 1 48 3 view .LVU8
  49:Core/Src/gpio.c ****   __HAL_RCC_GPIOA_CLK_ENABLE();
  65              		.loc 1 49 3 view .LVU9
  66              	.LBB3:
ARM GAS  /tmp/ccEqF2Pq.s 			page 3


  67              		.loc 1 49 3 view .LVU10
  68              		.loc 1 49 3 view .LVU11
  69 0022 9A69     		ldr	r2, [r3, #24]
  70 0024 42F00402 		orr	r2, r2, #4
  71 0028 9A61     		str	r2, [r3, #24]
  72              		.loc 1 49 3 view .LVU12
  73 002a 9A69     		ldr	r2, [r3, #24]
  74 002c 02F00402 		and	r2, r2, #4
  75 0030 0292     		str	r2, [sp, #8]
  76              		.loc 1 49 3 view .LVU13
  77 0032 029A     		ldr	r2, [sp, #8]
  78              	.LBE3:
  79              		.loc 1 49 3 view .LVU14
  50:Core/Src/gpio.c ****   __HAL_RCC_GPIOB_CLK_ENABLE();
  80              		.loc 1 50 3 view .LVU15
  81              	.LBB4:
  82              		.loc 1 50 3 view .LVU16
  83              		.loc 1 50 3 view .LVU17
  84 0034 9A69     		ldr	r2, [r3, #24]
  85 0036 42F00802 		orr	r2, r2, #8
  86 003a 9A61     		str	r2, [r3, #24]
  87              		.loc 1 50 3 view .LVU18
  88 003c 9B69     		ldr	r3, [r3, #24]
  89 003e 03F00803 		and	r3, r3, #8
  90 0042 0393     		str	r3, [sp, #12]
  91              		.loc 1 50 3 view .LVU19
  92 0044 039B     		ldr	r3, [sp, #12]
  93              	.LBE4:
  94              		.loc 1 50 3 view .LVU20
  51:Core/Src/gpio.c **** 
  52:Core/Src/gpio.c ****   /*Configure GPIO pin Output Level */
  53:Core/Src/gpio.c ****   HAL_GPIO_WritePin(GPIOC, GPIO_PIN_13, GPIO_PIN_SET);
  95              		.loc 1 53 3 view .LVU21
  96 0046 154E     		ldr	r6, .L3+4
  97 0048 0122     		movs	r2, #1
  98 004a 4FF40051 		mov	r1, #8192
  99 004e 3046     		mov	r0, r6
 100 0050 FFF7FEFF 		bl	HAL_GPIO_WritePin
 101              	.LVL0:
  54:Core/Src/gpio.c **** 
  55:Core/Src/gpio.c ****   /*Configure GPIO pin : PC13 */
  56:Core/Src/gpio.c ****   GPIO_InitStruct.Pin = GPIO_PIN_13;
 102              		.loc 1 56 3 view .LVU22
 103              		.loc 1 56 23 is_stmt 0 view .LVU23
 104 0054 4FF40053 		mov	r3, #8192
 105 0058 0493     		str	r3, [sp, #16]
  57:Core/Src/gpio.c ****   GPIO_InitStruct.Mode = GPIO_MODE_OUTPUT_PP;
 106              		.loc 1 57 3 is_stmt 1 view .LVU24
 107              		.loc 1 57 24 is_stmt 0 view .LVU25
 108 005a 0125     		movs	r5, #1
 109 005c 0595     		str	r5, [sp, #20]
  58:Core/Src/gpio.c ****   GPIO_InitStruct.Pull = GPIO_NOPULL;
 110              		.loc 1 58 3 is_stmt 1 view .LVU26
 111              		.loc 1 58 24 is_stmt 0 view .LVU27
 112 005e 0694     		str	r4, [sp, #24]
  59:Core/Src/gpio.c ****   GPIO_InitStruct.Speed = GPIO_SPEED_FREQ_LOW;
 113              		.loc 1 59 3 is_stmt 1 view .LVU28
ARM GAS  /tmp/ccEqF2Pq.s 			page 4


 114              		.loc 1 59 25 is_stmt 0 view .LVU29
 115 0060 0227     		movs	r7, #2
 116 0062 0797     		str	r7, [sp, #28]
  60:Core/Src/gpio.c ****   HAL_GPIO_Init(GPIOC, &GPIO_InitStruct);
 117              		.loc 1 60 3 is_stmt 1 view .LVU30
 118 0064 04A9     		add	r1, sp, #16
 119 0066 3046     		mov	r0, r6
 120 0068 FFF7FEFF 		bl	HAL_GPIO_Init
 121              	.LVL1:
  61:Core/Src/gpio.c **** 
  62:Core/Src/gpio.c ****   /* 3. Configurar PA0 (Sensor de Temp LM35) */
  63:Core/Src/gpio.c ****   GPIO_InitStruct.Pin = GPIO_PIN_0;
 122              		.loc 1 63 3 view .LVU31
 123              		.loc 1 63 23 is_stmt 0 view .LVU32
 124 006c 0495     		str	r5, [sp, #16]
  64:Core/Src/gpio.c ****   GPIO_InitStruct.Mode = GPIO_MODE_ANALOG;
 125              		.loc 1 64 3 is_stmt 1 view .LVU33
 126              		.loc 1 64 24 is_stmt 0 view .LVU34
 127 006e 0326     		movs	r6, #3
 128 0070 0596     		str	r6, [sp, #20]
  65:Core/Src/gpio.c ****   GPIO_InitStruct.Pull = GPIO_NOPULL; // En analógico no se usa Pull-up
 129              		.loc 1 65 3 is_stmt 1 view .LVU35
 130              		.loc 1 65 24 is_stmt 0 view .LVU36
 131 0072 0694     		str	r4, [sp, #24]
  66:Core/Src/gpio.c ****   HAL_GPIO_Init(GPIOA, &GPIO_InitStruct);
 132              		.loc 1 66 3 is_stmt 1 view .LVU37
 133 0074 04F18044 		add	r4, r4, #1073741824
 134 0078 04F58434 		add	r4, r4, #67584
 135 007c 04A9     		add	r1, sp, #16
 136 007e 2046     		mov	r0, r4
 137 0080 FFF7FEFF 		bl	HAL_GPIO_Init
 138              	.LVL2:
  67:Core/Src/gpio.c **** 
  68:Core/Src/gpio.c ****   GPIO_InitStruct.Pin = GPIO_PIN_1;
 139              		.loc 1 68 3 view .LVU38
 140              		.loc 1 68 23 is_stmt 0 view .LVU39
 141 0084 0497     		str	r7, [sp, #16]
  69:Core/Src/gpio.c ****   GPIO_InitStruct.Mode = GPIO_MODE_ANALOG;
 142              		.loc 1 69 3 is_stmt 1 view .LVU40
 143              		.loc 1 69 24 is_stmt 0 view .LVU41
 144 0086 0596     		str	r6, [sp, #20]
  70:Core/Src/gpio.c ****   GPIO_InitStruct.Pull = GPIO_PULLUP;
 145              		.loc 1 70 3 is_stmt 1 view .LVU42
 146              		.loc 1 70 24 is_stmt 0 view .LVU43
 147 0088 0695     		str	r5, [sp, #24]
  71:Core/Src/gpio.c ****   HAL_GPIO_Init(GPIOA, &GPIO_InitStruct);
 148              		.loc 1 71 3 is_stmt 1 view .LVU44
 149 008a 04A9     		add	r1, sp, #16
 150 008c 2046     		mov	r0, r4
 151 008e FFF7FEFF 		bl	HAL_GPIO_Init
 152              	.LVL3:
  72:Core/Src/gpio.c **** 
  73:Core/Src/gpio.c ****   //HAL_NVIC_SetPriority(EXTI9_5_IRQn, 5, 0);
  74:Core/Src/gpio.c ****   //HAL_NVIC_EnableIRQ(EXTI9_5_IRQn);
  75:Core/Src/gpio.c **** 
  76:Core/Src/gpio.c **** }
 153              		.loc 1 76 1 is_stmt 0 view .LVU45
ARM GAS  /tmp/ccEqF2Pq.s 			page 5


 154 0092 09B0     		add	sp, sp, #36
 155              	.LCFI2:
 156              		.cfi_def_cfa_offset 20
 157              		@ sp needed
 158 0094 F0BD     		pop	{r4, r5, r6, r7, pc}
 159              	.L4:
 160 0096 00BF     		.align	2
 161              	.L3:
 162 0098 00100240 		.word	1073876992
 163 009c 00100140 		.word	1073811456
 164              		.cfi_endproc
 165              	.LFE65:
 167              		.text
 168              	.Letext0:
 169              		.file 2 "/home/santiago/gcc-arm-none-eabi-10.3-2021.10-x86_64-linux/gcc-arm-none-eabi-10.3-2021.10
 170              		.file 3 "/home/santiago/gcc-arm-none-eabi-10.3-2021.10-x86_64-linux/gcc-arm-none-eabi-10.3-2021.10
 171              		.file 4 "Drivers/CMSIS/Device/ST/STM32F1xx/Include/stm32f103xb.h"
 172              		.file 5 "Drivers/STM32F1xx_HAL_Driver/Inc/stm32f1xx_hal_gpio.h"
ARM GAS  /tmp/ccEqF2Pq.s 			page 6


DEFINED SYMBOLS
                            *ABS*:0000000000000000 gpio.c
     /tmp/ccEqF2Pq.s:18     .text.MX_GPIO_Init:0000000000000000 $t
     /tmp/ccEqF2Pq.s:24     .text.MX_GPIO_Init:0000000000000000 MX_GPIO_Init
     /tmp/ccEqF2Pq.s:162    .text.MX_GPIO_Init:0000000000000098 $d

UNDEFINED SYMBOLS
HAL_GPIO_WritePin
HAL_GPIO_Init
