ARM GAS  /tmp/ccvzV81m.s 			page 1


   1              		.cpu cortex-m3
   2              		.arch armv7-m
   3              		.fpu softvfp
   4              		.eabi_attribute 20, 1
   5              		.eabi_attribute 21, 1
   6              		.eabi_attribute 23, 3
   7              		.eabi_attribute 24, 1
   8              		.eabi_attribute 25, 1
   9              		.eabi_attribute 26, 1
  10              		.eabi_attribute 30, 1
  11              		.eabi_attribute 34, 1
  12              		.eabi_attribute 18, 4
  13              		.file	"main.c"
  14              		.text
  15              	.Ltext0:
  16              		.cfi_sections	.debug_frame
  17              		.section	.text.HAL_CAN_RxFifo0MsgPendingCallback,"ax",%progbits
  18              		.align	1
  19              		.global	HAL_CAN_RxFifo0MsgPendingCallback
  20              		.syntax unified
  21              		.thumb
  22              		.thumb_func
  24              	HAL_CAN_RxFifo0MsgPendingCallback:
  25              	.LVL0:
  26              	.LFB73:
  27              		.file 1 "Core/Src/main.c"
   1:Core/Src/main.c **** /* USER CODE BEGIN Header */
   2:Core/Src/main.c **** /**
   3:Core/Src/main.c ****   ******************************************************************************
   4:Core/Src/main.c ****   * @file           : main.c
   5:Core/Src/main.c ****   * @brief          : Main program body (Integrated Version)
   6:Core/Src/main.c ****   ******************************************************************************
   7:Core/Src/main.c ****   */
   8:Core/Src/main.c **** /* USER CODE END Header */
   9:Core/Src/main.c **** 
  10:Core/Src/main.c **** /* Includes ------------------------------------------------------------------*/
  11:Core/Src/main.c **** #include "main.h"
  12:Core/Src/main.c **** #include "cmsis_os.h"
  13:Core/Src/main.c **** #include "can.h"
  14:Core/Src/main.c **** #include "can_app.h"
  15:Core/Src/main.c **** #include "i2c.h"
  16:Core/Src/main.c **** #include "adc.h"
  17:Core/Src/main.c **** #include "tim.h"
  18:Core/Src/main.c **** #include "usart.h"
  19:Core/Src/main.c **** #include "gpio.h"
  20:Core/Src/main.c **** 
  21:Core/Src/main.c **** /* Private includes ----------------------------------------------------------*/
  22:Core/Src/main.c **** /* USER CODE BEGIN Includes */
  23:Core/Src/main.c **** #include <stdlib.h>
  24:Core/Src/main.c **** #include <stdio.h>
  25:Core/Src/main.c **** #include "adxl345.h"
  26:Core/Src/main.c **** /* USER CODE END Includes */
  27:Core/Src/main.c **** 
  28:Core/Src/main.c **** /* Private variables ---------------------------------------------------------*/
  29:Core/Src/main.c **** #define CAN_ID_ACQ_CONTROL   0x100u
  30:Core/Src/main.c **** #define CAN_DATA_ACQ_START   0xAAu
  31:Core/Src/main.c **** #define CAN_DATA_ACQ_STOP    0x55u
ARM GAS  /tmp/ccvzV81m.s 			page 2


  32:Core/Src/main.c **** /* USER CODE BEGIN PV */
  33:Core/Src/main.c **** // volatile uint8_t flag_pulso = 0;
  34:Core/Src/main.c **** // volatile uint32_t pulsos = 0;
  35:Core/Src/main.c **** volatile uint16_t adc_buffer_corriente[100]; // Buffer para 100 muestras (100ms)
  36:Core/Src/main.c **** volatile uint16_t indice_adc = 0;
  37:Core/Src/main.c **** volatile uint8_t buffer_listo = 0; // Bandera para la tarea
  38:Core/Src/main.c **** volatile uint8_t g_acquisition_active = 0;   // Adquisiscion Activo=1, Inactivo=0
  39:Core/Src/main.c **** 
  40:Core/Src/main.c **** /* Variables para el cálculo de RPM */
  41:Core/Src/main.c **** volatile uint32_t diff_ticks = 0;
  42:Core/Src/main.c **** volatile uint8_t new_read = 0;
  43:Core/Src/main.c **** /* USER CODE END PV */
  44:Core/Src/main.c **** extern CAN_HandleTypeDef hcan; 
  45:Core/Src/main.c **** /* Private function prototypes -----------------------------------------------*/
  46:Core/Src/main.c **** void SystemClock_Config(void);
  47:Core/Src/main.c **** void MX_FREERTOS_Init(void);
  48:Core/Src/main.c **** /* USER CODE BEGIN PFP */
  49:Core/Src/main.c **** void HAL_CAN_RxFifo0MsgPendingCallback(CAN_HandleTypeDef *hcan) {
  28              		.loc 1 49 65 view -0
  29              		.cfi_startproc
  30              		@ args = 0, pretend = 0, frame = 40
  31              		@ frame_needed = 0, uses_anonymous_args = 0
  32              		.loc 1 49 65 is_stmt 0 view .LVU1
  33 0000 00B5     		push	{lr}
  34              	.LCFI0:
  35              		.cfi_def_cfa_offset 4
  36              		.cfi_offset 14, -4
  37 0002 8BB0     		sub	sp, sp, #44
  38              	.LCFI1:
  39              		.cfi_def_cfa_offset 48
  50:Core/Src/main.c ****     CAN_Message_t msg;
  40              		.loc 1 50 5 is_stmt 1 view .LVU2
  51:Core/Src/main.c ****     BaseType_t xHigherPriorityTaskWoken = pdFALSE;
  41              		.loc 1 51 5 view .LVU3
  42              	.LVL1:
  52:Core/Src/main.c ****     //printf(">> [ISR] Mensaje CAN recibido\r\n");
  53:Core/Src/main.c **** 
  54:Core/Src/main.c ****     if (HAL_CAN_GetRxMessage(hcan, CAN_RX_FIFO0, &msg.header, msg.data) == HAL_OK) {
  43              		.loc 1 54 5 view .LVU4
  44              		.loc 1 54 9 is_stmt 0 view .LVU5
  45 0004 08AB     		add	r3, sp, #32
  46 0006 01AA     		add	r2, sp, #4
  47 0008 0021     		movs	r1, #0
  48 000a FFF7FEFF 		bl	HAL_CAN_GetRxMessage
  49              	.LVL2:
  50              		.loc 1 54 8 view .LVU6
  51 000e 10B1     		cbz	r0, .L5
  52              	.L1:
  55:Core/Src/main.c ****       HAL_GPIO_WritePin(GPIOC, GPIO_PIN_13, GPIO_PIN_RESET); // LED ON
  56:Core/Src/main.c ****       if(msg.header.StdId == CAN_ID_ACQ_CONTROL)
  57:Core/Src/main.c ****         if (msg.data[0] == CAN_DATA_ACQ_START) {
  58:Core/Src/main.c ****             g_acquisition_active = 1;
  59:Core/Src/main.c ****             HAL_GPIO_WritePin(GPIOC, GPIO_PIN_13, GPIO_PIN_RESET); // LED ON
  60:Core/Src/main.c ****         }
  61:Core/Src/main.c ****         else if (msg.data[0] == CAN_DATA_ACQ_STOP) {
  62:Core/Src/main.c ****             g_acquisition_active = 0;
  63:Core/Src/main.c ****         }
ARM GAS  /tmp/ccvzV81m.s 			page 3


  64:Core/Src/main.c ****     }
  65:Core/Src/main.c ****     portYIELD_FROM_ISR(xHigherPriorityTaskWoken);
  66:Core/Src/main.c **** }
  53              		.loc 1 66 1 view .LVU7
  54 0010 0BB0     		add	sp, sp, #44
  55              	.LCFI2:
  56              		.cfi_remember_state
  57              		.cfi_def_cfa_offset 4
  58              		@ sp needed
  59 0012 5DF804FB 		ldr	pc, [sp], #4
  60              	.L5:
  61              	.LCFI3:
  62              		.cfi_restore_state
  55:Core/Src/main.c ****       HAL_GPIO_WritePin(GPIOC, GPIO_PIN_13, GPIO_PIN_RESET); // LED ON
  63              		.loc 1 55 7 is_stmt 1 view .LVU8
  64 0016 0022     		movs	r2, #0
  65 0018 4FF40051 		mov	r1, #8192
  66 001c 00F18040 		add	r0, r0, #1073741824
  67 0020 00F58830 		add	r0, r0, #69632
  68 0024 FFF7FEFF 		bl	HAL_GPIO_WritePin
  69              	.LVL3:
  56:Core/Src/main.c ****         if (msg.data[0] == CAN_DATA_ACQ_START) {
  70              		.loc 1 56 7 view .LVU9
  56:Core/Src/main.c ****         if (msg.data[0] == CAN_DATA_ACQ_START) {
  71              		.loc 1 56 20 is_stmt 0 view .LVU10
  72 0028 019B     		ldr	r3, [sp, #4]
  56:Core/Src/main.c ****         if (msg.data[0] == CAN_DATA_ACQ_START) {
  73              		.loc 1 56 9 view .LVU11
  74 002a B3F5807F 		cmp	r3, #256
  75 002e EFD1     		bne	.L1
  57:Core/Src/main.c ****             g_acquisition_active = 1;
  76              		.loc 1 57 9 is_stmt 1 view .LVU12
  57:Core/Src/main.c ****             g_acquisition_active = 1;
  77              		.loc 1 57 21 is_stmt 0 view .LVU13
  78 0030 9DF82030 		ldrb	r3, [sp, #32]	@ zero_extendqisi2
  57:Core/Src/main.c ****             g_acquisition_active = 1;
  79              		.loc 1 57 12 view .LVU14
  80 0034 AA2B     		cmp	r3, #170
  81 0036 05D0     		beq	.L6
  61:Core/Src/main.c ****             g_acquisition_active = 0;
  82              		.loc 1 61 14 is_stmt 1 view .LVU15
  61:Core/Src/main.c ****             g_acquisition_active = 0;
  83              		.loc 1 61 17 is_stmt 0 view .LVU16
  84 0038 552B     		cmp	r3, #85
  85 003a E9D1     		bne	.L1
  62:Core/Src/main.c ****         }
  86              		.loc 1 62 13 is_stmt 1 view .LVU17
  62:Core/Src/main.c ****         }
  87              		.loc 1 62 34 is_stmt 0 view .LVU18
  88 003c 064B     		ldr	r3, .L7
  89 003e 0022     		movs	r2, #0
  90 0040 1A70     		strb	r2, [r3]
  65:Core/Src/main.c **** }
  91              		.loc 1 65 5 is_stmt 1 view .LVU19
  65:Core/Src/main.c **** }
  92              		.loc 1 65 49 view .LVU20
  93              		.loc 1 66 1 is_stmt 0 view .LVU21
ARM GAS  /tmp/ccvzV81m.s 			page 4


  94 0042 E5E7     		b	.L1
  95              	.L6:
  58:Core/Src/main.c ****             HAL_GPIO_WritePin(GPIOC, GPIO_PIN_13, GPIO_PIN_RESET); // LED ON
  96              		.loc 1 58 13 is_stmt 1 view .LVU22
  58:Core/Src/main.c ****             HAL_GPIO_WritePin(GPIOC, GPIO_PIN_13, GPIO_PIN_RESET); // LED ON
  97              		.loc 1 58 34 is_stmt 0 view .LVU23
  98 0044 044B     		ldr	r3, .L7
  99 0046 0122     		movs	r2, #1
 100 0048 1A70     		strb	r2, [r3]
  59:Core/Src/main.c ****         }
 101              		.loc 1 59 13 is_stmt 1 view .LVU24
 102 004a 0022     		movs	r2, #0
 103 004c 4FF40051 		mov	r1, #8192
 104 0050 0248     		ldr	r0, .L7+4
 105 0052 FFF7FEFF 		bl	HAL_GPIO_WritePin
 106              	.LVL4:
 107 0056 DBE7     		b	.L1
 108              	.L8:
 109              		.align	2
 110              	.L7:
 111 0058 00000000 		.word	.LANCHOR0
 112 005c 00100140 		.word	1073811456
 113              		.cfi_endproc
 114              	.LFE73:
 116              		.section	.rodata.HAL_CAN_ErrorCallback.str1.4,"aMS",%progbits,1
 117              		.align	2
 118              	.LC0:
 119 0000 43414E20 		.ascii	"CAN ERROR: %lu\015\012\000"
 119      4552524F 
 119      523A2025 
 119      6C750D0A 
 119      00
 120              		.section	.text.HAL_CAN_ErrorCallback,"ax",%progbits
 121              		.align	1
 122              		.global	HAL_CAN_ErrorCallback
 123              		.syntax unified
 124              		.thumb
 125              		.thumb_func
 127              	HAL_CAN_ErrorCallback:
 128              	.LVL5:
 129              	.LFB74:
  67:Core/Src/main.c **** 
  68:Core/Src/main.c **** void HAL_CAN_ErrorCallback(CAN_HandleTypeDef *hcan)
  69:Core/Src/main.c **** {
 130              		.loc 1 69 1 view -0
 131              		.cfi_startproc
 132              		@ args = 0, pretend = 0, frame = 0
 133              		@ frame_needed = 0, uses_anonymous_args = 0
 134              		.loc 1 69 1 is_stmt 0 view .LVU26
 135 0000 08B5     		push	{r3, lr}
 136              	.LCFI4:
 137              		.cfi_def_cfa_offset 8
 138              		.cfi_offset 3, -8
 139              		.cfi_offset 14, -4
  70:Core/Src/main.c ****     uint32_t err = HAL_CAN_GetError(hcan);
 140              		.loc 1 70 5 is_stmt 1 view .LVU27
 141              		.loc 1 70 20 is_stmt 0 view .LVU28
ARM GAS  /tmp/ccvzV81m.s 			page 5


 142 0002 FFF7FEFF 		bl	HAL_CAN_GetError
 143              	.LVL6:
 144              		.loc 1 70 20 view .LVU29
 145 0006 0146     		mov	r1, r0
 146              	.LVL7:
  71:Core/Src/main.c **** 
  72:Core/Src/main.c ****     printf("CAN ERROR: %lu\r\n", err);
 147              		.loc 1 72 5 is_stmt 1 view .LVU30
 148 0008 0148     		ldr	r0, .L11
 149              	.LVL8:
 150              		.loc 1 72 5 is_stmt 0 view .LVU31
 151 000a FFF7FEFF 		bl	printf
 152              	.LVL9:
  73:Core/Src/main.c **** }
 153              		.loc 1 73 1 view .LVU32
 154 000e 08BD     		pop	{r3, pc}
 155              	.L12:
 156              		.align	2
 157              	.L11:
 158 0010 00000000 		.word	.LC0
 159              		.cfi_endproc
 160              	.LFE74:
 162              		.section	.text.HAL_TIM_IC_CaptureCallback,"ax",%progbits
 163              		.align	1
 164              		.global	HAL_TIM_IC_CaptureCallback
 165              		.syntax unified
 166              		.thumb
 167              		.thumb_func
 169              	HAL_TIM_IC_CaptureCallback:
 170              	.LVL10:
 171              	.LFB77:
  74:Core/Src/main.c **** /* USER CODE END PFP */
  75:Core/Src/main.c **** 
  76:Core/Src/main.c **** /**
  77:Core/Src/main.c ****   * @brief  The application entry point.
  78:Core/Src/main.c ****   * @retval int
  79:Core/Src/main.c ****   */
  80:Core/Src/main.c **** int main(void)
  81:Core/Src/main.c **** {
  82:Core/Src/main.c ****   /* MCU Configuration--------------------------------------------------------*/
  83:Core/Src/main.c ****   /* Inicializa la Flash, las interrupciones y los perisfericos de bajo nivel */
  84:Core/Src/main.c ****   HAL_Init();
  85:Core/Src/main.c **** 
  86:Core/Src/main.c ****   /* Configure the system clock */
  87:Core/Src/main.c ****   SystemClock_Config();
  88:Core/Src/main.c **** 
  89:Core/Src/main.c ****   /* Initialize all configured peripherals */
  90:Core/Src/main.c ****   MX_GPIO_Init();
  91:Core/Src/main.c ****   MX_USART1_UART_Init();
  92:Core/Src/main.c ****   MX_ADC1_Init(); // Activa el perisferico ADC
  93:Core/Src/main.c ****   MX_ADC2_Init();
  94:Core/Src/main.c ****   
  95:Core/Src/main.c ****   MX_I2C1_Init();
  96:Core/Src/main.c ****   ADXL345_Init(&hi2c1);
  97:Core/Src/main.c ****   MX_CAN_Init();
  98:Core/Src/main.c ****   CAN_Filter_Init(); 
  99:Core/Src/main.c **** 
ARM GAS  /tmp/ccvzV81m.s 			page 6


 100:Core/Src/main.c ****   if (HAL_CAN_Start(&hcan) != HAL_OK)
 101:Core/Src/main.c ****   {
 102:Core/Src/main.c ****    Error_Handler();
 103:Core/Src/main.c ****   }
 104:Core/Src/main.c **** 
 105:Core/Src/main.c ****   /* Activar interrupciones CAN */
 106:Core/Src/main.c **** // HAL_CAN_ActivateNotification(&hcan,
 107:Core/Src/main.c **** //                              CAN_IT_TX_MAILBOX_EMPTY |
 108:Core/Src/main.c **** //                              CAN_IT_BUSOFF |
 109:Core/Src/main.c **** //                              CAN_IT_ERROR);
 110:Core/Src/main.c **** if (HAL_CAN_ActivateNotification(&hcan,
 111:Core/Src/main.c ****             CAN_IT_RX_FIFO0_MSG_PENDING |
 112:Core/Src/main.c ****             CAN_IT_ERROR |
 113:Core/Src/main.c ****             CAN_IT_BUSOFF |
 114:Core/Src/main.c ****             CAN_IT_LAST_ERROR_CODE
 115:Core/Src/main.c ****         ) != HAL_OK)
 116:Core/Src/main.c ****     {
 117:Core/Src/main.c ****         printf("Error activando notificaciones CAN\r\n");
 118:Core/Src/main.c ****         Error_Handler();
 119:Core/Src/main.c ****     }
 120:Core/Src/main.c ****   
 121:Core/Src/main.c ****   /* Inicialización de Timer para Input Capture (RPM) */
 122:Core/Src/main.c ****   MX_TIM3_Init();
 123:Core/Src/main.c ****   HAL_TIM_IC_Start_IT(&htim3, TIM_CHANNEL_1);
 124:Core/Src/main.c **** 
 125:Core/Src/main.c ****   /* USER CODE BEGIN 2 */
 126:Core/Src/main.c **** 
 127:Core/Src/main.c ****   /* USER CODE END 2 */
 128:Core/Src/main.c **** 
 129:Core/Src/main.c ****   /* Prepara las tareas y colas */
 130:Core/Src/main.c ****   MX_FREERTOS_Init();
 131:Core/Src/main.c **** 
 132:Core/Src/main.c ****   /* Start scheduler - Control total a FreeRTOS */
 133:Core/Src/main.c ****   osKernelStart();
 134:Core/Src/main.c **** 
 135:Core/Src/main.c ****   /* Infinite loop */
 136:Core/Src/main.c ****   while (1)
 137:Core/Src/main.c ****   {
 138:Core/Src/main.c ****   }
 139:Core/Src/main.c **** }
 140:Core/Src/main.c **** 
 141:Core/Src/main.c **** /**
 142:Core/Src/main.c ****   * @brief System Clock Configuration
 143:Core/Src/main.c ****   */
 144:Core/Src/main.c **** void SystemClock_Config(void)
 145:Core/Src/main.c **** {
 146:Core/Src/main.c ****   RCC_OscInitTypeDef RCC_OscInitStruct = {0};
 147:Core/Src/main.c ****   RCC_ClkInitTypeDef RCC_ClkInitStruct = {0};
 148:Core/Src/main.c ****   RCC_PeriphCLKInitTypeDef PeriphClkInit = {0};
 149:Core/Src/main.c **** 
 150:Core/Src/main.c ****   /** Initializes the RCC Oscillators according to the specified parameters
 151:Core/Src/main.c ****   * in the RCC_OscInitTypeDef structure.
 152:Core/Src/main.c ****   */
 153:Core/Src/main.c ****   RCC_OscInitStruct.OscillatorType = RCC_OSCILLATORTYPE_HSE;
 154:Core/Src/main.c ****   RCC_OscInitStruct.HSEState = RCC_HSE_ON;
 155:Core/Src/main.c ****   RCC_OscInitStruct.HSEPredivValue = RCC_HSE_PREDIV_DIV1;
 156:Core/Src/main.c ****   RCC_OscInitStruct.HSIState = RCC_HSI_ON;
ARM GAS  /tmp/ccvzV81m.s 			page 7


 157:Core/Src/main.c ****   RCC_OscInitStruct.PLL.PLLState = RCC_PLL_ON;
 158:Core/Src/main.c ****   RCC_OscInitStruct.PLL.PLLSource = RCC_PLLSOURCE_HSE;
 159:Core/Src/main.c ****   RCC_OscInitStruct.PLL.PLLMUL = RCC_PLL_MUL9;
 160:Core/Src/main.c ****   if (HAL_RCC_OscConfig(&RCC_OscInitStruct) != HAL_OK)
 161:Core/Src/main.c ****   {
 162:Core/Src/main.c ****     Error_Handler();
 163:Core/Src/main.c ****   }
 164:Core/Src/main.c **** 
 165:Core/Src/main.c ****   /** Initializes the CPU, AHB and APB buses clocks
 166:Core/Src/main.c ****   */
 167:Core/Src/main.c ****   RCC_ClkInitStruct.ClockType = RCC_CLOCKTYPE_HCLK|RCC_CLOCKTYPE_SYSCLK
 168:Core/Src/main.c ****                               |RCC_CLOCKTYPE_PCLK1|RCC_CLOCKTYPE_PCLK2;
 169:Core/Src/main.c ****   RCC_ClkInitStruct.SYSCLKSource = RCC_SYSCLKSOURCE_PLLCLK;
 170:Core/Src/main.c ****   RCC_ClkInitStruct.AHBCLKDivider = RCC_SYSCLK_DIV1;
 171:Core/Src/main.c ****   RCC_ClkInitStruct.APB1CLKDivider = RCC_HCLK_DIV2;
 172:Core/Src/main.c ****   RCC_ClkInitStruct.APB2CLKDivider = RCC_HCLK_DIV1;
 173:Core/Src/main.c **** 
 174:Core/Src/main.c ****   if (HAL_RCC_ClockConfig(&RCC_ClkInitStruct, FLASH_LATENCY_2) != HAL_OK)
 175:Core/Src/main.c ****   {
 176:Core/Src/main.c ****     Error_Handler();
 177:Core/Src/main.c ****   }
 178:Core/Src/main.c ****   PeriphClkInit.PeriphClockSelection = RCC_PERIPHCLK_ADC;
 179:Core/Src/main.c ****   PeriphClkInit.AdcClockSelection = RCC_ADCPCLK2_DIV8;
 180:Core/Src/main.c ****   if (HAL_RCCEx_PeriphCLKConfig(&PeriphClkInit) != HAL_OK)
 181:Core/Src/main.c ****   {
 182:Core/Src/main.c ****     Error_Handler();
 183:Core/Src/main.c ****   }
 184:Core/Src/main.c **** }
 185:Core/Src/main.c **** 
 186:Core/Src/main.c **** /* USER CODE BEGIN 4 */
 187:Core/Src/main.c **** 
 188:Core/Src/main.c **** /**
 189:Core/Src/main.c ****   * @brief Callback para captura de Input Capture (RPM)
 190:Core/Src/main.c ****   */
 191:Core/Src/main.c **** void HAL_TIM_IC_CaptureCallback(TIM_HandleTypeDef *htim)
 192:Core/Src/main.c **** {
 172              		.loc 1 192 1 is_stmt 1 view -0
 173              		.cfi_startproc
 174              		@ args = 0, pretend = 0, frame = 0
 175              		@ frame_needed = 0, uses_anonymous_args = 0
 176              		.loc 1 192 1 is_stmt 0 view .LVU34
 177 0000 08B5     		push	{r3, lr}
 178              	.LCFI5:
 179              		.cfi_def_cfa_offset 8
 180              		.cfi_offset 3, -8
 181              		.cfi_offset 14, -4
 193:Core/Src/main.c ****     if (htim->Instance == TIM3)
 182              		.loc 1 193 5 is_stmt 1 view .LVU35
 183              		.loc 1 193 13 is_stmt 0 view .LVU36
 184 0002 0268     		ldr	r2, [r0]
 185              		.loc 1 193 8 view .LVU37
 186 0004 064B     		ldr	r3, .L17
 187 0006 9A42     		cmp	r2, r3
 188 0008 00D0     		beq	.L16
 189              	.LVL11:
 190              	.L13:
 194:Core/Src/main.c ****     {
ARM GAS  /tmp/ccvzV81m.s 			page 8


 195:Core/Src/main.c ****         diff_ticks = HAL_TIM_ReadCapturedValue(htim, TIM_CHANNEL_1);
 196:Core/Src/main.c ****         new_read = 1;
 197:Core/Src/main.c ****     }
 198:Core/Src/main.c **** }
 191              		.loc 1 198 1 view .LVU38
 192 000a 08BD     		pop	{r3, pc}
 193              	.LVL12:
 194              	.L16:
 195:Core/Src/main.c ****         new_read = 1;
 195              		.loc 1 195 9 is_stmt 1 view .LVU39
 195:Core/Src/main.c ****         new_read = 1;
 196              		.loc 1 195 22 is_stmt 0 view .LVU40
 197 000c 0021     		movs	r1, #0
 198 000e FFF7FEFF 		bl	HAL_TIM_ReadCapturedValue
 199              	.LVL13:
 195:Core/Src/main.c ****         new_read = 1;
 200              		.loc 1 195 20 view .LVU41
 201 0012 044B     		ldr	r3, .L17+4
 202 0014 1860     		str	r0, [r3]
 196:Core/Src/main.c ****     }
 203              		.loc 1 196 9 is_stmt 1 view .LVU42
 196:Core/Src/main.c ****     }
 204              		.loc 1 196 18 is_stmt 0 view .LVU43
 205 0016 044B     		ldr	r3, .L17+8
 206 0018 0122     		movs	r2, #1
 207 001a 1A70     		strb	r2, [r3]
 208              		.loc 1 198 1 view .LVU44
 209 001c F5E7     		b	.L13
 210              	.L18:
 211 001e 00BF     		.align	2
 212              	.L17:
 213 0020 00040040 		.word	1073742848
 214 0024 00000000 		.word	.LANCHOR1
 215 0028 00000000 		.word	.LANCHOR2
 216              		.cfi_endproc
 217              	.LFE77:
 219              		.section	.text._write,"ax",%progbits
 220              		.align	1
 221              		.global	_write
 222              		.syntax unified
 223              		.thumb
 224              		.thumb_func
 226              	_write:
 227              	.LVL14:
 228              	.LFB78:
 199:Core/Src/main.c **** 
 200:Core/Src/main.c **** /**
 201:Core/Src/main.c ****   * @brief UART printf support
 202:Core/Src/main.c ****   * Redirige los printf a UART1
 203:Core/Src/main.c ****   */
 204:Core/Src/main.c **** int _write(int file, char *ptr, int len)
 205:Core/Src/main.c **** {
 229              		.loc 1 205 1 is_stmt 1 view -0
 230              		.cfi_startproc
 231              		@ args = 0, pretend = 0, frame = 0
 232              		@ frame_needed = 0, uses_anonymous_args = 0
 233              		.loc 1 205 1 is_stmt 0 view .LVU46
ARM GAS  /tmp/ccvzV81m.s 			page 9


 234 0000 10B5     		push	{r4, lr}
 235              	.LCFI6:
 236              		.cfi_def_cfa_offset 8
 237              		.cfi_offset 4, -8
 238              		.cfi_offset 14, -4
 239 0002 1446     		mov	r4, r2
 206:Core/Src/main.c ****   HAL_UART_Transmit(&huart1, (uint8_t*)ptr, len, HAL_MAX_DELAY);
 240              		.loc 1 206 3 is_stmt 1 view .LVU47
 241 0004 4FF0FF33 		mov	r3, #-1
 242 0008 92B2     		uxth	r2, r2
 243              	.LVL15:
 244              		.loc 1 206 3 is_stmt 0 view .LVU48
 245 000a 0248     		ldr	r0, .L21
 246              	.LVL16:
 247              		.loc 1 206 3 view .LVU49
 248 000c FFF7FEFF 		bl	HAL_UART_Transmit
 249              	.LVL17:
 207:Core/Src/main.c ****   return len;
 250              		.loc 1 207 3 is_stmt 1 view .LVU50
 208:Core/Src/main.c **** }
 251              		.loc 1 208 1 is_stmt 0 view .LVU51
 252 0010 2046     		mov	r0, r4
 253 0012 10BD     		pop	{r4, pc}
 254              	.LVL18:
 255              	.L22:
 256              		.loc 1 208 1 view .LVU52
 257              		.align	2
 258              	.L21:
 259 0014 00000000 		.word	huart1
 260              		.cfi_endproc
 261              	.LFE78:
 263              		.section	.text.HAL_ADC_ConvCpltCallback,"ax",%progbits
 264              		.align	1
 265              		.global	HAL_ADC_ConvCpltCallback
 266              		.syntax unified
 267              		.thumb
 268              		.thumb_func
 270              	HAL_ADC_ConvCpltCallback:
 271              	.LVL19:
 272              	.LFB79:
 209:Core/Src/main.c **** 
 210:Core/Src/main.c **** void HAL_ADC_ConvCpltCallback(ADC_HandleTypeDef* hadc) {
 273              		.loc 1 210 56 is_stmt 1 view -0
 274              		.cfi_startproc
 275              		@ args = 0, pretend = 0, frame = 0
 276              		@ frame_needed = 0, uses_anonymous_args = 0
 277              		.loc 1 210 56 is_stmt 0 view .LVU54
 278 0000 08B5     		push	{r3, lr}
 279              	.LCFI7:
 280              		.cfi_def_cfa_offset 8
 281              		.cfi_offset 3, -8
 282              		.cfi_offset 14, -4
 211:Core/Src/main.c ****     if (hadc->Instance == ADC1) {
 283              		.loc 1 211 5 is_stmt 1 view .LVU55
 284              		.loc 1 211 13 is_stmt 0 view .LVU56
 285 0002 0268     		ldr	r2, [r0]
 286              		.loc 1 211 8 view .LVU57
ARM GAS  /tmp/ccvzV81m.s 			page 10


 287 0004 0E4B     		ldr	r3, .L27
 288 0006 9A42     		cmp	r2, r3
 289 0008 00D0     		beq	.L26
 290              	.LVL20:
 291              	.L23:
 212:Core/Src/main.c ****         // Almacenamiento puro
 213:Core/Src/main.c ****         adc_buffer_corriente[indice_adc] = HAL_ADC_GetValue(hadc);
 214:Core/Src/main.c ****         indice_adc++;
 215:Core/Src/main.c **** 
 216:Core/Src/main.c ****         // Cuando llenamos el buffer (ej. 100 muestras = 100ms a 1kHz)
 217:Core/Src/main.c ****         if (indice_adc >= 100) {
 218:Core/Src/main.c ****             indice_adc = 0;
 219:Core/Src/main.c ****             buffer_listo = 1; // Avisamos a la tarea
 220:Core/Src/main.c ****         }
 221:Core/Src/main.c ****     }
 222:Core/Src/main.c **** }
 292              		.loc 1 222 1 view .LVU58
 293 000a 08BD     		pop	{r3, pc}
 294              	.LVL21:
 295              	.L26:
 213:Core/Src/main.c ****         indice_adc++;
 296              		.loc 1 213 9 is_stmt 1 view .LVU59
 213:Core/Src/main.c ****         indice_adc++;
 297              		.loc 1 213 44 is_stmt 0 view .LVU60
 298 000c FFF7FEFF 		bl	HAL_ADC_GetValue
 299              	.LVL22:
 213:Core/Src/main.c ****         indice_adc++;
 300              		.loc 1 213 29 view .LVU61
 301 0010 0C4A     		ldr	r2, .L27+4
 302 0012 1388     		ldrh	r3, [r2]
 303 0014 9BB2     		uxth	r3, r3
 213:Core/Src/main.c ****         indice_adc++;
 304              		.loc 1 213 42 view .LVU62
 305 0016 80B2     		uxth	r0, r0
 306 0018 0B49     		ldr	r1, .L27+8
 307 001a 21F81300 		strh	r0, [r1, r3, lsl #1]	@ movhi
 214:Core/Src/main.c **** 
 308              		.loc 1 214 9 is_stmt 1 view .LVU63
 214:Core/Src/main.c **** 
 309              		.loc 1 214 19 is_stmt 0 view .LVU64
 310 001e 1388     		ldrh	r3, [r2]
 311 0020 9BB2     		uxth	r3, r3
 312 0022 0133     		adds	r3, r3, #1
 313 0024 9BB2     		uxth	r3, r3
 314 0026 1380     		strh	r3, [r2]	@ movhi
 217:Core/Src/main.c ****             indice_adc = 0;
 315              		.loc 1 217 9 is_stmt 1 view .LVU65
 217:Core/Src/main.c ****             indice_adc = 0;
 316              		.loc 1 217 24 is_stmt 0 view .LVU66
 317 0028 1388     		ldrh	r3, [r2]
 318 002a 9BB2     		uxth	r3, r3
 217:Core/Src/main.c ****             indice_adc = 0;
 319              		.loc 1 217 12 view .LVU67
 320 002c 632B     		cmp	r3, #99
 321 002e ECD9     		bls	.L23
 218:Core/Src/main.c ****             buffer_listo = 1; // Avisamos a la tarea
 322              		.loc 1 218 13 is_stmt 1 view .LVU68
ARM GAS  /tmp/ccvzV81m.s 			page 11


 218:Core/Src/main.c ****             buffer_listo = 1; // Avisamos a la tarea
 323              		.loc 1 218 24 is_stmt 0 view .LVU69
 324 0030 1346     		mov	r3, r2
 325 0032 0022     		movs	r2, #0
 326 0034 1A80     		strh	r2, [r3]	@ movhi
 219:Core/Src/main.c ****         }
 327              		.loc 1 219 13 is_stmt 1 view .LVU70
 219:Core/Src/main.c ****         }
 328              		.loc 1 219 26 is_stmt 0 view .LVU71
 329 0036 054B     		ldr	r3, .L27+12
 330 0038 0122     		movs	r2, #1
 331 003a 1A70     		strb	r2, [r3]
 332              		.loc 1 222 1 view .LVU72
 333 003c E5E7     		b	.L23
 334              	.L28:
 335 003e 00BF     		.align	2
 336              	.L27:
 337 0040 00240140 		.word	1073816576
 338 0044 00000000 		.word	.LANCHOR3
 339 0048 00000000 		.word	.LANCHOR4
 340 004c 00000000 		.word	.LANCHOR5
 341              		.cfi_endproc
 342              	.LFE79:
 344              		.section	.rodata.HAL_CAN_TxMailbox0CompleteCallback.str1.4,"aMS",%progbits,1
 345              		.align	2
 346              	.LC1:
 347 0000 4D41494C 		.ascii	"MAILBOX0 TX OK\015\000"
 347      424F5830 
 347      20545820 
 347      4F4B0D00 
 348              		.section	.text.HAL_CAN_TxMailbox0CompleteCallback,"ax",%progbits
 349              		.align	1
 350              		.global	HAL_CAN_TxMailbox0CompleteCallback
 351              		.syntax unified
 352              		.thumb
 353              		.thumb_func
 355              	HAL_CAN_TxMailbox0CompleteCallback:
 356              	.LVL23:
 357              	.LFB80:
 223:Core/Src/main.c **** 
 224:Core/Src/main.c **** void HAL_CAN_TxMailbox0CompleteCallback(CAN_HandleTypeDef *hcan)
 225:Core/Src/main.c **** {
 358              		.loc 1 225 1 is_stmt 1 view -0
 359              		.cfi_startproc
 360              		@ args = 0, pretend = 0, frame = 0
 361              		@ frame_needed = 0, uses_anonymous_args = 0
 362              		.loc 1 225 1 is_stmt 0 view .LVU74
 363 0000 08B5     		push	{r3, lr}
 364              	.LCFI8:
 365              		.cfi_def_cfa_offset 8
 366              		.cfi_offset 3, -8
 367              		.cfi_offset 14, -4
 226:Core/Src/main.c ****     printf("MAILBOX0 TX OK\r\n");
 368              		.loc 1 226 5 is_stmt 1 view .LVU75
 369 0002 0248     		ldr	r0, .L31
 370              	.LVL24:
 371              		.loc 1 226 5 is_stmt 0 view .LVU76
ARM GAS  /tmp/ccvzV81m.s 			page 12


 372 0004 FFF7FEFF 		bl	puts
 373              	.LVL25:
 227:Core/Src/main.c **** }
 374              		.loc 1 227 1 view .LVU77
 375 0008 08BD     		pop	{r3, pc}
 376              	.L32:
 377 000a 00BF     		.align	2
 378              	.L31:
 379 000c 00000000 		.word	.LC1
 380              		.cfi_endproc
 381              	.LFE80:
 383              		.section	.rodata.HAL_CAN_TxMailbox1CompleteCallback.str1.4,"aMS",%progbits,1
 384              		.align	2
 385              	.LC2:
 386 0000 4D41494C 		.ascii	"MAILBOX1 TX OK\015\000"
 386      424F5831 
 386      20545820 
 386      4F4B0D00 
 387              		.section	.text.HAL_CAN_TxMailbox1CompleteCallback,"ax",%progbits
 388              		.align	1
 389              		.global	HAL_CAN_TxMailbox1CompleteCallback
 390              		.syntax unified
 391              		.thumb
 392              		.thumb_func
 394              	HAL_CAN_TxMailbox1CompleteCallback:
 395              	.LVL26:
 396              	.LFB81:
 228:Core/Src/main.c **** 
 229:Core/Src/main.c **** void HAL_CAN_TxMailbox1CompleteCallback(CAN_HandleTypeDef *hcan)
 230:Core/Src/main.c **** {
 397              		.loc 1 230 1 is_stmt 1 view -0
 398              		.cfi_startproc
 399              		@ args = 0, pretend = 0, frame = 0
 400              		@ frame_needed = 0, uses_anonymous_args = 0
 401              		.loc 1 230 1 is_stmt 0 view .LVU79
 402 0000 08B5     		push	{r3, lr}
 403              	.LCFI9:
 404              		.cfi_def_cfa_offset 8
 405              		.cfi_offset 3, -8
 406              		.cfi_offset 14, -4
 231:Core/Src/main.c ****     printf("MAILBOX1 TX OK\r\n");
 407              		.loc 1 231 5 is_stmt 1 view .LVU80
 408 0002 0248     		ldr	r0, .L35
 409              	.LVL27:
 410              		.loc 1 231 5 is_stmt 0 view .LVU81
 411 0004 FFF7FEFF 		bl	puts
 412              	.LVL28:
 232:Core/Src/main.c **** }
 413              		.loc 1 232 1 view .LVU82
 414 0008 08BD     		pop	{r3, pc}
 415              	.L36:
 416 000a 00BF     		.align	2
 417              	.L35:
 418 000c 00000000 		.word	.LC2
 419              		.cfi_endproc
 420              	.LFE81:
 422              		.section	.rodata.HAL_CAN_TxMailbox2CompleteCallback.str1.4,"aMS",%progbits,1
ARM GAS  /tmp/ccvzV81m.s 			page 13


 423              		.align	2
 424              	.LC3:
 425 0000 4D41494C 		.ascii	"MAILBOX2 TX OK\015\000"
 425      424F5832 
 425      20545820 
 425      4F4B0D00 
 426              		.section	.text.HAL_CAN_TxMailbox2CompleteCallback,"ax",%progbits
 427              		.align	1
 428              		.global	HAL_CAN_TxMailbox2CompleteCallback
 429              		.syntax unified
 430              		.thumb
 431              		.thumb_func
 433              	HAL_CAN_TxMailbox2CompleteCallback:
 434              	.LVL29:
 435              	.LFB82:
 233:Core/Src/main.c **** 
 234:Core/Src/main.c **** void HAL_CAN_TxMailbox2CompleteCallback(CAN_HandleTypeDef *hcan)
 235:Core/Src/main.c **** {
 436              		.loc 1 235 1 is_stmt 1 view -0
 437              		.cfi_startproc
 438              		@ args = 0, pretend = 0, frame = 0
 439              		@ frame_needed = 0, uses_anonymous_args = 0
 440              		.loc 1 235 1 is_stmt 0 view .LVU84
 441 0000 08B5     		push	{r3, lr}
 442              	.LCFI10:
 443              		.cfi_def_cfa_offset 8
 444              		.cfi_offset 3, -8
 445              		.cfi_offset 14, -4
 236:Core/Src/main.c ****     printf("MAILBOX2 TX OK\r\n");
 446              		.loc 1 236 5 is_stmt 1 view .LVU85
 447 0002 0248     		ldr	r0, .L39
 448              	.LVL30:
 449              		.loc 1 236 5 is_stmt 0 view .LVU86
 450 0004 FFF7FEFF 		bl	puts
 451              	.LVL31:
 237:Core/Src/main.c **** }
 452              		.loc 1 237 1 view .LVU87
 453 0008 08BD     		pop	{r3, pc}
 454              	.L40:
 455 000a 00BF     		.align	2
 456              	.L39:
 457 000c 00000000 		.word	.LC3
 458              		.cfi_endproc
 459              	.LFE82:
 461              		.section	.text.HAL_TIM_PeriodElapsedCallback,"ax",%progbits
 462              		.align	1
 463              		.global	HAL_TIM_PeriodElapsedCallback
 464              		.syntax unified
 465              		.thumb
 466              		.thumb_func
 468              	HAL_TIM_PeriodElapsedCallback:
 469              	.LVL32:
 470              	.LFB83:
 238:Core/Src/main.c **** 
 239:Core/Src/main.c **** /* USER CODE END 4 */
 240:Core/Src/main.c **** 
 241:Core/Src/main.c **** /**
ARM GAS  /tmp/ccvzV81m.s 			page 14


 242:Core/Src/main.c ****   * @brief  Period elapsed callback in non blocking mode (para Systick de FreeRTOS)
 243:Core/Src/main.c ****   */
 244:Core/Src/main.c **** void HAL_TIM_PeriodElapsedCallback(TIM_HandleTypeDef *htim)
 245:Core/Src/main.c **** {
 471              		.loc 1 245 1 is_stmt 1 view -0
 472              		.cfi_startproc
 473              		@ args = 0, pretend = 0, frame = 0
 474              		@ frame_needed = 0, uses_anonymous_args = 0
 475              		.loc 1 245 1 is_stmt 0 view .LVU89
 476 0000 08B5     		push	{r3, lr}
 477              	.LCFI11:
 478              		.cfi_def_cfa_offset 8
 479              		.cfi_offset 3, -8
 480              		.cfi_offset 14, -4
 246:Core/Src/main.c ****   if (htim->Instance == TIM2)
 481              		.loc 1 246 3 is_stmt 1 view .LVU90
 482              		.loc 1 246 11 is_stmt 0 view .LVU91
 483 0002 0368     		ldr	r3, [r0]
 484              		.loc 1 246 6 view .LVU92
 485 0004 B3F1804F 		cmp	r3, #1073741824
 486 0008 00D0     		beq	.L44
 487              	.LVL33:
 488              	.L41:
 247:Core/Src/main.c ****   {
 248:Core/Src/main.c ****     HAL_IncTick();
 249:Core/Src/main.c ****   }
 250:Core/Src/main.c **** }
 489              		.loc 1 250 1 view .LVU93
 490 000a 08BD     		pop	{r3, pc}
 491              	.LVL34:
 492              	.L44:
 248:Core/Src/main.c ****   }
 493              		.loc 1 248 5 is_stmt 1 view .LVU94
 494 000c FFF7FEFF 		bl	HAL_IncTick
 495              	.LVL35:
 496              		.loc 1 250 1 is_stmt 0 view .LVU95
 497 0010 FBE7     		b	.L41
 498              		.cfi_endproc
 499              	.LFE83:
 501              		.section	.text.Error_Handler,"ax",%progbits
 502              		.align	1
 503              		.global	Error_Handler
 504              		.syntax unified
 505              		.thumb
 506              		.thumb_func
 508              	Error_Handler:
 509              	.LFB84:
 251:Core/Src/main.c **** 
 252:Core/Src/main.c **** /**
 253:Core/Src/main.c ****   * @brief  This function is executed in case of error occurrence.
 254:Core/Src/main.c ****   */
 255:Core/Src/main.c **** void Error_Handler(void)
 256:Core/Src/main.c **** {
 510              		.loc 1 256 1 is_stmt 1 view -0
 511              		.cfi_startproc
 512              		@ Volatile: function does not return.
 513              		@ args = 0, pretend = 0, frame = 0
ARM GAS  /tmp/ccvzV81m.s 			page 15


 514              		@ frame_needed = 0, uses_anonymous_args = 0
 515              		@ link register save eliminated.
 257:Core/Src/main.c ****   __disable_irq(); // deshabilita interrupciones
 516              		.loc 1 257 3 view .LVU97
 517              	.LBB4:
 518              	.LBI4:
 519              		.file 2 "Drivers/CMSIS/Include/cmsis_gcc.h"
   1:Drivers/CMSIS/Include/cmsis_gcc.h **** /**************************************************************************//**
   2:Drivers/CMSIS/Include/cmsis_gcc.h ****  * @file     cmsis_gcc.h
   3:Drivers/CMSIS/Include/cmsis_gcc.h ****  * @brief    CMSIS compiler GCC header file
   4:Drivers/CMSIS/Include/cmsis_gcc.h ****  * @version  V5.0.4
   5:Drivers/CMSIS/Include/cmsis_gcc.h ****  * @date     09. April 2018
   6:Drivers/CMSIS/Include/cmsis_gcc.h ****  ******************************************************************************/
   7:Drivers/CMSIS/Include/cmsis_gcc.h **** /*
   8:Drivers/CMSIS/Include/cmsis_gcc.h ****  * Copyright (c) 2009-2018 Arm Limited. All rights reserved.
   9:Drivers/CMSIS/Include/cmsis_gcc.h ****  *
  10:Drivers/CMSIS/Include/cmsis_gcc.h ****  * SPDX-License-Identifier: Apache-2.0
  11:Drivers/CMSIS/Include/cmsis_gcc.h ****  *
  12:Drivers/CMSIS/Include/cmsis_gcc.h ****  * Licensed under the Apache License, Version 2.0 (the License); you may
  13:Drivers/CMSIS/Include/cmsis_gcc.h ****  * not use this file except in compliance with the License.
  14:Drivers/CMSIS/Include/cmsis_gcc.h ****  * You may obtain a copy of the License at
  15:Drivers/CMSIS/Include/cmsis_gcc.h ****  *
  16:Drivers/CMSIS/Include/cmsis_gcc.h ****  * www.apache.org/licenses/LICENSE-2.0
  17:Drivers/CMSIS/Include/cmsis_gcc.h ****  *
  18:Drivers/CMSIS/Include/cmsis_gcc.h ****  * Unless required by applicable law or agreed to in writing, software
  19:Drivers/CMSIS/Include/cmsis_gcc.h ****  * distributed under the License is distributed on an AS IS BASIS, WITHOUT
  20:Drivers/CMSIS/Include/cmsis_gcc.h ****  * WARRANTIES OR CONDITIONS OF ANY KIND, either express or implied.
  21:Drivers/CMSIS/Include/cmsis_gcc.h ****  * See the License for the specific language governing permissions and
  22:Drivers/CMSIS/Include/cmsis_gcc.h ****  * limitations under the License.
  23:Drivers/CMSIS/Include/cmsis_gcc.h ****  */
  24:Drivers/CMSIS/Include/cmsis_gcc.h **** 
  25:Drivers/CMSIS/Include/cmsis_gcc.h **** #ifndef __CMSIS_GCC_H
  26:Drivers/CMSIS/Include/cmsis_gcc.h **** #define __CMSIS_GCC_H
  27:Drivers/CMSIS/Include/cmsis_gcc.h **** 
  28:Drivers/CMSIS/Include/cmsis_gcc.h **** /* ignore some GCC warnings */
  29:Drivers/CMSIS/Include/cmsis_gcc.h **** #pragma GCC diagnostic push
  30:Drivers/CMSIS/Include/cmsis_gcc.h **** #pragma GCC diagnostic ignored "-Wsign-conversion"
  31:Drivers/CMSIS/Include/cmsis_gcc.h **** #pragma GCC diagnostic ignored "-Wconversion"
  32:Drivers/CMSIS/Include/cmsis_gcc.h **** #pragma GCC diagnostic ignored "-Wunused-parameter"
  33:Drivers/CMSIS/Include/cmsis_gcc.h **** 
  34:Drivers/CMSIS/Include/cmsis_gcc.h **** /* Fallback for __has_builtin */
  35:Drivers/CMSIS/Include/cmsis_gcc.h **** #ifndef __has_builtin
  36:Drivers/CMSIS/Include/cmsis_gcc.h ****   #define __has_builtin(x) (0)
  37:Drivers/CMSIS/Include/cmsis_gcc.h **** #endif
  38:Drivers/CMSIS/Include/cmsis_gcc.h **** 
  39:Drivers/CMSIS/Include/cmsis_gcc.h **** /* CMSIS compiler specific defines */
  40:Drivers/CMSIS/Include/cmsis_gcc.h **** #ifndef   __ASM
  41:Drivers/CMSIS/Include/cmsis_gcc.h ****   #define __ASM                                  __asm
  42:Drivers/CMSIS/Include/cmsis_gcc.h **** #endif
  43:Drivers/CMSIS/Include/cmsis_gcc.h **** #ifndef   __INLINE
  44:Drivers/CMSIS/Include/cmsis_gcc.h ****   #define __INLINE                               inline
  45:Drivers/CMSIS/Include/cmsis_gcc.h **** #endif
  46:Drivers/CMSIS/Include/cmsis_gcc.h **** #ifndef   __STATIC_INLINE
  47:Drivers/CMSIS/Include/cmsis_gcc.h ****   #define __STATIC_INLINE                        static inline
  48:Drivers/CMSIS/Include/cmsis_gcc.h **** #endif
  49:Drivers/CMSIS/Include/cmsis_gcc.h **** #ifndef   __STATIC_FORCEINLINE                 
  50:Drivers/CMSIS/Include/cmsis_gcc.h ****   #define __STATIC_FORCEINLINE                   __attribute__((always_inline)) static inline
ARM GAS  /tmp/ccvzV81m.s 			page 16


  51:Drivers/CMSIS/Include/cmsis_gcc.h **** #endif                                           
  52:Drivers/CMSIS/Include/cmsis_gcc.h **** #ifndef   __NO_RETURN
  53:Drivers/CMSIS/Include/cmsis_gcc.h ****   #define __NO_RETURN                            __attribute__((__noreturn__))
  54:Drivers/CMSIS/Include/cmsis_gcc.h **** #endif
  55:Drivers/CMSIS/Include/cmsis_gcc.h **** #ifndef   __USED
  56:Drivers/CMSIS/Include/cmsis_gcc.h ****   #define __USED                                 __attribute__((used))
  57:Drivers/CMSIS/Include/cmsis_gcc.h **** #endif
  58:Drivers/CMSIS/Include/cmsis_gcc.h **** #ifndef   __WEAK
  59:Drivers/CMSIS/Include/cmsis_gcc.h ****   #define __WEAK                                 __attribute__((weak))
  60:Drivers/CMSIS/Include/cmsis_gcc.h **** #endif
  61:Drivers/CMSIS/Include/cmsis_gcc.h **** #ifndef   __PACKED
  62:Drivers/CMSIS/Include/cmsis_gcc.h ****   #define __PACKED                               __attribute__((packed, aligned(1)))
  63:Drivers/CMSIS/Include/cmsis_gcc.h **** #endif
  64:Drivers/CMSIS/Include/cmsis_gcc.h **** #ifndef   __PACKED_STRUCT
  65:Drivers/CMSIS/Include/cmsis_gcc.h ****   #define __PACKED_STRUCT                        struct __attribute__((packed, aligned(1)))
  66:Drivers/CMSIS/Include/cmsis_gcc.h **** #endif
  67:Drivers/CMSIS/Include/cmsis_gcc.h **** #ifndef   __PACKED_UNION
  68:Drivers/CMSIS/Include/cmsis_gcc.h ****   #define __PACKED_UNION                         union __attribute__((packed, aligned(1)))
  69:Drivers/CMSIS/Include/cmsis_gcc.h **** #endif
  70:Drivers/CMSIS/Include/cmsis_gcc.h **** #ifndef   __UNALIGNED_UINT32        /* deprecated */
  71:Drivers/CMSIS/Include/cmsis_gcc.h ****   #pragma GCC diagnostic push
  72:Drivers/CMSIS/Include/cmsis_gcc.h ****   #pragma GCC diagnostic ignored "-Wpacked"
  73:Drivers/CMSIS/Include/cmsis_gcc.h ****   #pragma GCC diagnostic ignored "-Wattributes"
  74:Drivers/CMSIS/Include/cmsis_gcc.h ****   struct __attribute__((packed)) T_UINT32 { uint32_t v; };
  75:Drivers/CMSIS/Include/cmsis_gcc.h ****   #pragma GCC diagnostic pop
  76:Drivers/CMSIS/Include/cmsis_gcc.h ****   #define __UNALIGNED_UINT32(x)                  (((struct T_UINT32 *)(x))->v)
  77:Drivers/CMSIS/Include/cmsis_gcc.h **** #endif
  78:Drivers/CMSIS/Include/cmsis_gcc.h **** #ifndef   __UNALIGNED_UINT16_WRITE
  79:Drivers/CMSIS/Include/cmsis_gcc.h ****   #pragma GCC diagnostic push
  80:Drivers/CMSIS/Include/cmsis_gcc.h ****   #pragma GCC diagnostic ignored "-Wpacked"
  81:Drivers/CMSIS/Include/cmsis_gcc.h ****   #pragma GCC diagnostic ignored "-Wattributes"
  82:Drivers/CMSIS/Include/cmsis_gcc.h ****   __PACKED_STRUCT T_UINT16_WRITE { uint16_t v; };
  83:Drivers/CMSIS/Include/cmsis_gcc.h ****   #pragma GCC diagnostic pop
  84:Drivers/CMSIS/Include/cmsis_gcc.h ****   #define __UNALIGNED_UINT16_WRITE(addr, val)    (void)((((struct T_UINT16_WRITE *)(void *)(addr))-
  85:Drivers/CMSIS/Include/cmsis_gcc.h **** #endif
  86:Drivers/CMSIS/Include/cmsis_gcc.h **** #ifndef   __UNALIGNED_UINT16_READ
  87:Drivers/CMSIS/Include/cmsis_gcc.h ****   #pragma GCC diagnostic push
  88:Drivers/CMSIS/Include/cmsis_gcc.h ****   #pragma GCC diagnostic ignored "-Wpacked"
  89:Drivers/CMSIS/Include/cmsis_gcc.h ****   #pragma GCC diagnostic ignored "-Wattributes"
  90:Drivers/CMSIS/Include/cmsis_gcc.h ****   __PACKED_STRUCT T_UINT16_READ { uint16_t v; };
  91:Drivers/CMSIS/Include/cmsis_gcc.h ****   #pragma GCC diagnostic pop
  92:Drivers/CMSIS/Include/cmsis_gcc.h ****   #define __UNALIGNED_UINT16_READ(addr)          (((const struct T_UINT16_READ *)(const void *)(add
  93:Drivers/CMSIS/Include/cmsis_gcc.h **** #endif
  94:Drivers/CMSIS/Include/cmsis_gcc.h **** #ifndef   __UNALIGNED_UINT32_WRITE
  95:Drivers/CMSIS/Include/cmsis_gcc.h ****   #pragma GCC diagnostic push
  96:Drivers/CMSIS/Include/cmsis_gcc.h ****   #pragma GCC diagnostic ignored "-Wpacked"
  97:Drivers/CMSIS/Include/cmsis_gcc.h ****   #pragma GCC diagnostic ignored "-Wattributes"
  98:Drivers/CMSIS/Include/cmsis_gcc.h ****   __PACKED_STRUCT T_UINT32_WRITE { uint32_t v; };
  99:Drivers/CMSIS/Include/cmsis_gcc.h ****   #pragma GCC diagnostic pop
 100:Drivers/CMSIS/Include/cmsis_gcc.h ****   #define __UNALIGNED_UINT32_WRITE(addr, val)    (void)((((struct T_UINT32_WRITE *)(void *)(addr))-
 101:Drivers/CMSIS/Include/cmsis_gcc.h **** #endif
 102:Drivers/CMSIS/Include/cmsis_gcc.h **** #ifndef   __UNALIGNED_UINT32_READ
 103:Drivers/CMSIS/Include/cmsis_gcc.h ****   #pragma GCC diagnostic push
 104:Drivers/CMSIS/Include/cmsis_gcc.h ****   #pragma GCC diagnostic ignored "-Wpacked"
 105:Drivers/CMSIS/Include/cmsis_gcc.h ****   #pragma GCC diagnostic ignored "-Wattributes"
 106:Drivers/CMSIS/Include/cmsis_gcc.h ****   __PACKED_STRUCT T_UINT32_READ { uint32_t v; };
 107:Drivers/CMSIS/Include/cmsis_gcc.h ****   #pragma GCC diagnostic pop
ARM GAS  /tmp/ccvzV81m.s 			page 17


 108:Drivers/CMSIS/Include/cmsis_gcc.h ****   #define __UNALIGNED_UINT32_READ(addr)          (((const struct T_UINT32_READ *)(const void *)(add
 109:Drivers/CMSIS/Include/cmsis_gcc.h **** #endif
 110:Drivers/CMSIS/Include/cmsis_gcc.h **** #ifndef   __ALIGNED
 111:Drivers/CMSIS/Include/cmsis_gcc.h ****   #define __ALIGNED(x)                           __attribute__((aligned(x)))
 112:Drivers/CMSIS/Include/cmsis_gcc.h **** #endif
 113:Drivers/CMSIS/Include/cmsis_gcc.h **** #ifndef   __RESTRICT
 114:Drivers/CMSIS/Include/cmsis_gcc.h ****   #define __RESTRICT                             __restrict
 115:Drivers/CMSIS/Include/cmsis_gcc.h **** #endif
 116:Drivers/CMSIS/Include/cmsis_gcc.h **** 
 117:Drivers/CMSIS/Include/cmsis_gcc.h **** 
 118:Drivers/CMSIS/Include/cmsis_gcc.h **** /* ###########################  Core Function Access  ########################### */
 119:Drivers/CMSIS/Include/cmsis_gcc.h **** /** \ingroup  CMSIS_Core_FunctionInterface
 120:Drivers/CMSIS/Include/cmsis_gcc.h ****     \defgroup CMSIS_Core_RegAccFunctions CMSIS Core Register Access Functions
 121:Drivers/CMSIS/Include/cmsis_gcc.h ****   @{
 122:Drivers/CMSIS/Include/cmsis_gcc.h ****  */
 123:Drivers/CMSIS/Include/cmsis_gcc.h **** 
 124:Drivers/CMSIS/Include/cmsis_gcc.h **** /**
 125:Drivers/CMSIS/Include/cmsis_gcc.h ****   \brief   Enable IRQ Interrupts
 126:Drivers/CMSIS/Include/cmsis_gcc.h ****   \details Enables IRQ interrupts by clearing the I-bit in the CPSR.
 127:Drivers/CMSIS/Include/cmsis_gcc.h ****            Can only be executed in Privileged modes.
 128:Drivers/CMSIS/Include/cmsis_gcc.h ****  */
 129:Drivers/CMSIS/Include/cmsis_gcc.h **** __STATIC_FORCEINLINE void __enable_irq(void)
 130:Drivers/CMSIS/Include/cmsis_gcc.h **** {
 131:Drivers/CMSIS/Include/cmsis_gcc.h ****   __ASM volatile ("cpsie i" : : : "memory");
 132:Drivers/CMSIS/Include/cmsis_gcc.h **** }
 133:Drivers/CMSIS/Include/cmsis_gcc.h **** 
 134:Drivers/CMSIS/Include/cmsis_gcc.h **** 
 135:Drivers/CMSIS/Include/cmsis_gcc.h **** /**
 136:Drivers/CMSIS/Include/cmsis_gcc.h ****   \brief   Disable IRQ Interrupts
 137:Drivers/CMSIS/Include/cmsis_gcc.h ****   \details Disables IRQ interrupts by setting the I-bit in the CPSR.
 138:Drivers/CMSIS/Include/cmsis_gcc.h ****            Can only be executed in Privileged modes.
 139:Drivers/CMSIS/Include/cmsis_gcc.h ****  */
 140:Drivers/CMSIS/Include/cmsis_gcc.h **** __STATIC_FORCEINLINE void __disable_irq(void)
 520              		.loc 2 140 27 view .LVU98
 521              	.LBB5:
 141:Drivers/CMSIS/Include/cmsis_gcc.h **** {
 142:Drivers/CMSIS/Include/cmsis_gcc.h ****   __ASM volatile ("cpsid i" : : : "memory");
 522              		.loc 2 142 3 view .LVU99
 523              		.syntax unified
 524              	@ 142 "Drivers/CMSIS/Include/cmsis_gcc.h" 1
 525 0000 72B6     		cpsid i
 526              	@ 0 "" 2
 527              		.thumb
 528              		.syntax unified
 529              	.L46:
 530              	.LBE5:
 531              	.LBE4:
 258:Core/Src/main.c ****   while (1)
 532              		.loc 1 258 3 discriminator 1 view .LVU100
 259:Core/Src/main.c ****   {
 260:Core/Src/main.c ****   }
 533              		.loc 1 260 3 discriminator 1 view .LVU101
 258:Core/Src/main.c ****   while (1)
 534              		.loc 1 258 9 discriminator 1 view .LVU102
 535 0002 FEE7     		b	.L46
 536              		.cfi_endproc
 537              	.LFE84:
ARM GAS  /tmp/ccvzV81m.s 			page 18


 539              		.section	.text.SystemClock_Config,"ax",%progbits
 540              		.align	1
 541              		.global	SystemClock_Config
 542              		.syntax unified
 543              		.thumb
 544              		.thumb_func
 546              	SystemClock_Config:
 547              	.LFB76:
 145:Core/Src/main.c ****   RCC_OscInitTypeDef RCC_OscInitStruct = {0};
 548              		.loc 1 145 1 view -0
 549              		.cfi_startproc
 550              		@ args = 0, pretend = 0, frame = 80
 551              		@ frame_needed = 0, uses_anonymous_args = 0
 552 0000 00B5     		push	{lr}
 553              	.LCFI12:
 554              		.cfi_def_cfa_offset 4
 555              		.cfi_offset 14, -4
 556 0002 95B0     		sub	sp, sp, #84
 557              	.LCFI13:
 558              		.cfi_def_cfa_offset 88
 146:Core/Src/main.c ****   RCC_ClkInitTypeDef RCC_ClkInitStruct = {0};
 559              		.loc 1 146 3 view .LVU104
 146:Core/Src/main.c ****   RCC_ClkInitTypeDef RCC_ClkInitStruct = {0};
 560              		.loc 1 146 22 is_stmt 0 view .LVU105
 561 0004 2822     		movs	r2, #40
 562 0006 0021     		movs	r1, #0
 563 0008 0DEB0200 		add	r0, sp, r2
 564 000c FFF7FEFF 		bl	memset
 565              	.LVL36:
 147:Core/Src/main.c ****   RCC_PeriphCLKInitTypeDef PeriphClkInit = {0};
 566              		.loc 1 147 3 is_stmt 1 view .LVU106
 147:Core/Src/main.c ****   RCC_PeriphCLKInitTypeDef PeriphClkInit = {0};
 567              		.loc 1 147 22 is_stmt 0 view .LVU107
 568 0010 0023     		movs	r3, #0
 569 0012 0593     		str	r3, [sp, #20]
 570 0014 0693     		str	r3, [sp, #24]
 571 0016 0793     		str	r3, [sp, #28]
 572 0018 0893     		str	r3, [sp, #32]
 573 001a 0993     		str	r3, [sp, #36]
 148:Core/Src/main.c **** 
 574              		.loc 1 148 3 is_stmt 1 view .LVU108
 148:Core/Src/main.c **** 
 575              		.loc 1 148 28 is_stmt 0 view .LVU109
 576 001c 0193     		str	r3, [sp, #4]
 577 001e 0293     		str	r3, [sp, #8]
 578 0020 0393     		str	r3, [sp, #12]
 579 0022 0493     		str	r3, [sp, #16]
 153:Core/Src/main.c ****   RCC_OscInitStruct.HSEState = RCC_HSE_ON;
 580              		.loc 1 153 3 is_stmt 1 view .LVU110
 153:Core/Src/main.c ****   RCC_OscInitStruct.HSEState = RCC_HSE_ON;
 581              		.loc 1 153 36 is_stmt 0 view .LVU111
 582 0024 0122     		movs	r2, #1
 583 0026 0A92     		str	r2, [sp, #40]
 154:Core/Src/main.c ****   RCC_OscInitStruct.HSEPredivValue = RCC_HSE_PREDIV_DIV1;
 584              		.loc 1 154 3 is_stmt 1 view .LVU112
 154:Core/Src/main.c ****   RCC_OscInitStruct.HSEPredivValue = RCC_HSE_PREDIV_DIV1;
 585              		.loc 1 154 30 is_stmt 0 view .LVU113
ARM GAS  /tmp/ccvzV81m.s 			page 19


 586 0028 4FF48033 		mov	r3, #65536
 587 002c 0B93     		str	r3, [sp, #44]
 155:Core/Src/main.c ****   RCC_OscInitStruct.HSIState = RCC_HSI_ON;
 588              		.loc 1 155 3 is_stmt 1 view .LVU114
 156:Core/Src/main.c ****   RCC_OscInitStruct.PLL.PLLState = RCC_PLL_ON;
 589              		.loc 1 156 3 view .LVU115
 156:Core/Src/main.c ****   RCC_OscInitStruct.PLL.PLLState = RCC_PLL_ON;
 590              		.loc 1 156 30 is_stmt 0 view .LVU116
 591 002e 0E92     		str	r2, [sp, #56]
 157:Core/Src/main.c ****   RCC_OscInitStruct.PLL.PLLSource = RCC_PLLSOURCE_HSE;
 592              		.loc 1 157 3 is_stmt 1 view .LVU117
 157:Core/Src/main.c ****   RCC_OscInitStruct.PLL.PLLSource = RCC_PLLSOURCE_HSE;
 593              		.loc 1 157 34 is_stmt 0 view .LVU118
 594 0030 0222     		movs	r2, #2
 595 0032 1192     		str	r2, [sp, #68]
 158:Core/Src/main.c ****   RCC_OscInitStruct.PLL.PLLMUL = RCC_PLL_MUL9;
 596              		.loc 1 158 3 is_stmt 1 view .LVU119
 158:Core/Src/main.c ****   RCC_OscInitStruct.PLL.PLLMUL = RCC_PLL_MUL9;
 597              		.loc 1 158 35 is_stmt 0 view .LVU120
 598 0034 1293     		str	r3, [sp, #72]
 159:Core/Src/main.c ****   if (HAL_RCC_OscConfig(&RCC_OscInitStruct) != HAL_OK)
 599              		.loc 1 159 3 is_stmt 1 view .LVU121
 159:Core/Src/main.c ****   if (HAL_RCC_OscConfig(&RCC_OscInitStruct) != HAL_OK)
 600              		.loc 1 159 32 is_stmt 0 view .LVU122
 601 0036 4FF4E013 		mov	r3, #1835008
 602 003a 1393     		str	r3, [sp, #76]
 160:Core/Src/main.c ****   {
 603              		.loc 1 160 3 is_stmt 1 view .LVU123
 160:Core/Src/main.c ****   {
 604              		.loc 1 160 7 is_stmt 0 view .LVU124
 605 003c 0AA8     		add	r0, sp, #40
 606 003e FFF7FEFF 		bl	HAL_RCC_OscConfig
 607              	.LVL37:
 160:Core/Src/main.c ****   {
 608              		.loc 1 160 6 view .LVU125
 609 0042 C8B9     		cbnz	r0, .L52
 167:Core/Src/main.c ****                               |RCC_CLOCKTYPE_PCLK1|RCC_CLOCKTYPE_PCLK2;
 610              		.loc 1 167 3 is_stmt 1 view .LVU126
 167:Core/Src/main.c ****                               |RCC_CLOCKTYPE_PCLK1|RCC_CLOCKTYPE_PCLK2;
 611              		.loc 1 167 31 is_stmt 0 view .LVU127
 612 0044 0F23     		movs	r3, #15
 613 0046 0593     		str	r3, [sp, #20]
 169:Core/Src/main.c ****   RCC_ClkInitStruct.AHBCLKDivider = RCC_SYSCLK_DIV1;
 614              		.loc 1 169 3 is_stmt 1 view .LVU128
 169:Core/Src/main.c ****   RCC_ClkInitStruct.AHBCLKDivider = RCC_SYSCLK_DIV1;
 615              		.loc 1 169 34 is_stmt 0 view .LVU129
 616 0048 0221     		movs	r1, #2
 617 004a 0691     		str	r1, [sp, #24]
 170:Core/Src/main.c ****   RCC_ClkInitStruct.APB1CLKDivider = RCC_HCLK_DIV2;
 618              		.loc 1 170 3 is_stmt 1 view .LVU130
 170:Core/Src/main.c ****   RCC_ClkInitStruct.APB1CLKDivider = RCC_HCLK_DIV2;
 619              		.loc 1 170 35 is_stmt 0 view .LVU131
 620 004c 0023     		movs	r3, #0
 621 004e 0793     		str	r3, [sp, #28]
 171:Core/Src/main.c ****   RCC_ClkInitStruct.APB2CLKDivider = RCC_HCLK_DIV1;
 622              		.loc 1 171 3 is_stmt 1 view .LVU132
 171:Core/Src/main.c ****   RCC_ClkInitStruct.APB2CLKDivider = RCC_HCLK_DIV1;
ARM GAS  /tmp/ccvzV81m.s 			page 20


 623              		.loc 1 171 36 is_stmt 0 view .LVU133
 624 0050 4FF48062 		mov	r2, #1024
 625 0054 0892     		str	r2, [sp, #32]
 172:Core/Src/main.c **** 
 626              		.loc 1 172 3 is_stmt 1 view .LVU134
 172:Core/Src/main.c **** 
 627              		.loc 1 172 36 is_stmt 0 view .LVU135
 628 0056 0993     		str	r3, [sp, #36]
 174:Core/Src/main.c ****   {
 629              		.loc 1 174 3 is_stmt 1 view .LVU136
 174:Core/Src/main.c ****   {
 630              		.loc 1 174 7 is_stmt 0 view .LVU137
 631 0058 05A8     		add	r0, sp, #20
 632 005a FFF7FEFF 		bl	HAL_RCC_ClockConfig
 633              	.LVL38:
 174:Core/Src/main.c ****   {
 634              		.loc 1 174 6 view .LVU138
 635 005e 68B9     		cbnz	r0, .L53
 178:Core/Src/main.c ****   PeriphClkInit.AdcClockSelection = RCC_ADCPCLK2_DIV8;
 636              		.loc 1 178 3 is_stmt 1 view .LVU139
 178:Core/Src/main.c ****   PeriphClkInit.AdcClockSelection = RCC_ADCPCLK2_DIV8;
 637              		.loc 1 178 38 is_stmt 0 view .LVU140
 638 0060 0223     		movs	r3, #2
 639 0062 0193     		str	r3, [sp, #4]
 179:Core/Src/main.c ****   if (HAL_RCCEx_PeriphCLKConfig(&PeriphClkInit) != HAL_OK)
 640              		.loc 1 179 3 is_stmt 1 view .LVU141
 179:Core/Src/main.c ****   if (HAL_RCCEx_PeriphCLKConfig(&PeriphClkInit) != HAL_OK)
 641              		.loc 1 179 35 is_stmt 0 view .LVU142
 642 0064 4FF44043 		mov	r3, #49152
 643 0068 0393     		str	r3, [sp, #12]
 180:Core/Src/main.c ****   {
 644              		.loc 1 180 3 is_stmt 1 view .LVU143
 180:Core/Src/main.c ****   {
 645              		.loc 1 180 7 is_stmt 0 view .LVU144
 646 006a 01A8     		add	r0, sp, #4
 647 006c FFF7FEFF 		bl	HAL_RCCEx_PeriphCLKConfig
 648              	.LVL39:
 180:Core/Src/main.c ****   {
 649              		.loc 1 180 6 view .LVU145
 650 0070 30B9     		cbnz	r0, .L54
 184:Core/Src/main.c **** 
 651              		.loc 1 184 1 view .LVU146
 652 0072 15B0     		add	sp, sp, #84
 653              	.LCFI14:
 654              		.cfi_remember_state
 655              		.cfi_def_cfa_offset 4
 656              		@ sp needed
 657 0074 5DF804FB 		ldr	pc, [sp], #4
 658              	.L52:
 659              	.LCFI15:
 660              		.cfi_restore_state
 162:Core/Src/main.c ****   }
 661              		.loc 1 162 5 is_stmt 1 view .LVU147
 662 0078 FFF7FEFF 		bl	Error_Handler
 663              	.LVL40:
 664              	.L53:
 176:Core/Src/main.c ****   }
ARM GAS  /tmp/ccvzV81m.s 			page 21


 665              		.loc 1 176 5 view .LVU148
 666 007c FFF7FEFF 		bl	Error_Handler
 667              	.LVL41:
 668              	.L54:
 182:Core/Src/main.c ****   }
 669              		.loc 1 182 5 view .LVU149
 670 0080 FFF7FEFF 		bl	Error_Handler
 671              	.LVL42:
 672              		.cfi_endproc
 673              	.LFE76:
 675              		.section	.rodata.main.str1.4,"aMS",%progbits,1
 676              		.align	2
 677              	.LC4:
 678 0000 4572726F 		.ascii	"Error activando notificaciones CAN\015\000"
 678      72206163 
 678      74697661 
 678      6E646F20 
 678      6E6F7469 
 679              		.section	.text.main,"ax",%progbits
 680              		.align	1
 681              		.global	main
 682              		.syntax unified
 683              		.thumb
 684              		.thumb_func
 686              	main:
 687              	.LFB75:
  81:Core/Src/main.c ****   /* MCU Configuration--------------------------------------------------------*/
 688              		.loc 1 81 1 view -0
 689              		.cfi_startproc
 690              		@ Volatile: function does not return.
 691              		@ args = 0, pretend = 0, frame = 0
 692              		@ frame_needed = 0, uses_anonymous_args = 0
 693 0000 08B5     		push	{r3, lr}
 694              	.LCFI16:
 695              		.cfi_def_cfa_offset 8
 696              		.cfi_offset 3, -8
 697              		.cfi_offset 14, -4
  84:Core/Src/main.c **** 
 698              		.loc 1 84 3 view .LVU151
 699 0002 FFF7FEFF 		bl	HAL_Init
 700              	.LVL43:
  87:Core/Src/main.c **** 
 701              		.loc 1 87 3 view .LVU152
 702 0006 FFF7FEFF 		bl	SystemClock_Config
 703              	.LVL44:
  90:Core/Src/main.c ****   MX_USART1_UART_Init();
 704              		.loc 1 90 3 view .LVU153
 705 000a FFF7FEFF 		bl	MX_GPIO_Init
 706              	.LVL45:
  91:Core/Src/main.c ****   MX_ADC1_Init(); // Activa el perisferico ADC
 707              		.loc 1 91 3 view .LVU154
 708 000e FFF7FEFF 		bl	MX_USART1_UART_Init
 709              	.LVL46:
  92:Core/Src/main.c ****   MX_ADC2_Init();
 710              		.loc 1 92 3 view .LVU155
 711 0012 FFF7FEFF 		bl	MX_ADC1_Init
 712              	.LVL47:
ARM GAS  /tmp/ccvzV81m.s 			page 22


  93:Core/Src/main.c ****   
 713              		.loc 1 93 3 view .LVU156
 714 0016 FFF7FEFF 		bl	MX_ADC2_Init
 715              	.LVL48:
  95:Core/Src/main.c ****   ADXL345_Init(&hi2c1);
 716              		.loc 1 95 3 view .LVU157
 717 001a FFF7FEFF 		bl	MX_I2C1_Init
 718              	.LVL49:
  96:Core/Src/main.c ****   MX_CAN_Init();
 719              		.loc 1 96 3 view .LVU158
 720 001e 1148     		ldr	r0, .L60
 721 0020 FFF7FEFF 		bl	ADXL345_Init
 722              	.LVL50:
  97:Core/Src/main.c ****   CAN_Filter_Init(); 
 723              		.loc 1 97 3 view .LVU159
 724 0024 FFF7FEFF 		bl	MX_CAN_Init
 725              	.LVL51:
  98:Core/Src/main.c **** 
 726              		.loc 1 98 3 view .LVU160
 727 0028 FFF7FEFF 		bl	CAN_Filter_Init
 728              	.LVL52:
 100:Core/Src/main.c ****   {
 729              		.loc 1 100 3 view .LVU161
 100:Core/Src/main.c ****   {
 730              		.loc 1 100 7 is_stmt 0 view .LVU162
 731 002c 0E48     		ldr	r0, .L60+4
 732 002e FFF7FEFF 		bl	HAL_CAN_Start
 733              	.LVL53:
 100:Core/Src/main.c ****   {
 734              		.loc 1 100 6 view .LVU163
 735 0032 08B1     		cbz	r0, .L56
 102:Core/Src/main.c ****   }
 736              		.loc 1 102 4 is_stmt 1 view .LVU164
 737 0034 FFF7FEFF 		bl	Error_Handler
 738              	.LVL54:
 739              	.L56:
 110:Core/Src/main.c ****             CAN_IT_RX_FIFO0_MSG_PENDING |
 740              		.loc 1 110 1 view .LVU165
 110:Core/Src/main.c ****             CAN_IT_RX_FIFO0_MSG_PENDING |
 741              		.loc 1 110 5 is_stmt 0 view .LVU166
 742 0038 48F60241 		movw	r1, #35842
 743 003c 0A48     		ldr	r0, .L60+4
 744 003e FFF7FEFF 		bl	HAL_CAN_ActivateNotification
 745              	.LVL55:
 110:Core/Src/main.c ****             CAN_IT_RX_FIFO0_MSG_PENDING |
 746              		.loc 1 110 4 view .LVU167
 747 0042 20B1     		cbz	r0, .L57
 117:Core/Src/main.c ****         Error_Handler();
 748              		.loc 1 117 9 is_stmt 1 view .LVU168
 749 0044 0948     		ldr	r0, .L60+8
 750 0046 FFF7FEFF 		bl	puts
 751              	.LVL56:
 118:Core/Src/main.c ****     }
 752              		.loc 1 118 9 view .LVU169
 753 004a FFF7FEFF 		bl	Error_Handler
 754              	.LVL57:
 755              	.L57:
ARM GAS  /tmp/ccvzV81m.s 			page 23


 122:Core/Src/main.c ****   HAL_TIM_IC_Start_IT(&htim3, TIM_CHANNEL_1);
 756              		.loc 1 122 3 view .LVU170
 757 004e FFF7FEFF 		bl	MX_TIM3_Init
 758              	.LVL58:
 123:Core/Src/main.c **** 
 759              		.loc 1 123 3 view .LVU171
 760 0052 0021     		movs	r1, #0
 761 0054 0648     		ldr	r0, .L60+12
 762 0056 FFF7FEFF 		bl	HAL_TIM_IC_Start_IT
 763              	.LVL59:
 130:Core/Src/main.c **** 
 764              		.loc 1 130 3 view .LVU172
 765 005a FFF7FEFF 		bl	MX_FREERTOS_Init
 766              	.LVL60:
 133:Core/Src/main.c **** 
 767              		.loc 1 133 3 view .LVU173
 768 005e FFF7FEFF 		bl	osKernelStart
 769              	.LVL61:
 770              	.L58:
 136:Core/Src/main.c ****   {
 771              		.loc 1 136 3 discriminator 1 view .LVU174
 138:Core/Src/main.c **** }
 772              		.loc 1 138 3 discriminator 1 view .LVU175
 136:Core/Src/main.c ****   {
 773              		.loc 1 136 9 discriminator 1 view .LVU176
 774 0062 FEE7     		b	.L58
 775              	.L61:
 776              		.align	2
 777              	.L60:
 778 0064 00000000 		.word	hi2c1
 779 0068 00000000 		.word	hcan
 780 006c 00000000 		.word	.LC4
 781 0070 00000000 		.word	htim3
 782              		.cfi_endproc
 783              	.LFE75:
 785              		.global	new_read
 786              		.global	diff_ticks
 787              		.global	g_acquisition_active
 788              		.global	buffer_listo
 789              		.global	indice_adc
 790              		.global	adc_buffer_corriente
 791              		.section	.bss.adc_buffer_corriente,"aw",%nobits
 792              		.align	2
 793              		.set	.LANCHOR4,. + 0
 796              	adc_buffer_corriente:
 797 0000 00000000 		.space	200
 797      00000000 
 797      00000000 
 797      00000000 
 797      00000000 
 798              		.section	.bss.buffer_listo,"aw",%nobits
 799              		.set	.LANCHOR5,. + 0
 802              	buffer_listo:
 803 0000 00       		.space	1
 804              		.section	.bss.diff_ticks,"aw",%nobits
 805              		.align	2
 806              		.set	.LANCHOR1,. + 0
ARM GAS  /tmp/ccvzV81m.s 			page 24


 809              	diff_ticks:
 810 0000 00000000 		.space	4
 811              		.section	.bss.g_acquisition_active,"aw",%nobits
 812              		.set	.LANCHOR0,. + 0
 815              	g_acquisition_active:
 816 0000 00       		.space	1
 817              		.section	.bss.indice_adc,"aw",%nobits
 818              		.align	1
 819              		.set	.LANCHOR3,. + 0
 822              	indice_adc:
 823 0000 0000     		.space	2
 824              		.section	.bss.new_read,"aw",%nobits
 825              		.set	.LANCHOR2,. + 0
 828              	new_read:
 829 0000 00       		.space	1
 830              		.text
 831              	.Letext0:
 832              		.file 3 "/home/santiago/gcc-arm-none-eabi-10.3-2021.10-x86_64-linux/gcc-arm-none-eabi-10.3-2021.10
 833              		.file 4 "/home/santiago/gcc-arm-none-eabi-10.3-2021.10-x86_64-linux/gcc-arm-none-eabi-10.3-2021.10
 834              		.file 5 "Drivers/CMSIS/Device/ST/STM32F1xx/Include/stm32f103xb.h"
 835              		.file 6 "Drivers/CMSIS/Device/ST/STM32F1xx/Include/stm32f1xx.h"
 836              		.file 7 "Drivers/STM32F1xx_HAL_Driver/Inc/stm32f1xx_hal_def.h"
 837              		.file 8 "Drivers/STM32F1xx_HAL_Driver/Inc/stm32f1xx_hal_rcc.h"
 838              		.file 9 "Drivers/STM32F1xx_HAL_Driver/Inc/stm32f1xx_hal_rcc_ex.h"
 839              		.file 10 "Drivers/STM32F1xx_HAL_Driver/Inc/stm32f1xx_hal_gpio.h"
 840              		.file 11 "Drivers/STM32F1xx_HAL_Driver/Inc/stm32f1xx_hal_dma.h"
 841              		.file 12 "Drivers/STM32F1xx_HAL_Driver/Inc/stm32f1xx_hal_can.h"
 842              		.file 13 "Drivers/STM32F1xx_HAL_Driver/Inc/stm32f1xx_hal_adc.h"
 843              		.file 14 "Drivers/STM32F1xx_HAL_Driver/Inc/stm32f1xx_hal_i2c.h"
 844              		.file 15 "Drivers/STM32F1xx_HAL_Driver/Inc/stm32f1xx_hal_tim.h"
 845              		.file 16 "Drivers/STM32F1xx_HAL_Driver/Inc/stm32f1xx_hal_uart.h"
 846              		.file 17 "Middlewares/Third_Party/FreeRTOS/Source/portable/GCC/ARM_CM3/portmacro.h"
 847              		.file 18 "Core/Inc/can_app.h"
 848              		.file 19 "Core/Inc/can.h"
 849              		.file 20 "Core/Inc/i2c.h"
 850              		.file 21 "Core/Inc/tim.h"
 851              		.file 22 "Core/Inc/usart.h"
 852              		.file 23 "Drivers/STM32F1xx_HAL_Driver/Inc/stm32f1xx_hal.h"
 853              		.file 24 "<built-in>"
 854              		.file 25 "Core/Inc/gpio.h"
 855              		.file 26 "Core/Inc/adc.h"
 856              		.file 27 "Core/Inc/adxl345.h"
 857              		.file 28 "Middlewares/Third_Party/FreeRTOS/Source/CMSIS_RTOS/cmsis_os.h"
 858              		.file 29 "/home/santiago/gcc-arm-none-eabi-10.3-2021.10-x86_64-linux/gcc-arm-none-eabi-10.3-2021.1
ARM GAS  /tmp/ccvzV81m.s 			page 25


DEFINED SYMBOLS
                            *ABS*:0000000000000000 main.c
     /tmp/ccvzV81m.s:18     .text.HAL_CAN_RxFifo0MsgPendingCallback:0000000000000000 $t
     /tmp/ccvzV81m.s:24     .text.HAL_CAN_RxFifo0MsgPendingCallback:0000000000000000 HAL_CAN_RxFifo0MsgPendingCallback
     /tmp/ccvzV81m.s:111    .text.HAL_CAN_RxFifo0MsgPendingCallback:0000000000000058 $d
     /tmp/ccvzV81m.s:117    .rodata.HAL_CAN_ErrorCallback.str1.4:0000000000000000 $d
     /tmp/ccvzV81m.s:121    .text.HAL_CAN_ErrorCallback:0000000000000000 $t
     /tmp/ccvzV81m.s:127    .text.HAL_CAN_ErrorCallback:0000000000000000 HAL_CAN_ErrorCallback
     /tmp/ccvzV81m.s:158    .text.HAL_CAN_ErrorCallback:0000000000000010 $d
     /tmp/ccvzV81m.s:163    .text.HAL_TIM_IC_CaptureCallback:0000000000000000 $t
     /tmp/ccvzV81m.s:169    .text.HAL_TIM_IC_CaptureCallback:0000000000000000 HAL_TIM_IC_CaptureCallback
     /tmp/ccvzV81m.s:213    .text.HAL_TIM_IC_CaptureCallback:0000000000000020 $d
     /tmp/ccvzV81m.s:220    .text._write:0000000000000000 $t
     /tmp/ccvzV81m.s:226    .text._write:0000000000000000 _write
     /tmp/ccvzV81m.s:259    .text._write:0000000000000014 $d
     /tmp/ccvzV81m.s:264    .text.HAL_ADC_ConvCpltCallback:0000000000000000 $t
     /tmp/ccvzV81m.s:270    .text.HAL_ADC_ConvCpltCallback:0000000000000000 HAL_ADC_ConvCpltCallback
     /tmp/ccvzV81m.s:337    .text.HAL_ADC_ConvCpltCallback:0000000000000040 $d
     /tmp/ccvzV81m.s:345    .rodata.HAL_CAN_TxMailbox0CompleteCallback.str1.4:0000000000000000 $d
     /tmp/ccvzV81m.s:349    .text.HAL_CAN_TxMailbox0CompleteCallback:0000000000000000 $t
     /tmp/ccvzV81m.s:355    .text.HAL_CAN_TxMailbox0CompleteCallback:0000000000000000 HAL_CAN_TxMailbox0CompleteCallback
     /tmp/ccvzV81m.s:379    .text.HAL_CAN_TxMailbox0CompleteCallback:000000000000000c $d
     /tmp/ccvzV81m.s:384    .rodata.HAL_CAN_TxMailbox1CompleteCallback.str1.4:0000000000000000 $d
     /tmp/ccvzV81m.s:388    .text.HAL_CAN_TxMailbox1CompleteCallback:0000000000000000 $t
     /tmp/ccvzV81m.s:394    .text.HAL_CAN_TxMailbox1CompleteCallback:0000000000000000 HAL_CAN_TxMailbox1CompleteCallback
     /tmp/ccvzV81m.s:418    .text.HAL_CAN_TxMailbox1CompleteCallback:000000000000000c $d
     /tmp/ccvzV81m.s:423    .rodata.HAL_CAN_TxMailbox2CompleteCallback.str1.4:0000000000000000 $d
     /tmp/ccvzV81m.s:427    .text.HAL_CAN_TxMailbox2CompleteCallback:0000000000000000 $t
     /tmp/ccvzV81m.s:433    .text.HAL_CAN_TxMailbox2CompleteCallback:0000000000000000 HAL_CAN_TxMailbox2CompleteCallback
     /tmp/ccvzV81m.s:457    .text.HAL_CAN_TxMailbox2CompleteCallback:000000000000000c $d
     /tmp/ccvzV81m.s:462    .text.HAL_TIM_PeriodElapsedCallback:0000000000000000 $t
     /tmp/ccvzV81m.s:468    .text.HAL_TIM_PeriodElapsedCallback:0000000000000000 HAL_TIM_PeriodElapsedCallback
     /tmp/ccvzV81m.s:502    .text.Error_Handler:0000000000000000 $t
     /tmp/ccvzV81m.s:508    .text.Error_Handler:0000000000000000 Error_Handler
     /tmp/ccvzV81m.s:540    .text.SystemClock_Config:0000000000000000 $t
     /tmp/ccvzV81m.s:546    .text.SystemClock_Config:0000000000000000 SystemClock_Config
     /tmp/ccvzV81m.s:676    .rodata.main.str1.4:0000000000000000 $d
     /tmp/ccvzV81m.s:680    .text.main:0000000000000000 $t
     /tmp/ccvzV81m.s:686    .text.main:0000000000000000 main
     /tmp/ccvzV81m.s:778    .text.main:0000000000000064 $d
     /tmp/ccvzV81m.s:828    .bss.new_read:0000000000000000 new_read
     /tmp/ccvzV81m.s:809    .bss.diff_ticks:0000000000000000 diff_ticks
     /tmp/ccvzV81m.s:815    .bss.g_acquisition_active:0000000000000000 g_acquisition_active
     /tmp/ccvzV81m.s:802    .bss.buffer_listo:0000000000000000 buffer_listo
     /tmp/ccvzV81m.s:822    .bss.indice_adc:0000000000000000 indice_adc
     /tmp/ccvzV81m.s:796    .bss.adc_buffer_corriente:0000000000000000 adc_buffer_corriente
     /tmp/ccvzV81m.s:792    .bss.adc_buffer_corriente:0000000000000000 $d
     /tmp/ccvzV81m.s:803    .bss.buffer_listo:0000000000000000 $d
     /tmp/ccvzV81m.s:805    .bss.diff_ticks:0000000000000000 $d
     /tmp/ccvzV81m.s:816    .bss.g_acquisition_active:0000000000000000 $d
     /tmp/ccvzV81m.s:818    .bss.indice_adc:0000000000000000 $d
     /tmp/ccvzV81m.s:829    .bss.new_read:0000000000000000 $d

UNDEFINED SYMBOLS
HAL_CAN_GetRxMessage
HAL_GPIO_WritePin
HAL_CAN_GetError
ARM GAS  /tmp/ccvzV81m.s 			page 26


printf
HAL_TIM_ReadCapturedValue
HAL_UART_Transmit
huart1
HAL_ADC_GetValue
puts
HAL_IncTick
memset
HAL_RCC_OscConfig
HAL_RCC_ClockConfig
HAL_RCCEx_PeriphCLKConfig
HAL_Init
MX_GPIO_Init
MX_USART1_UART_Init
MX_ADC1_Init
MX_ADC2_Init
MX_I2C1_Init
ADXL345_Init
MX_CAN_Init
CAN_Filter_Init
HAL_CAN_Start
HAL_CAN_ActivateNotification
MX_TIM3_Init
HAL_TIM_IC_Start_IT
MX_FREERTOS_Init
osKernelStart
hi2c1
hcan
htim3
