ARM GAS  /tmp/ccJEpyU2.s 			page 1


   1              		.cpu cortex-m3
   2              		.arch armv7-m
   3              		.fpu softvfp
   4              		.eabi_attribute 20, 1
   5              		.eabi_attribute 21, 1
   6              		.eabi_attribute 23, 3
   7              		.eabi_attribute 24, 1
   8              		.eabi_attribute 25, 1
   9              		.eabi_attribute 26, 1
  10              		.eabi_attribute 30, 1
  11              		.eabi_attribute 34, 1
  12              		.eabi_attribute 18, 4
  13              		.file	"stm32f1xx_it.c"
  14              		.text
  15              	.Ltext0:
  16              		.cfi_sections	.debug_frame
  17              		.section	.text.NMI_Handler,"ax",%progbits
  18              		.align	1
  19              		.global	NMI_Handler
  20              		.syntax unified
  21              		.thumb
  22              		.thumb_func
  24              	NMI_Handler:
  25              	.LFB65:
  26              		.file 1 "Core/Src/stm32f1xx_it.c"
   1:Core/Src/stm32f1xx_it.c **** /* USER CODE BEGIN Header */
   2:Core/Src/stm32f1xx_it.c **** /**
   3:Core/Src/stm32f1xx_it.c ****   ******************************************************************************
   4:Core/Src/stm32f1xx_it.c ****   * @file    stm32f1xx_it.c
   5:Core/Src/stm32f1xx_it.c ****   * @brief   Interrupt Service Routines (Merged Version).
   6:Core/Src/stm32f1xx_it.c ****   ******************************************************************************
   7:Core/Src/stm32f1xx_it.c ****   * @attention
   8:Core/Src/stm32f1xx_it.c ****   *
   9:Core/Src/stm32f1xx_it.c ****   * Copyright (c) 2026 STMicroelectronics.
  10:Core/Src/stm32f1xx_it.c ****   * All rights reserved.
  11:Core/Src/stm32f1xx_it.c ****   *
  12:Core/Src/stm32f1xx_it.c ****   * This software is licensed under terms that can be found in the LICENSE file
  13:Core/Src/stm32f1xx_it.c ****   * in the root directory of this software component.
  14:Core/Src/stm32f1xx_it.c ****   * If no LICENSE file comes with this software, it is provided AS-IS.
  15:Core/Src/stm32f1xx_it.c ****   *
  16:Core/Src/stm32f1xx_it.c ****   ******************************************************************************
  17:Core/Src/stm32f1xx_it.c ****   */
  18:Core/Src/stm32f1xx_it.c **** /* USER CODE END Header */
  19:Core/Src/stm32f1xx_it.c **** 
  20:Core/Src/stm32f1xx_it.c **** /* Includes ------------------------------------------------------------------*/
  21:Core/Src/stm32f1xx_it.c **** #include "main.h"
  22:Core/Src/stm32f1xx_it.c **** #include "stm32f1xx_it.h"
  23:Core/Src/stm32f1xx_it.c **** 
  24:Core/Src/stm32f1xx_it.c **** /* Private includes ----------------------------------------------------------*/
  25:Core/Src/stm32f1xx_it.c **** /* USER CODE BEGIN Includes */
  26:Core/Src/stm32f1xx_it.c **** /* USER CODE END Includes */
  27:Core/Src/stm32f1xx_it.c **** 
  28:Core/Src/stm32f1xx_it.c **** /* Private typedef -----------------------------------------------------------*/
  29:Core/Src/stm32f1xx_it.c **** /* USER CODE BEGIN PTD */
  30:Core/Src/stm32f1xx_it.c **** 
  31:Core/Src/stm32f1xx_it.c **** /* USER CODE END PTD */
  32:Core/Src/stm32f1xx_it.c **** 
ARM GAS  /tmp/ccJEpyU2.s 			page 2


  33:Core/Src/stm32f1xx_it.c **** /* Private define ------------------------------------------------------------*/
  34:Core/Src/stm32f1xx_it.c **** /* USER CODE BEGIN PD */
  35:Core/Src/stm32f1xx_it.c **** 
  36:Core/Src/stm32f1xx_it.c **** /* USER CODE END PD */
  37:Core/Src/stm32f1xx_it.c **** 
  38:Core/Src/stm32f1xx_it.c **** /* Private macro -------------------------------------------------------------*/
  39:Core/Src/stm32f1xx_it.c **** /* USER CODE BEGIN PM */
  40:Core/Src/stm32f1xx_it.c **** 
  41:Core/Src/stm32f1xx_it.c **** /* USER CODE END PM */
  42:Core/Src/stm32f1xx_it.c **** 
  43:Core/Src/stm32f1xx_it.c **** /* Private variables ---------------------------------------------------------*/
  44:Core/Src/stm32f1xx_it.c **** /* USER CODE BEGIN PV */
  45:Core/Src/stm32f1xx_it.c **** 
  46:Core/Src/stm32f1xx_it.c **** /* USER CODE END PV */
  47:Core/Src/stm32f1xx_it.c **** 
  48:Core/Src/stm32f1xx_it.c **** /* Private function prototypes -----------------------------------------------*/
  49:Core/Src/stm32f1xx_it.c **** /* USER CODE BEGIN PFP */
  50:Core/Src/stm32f1xx_it.c **** 
  51:Core/Src/stm32f1xx_it.c **** /* USER CODE END PFP */
  52:Core/Src/stm32f1xx_it.c **** 
  53:Core/Src/stm32f1xx_it.c **** /* Private user code ---------------------------------------------------------*/
  54:Core/Src/stm32f1xx_it.c **** /* USER CODE BEGIN 0 */
  55:Core/Src/stm32f1xx_it.c **** 
  56:Core/Src/stm32f1xx_it.c **** /* USER CODE END 0 */
  57:Core/Src/stm32f1xx_it.c **** 
  58:Core/Src/stm32f1xx_it.c **** /* External variables --------------------------------------------------------*/
  59:Core/Src/stm32f1xx_it.c **** extern TIM_HandleTypeDef htim2;
  60:Core/Src/stm32f1xx_it.c **** extern TIM_HandleTypeDef htim3;
  61:Core/Src/stm32f1xx_it.c **** extern ADC_HandleTypeDef hadc1;
  62:Core/Src/stm32f1xx_it.c **** extern ADC_HandleTypeDef hadc2;
  63:Core/Src/stm32f1xx_it.c **** extern CAN_HandleTypeDef hcan;
  64:Core/Src/stm32f1xx_it.c **** 
  65:Core/Src/stm32f1xx_it.c **** /* USER CODE BEGIN EV */
  66:Core/Src/stm32f1xx_it.c **** 
  67:Core/Src/stm32f1xx_it.c **** /* USER CODE END EV */
  68:Core/Src/stm32f1xx_it.c **** 
  69:Core/Src/stm32f1xx_it.c **** /******************************************************************************/
  70:Core/Src/stm32f1xx_it.c **** /* Cortex-M3 Processor Interruption and Exception Handlers          */
  71:Core/Src/stm32f1xx_it.c **** /******************************************************************************/
  72:Core/Src/stm32f1xx_it.c **** /**
  73:Core/Src/stm32f1xx_it.c ****   * @brief This function handles Non maskable interrupt.
  74:Core/Src/stm32f1xx_it.c ****   */
  75:Core/Src/stm32f1xx_it.c **** void NMI_Handler(void)
  76:Core/Src/stm32f1xx_it.c **** {
  27              		.loc 1 76 1 view -0
  28              		.cfi_startproc
  29              		@ Volatile: function does not return.
  30              		@ args = 0, pretend = 0, frame = 0
  31              		@ frame_needed = 0, uses_anonymous_args = 0
  32              		@ link register save eliminated.
  33              	.L2:
  77:Core/Src/stm32f1xx_it.c ****   /* USER CODE BEGIN NonMaskableInt_IRQn 0 */
  78:Core/Src/stm32f1xx_it.c **** 
  79:Core/Src/stm32f1xx_it.c ****   /* USER CODE END NonMaskableInt_IRQn 0 */
  80:Core/Src/stm32f1xx_it.c ****    while (1)
  34              		.loc 1 80 4 discriminator 1 view .LVU1
  81:Core/Src/stm32f1xx_it.c ****   {
ARM GAS  /tmp/ccJEpyU2.s 			page 3


  82:Core/Src/stm32f1xx_it.c ****   }
  35              		.loc 1 82 3 discriminator 1 view .LVU2
  80:Core/Src/stm32f1xx_it.c ****   {
  36              		.loc 1 80 10 discriminator 1 view .LVU3
  37 0000 FEE7     		b	.L2
  38              		.cfi_endproc
  39              	.LFE65:
  41              		.section	.text.HardFault_Handler,"ax",%progbits
  42              		.align	1
  43              		.global	HardFault_Handler
  44              		.syntax unified
  45              		.thumb
  46              		.thumb_func
  48              	HardFault_Handler:
  49              	.LFB66:
  83:Core/Src/stm32f1xx_it.c **** }
  84:Core/Src/stm32f1xx_it.c **** 
  85:Core/Src/stm32f1xx_it.c **** /**
  86:Core/Src/stm32f1xx_it.c ****   * @brief This function handles Hard fault interrupt.
  87:Core/Src/stm32f1xx_it.c ****   */
  88:Core/Src/stm32f1xx_it.c **** void HardFault_Handler(void)
  89:Core/Src/stm32f1xx_it.c **** {
  50              		.loc 1 89 1 view -0
  51              		.cfi_startproc
  52              		@ Volatile: function does not return.
  53              		@ args = 0, pretend = 0, frame = 0
  54              		@ frame_needed = 0, uses_anonymous_args = 0
  55              		@ link register save eliminated.
  56              	.L4:
  90:Core/Src/stm32f1xx_it.c ****   /* USER CODE BEGIN HardFault_IRQn 0 */
  91:Core/Src/stm32f1xx_it.c **** 
  92:Core/Src/stm32f1xx_it.c ****   /* USER CODE END HardFault_IRQn 0 */
  93:Core/Src/stm32f1xx_it.c ****   while (1)
  57              		.loc 1 93 3 discriminator 1 view .LVU5
  94:Core/Src/stm32f1xx_it.c ****   {
  95:Core/Src/stm32f1xx_it.c ****   }
  58              		.loc 1 95 3 discriminator 1 view .LVU6
  93:Core/Src/stm32f1xx_it.c ****   {
  59              		.loc 1 93 9 discriminator 1 view .LVU7
  60 0000 FEE7     		b	.L4
  61              		.cfi_endproc
  62              	.LFE66:
  64              		.section	.text.MemManage_Handler,"ax",%progbits
  65              		.align	1
  66              		.global	MemManage_Handler
  67              		.syntax unified
  68              		.thumb
  69              		.thumb_func
  71              	MemManage_Handler:
  72              	.LFB67:
  96:Core/Src/stm32f1xx_it.c **** }
  97:Core/Src/stm32f1xx_it.c **** 
  98:Core/Src/stm32f1xx_it.c **** /**
  99:Core/Src/stm32f1xx_it.c ****   * @brief This function handles Memory management fault.
 100:Core/Src/stm32f1xx_it.c ****   */
 101:Core/Src/stm32f1xx_it.c **** void MemManage_Handler(void)
 102:Core/Src/stm32f1xx_it.c **** {
ARM GAS  /tmp/ccJEpyU2.s 			page 4


  73              		.loc 1 102 1 view -0
  74              		.cfi_startproc
  75              		@ Volatile: function does not return.
  76              		@ args = 0, pretend = 0, frame = 0
  77              		@ frame_needed = 0, uses_anonymous_args = 0
  78              		@ link register save eliminated.
  79              	.L6:
 103:Core/Src/stm32f1xx_it.c ****   /* USER CODE BEGIN MemoryManagement_IRQn 0 */
 104:Core/Src/stm32f1xx_it.c **** 
 105:Core/Src/stm32f1xx_it.c ****   /* USER CODE END MemoryManagement_IRQn 0 */
 106:Core/Src/stm32f1xx_it.c ****   while (1)
  80              		.loc 1 106 3 discriminator 1 view .LVU9
 107:Core/Src/stm32f1xx_it.c ****   {
 108:Core/Src/stm32f1xx_it.c ****   }
  81              		.loc 1 108 3 discriminator 1 view .LVU10
 106:Core/Src/stm32f1xx_it.c ****   {
  82              		.loc 1 106 9 discriminator 1 view .LVU11
  83 0000 FEE7     		b	.L6
  84              		.cfi_endproc
  85              	.LFE67:
  87              		.section	.text.BusFault_Handler,"ax",%progbits
  88              		.align	1
  89              		.global	BusFault_Handler
  90              		.syntax unified
  91              		.thumb
  92              		.thumb_func
  94              	BusFault_Handler:
  95              	.LFB68:
 109:Core/Src/stm32f1xx_it.c **** }
 110:Core/Src/stm32f1xx_it.c **** 
 111:Core/Src/stm32f1xx_it.c **** /**
 112:Core/Src/stm32f1xx_it.c ****   * @brief This function handles Prefetch fault, memory access fault.
 113:Core/Src/stm32f1xx_it.c ****   */
 114:Core/Src/stm32f1xx_it.c **** void BusFault_Handler(void)
 115:Core/Src/stm32f1xx_it.c **** {
  96              		.loc 1 115 1 view -0
  97              		.cfi_startproc
  98              		@ Volatile: function does not return.
  99              		@ args = 0, pretend = 0, frame = 0
 100              		@ frame_needed = 0, uses_anonymous_args = 0
 101              		@ link register save eliminated.
 102              	.L8:
 116:Core/Src/stm32f1xx_it.c ****   /* USER CODE BEGIN BusFault_IRQn 0 */
 117:Core/Src/stm32f1xx_it.c **** 
 118:Core/Src/stm32f1xx_it.c ****   /* USER CODE END BusFault_IRQn 0 */
 119:Core/Src/stm32f1xx_it.c ****   while (1)
 103              		.loc 1 119 3 discriminator 1 view .LVU13
 120:Core/Src/stm32f1xx_it.c ****   {
 121:Core/Src/stm32f1xx_it.c ****   }
 104              		.loc 1 121 3 discriminator 1 view .LVU14
 119:Core/Src/stm32f1xx_it.c ****   {
 105              		.loc 1 119 9 discriminator 1 view .LVU15
 106 0000 FEE7     		b	.L8
 107              		.cfi_endproc
 108              	.LFE68:
 110              		.section	.text.UsageFault_Handler,"ax",%progbits
 111              		.align	1
ARM GAS  /tmp/ccJEpyU2.s 			page 5


 112              		.global	UsageFault_Handler
 113              		.syntax unified
 114              		.thumb
 115              		.thumb_func
 117              	UsageFault_Handler:
 118              	.LFB69:
 122:Core/Src/stm32f1xx_it.c **** }
 123:Core/Src/stm32f1xx_it.c **** 
 124:Core/Src/stm32f1xx_it.c **** /**
 125:Core/Src/stm32f1xx_it.c ****   * @brief This function handles Undefined instruction or illegal state.
 126:Core/Src/stm32f1xx_it.c ****   */
 127:Core/Src/stm32f1xx_it.c **** void UsageFault_Handler(void)
 128:Core/Src/stm32f1xx_it.c **** {
 119              		.loc 1 128 1 view -0
 120              		.cfi_startproc
 121              		@ Volatile: function does not return.
 122              		@ args = 0, pretend = 0, frame = 0
 123              		@ frame_needed = 0, uses_anonymous_args = 0
 124              		@ link register save eliminated.
 125              	.L10:
 129:Core/Src/stm32f1xx_it.c ****   /* USER CODE BEGIN UsageFault_IRQn 0 */
 130:Core/Src/stm32f1xx_it.c **** 
 131:Core/Src/stm32f1xx_it.c ****   /* USER CODE END UsageFault_IRQn 0 */
 132:Core/Src/stm32f1xx_it.c ****   while (1)
 126              		.loc 1 132 3 discriminator 1 view .LVU17
 133:Core/Src/stm32f1xx_it.c ****   {
 134:Core/Src/stm32f1xx_it.c ****   }
 127              		.loc 1 134 3 discriminator 1 view .LVU18
 132:Core/Src/stm32f1xx_it.c ****   {
 128              		.loc 1 132 9 discriminator 1 view .LVU19
 129 0000 FEE7     		b	.L10
 130              		.cfi_endproc
 131              	.LFE69:
 133              		.section	.text.DebugMon_Handler,"ax",%progbits
 134              		.align	1
 135              		.global	DebugMon_Handler
 136              		.syntax unified
 137              		.thumb
 138              		.thumb_func
 140              	DebugMon_Handler:
 141              	.LFB70:
 135:Core/Src/stm32f1xx_it.c **** }
 136:Core/Src/stm32f1xx_it.c **** 
 137:Core/Src/stm32f1xx_it.c **** /**
 138:Core/Src/stm32f1xx_it.c ****   * @brief This function handles Debug monitor.
 139:Core/Src/stm32f1xx_it.c ****   */
 140:Core/Src/stm32f1xx_it.c **** void DebugMon_Handler(void)
 141:Core/Src/stm32f1xx_it.c **** {
 142              		.loc 1 141 1 view -0
 143              		.cfi_startproc
 144              		@ args = 0, pretend = 0, frame = 0
 145              		@ frame_needed = 0, uses_anonymous_args = 0
 146              		@ link register save eliminated.
 142:Core/Src/stm32f1xx_it.c **** }
 147              		.loc 1 142 1 view .LVU21
 148 0000 7047     		bx	lr
 149              		.cfi_endproc
ARM GAS  /tmp/ccJEpyU2.s 			page 6


 150              	.LFE70:
 152              		.section	.text.TIM2_IRQHandler,"ax",%progbits
 153              		.align	1
 154              		.global	TIM2_IRQHandler
 155              		.syntax unified
 156              		.thumb
 157              		.thumb_func
 159              	TIM2_IRQHandler:
 160              	.LFB71:
 143:Core/Src/stm32f1xx_it.c **** 
 144:Core/Src/stm32f1xx_it.c **** /******************************************************************************/
 145:Core/Src/stm32f1xx_it.c **** /* STM32F1xx Peripheral Interrupt Handlers                                    */
 146:Core/Src/stm32f1xx_it.c **** /* Add here the Interrupt Handlers for the used peripherals.                  */
 147:Core/Src/stm32f1xx_it.c **** /* For the available peripheral interrupt handler names,                      */
 148:Core/Src/stm32f1xx_it.c **** /* please refer to the startup file (startup_stm32f1xx.s).                    */
 149:Core/Src/stm32f1xx_it.c **** /******************************************************************************/
 150:Core/Src/stm32f1xx_it.c **** 
 151:Core/Src/stm32f1xx_it.c **** /**
 152:Core/Src/stm32f1xx_it.c ****   * @brief This function handles TIM2 global interrupt.
 153:Core/Src/stm32f1xx_it.c ****   * (Utilizado por FreeRTOS como Timebase)
 154:Core/Src/stm32f1xx_it.c ****   */
 155:Core/Src/stm32f1xx_it.c **** void TIM2_IRQHandler(void)
 156:Core/Src/stm32f1xx_it.c **** {
 161              		.loc 1 156 1 view -0
 162              		.cfi_startproc
 163              		@ args = 0, pretend = 0, frame = 0
 164              		@ frame_needed = 0, uses_anonymous_args = 0
 165 0000 08B5     		push	{r3, lr}
 166              	.LCFI0:
 167              		.cfi_def_cfa_offset 8
 168              		.cfi_offset 3, -8
 169              		.cfi_offset 14, -4
 157:Core/Src/stm32f1xx_it.c ****   /* USER CODE BEGIN TIM2_IRQn 0 */
 158:Core/Src/stm32f1xx_it.c **** 
 159:Core/Src/stm32f1xx_it.c ****   /* USER CODE END TIM2_IRQn 0 */
 160:Core/Src/stm32f1xx_it.c ****   HAL_TIM_IRQHandler(&htim2);
 170              		.loc 1 160 3 view .LVU23
 171 0002 0248     		ldr	r0, .L14
 172 0004 FFF7FEFF 		bl	HAL_TIM_IRQHandler
 173              	.LVL0:
 161:Core/Src/stm32f1xx_it.c ****   /* USER CODE BEGIN TIM2_IRQn 1 */
 162:Core/Src/stm32f1xx_it.c **** 
 163:Core/Src/stm32f1xx_it.c ****   /* USER CODE END TIM2_IRQn 1 */
 164:Core/Src/stm32f1xx_it.c **** }
 174              		.loc 1 164 1 is_stmt 0 view .LVU24
 175 0008 08BD     		pop	{r3, pc}
 176              	.L15:
 177 000a 00BF     		.align	2
 178              	.L14:
 179 000c 00000000 		.word	htim2
 180              		.cfi_endproc
 181              	.LFE71:
 183              		.section	.text.TIM3_IRQHandler,"ax",%progbits
 184              		.align	1
 185              		.global	TIM3_IRQHandler
 186              		.syntax unified
 187              		.thumb
ARM GAS  /tmp/ccJEpyU2.s 			page 7


 188              		.thumb_func
 190              	TIM3_IRQHandler:
 191              	.LFB72:
 165:Core/Src/stm32f1xx_it.c **** 
 166:Core/Src/stm32f1xx_it.c **** /**
 167:Core/Src/stm32f1xx_it.c ****   * @brief This function handles TIM4 global interrupt.
 168:Core/Src/stm32f1xx_it.c ****   * (Utilizado para Input Capture / RPM)
 169:Core/Src/stm32f1xx_it.c ****   */
 170:Core/Src/stm32f1xx_it.c **** void TIM3_IRQHandler(void)
 171:Core/Src/stm32f1xx_it.c **** {
 192              		.loc 1 171 1 is_stmt 1 view -0
 193              		.cfi_startproc
 194              		@ args = 0, pretend = 0, frame = 0
 195              		@ frame_needed = 0, uses_anonymous_args = 0
 196 0000 08B5     		push	{r3, lr}
 197              	.LCFI1:
 198              		.cfi_def_cfa_offset 8
 199              		.cfi_offset 3, -8
 200              		.cfi_offset 14, -4
 172:Core/Src/stm32f1xx_it.c ****   /* USER CODE BEGIN TIM4_IRQn 0 */
 173:Core/Src/stm32f1xx_it.c **** 
 174:Core/Src/stm32f1xx_it.c ****   /* USER CODE END TIM4_IRQn 0 */
 175:Core/Src/stm32f1xx_it.c ****   HAL_TIM_IRQHandler(&htim3);
 201              		.loc 1 175 3 view .LVU26
 202 0002 0248     		ldr	r0, .L18
 203 0004 FFF7FEFF 		bl	HAL_TIM_IRQHandler
 204              	.LVL1:
 176:Core/Src/stm32f1xx_it.c ****   /* USER CODE BEGIN TIM4_IRQn 1 */
 177:Core/Src/stm32f1xx_it.c **** 
 178:Core/Src/stm32f1xx_it.c ****   /* USER CODE END TIM4_IRQn 1 */
 179:Core/Src/stm32f1xx_it.c **** }
 205              		.loc 1 179 1 is_stmt 0 view .LVU27
 206 0008 08BD     		pop	{r3, pc}
 207              	.L19:
 208 000a 00BF     		.align	2
 209              	.L18:
 210 000c 00000000 		.word	htim3
 211              		.cfi_endproc
 212              	.LFE72:
 214              		.section	.text.ADC1_2_IRQHandler,"ax",%progbits
 215              		.align	1
 216              		.global	ADC1_2_IRQHandler
 217              		.syntax unified
 218              		.thumb
 219              		.thumb_func
 221              	ADC1_2_IRQHandler:
 222              	.LFB73:
 180:Core/Src/stm32f1xx_it.c **** 
 181:Core/Src/stm32f1xx_it.c **** void ADC1_2_IRQHandler(void)
 182:Core/Src/stm32f1xx_it.c **** {
 223              		.loc 1 182 1 is_stmt 1 view -0
 224              		.cfi_startproc
 225              		@ args = 0, pretend = 0, frame = 0
 226              		@ frame_needed = 0, uses_anonymous_args = 0
 227 0000 08B5     		push	{r3, lr}
 228              	.LCFI2:
 229              		.cfi_def_cfa_offset 8
ARM GAS  /tmp/ccJEpyU2.s 			page 8


 230              		.cfi_offset 3, -8
 231              		.cfi_offset 14, -4
 183:Core/Src/stm32f1xx_it.c ****   /* USER CODE BEGIN ADC1_2_IRQn 0 */
 184:Core/Src/stm32f1xx_it.c **** 
 185:Core/Src/stm32f1xx_it.c ****   /* USER CODE END ADC1_2_IRQn 0 */
 186:Core/Src/stm32f1xx_it.c ****   HAL_ADC_IRQHandler(&hadc1);
 232              		.loc 1 186 3 view .LVU29
 233 0002 0348     		ldr	r0, .L22
 234 0004 FFF7FEFF 		bl	HAL_ADC_IRQHandler
 235              	.LVL2:
 187:Core/Src/stm32f1xx_it.c ****   HAL_ADC_IRQHandler(&hadc2);
 236              		.loc 1 187 3 view .LVU30
 237 0008 0248     		ldr	r0, .L22+4
 238 000a FFF7FEFF 		bl	HAL_ADC_IRQHandler
 239              	.LVL3:
 188:Core/Src/stm32f1xx_it.c ****   /* USER CODE BEGIN ADC1_2_IRQn 1 */
 189:Core/Src/stm32f1xx_it.c **** 
 190:Core/Src/stm32f1xx_it.c ****   /* USER CODE END ADC1_2_IRQn 1 */
 191:Core/Src/stm32f1xx_it.c **** }
 240              		.loc 1 191 1 is_stmt 0 view .LVU31
 241 000e 08BD     		pop	{r3, pc}
 242              	.L23:
 243              		.align	2
 244              	.L22:
 245 0010 00000000 		.word	hadc1
 246 0014 00000000 		.word	hadc2
 247              		.cfi_endproc
 248              	.LFE73:
 250              		.section	.text.USB_LP_CAN1_RX0_IRQHandler,"ax",%progbits
 251              		.align	1
 252              		.global	USB_LP_CAN1_RX0_IRQHandler
 253              		.syntax unified
 254              		.thumb
 255              		.thumb_func
 257              	USB_LP_CAN1_RX0_IRQHandler:
 258              	.LFB74:
 192:Core/Src/stm32f1xx_it.c **** 
 193:Core/Src/stm32f1xx_it.c **** void USB_LP_CAN1_RX0_IRQHandler(void)
 194:Core/Src/stm32f1xx_it.c **** {
 259              		.loc 1 194 1 is_stmt 1 view -0
 260              		.cfi_startproc
 261              		@ args = 0, pretend = 0, frame = 0
 262              		@ frame_needed = 0, uses_anonymous_args = 0
 263 0000 08B5     		push	{r3, lr}
 264              	.LCFI3:
 265              		.cfi_def_cfa_offset 8
 266              		.cfi_offset 3, -8
 267              		.cfi_offset 14, -4
 195:Core/Src/stm32f1xx_it.c ****   HAL_CAN_IRQHandler(&hcan);
 268              		.loc 1 195 3 view .LVU33
 269 0002 0248     		ldr	r0, .L26
 270 0004 FFF7FEFF 		bl	HAL_CAN_IRQHandler
 271              	.LVL4:
 196:Core/Src/stm32f1xx_it.c **** }
 272              		.loc 1 196 1 is_stmt 0 view .LVU34
 273 0008 08BD     		pop	{r3, pc}
 274              	.L27:
ARM GAS  /tmp/ccJEpyU2.s 			page 9


 275 000a 00BF     		.align	2
 276              	.L26:
 277 000c 00000000 		.word	hcan
 278              		.cfi_endproc
 279              	.LFE74:
 281              		.text
 282              	.Letext0:
 283              		.file 2 "/home/santiago/gcc-arm-none-eabi-10.3-2021.10-x86_64-linux/gcc-arm-none-eabi-10.3-2021.10
 284              		.file 3 "/home/santiago/gcc-arm-none-eabi-10.3-2021.10-x86_64-linux/gcc-arm-none-eabi-10.3-2021.10
 285              		.file 4 "Drivers/CMSIS/Device/ST/STM32F1xx/Include/stm32f103xb.h"
 286              		.file 5 "Drivers/CMSIS/Device/ST/STM32F1xx/Include/stm32f1xx.h"
 287              		.file 6 "Drivers/STM32F1xx_HAL_Driver/Inc/stm32f1xx_hal_def.h"
 288              		.file 7 "Drivers/STM32F1xx_HAL_Driver/Inc/stm32f1xx_hal_dma.h"
 289              		.file 8 "Drivers/STM32F1xx_HAL_Driver/Inc/stm32f1xx_hal_can.h"
 290              		.file 9 "Drivers/STM32F1xx_HAL_Driver/Inc/stm32f1xx_hal_adc.h"
 291              		.file 10 "Drivers/STM32F1xx_HAL_Driver/Inc/stm32f1xx_hal_tim.h"
ARM GAS  /tmp/ccJEpyU2.s 			page 10


DEFINED SYMBOLS
                            *ABS*:0000000000000000 stm32f1xx_it.c
     /tmp/ccJEpyU2.s:18     .text.NMI_Handler:0000000000000000 $t
     /tmp/ccJEpyU2.s:24     .text.NMI_Handler:0000000000000000 NMI_Handler
     /tmp/ccJEpyU2.s:42     .text.HardFault_Handler:0000000000000000 $t
     /tmp/ccJEpyU2.s:48     .text.HardFault_Handler:0000000000000000 HardFault_Handler
     /tmp/ccJEpyU2.s:65     .text.MemManage_Handler:0000000000000000 $t
     /tmp/ccJEpyU2.s:71     .text.MemManage_Handler:0000000000000000 MemManage_Handler
     /tmp/ccJEpyU2.s:88     .text.BusFault_Handler:0000000000000000 $t
     /tmp/ccJEpyU2.s:94     .text.BusFault_Handler:0000000000000000 BusFault_Handler
     /tmp/ccJEpyU2.s:111    .text.UsageFault_Handler:0000000000000000 $t
     /tmp/ccJEpyU2.s:117    .text.UsageFault_Handler:0000000000000000 UsageFault_Handler
     /tmp/ccJEpyU2.s:134    .text.DebugMon_Handler:0000000000000000 $t
     /tmp/ccJEpyU2.s:140    .text.DebugMon_Handler:0000000000000000 DebugMon_Handler
     /tmp/ccJEpyU2.s:153    .text.TIM2_IRQHandler:0000000000000000 $t
     /tmp/ccJEpyU2.s:159    .text.TIM2_IRQHandler:0000000000000000 TIM2_IRQHandler
     /tmp/ccJEpyU2.s:179    .text.TIM2_IRQHandler:000000000000000c $d
     /tmp/ccJEpyU2.s:184    .text.TIM3_IRQHandler:0000000000000000 $t
     /tmp/ccJEpyU2.s:190    .text.TIM3_IRQHandler:0000000000000000 TIM3_IRQHandler
     /tmp/ccJEpyU2.s:210    .text.TIM3_IRQHandler:000000000000000c $d
     /tmp/ccJEpyU2.s:215    .text.ADC1_2_IRQHandler:0000000000000000 $t
     /tmp/ccJEpyU2.s:221    .text.ADC1_2_IRQHandler:0000000000000000 ADC1_2_IRQHandler
     /tmp/ccJEpyU2.s:245    .text.ADC1_2_IRQHandler:0000000000000010 $d
     /tmp/ccJEpyU2.s:251    .text.USB_LP_CAN1_RX0_IRQHandler:0000000000000000 $t
     /tmp/ccJEpyU2.s:257    .text.USB_LP_CAN1_RX0_IRQHandler:0000000000000000 USB_LP_CAN1_RX0_IRQHandler
     /tmp/ccJEpyU2.s:277    .text.USB_LP_CAN1_RX0_IRQHandler:000000000000000c $d

UNDEFINED SYMBOLS
HAL_TIM_IRQHandler
htim2
htim3
HAL_ADC_IRQHandler
hadc1
hadc2
HAL_CAN_IRQHandler
hcan
