ARM GAS  /tmp/ccTeBDPG.s 			page 1


   1              		.cpu cortex-m3
   2              		.arch armv7-m
   3              		.fpu softvfp
   4              		.eabi_attribute 20, 1
   5              		.eabi_attribute 21, 1
   6              		.eabi_attribute 23, 3
   7              		.eabi_attribute 24, 1
   8              		.eabi_attribute 25, 1
   9              		.eabi_attribute 26, 1
  10              		.eabi_attribute 30, 1
  11              		.eabi_attribute 34, 1
  12              		.eabi_attribute 18, 4
  13              		.file	"usart.c"
  14              		.text
  15              	.Ltext0:
  16              		.cfi_sections	.debug_frame
  17              		.file 1 "Core/Src/usart.c"
  18              		.section	.text.MX_USART1_UART_Init,"ax",%progbits
  19              		.align	1
  20              		.global	MX_USART1_UART_Init
  21              		.syntax unified
  22              		.thumb
  23              		.thumb_func
  25              	MX_USART1_UART_Init:
  26              	.LFB65:
   1:Core/Src/usart.c **** /* USER CODE BEGIN Header */
   2:Core/Src/usart.c **** /**
   3:Core/Src/usart.c ****   ******************************************************************************
   4:Core/Src/usart.c ****   * @file    usart.c
   5:Core/Src/usart.c ****   * @brief   This file provides code for the configuration
   6:Core/Src/usart.c ****   *          of the USART instances.
   7:Core/Src/usart.c ****   ******************************************************************************
   8:Core/Src/usart.c ****   * @attention
   9:Core/Src/usart.c ****   *
  10:Core/Src/usart.c ****   * Copyright (c) 2026 STMicroelectronics.
  11:Core/Src/usart.c ****   * All rights reserved.
  12:Core/Src/usart.c ****   *
  13:Core/Src/usart.c ****   * This software is licensed under terms that can be found in the LICENSE file
  14:Core/Src/usart.c ****   * in the root directory of this software component.
  15:Core/Src/usart.c ****   * If no LICENSE file comes with this software, it is provided AS-IS.
  16:Core/Src/usart.c ****   *
  17:Core/Src/usart.c ****   ******************************************************************************
  18:Core/Src/usart.c ****   */
  19:Core/Src/usart.c **** /* USER CODE END Header */
  20:Core/Src/usart.c **** /* Includes ------------------------------------------------------------------*/
  21:Core/Src/usart.c **** #include "usart.h"
  22:Core/Src/usart.c **** #include <string.h>
  23:Core/Src/usart.c **** 
  24:Core/Src/usart.c **** /* USER CODE BEGIN 0 */
  25:Core/Src/usart.c **** 
  26:Core/Src/usart.c **** /* USER CODE END 0 */
  27:Core/Src/usart.c **** 
  28:Core/Src/usart.c **** UART_HandleTypeDef huart1;
  29:Core/Src/usart.c **** 
  30:Core/Src/usart.c **** /* USART1 init function */
  31:Core/Src/usart.c **** 
  32:Core/Src/usart.c **** void MX_USART1_UART_Init(void)
ARM GAS  /tmp/ccTeBDPG.s 			page 2


  33:Core/Src/usart.c **** {
  27              		.loc 1 33 1 view -0
  28              		.cfi_startproc
  29              		@ args = 0, pretend = 0, frame = 0
  30              		@ frame_needed = 0, uses_anonymous_args = 0
  31 0000 08B5     		push	{r3, lr}
  32              	.LCFI0:
  33              		.cfi_def_cfa_offset 8
  34              		.cfi_offset 3, -8
  35              		.cfi_offset 14, -4
  34:Core/Src/usart.c **** 
  35:Core/Src/usart.c ****   /* USER CODE BEGIN USART1_Init 0 */
  36:Core/Src/usart.c **** 
  37:Core/Src/usart.c ****   /* USER CODE END USART1_Init 0 */
  38:Core/Src/usart.c **** 
  39:Core/Src/usart.c ****   /* USER CODE BEGIN USART1_Init 1 */
  40:Core/Src/usart.c **** 
  41:Core/Src/usart.c ****   /* USER CODE END USART1_Init 1 */
  42:Core/Src/usart.c ****   huart1.Instance = USART1;
  36              		.loc 1 42 3 view .LVU1
  37              		.loc 1 42 19 is_stmt 0 view .LVU2
  38 0002 0A48     		ldr	r0, .L5
  39 0004 0A4B     		ldr	r3, .L5+4
  40 0006 0360     		str	r3, [r0]
  43:Core/Src/usart.c ****   huart1.Init.BaudRate = 115200;
  41              		.loc 1 43 3 is_stmt 1 view .LVU3
  42              		.loc 1 43 24 is_stmt 0 view .LVU4
  43 0008 4FF4E133 		mov	r3, #115200
  44 000c 4360     		str	r3, [r0, #4]
  44:Core/Src/usart.c ****   huart1.Init.WordLength = UART_WORDLENGTH_8B;
  45              		.loc 1 44 3 is_stmt 1 view .LVU5
  46              		.loc 1 44 26 is_stmt 0 view .LVU6
  47 000e 0023     		movs	r3, #0
  48 0010 8360     		str	r3, [r0, #8]
  45:Core/Src/usart.c ****   huart1.Init.StopBits = UART_STOPBITS_1;
  49              		.loc 1 45 3 is_stmt 1 view .LVU7
  50              		.loc 1 45 24 is_stmt 0 view .LVU8
  51 0012 C360     		str	r3, [r0, #12]
  46:Core/Src/usart.c ****   huart1.Init.Parity = UART_PARITY_NONE;
  52              		.loc 1 46 3 is_stmt 1 view .LVU9
  53              		.loc 1 46 22 is_stmt 0 view .LVU10
  54 0014 0361     		str	r3, [r0, #16]
  47:Core/Src/usart.c ****   huart1.Init.Mode = UART_MODE_TX_RX;
  55              		.loc 1 47 3 is_stmt 1 view .LVU11
  56              		.loc 1 47 20 is_stmt 0 view .LVU12
  57 0016 0C22     		movs	r2, #12
  58 0018 4261     		str	r2, [r0, #20]
  48:Core/Src/usart.c ****   huart1.Init.HwFlowCtl = UART_HWCONTROL_NONE;
  59              		.loc 1 48 3 is_stmt 1 view .LVU13
  60              		.loc 1 48 25 is_stmt 0 view .LVU14
  61 001a 8361     		str	r3, [r0, #24]
  49:Core/Src/usart.c ****   huart1.Init.OverSampling = UART_OVERSAMPLING_16;
  62              		.loc 1 49 3 is_stmt 1 view .LVU15
  63              		.loc 1 49 28 is_stmt 0 view .LVU16
  64 001c C361     		str	r3, [r0, #28]
  50:Core/Src/usart.c ****   if (HAL_UART_Init(&huart1) != HAL_OK)
  65              		.loc 1 50 3 is_stmt 1 view .LVU17
ARM GAS  /tmp/ccTeBDPG.s 			page 3


  66              		.loc 1 50 7 is_stmt 0 view .LVU18
  67 001e FFF7FEFF 		bl	HAL_UART_Init
  68              	.LVL0:
  69              		.loc 1 50 6 discriminator 1 view .LVU19
  70 0022 00B9     		cbnz	r0, .L4
  71              	.L1:
  51:Core/Src/usart.c ****   {
  52:Core/Src/usart.c ****     Error_Handler();
  53:Core/Src/usart.c ****   }
  54:Core/Src/usart.c ****   /* USER CODE BEGIN USART1_Init 2 */
  55:Core/Src/usart.c **** 
  56:Core/Src/usart.c ****   /* USER CODE END USART1_Init 2 */
  57:Core/Src/usart.c **** 
  58:Core/Src/usart.c **** }
  72              		.loc 1 58 1 view .LVU20
  73 0024 08BD     		pop	{r3, pc}
  74              	.L4:
  52:Core/Src/usart.c ****   }
  75              		.loc 1 52 5 is_stmt 1 view .LVU21
  76 0026 FFF7FEFF 		bl	Error_Handler
  77              	.LVL1:
  78              		.loc 1 58 1 is_stmt 0 view .LVU22
  79 002a FBE7     		b	.L1
  80              	.L6:
  81              		.align	2
  82              	.L5:
  83 002c 00000000 		.word	huart1
  84 0030 00380140 		.word	1073821696
  85              		.cfi_endproc
  86              	.LFE65:
  88              		.section	.text.HAL_UART_MspInit,"ax",%progbits
  89              		.align	1
  90              		.global	HAL_UART_MspInit
  91              		.syntax unified
  92              		.thumb
  93              		.thumb_func
  95              	HAL_UART_MspInit:
  96              	.LVL2:
  97              	.LFB66:
  59:Core/Src/usart.c **** 
  60:Core/Src/usart.c **** void HAL_UART_MspInit(UART_HandleTypeDef* uartHandle)
  61:Core/Src/usart.c **** {
  98              		.loc 1 61 1 is_stmt 1 view -0
  99              		.cfi_startproc
 100              		@ args = 0, pretend = 0, frame = 24
 101              		@ frame_needed = 0, uses_anonymous_args = 0
 102              		.loc 1 61 1 is_stmt 0 view .LVU24
 103 0000 10B5     		push	{r4, lr}
 104              	.LCFI1:
 105              		.cfi_def_cfa_offset 8
 106              		.cfi_offset 4, -8
 107              		.cfi_offset 14, -4
 108 0002 86B0     		sub	sp, sp, #24
 109              	.LCFI2:
 110              		.cfi_def_cfa_offset 32
  62:Core/Src/usart.c **** 
  63:Core/Src/usart.c ****   GPIO_InitTypeDef GPIO_InitStruct = {0};
ARM GAS  /tmp/ccTeBDPG.s 			page 4


 111              		.loc 1 63 3 is_stmt 1 view .LVU25
 112              		.loc 1 63 20 is_stmt 0 view .LVU26
 113 0004 0023     		movs	r3, #0
 114 0006 0293     		str	r3, [sp, #8]
 115 0008 0393     		str	r3, [sp, #12]
 116 000a 0493     		str	r3, [sp, #16]
 117 000c 0593     		str	r3, [sp, #20]
  64:Core/Src/usart.c ****   if(uartHandle->Instance==USART1)
 118              		.loc 1 64 3 is_stmt 1 view .LVU27
 119              		.loc 1 64 16 is_stmt 0 view .LVU28
 120 000e 0268     		ldr	r2, [r0]
 121              		.loc 1 64 5 view .LVU29
 122 0010 174B     		ldr	r3, .L11
 123 0012 9A42     		cmp	r2, r3
 124 0014 01D0     		beq	.L10
 125              	.LVL3:
 126              	.L7:
  65:Core/Src/usart.c ****   {
  66:Core/Src/usart.c ****   /* USER CODE BEGIN USART1_MspInit 0 */
  67:Core/Src/usart.c **** 
  68:Core/Src/usart.c ****   /* USER CODE END USART1_MspInit 0 */
  69:Core/Src/usart.c ****     /* USART1 clock enable */
  70:Core/Src/usart.c ****     __HAL_RCC_USART1_CLK_ENABLE();
  71:Core/Src/usart.c **** 
  72:Core/Src/usart.c ****     __HAL_RCC_GPIOA_CLK_ENABLE();
  73:Core/Src/usart.c ****     /**USART1 GPIO Configuration
  74:Core/Src/usart.c ****     PA9     ------> USART1_TX
  75:Core/Src/usart.c ****     PA10     ------> USART1_RX
  76:Core/Src/usart.c ****     */
  77:Core/Src/usart.c ****     GPIO_InitStruct.Pin = GPIO_PIN_9;
  78:Core/Src/usart.c ****     GPIO_InitStruct.Mode = GPIO_MODE_AF_PP;
  79:Core/Src/usart.c ****     GPIO_InitStruct.Speed = GPIO_SPEED_FREQ_HIGH;
  80:Core/Src/usart.c ****     HAL_GPIO_Init(GPIOA, &GPIO_InitStruct);
  81:Core/Src/usart.c **** 
  82:Core/Src/usart.c ****     GPIO_InitStruct.Pin = GPIO_PIN_10;
  83:Core/Src/usart.c ****     GPIO_InitStruct.Mode = GPIO_MODE_INPUT;
  84:Core/Src/usart.c ****     GPIO_InitStruct.Pull = GPIO_NOPULL;
  85:Core/Src/usart.c ****     HAL_GPIO_Init(GPIOA, &GPIO_InitStruct);
  86:Core/Src/usart.c **** 
  87:Core/Src/usart.c ****   /* USER CODE BEGIN USART1_MspInit 1 */
  88:Core/Src/usart.c **** 
  89:Core/Src/usart.c ****   /* USER CODE END USART1_MspInit 1 */
  90:Core/Src/usart.c ****   }
  91:Core/Src/usart.c **** }
 127              		.loc 1 91 1 view .LVU30
 128 0016 06B0     		add	sp, sp, #24
 129              	.LCFI3:
 130              		.cfi_remember_state
 131              		.cfi_def_cfa_offset 8
 132              		@ sp needed
 133 0018 10BD     		pop	{r4, pc}
 134              	.LVL4:
 135              	.L10:
 136              	.LCFI4:
 137              		.cfi_restore_state
  70:Core/Src/usart.c **** 
 138              		.loc 1 70 5 is_stmt 1 view .LVU31
ARM GAS  /tmp/ccTeBDPG.s 			page 5


 139              	.LBB2:
  70:Core/Src/usart.c **** 
 140              		.loc 1 70 5 view .LVU32
  70:Core/Src/usart.c **** 
 141              		.loc 1 70 5 view .LVU33
 142 001a 03F55843 		add	r3, r3, #55296
 143 001e 9A69     		ldr	r2, [r3, #24]
 144 0020 42F48042 		orr	r2, r2, #16384
 145 0024 9A61     		str	r2, [r3, #24]
  70:Core/Src/usart.c **** 
 146              		.loc 1 70 5 view .LVU34
 147 0026 9A69     		ldr	r2, [r3, #24]
 148 0028 02F48042 		and	r2, r2, #16384
 149 002c 0092     		str	r2, [sp]
  70:Core/Src/usart.c **** 
 150              		.loc 1 70 5 view .LVU35
 151 002e 009A     		ldr	r2, [sp]
 152              	.LBE2:
  70:Core/Src/usart.c **** 
 153              		.loc 1 70 5 view .LVU36
  72:Core/Src/usart.c ****     /**USART1 GPIO Configuration
 154              		.loc 1 72 5 view .LVU37
 155              	.LBB3:
  72:Core/Src/usart.c ****     /**USART1 GPIO Configuration
 156              		.loc 1 72 5 view .LVU38
  72:Core/Src/usart.c ****     /**USART1 GPIO Configuration
 157              		.loc 1 72 5 view .LVU39
 158 0030 9A69     		ldr	r2, [r3, #24]
 159 0032 42F00402 		orr	r2, r2, #4
 160 0036 9A61     		str	r2, [r3, #24]
  72:Core/Src/usart.c ****     /**USART1 GPIO Configuration
 161              		.loc 1 72 5 view .LVU40
 162 0038 9B69     		ldr	r3, [r3, #24]
 163 003a 03F00403 		and	r3, r3, #4
 164 003e 0193     		str	r3, [sp, #4]
  72:Core/Src/usart.c ****     /**USART1 GPIO Configuration
 165              		.loc 1 72 5 view .LVU41
 166 0040 019B     		ldr	r3, [sp, #4]
 167              	.LBE3:
  72:Core/Src/usart.c ****     /**USART1 GPIO Configuration
 168              		.loc 1 72 5 view .LVU42
  77:Core/Src/usart.c ****     GPIO_InitStruct.Mode = GPIO_MODE_AF_PP;
 169              		.loc 1 77 5 view .LVU43
  77:Core/Src/usart.c ****     GPIO_InitStruct.Mode = GPIO_MODE_AF_PP;
 170              		.loc 1 77 25 is_stmt 0 view .LVU44
 171 0042 4FF40073 		mov	r3, #512
 172 0046 0293     		str	r3, [sp, #8]
  78:Core/Src/usart.c ****     GPIO_InitStruct.Speed = GPIO_SPEED_FREQ_HIGH;
 173              		.loc 1 78 5 is_stmt 1 view .LVU45
  78:Core/Src/usart.c ****     GPIO_InitStruct.Speed = GPIO_SPEED_FREQ_HIGH;
 174              		.loc 1 78 26 is_stmt 0 view .LVU46
 175 0048 0223     		movs	r3, #2
 176 004a 0393     		str	r3, [sp, #12]
  79:Core/Src/usart.c ****     HAL_GPIO_Init(GPIOA, &GPIO_InitStruct);
 177              		.loc 1 79 5 is_stmt 1 view .LVU47
  79:Core/Src/usart.c ****     HAL_GPIO_Init(GPIOA, &GPIO_InitStruct);
 178              		.loc 1 79 27 is_stmt 0 view .LVU48
ARM GAS  /tmp/ccTeBDPG.s 			page 6


 179 004c 0323     		movs	r3, #3
 180 004e 0593     		str	r3, [sp, #20]
  80:Core/Src/usart.c **** 
 181              		.loc 1 80 5 is_stmt 1 view .LVU49
 182 0050 084C     		ldr	r4, .L11+4
 183 0052 02A9     		add	r1, sp, #8
 184 0054 2046     		mov	r0, r4
 185              	.LVL5:
  80:Core/Src/usart.c **** 
 186              		.loc 1 80 5 is_stmt 0 view .LVU50
 187 0056 FFF7FEFF 		bl	HAL_GPIO_Init
 188              	.LVL6:
  82:Core/Src/usart.c ****     GPIO_InitStruct.Mode = GPIO_MODE_INPUT;
 189              		.loc 1 82 5 is_stmt 1 view .LVU51
  82:Core/Src/usart.c ****     GPIO_InitStruct.Mode = GPIO_MODE_INPUT;
 190              		.loc 1 82 25 is_stmt 0 view .LVU52
 191 005a 4FF48063 		mov	r3, #1024
 192 005e 0293     		str	r3, [sp, #8]
  83:Core/Src/usart.c ****     GPIO_InitStruct.Pull = GPIO_NOPULL;
 193              		.loc 1 83 5 is_stmt 1 view .LVU53
  83:Core/Src/usart.c ****     GPIO_InitStruct.Pull = GPIO_NOPULL;
 194              		.loc 1 83 26 is_stmt 0 view .LVU54
 195 0060 0023     		movs	r3, #0
 196 0062 0393     		str	r3, [sp, #12]
  84:Core/Src/usart.c ****     HAL_GPIO_Init(GPIOA, &GPIO_InitStruct);
 197              		.loc 1 84 5 is_stmt 1 view .LVU55
  84:Core/Src/usart.c ****     HAL_GPIO_Init(GPIOA, &GPIO_InitStruct);
 198              		.loc 1 84 26 is_stmt 0 view .LVU56
 199 0064 0493     		str	r3, [sp, #16]
  85:Core/Src/usart.c **** 
 200              		.loc 1 85 5 is_stmt 1 view .LVU57
 201 0066 02A9     		add	r1, sp, #8
 202 0068 2046     		mov	r0, r4
 203 006a FFF7FEFF 		bl	HAL_GPIO_Init
 204              	.LVL7:
 205              		.loc 1 91 1 is_stmt 0 view .LVU58
 206 006e D2E7     		b	.L7
 207              	.L12:
 208              		.align	2
 209              	.L11:
 210 0070 00380140 		.word	1073821696
 211 0074 00080140 		.word	1073809408
 212              		.cfi_endproc
 213              	.LFE66:
 215              		.section	.text.HAL_UART_MspDeInit,"ax",%progbits
 216              		.align	1
 217              		.global	HAL_UART_MspDeInit
 218              		.syntax unified
 219              		.thumb
 220              		.thumb_func
 222              	HAL_UART_MspDeInit:
 223              	.LVL8:
 224              	.LFB67:
  92:Core/Src/usart.c **** 
  93:Core/Src/usart.c **** void HAL_UART_MspDeInit(UART_HandleTypeDef* uartHandle)
  94:Core/Src/usart.c **** {
 225              		.loc 1 94 1 is_stmt 1 view -0
ARM GAS  /tmp/ccTeBDPG.s 			page 7


 226              		.cfi_startproc
 227              		@ args = 0, pretend = 0, frame = 0
 228              		@ frame_needed = 0, uses_anonymous_args = 0
 229              		.loc 1 94 1 is_stmt 0 view .LVU60
 230 0000 08B5     		push	{r3, lr}
 231              	.LCFI5:
 232              		.cfi_def_cfa_offset 8
 233              		.cfi_offset 3, -8
 234              		.cfi_offset 14, -4
  95:Core/Src/usart.c **** 
  96:Core/Src/usart.c ****   if(uartHandle->Instance==USART1)
 235              		.loc 1 96 3 is_stmt 1 view .LVU61
 236              		.loc 1 96 16 is_stmt 0 view .LVU62
 237 0002 0268     		ldr	r2, [r0]
 238              		.loc 1 96 5 view .LVU63
 239 0004 074B     		ldr	r3, .L17
 240 0006 9A42     		cmp	r2, r3
 241 0008 00D0     		beq	.L16
 242              	.LVL9:
 243              	.L13:
  97:Core/Src/usart.c ****   {
  98:Core/Src/usart.c ****   /* USER CODE BEGIN USART1_MspDeInit 0 */
  99:Core/Src/usart.c **** 
 100:Core/Src/usart.c ****   /* USER CODE END USART1_MspDeInit 0 */
 101:Core/Src/usart.c ****     /* Peripheral clock disable */
 102:Core/Src/usart.c ****     __HAL_RCC_USART1_CLK_DISABLE();
 103:Core/Src/usart.c **** 
 104:Core/Src/usart.c ****     /**USART1 GPIO Configuration
 105:Core/Src/usart.c ****     PA9     ------> USART1_TX
 106:Core/Src/usart.c ****     PA10     ------> USART1_RX
 107:Core/Src/usart.c ****     */
 108:Core/Src/usart.c ****     HAL_GPIO_DeInit(GPIOA, GPIO_PIN_9|GPIO_PIN_10);
 109:Core/Src/usart.c **** 
 110:Core/Src/usart.c ****   /* USER CODE BEGIN USART1_MspDeInit 1 */
 111:Core/Src/usart.c **** 
 112:Core/Src/usart.c ****   /* USER CODE END USART1_MspDeInit 1 */
 113:Core/Src/usart.c ****   }
 114:Core/Src/usart.c **** }
 244              		.loc 1 114 1 view .LVU64
 245 000a 08BD     		pop	{r3, pc}
 246              	.LVL10:
 247              	.L16:
 102:Core/Src/usart.c **** 
 248              		.loc 1 102 5 is_stmt 1 view .LVU65
 249 000c 064A     		ldr	r2, .L17+4
 250 000e 9369     		ldr	r3, [r2, #24]
 251 0010 23F48043 		bic	r3, r3, #16384
 252 0014 9361     		str	r3, [r2, #24]
 108:Core/Src/usart.c **** 
 253              		.loc 1 108 5 view .LVU66
 254 0016 4FF4C061 		mov	r1, #1536
 255 001a 0448     		ldr	r0, .L17+8
 256              	.LVL11:
 108:Core/Src/usart.c **** 
 257              		.loc 1 108 5 is_stmt 0 view .LVU67
 258 001c FFF7FEFF 		bl	HAL_GPIO_DeInit
 259              	.LVL12:
ARM GAS  /tmp/ccTeBDPG.s 			page 8


 260              		.loc 1 114 1 view .LVU68
 261 0020 F3E7     		b	.L13
 262              	.L18:
 263 0022 00BF     		.align	2
 264              	.L17:
 265 0024 00380140 		.word	1073821696
 266 0028 00100240 		.word	1073876992
 267 002c 00080140 		.word	1073809408
 268              		.cfi_endproc
 269              	.LFE67:
 271              		.section	.text.UART_Print,"ax",%progbits
 272              		.align	1
 273              		.global	UART_Print
 274              		.syntax unified
 275              		.thumb
 276              		.thumb_func
 278              	UART_Print:
 279              	.LVL13:
 280              	.LFB68:
 115:Core/Src/usart.c **** 
 116:Core/Src/usart.c **** /* USER CODE BEGIN 1 */
 117:Core/Src/usart.c **** 
 118:Core/Src/usart.c **** void UART_Print(const char *msg)
 119:Core/Src/usart.c **** {
 281              		.loc 1 119 1 is_stmt 1 view -0
 282              		.cfi_startproc
 283              		@ args = 0, pretend = 0, frame = 0
 284              		@ frame_needed = 0, uses_anonymous_args = 0
 285              		.loc 1 119 1 is_stmt 0 view .LVU70
 286 0000 10B5     		push	{r4, lr}
 287              	.LCFI6:
 288              		.cfi_def_cfa_offset 8
 289              		.cfi_offset 4, -8
 290              		.cfi_offset 14, -4
 291 0002 0446     		mov	r4, r0
 120:Core/Src/usart.c ****     HAL_UART_Transmit(&huart1,
 292              		.loc 1 120 5 is_stmt 1 view .LVU71
 121:Core/Src/usart.c ****                       (uint8_t *)msg,
 122:Core/Src/usart.c ****                       strlen(msg),
 293              		.loc 1 122 23 is_stmt 0 view .LVU72
 294 0004 FFF7FEFF 		bl	strlen
 295              	.LVL14:
 120:Core/Src/usart.c ****     HAL_UART_Transmit(&huart1,
 296              		.loc 1 120 5 view .LVU73
 297 0008 4FF0FF33 		mov	r3, #-1
 298 000c 82B2     		uxth	r2, r0
 299 000e 2146     		mov	r1, r4
 300 0010 0148     		ldr	r0, .L21
 301 0012 FFF7FEFF 		bl	HAL_UART_Transmit
 302              	.LVL15:
 123:Core/Src/usart.c ****                       HAL_MAX_DELAY);
 124:Core/Src/usart.c **** }
 303              		.loc 1 124 1 view .LVU74
 304 0016 10BD     		pop	{r4, pc}
 305              	.LVL16:
 306              	.L22:
 307              		.loc 1 124 1 view .LVU75
ARM GAS  /tmp/ccTeBDPG.s 			page 9


 308              		.align	2
 309              	.L21:
 310 0018 00000000 		.word	huart1
 311              		.cfi_endproc
 312              	.LFE68:
 314              		.global	huart1
 315              		.section	.bss.huart1,"aw",%nobits
 316              		.align	2
 319              	huart1:
 320 0000 00000000 		.space	72
 320      00000000 
 320      00000000 
 320      00000000 
 320      00000000 
 321              		.text
 322              	.Letext0:
 323              		.file 2 "/usr/lib/gcc/arm-none-eabi/13.2.1/include/stdint.h"
 324              		.file 3 "Drivers/CMSIS/Device/ST/STM32F1xx/Include/stm32f103xb.h"
 325              		.file 4 "/usr/lib/gcc/arm-none-eabi/13.2.1/include/stddef.h"
 326              		.file 5 "Drivers/STM32F1xx_HAL_Driver/Inc/stm32f1xx_hal_def.h"
 327              		.file 6 "Drivers/STM32F1xx_HAL_Driver/Inc/stm32f1xx_hal_gpio.h"
 328              		.file 7 "Drivers/STM32F1xx_HAL_Driver/Inc/stm32f1xx_hal_dma.h"
 329              		.file 8 "Drivers/STM32F1xx_HAL_Driver/Inc/stm32f1xx_hal_uart.h"
 330              		.file 9 "/usr/include/newlib/string.h"
 331              		.file 10 "Core/Inc/usart.h"
 332              		.file 11 "Core/Inc/main.h"
ARM GAS  /tmp/ccTeBDPG.s 			page 10


DEFINED SYMBOLS
                            *ABS*:00000000 usart.c
     /tmp/ccTeBDPG.s:19     .text.MX_USART1_UART_Init:00000000 $t
     /tmp/ccTeBDPG.s:25     .text.MX_USART1_UART_Init:00000000 MX_USART1_UART_Init
     /tmp/ccTeBDPG.s:83     .text.MX_USART1_UART_Init:0000002c $d
     /tmp/ccTeBDPG.s:319    .bss.huart1:00000000 huart1
     /tmp/ccTeBDPG.s:89     .text.HAL_UART_MspInit:00000000 $t
     /tmp/ccTeBDPG.s:95     .text.HAL_UART_MspInit:00000000 HAL_UART_MspInit
     /tmp/ccTeBDPG.s:210    .text.HAL_UART_MspInit:00000070 $d
     /tmp/ccTeBDPG.s:216    .text.HAL_UART_MspDeInit:00000000 $t
     /tmp/ccTeBDPG.s:222    .text.HAL_UART_MspDeInit:00000000 HAL_UART_MspDeInit
     /tmp/ccTeBDPG.s:265    .text.HAL_UART_MspDeInit:00000024 $d
     /tmp/ccTeBDPG.s:272    .text.UART_Print:00000000 $t
     /tmp/ccTeBDPG.s:278    .text.UART_Print:00000000 UART_Print
     /tmp/ccTeBDPG.s:310    .text.UART_Print:00000018 $d
     /tmp/ccTeBDPG.s:316    .bss.huart1:00000000 $d

UNDEFINED SYMBOLS
HAL_UART_Init
Error_Handler
HAL_GPIO_Init
HAL_GPIO_DeInit
strlen
HAL_UART_Transmit
