ARM GAS  /tmp/ccnV5Q3c.s 			page 1


   1              		.cpu cortex-m3
   2              		.arch armv7-m
   3              		.fpu softvfp
   4              		.eabi_attribute 20, 1
   5              		.eabi_attribute 21, 1
   6              		.eabi_attribute 23, 3
   7              		.eabi_attribute 24, 1
   8              		.eabi_attribute 25, 1
   9              		.eabi_attribute 26, 1
  10              		.eabi_attribute 30, 1
  11              		.eabi_attribute 34, 1
  12              		.eabi_attribute 18, 4
  13              		.file	"main.c"
  14              		.text
  15              	.Ltext0:
  16              		.cfi_sections	.debug_frame
  17              		.section	.text.HAL_TIM_IC_CaptureCallback,"ax",%progbits
  18              		.align	1
  19              		.global	HAL_TIM_IC_CaptureCallback
  20              		.syntax unified
  21              		.thumb
  22              		.thumb_func
  24              	HAL_TIM_IC_CaptureCallback:
  25              	.LVL0:
  26              	.LFB72:
  27              		.file 1 "Core/Src/main.c"
   1:Core/Src/main.c **** /* USER CODE BEGIN Header */
   2:Core/Src/main.c **** /**
   3:Core/Src/main.c ****   ******************************************************************************
   4:Core/Src/main.c ****   * @file           : main.c
   5:Core/Src/main.c ****   * @brief          : Main program body
   6:Core/Src/main.c ****   ******************************************************************************
   7:Core/Src/main.c ****   * @attention
   8:Core/Src/main.c ****   *
   9:Core/Src/main.c ****   * Copyright (c) 2026 STMicroelectronics.
  10:Core/Src/main.c ****   * All rights reserved.
  11:Core/Src/main.c ****   *
  12:Core/Src/main.c ****   * This software is licensed under terms that can be found in the LICENSE file
  13:Core/Src/main.c ****   * in the root directory of this software component.
  14:Core/Src/main.c ****   * If no LICENSE file comes with this software, it is provided AS-IS.
  15:Core/Src/main.c ****   *
  16:Core/Src/main.c ****   ******************************************************************************
  17:Core/Src/main.c ****   */
  18:Core/Src/main.c **** /* USER CODE END Header */
  19:Core/Src/main.c **** /* Includes ------------------------------------------------------------------*/
  20:Core/Src/main.c **** #include "main.h"
  21:Core/Src/main.c **** #include "cmsis_os.h"
  22:Core/Src/main.c **** #include "tim.h"
  23:Core/Src/main.c **** #include "usart.h"
  24:Core/Src/main.c **** #include "gpio.h"
  25:Core/Src/main.c **** 
  26:Core/Src/main.c **** /* Private includes ----------------------------------------------------------*/
  27:Core/Src/main.c **** /* USER CODE BEGIN Includes */
  28:Core/Src/main.c **** 
  29:Core/Src/main.c **** /* USER CODE END Includes */
  30:Core/Src/main.c **** 
  31:Core/Src/main.c **** /* Private typedef -----------------------------------------------------------*/
ARM GAS  /tmp/ccnV5Q3c.s 			page 2


  32:Core/Src/main.c **** /* USER CODE BEGIN PTD */
  33:Core/Src/main.c **** 
  34:Core/Src/main.c **** /* USER CODE END PTD */
  35:Core/Src/main.c **** 
  36:Core/Src/main.c **** /* Private define ------------------------------------------------------------*/
  37:Core/Src/main.c **** /* USER CODE BEGIN PD */
  38:Core/Src/main.c **** 
  39:Core/Src/main.c **** /* USER CODE END PD */
  40:Core/Src/main.c **** 
  41:Core/Src/main.c **** /* Private macro -------------------------------------------------------------*/
  42:Core/Src/main.c **** /* USER CODE BEGIN PM */
  43:Core/Src/main.c **** 
  44:Core/Src/main.c **** /* USER CODE END PM */
  45:Core/Src/main.c **** 
  46:Core/Src/main.c **** /* Private variables ---------------------------------------------------------*/
  47:Core/Src/main.c **** 
  48:Core/Src/main.c **** /* USER CODE BEGIN PV */
  49:Core/Src/main.c **** volatile uint32_t diff_ticks = 0;
  50:Core/Src/main.c **** volatile uint8_t new_read = 0;
  51:Core/Src/main.c **** /* USER CODE END PV */
  52:Core/Src/main.c **** 
  53:Core/Src/main.c **** /* Private function prototypes -----------------------------------------------*/
  54:Core/Src/main.c **** void SystemClock_Config(void);
  55:Core/Src/main.c **** void MX_FREERTOS_Init(void);
  56:Core/Src/main.c **** /* USER CODE BEGIN PFP */
  57:Core/Src/main.c **** 
  58:Core/Src/main.c **** /* USER CODE END PFP */
  59:Core/Src/main.c **** 
  60:Core/Src/main.c **** /* Private user code ---------------------------------------------------------*/
  61:Core/Src/main.c **** /* USER CODE BEGIN 0 */
  62:Core/Src/main.c **** 
  63:Core/Src/main.c **** /* USER CODE END 0 */
  64:Core/Src/main.c **** 
  65:Core/Src/main.c **** /**
  66:Core/Src/main.c ****   * @brief  The application entry point.
  67:Core/Src/main.c ****   * @retval int
  68:Core/Src/main.c ****   */
  69:Core/Src/main.c **** int main(void)
  70:Core/Src/main.c **** {
  71:Core/Src/main.c **** 
  72:Core/Src/main.c ****   /* USER CODE BEGIN 1 */
  73:Core/Src/main.c **** 
  74:Core/Src/main.c ****   /* USER CODE END 1 */
  75:Core/Src/main.c **** 
  76:Core/Src/main.c ****   /* MCU Configuration--------------------------------------------------------*/
  77:Core/Src/main.c **** 
  78:Core/Src/main.c ****   /* Reset of all peripherals, Initializes the Flash interface and the Systick. */
  79:Core/Src/main.c ****   HAL_Init();
  80:Core/Src/main.c **** 
  81:Core/Src/main.c ****   /* USER CODE BEGIN Init */
  82:Core/Src/main.c **** 
  83:Core/Src/main.c ****   /* USER CODE END Init */
  84:Core/Src/main.c **** 
  85:Core/Src/main.c ****   /* Configure the system clock */
  86:Core/Src/main.c ****   SystemClock_Config();
  87:Core/Src/main.c **** 
  88:Core/Src/main.c ****   /* USER CODE BEGIN SysInit */
ARM GAS  /tmp/ccnV5Q3c.s 			page 3


  89:Core/Src/main.c **** 
  90:Core/Src/main.c ****   /* USER CODE END SysInit */
  91:Core/Src/main.c **** 
  92:Core/Src/main.c ****   /* Initialize all configured peripherals */
  93:Core/Src/main.c ****   MX_GPIO_Init();
  94:Core/Src/main.c ****   MX_USART1_UART_Init();
  95:Core/Src/main.c ****   MX_TIM4_Init();
  96:Core/Src/main.c ****   HAL_TIM_IC_Start_IT(&htim4, TIM_CHANNEL_1);
  97:Core/Src/main.c ****   /* USER CODE BEGIN 2 */
  98:Core/Src/main.c **** 
  99:Core/Src/main.c ****   /* USER CODE END 2 */
 100:Core/Src/main.c **** 
 101:Core/Src/main.c ****   /* Call init function for freertos objects (in cmsis_os2.c) */
 102:Core/Src/main.c ****   MX_FREERTOS_Init();
 103:Core/Src/main.c **** 
 104:Core/Src/main.c ****   /* Start scheduler */
 105:Core/Src/main.c ****   osKernelStart();
 106:Core/Src/main.c **** 
 107:Core/Src/main.c ****   /* We should never get here as control is now taken by the scheduler */
 108:Core/Src/main.c **** 
 109:Core/Src/main.c ****   /* Infinite loop */
 110:Core/Src/main.c ****   /* USER CODE BEGIN WHILE */
 111:Core/Src/main.c ****   while (1)
 112:Core/Src/main.c ****   {
 113:Core/Src/main.c ****     /* USER CODE END WHILE */
 114:Core/Src/main.c **** 
 115:Core/Src/main.c ****     /* USER CODE BEGIN 3 */
 116:Core/Src/main.c ****   }
 117:Core/Src/main.c ****   /* USER CODE END 3 */
 118:Core/Src/main.c **** }
 119:Core/Src/main.c **** 
 120:Core/Src/main.c **** /**
 121:Core/Src/main.c ****   * @brief System Clock Configuration
 122:Core/Src/main.c ****   * @retval None
 123:Core/Src/main.c ****   */
 124:Core/Src/main.c **** void SystemClock_Config(void)
 125:Core/Src/main.c **** {
 126:Core/Src/main.c ****   RCC_OscInitTypeDef RCC_OscInitStruct = {0};
 127:Core/Src/main.c ****   RCC_ClkInitTypeDef RCC_ClkInitStruct = {0};
 128:Core/Src/main.c **** 
 129:Core/Src/main.c ****   /** Initializes the RCC Oscillators according to the specified parameters
 130:Core/Src/main.c ****   * in the RCC_OscInitTypeDef structure.
 131:Core/Src/main.c ****   */
 132:Core/Src/main.c ****   RCC_OscInitStruct.OscillatorType = RCC_OSCILLATORTYPE_HSE;
 133:Core/Src/main.c ****   RCC_OscInitStruct.HSEState = RCC_HSE_ON;
 134:Core/Src/main.c ****   RCC_OscInitStruct.HSEPredivValue = RCC_HSE_PREDIV_DIV1;
 135:Core/Src/main.c ****   RCC_OscInitStruct.HSIState = RCC_HSI_ON;
 136:Core/Src/main.c ****   RCC_OscInitStruct.PLL.PLLState = RCC_PLL_ON;
 137:Core/Src/main.c ****   RCC_OscInitStruct.PLL.PLLSource = RCC_PLLSOURCE_HSE;
 138:Core/Src/main.c ****   RCC_OscInitStruct.PLL.PLLMUL = RCC_PLL_MUL9;
 139:Core/Src/main.c ****   if (HAL_RCC_OscConfig(&RCC_OscInitStruct) != HAL_OK)
 140:Core/Src/main.c ****   {
 141:Core/Src/main.c ****     Error_Handler();
 142:Core/Src/main.c ****   }
 143:Core/Src/main.c **** 
 144:Core/Src/main.c ****   /** Initializes the CPU, AHB and APB buses clocks
 145:Core/Src/main.c ****   */
ARM GAS  /tmp/ccnV5Q3c.s 			page 4


 146:Core/Src/main.c ****   RCC_ClkInitStruct.ClockType = RCC_CLOCKTYPE_HCLK|RCC_CLOCKTYPE_SYSCLK
 147:Core/Src/main.c ****                               |RCC_CLOCKTYPE_PCLK1|RCC_CLOCKTYPE_PCLK2;
 148:Core/Src/main.c ****   RCC_ClkInitStruct.SYSCLKSource = RCC_SYSCLKSOURCE_PLLCLK;
 149:Core/Src/main.c ****   RCC_ClkInitStruct.AHBCLKDivider = RCC_SYSCLK_DIV1;
 150:Core/Src/main.c ****   RCC_ClkInitStruct.APB1CLKDivider = RCC_HCLK_DIV2;
 151:Core/Src/main.c ****   RCC_ClkInitStruct.APB2CLKDivider = RCC_HCLK_DIV1;
 152:Core/Src/main.c **** 
 153:Core/Src/main.c ****   if (HAL_RCC_ClockConfig(&RCC_ClkInitStruct, FLASH_LATENCY_2) != HAL_OK)
 154:Core/Src/main.c ****   {
 155:Core/Src/main.c ****     Error_Handler();
 156:Core/Src/main.c ****   }
 157:Core/Src/main.c **** }
 158:Core/Src/main.c **** 
 159:Core/Src/main.c **** /* USER CODE BEGIN 4 */
 160:Core/Src/main.c **** void HAL_TIM_IC_CaptureCallback(TIM_HandleTypeDef *htim)
 161:Core/Src/main.c **** {
  28              		.loc 1 161 1 view -0
  29              		.cfi_startproc
  30              		@ args = 0, pretend = 0, frame = 0
  31              		@ frame_needed = 0, uses_anonymous_args = 0
  32              		.loc 1 161 1 is_stmt 0 view .LVU1
  33 0000 08B5     		push	{r3, lr}
  34              	.LCFI0:
  35              		.cfi_def_cfa_offset 8
  36              		.cfi_offset 3, -8
  37              		.cfi_offset 14, -4
 162:Core/Src/main.c ****     if (htim->Instance == TIM4)
  38              		.loc 1 162 5 is_stmt 1 view .LVU2
  39              		.loc 1 162 13 is_stmt 0 view .LVU3
  40 0002 0268     		ldr	r2, [r0]
  41              		.loc 1 162 8 view .LVU4
  42 0004 064B     		ldr	r3, .L5
  43 0006 9A42     		cmp	r2, r3
  44 0008 00D0     		beq	.L4
  45              	.LVL1:
  46              	.L1:
 163:Core/Src/main.c ****     {
 164:Core/Src/main.c ****         diff_ticks = HAL_TIM_ReadCapturedValue(htim, TIM_CHANNEL_1);
 165:Core/Src/main.c ****         new_read = 1;
 166:Core/Src/main.c ****     }
 167:Core/Src/main.c **** }
  47              		.loc 1 167 1 view .LVU5
  48 000a 08BD     		pop	{r3, pc}
  49              	.LVL2:
  50              	.L4:
 164:Core/Src/main.c ****         new_read = 1;
  51              		.loc 1 164 9 is_stmt 1 view .LVU6
 164:Core/Src/main.c ****         new_read = 1;
  52              		.loc 1 164 22 is_stmt 0 view .LVU7
  53 000c 0021     		movs	r1, #0
  54 000e FFF7FEFF 		bl	HAL_TIM_ReadCapturedValue
  55              	.LVL3:
 164:Core/Src/main.c ****         new_read = 1;
  56              		.loc 1 164 20 view .LVU8
  57 0012 044B     		ldr	r3, .L5+4
  58 0014 1860     		str	r0, [r3]
 165:Core/Src/main.c ****     }
ARM GAS  /tmp/ccnV5Q3c.s 			page 5


  59              		.loc 1 165 9 is_stmt 1 view .LVU9
 165:Core/Src/main.c ****     }
  60              		.loc 1 165 18 is_stmt 0 view .LVU10
  61 0016 044B     		ldr	r3, .L5+8
  62 0018 0122     		movs	r2, #1
  63 001a 1A70     		strb	r2, [r3]
  64              		.loc 1 167 1 view .LVU11
  65 001c F5E7     		b	.L1
  66              	.L6:
  67 001e 00BF     		.align	2
  68              	.L5:
  69 0020 00080040 		.word	1073743872
  70 0024 00000000 		.word	.LANCHOR0
  71 0028 00000000 		.word	.LANCHOR1
  72              		.cfi_endproc
  73              	.LFE72:
  75              		.section	.text._write,"ax",%progbits
  76              		.align	1
  77              		.global	_write
  78              		.syntax unified
  79              		.thumb
  80              		.thumb_func
  82              	_write:
  83              	.LVL4:
  84              	.LFB73:
 168:Core/Src/main.c **** /* UART printf support */
 169:Core/Src/main.c **** int _write(int file, char *ptr, int len)
 170:Core/Src/main.c **** {
  85              		.loc 1 170 1 is_stmt 1 view -0
  86              		.cfi_startproc
  87              		@ args = 0, pretend = 0, frame = 0
  88              		@ frame_needed = 0, uses_anonymous_args = 0
  89              		.loc 1 170 1 is_stmt 0 view .LVU13
  90 0000 10B5     		push	{r4, lr}
  91              	.LCFI1:
  92              		.cfi_def_cfa_offset 8
  93              		.cfi_offset 4, -8
  94              		.cfi_offset 14, -4
  95 0002 1446     		mov	r4, r2
 171:Core/Src/main.c ****   HAL_UART_Transmit(&huart1, (uint8_t*)ptr, len, HAL_MAX_DELAY);
  96              		.loc 1 171 3 is_stmt 1 view .LVU14
  97 0004 4FF0FF33 		mov	r3, #-1
  98 0008 92B2     		uxth	r2, r2
  99              	.LVL5:
 100              		.loc 1 171 3 is_stmt 0 view .LVU15
 101 000a 0248     		ldr	r0, .L9
 102              	.LVL6:
 103              		.loc 1 171 3 view .LVU16
 104 000c FFF7FEFF 		bl	HAL_UART_Transmit
 105              	.LVL7:
 172:Core/Src/main.c ****   return len;
 106              		.loc 1 172 3 is_stmt 1 view .LVU17
 173:Core/Src/main.c **** }
 107              		.loc 1 173 1 is_stmt 0 view .LVU18
 108 0010 2046     		mov	r0, r4
 109 0012 10BD     		pop	{r4, pc}
 110              	.LVL8:
ARM GAS  /tmp/ccnV5Q3c.s 			page 6


 111              	.L10:
 112              		.loc 1 173 1 view .LVU19
 113              		.align	2
 114              	.L9:
 115 0014 00000000 		.word	huart1
 116              		.cfi_endproc
 117              	.LFE73:
 119              		.section	.text.HAL_TIM_PeriodElapsedCallback,"ax",%progbits
 120              		.align	1
 121              		.global	HAL_TIM_PeriodElapsedCallback
 122              		.syntax unified
 123              		.thumb
 124              		.thumb_func
 126              	HAL_TIM_PeriodElapsedCallback:
 127              	.LVL9:
 128              	.LFB74:
 174:Core/Src/main.c **** /* USER CODE END 4 */
 175:Core/Src/main.c **** 
 176:Core/Src/main.c **** /**
 177:Core/Src/main.c ****   * @brief  Period elapsed callback in non blocking mode
 178:Core/Src/main.c ****   * @note   This function is called  when TIM2 interrupt took place, inside
 179:Core/Src/main.c ****   * HAL_TIM_IRQHandler(). It makes a direct call to HAL_IncTick() to increment
 180:Core/Src/main.c ****   * a global variable "uwTick" used as application time base.
 181:Core/Src/main.c ****   * @param  htim : TIM handle
 182:Core/Src/main.c ****   * @retval None
 183:Core/Src/main.c ****   */
 184:Core/Src/main.c **** void HAL_TIM_PeriodElapsedCallback(TIM_HandleTypeDef *htim)
 185:Core/Src/main.c **** {
 129              		.loc 1 185 1 is_stmt 1 view -0
 130              		.cfi_startproc
 131              		@ args = 0, pretend = 0, frame = 0
 132              		@ frame_needed = 0, uses_anonymous_args = 0
 133              		.loc 1 185 1 is_stmt 0 view .LVU21
 134 0000 08B5     		push	{r3, lr}
 135              	.LCFI2:
 136              		.cfi_def_cfa_offset 8
 137              		.cfi_offset 3, -8
 138              		.cfi_offset 14, -4
 186:Core/Src/main.c ****   /* USER CODE BEGIN Callback 0 */
 187:Core/Src/main.c **** 
 188:Core/Src/main.c ****   /* USER CODE END Callback 0 */
 189:Core/Src/main.c ****   if (htim->Instance == TIM2)
 139              		.loc 1 189 3 is_stmt 1 view .LVU22
 140              		.loc 1 189 11 is_stmt 0 view .LVU23
 141 0002 0368     		ldr	r3, [r0]
 142              		.loc 1 189 6 view .LVU24
 143 0004 B3F1804F 		cmp	r3, #1073741824
 144 0008 00D0     		beq	.L14
 145              	.LVL10:
 146              	.L11:
 190:Core/Src/main.c ****   {
 191:Core/Src/main.c ****     HAL_IncTick();
 192:Core/Src/main.c ****   }
 193:Core/Src/main.c ****   /* USER CODE BEGIN Callback 1 */
 194:Core/Src/main.c **** 
 195:Core/Src/main.c ****   /* USER CODE END Callback 1 */
 196:Core/Src/main.c **** }
ARM GAS  /tmp/ccnV5Q3c.s 			page 7


 147              		.loc 1 196 1 view .LVU25
 148 000a 08BD     		pop	{r3, pc}
 149              	.LVL11:
 150              	.L14:
 191:Core/Src/main.c ****   }
 151              		.loc 1 191 5 is_stmt 1 view .LVU26
 152 000c FFF7FEFF 		bl	HAL_IncTick
 153              	.LVL12:
 154              		.loc 1 196 1 is_stmt 0 view .LVU27
 155 0010 FBE7     		b	.L11
 156              		.cfi_endproc
 157              	.LFE74:
 159              		.section	.text.Error_Handler,"ax",%progbits
 160              		.align	1
 161              		.global	Error_Handler
 162              		.syntax unified
 163              		.thumb
 164              		.thumb_func
 166              	Error_Handler:
 167              	.LFB75:
 197:Core/Src/main.c **** 
 198:Core/Src/main.c **** /**
 199:Core/Src/main.c ****   * @brief  This function is executed in case of error occurrence.
 200:Core/Src/main.c ****   * @retval None
 201:Core/Src/main.c ****   */
 202:Core/Src/main.c **** void Error_Handler(void)
 203:Core/Src/main.c **** {
 168              		.loc 1 203 1 is_stmt 1 view -0
 169              		.cfi_startproc
 170              		@ Volatile: function does not return.
 171              		@ args = 0, pretend = 0, frame = 0
 172              		@ frame_needed = 0, uses_anonymous_args = 0
 173              		@ link register save eliminated.
 204:Core/Src/main.c ****   /* USER CODE BEGIN Error_Handler_Debug */
 205:Core/Src/main.c ****   /* User can add his own implementation to report the HAL error return state */
 206:Core/Src/main.c ****   __disable_irq();
 174              		.loc 1 206 3 view .LVU29
 175              	.LBB4:
 176              	.LBI4:
 177              		.file 2 "Drivers/CMSIS/Include/cmsis_gcc.h"
   1:Drivers/CMSIS/Include/cmsis_gcc.h **** /**************************************************************************//**
   2:Drivers/CMSIS/Include/cmsis_gcc.h ****  * @file     cmsis_gcc.h
   3:Drivers/CMSIS/Include/cmsis_gcc.h ****  * @brief    CMSIS compiler GCC header file
   4:Drivers/CMSIS/Include/cmsis_gcc.h ****  * @version  V5.0.4
   5:Drivers/CMSIS/Include/cmsis_gcc.h ****  * @date     09. April 2018
   6:Drivers/CMSIS/Include/cmsis_gcc.h ****  ******************************************************************************/
   7:Drivers/CMSIS/Include/cmsis_gcc.h **** /*
   8:Drivers/CMSIS/Include/cmsis_gcc.h ****  * Copyright (c) 2009-2018 Arm Limited. All rights reserved.
   9:Drivers/CMSIS/Include/cmsis_gcc.h ****  *
  10:Drivers/CMSIS/Include/cmsis_gcc.h ****  * SPDX-License-Identifier: Apache-2.0
  11:Drivers/CMSIS/Include/cmsis_gcc.h ****  *
  12:Drivers/CMSIS/Include/cmsis_gcc.h ****  * Licensed under the Apache License, Version 2.0 (the License); you may
  13:Drivers/CMSIS/Include/cmsis_gcc.h ****  * not use this file except in compliance with the License.
  14:Drivers/CMSIS/Include/cmsis_gcc.h ****  * You may obtain a copy of the License at
  15:Drivers/CMSIS/Include/cmsis_gcc.h ****  *
  16:Drivers/CMSIS/Include/cmsis_gcc.h ****  * www.apache.org/licenses/LICENSE-2.0
  17:Drivers/CMSIS/Include/cmsis_gcc.h ****  *
ARM GAS  /tmp/ccnV5Q3c.s 			page 8


  18:Drivers/CMSIS/Include/cmsis_gcc.h ****  * Unless required by applicable law or agreed to in writing, software
  19:Drivers/CMSIS/Include/cmsis_gcc.h ****  * distributed under the License is distributed on an AS IS BASIS, WITHOUT
  20:Drivers/CMSIS/Include/cmsis_gcc.h ****  * WARRANTIES OR CONDITIONS OF ANY KIND, either express or implied.
  21:Drivers/CMSIS/Include/cmsis_gcc.h ****  * See the License for the specific language governing permissions and
  22:Drivers/CMSIS/Include/cmsis_gcc.h ****  * limitations under the License.
  23:Drivers/CMSIS/Include/cmsis_gcc.h ****  */
  24:Drivers/CMSIS/Include/cmsis_gcc.h **** 
  25:Drivers/CMSIS/Include/cmsis_gcc.h **** #ifndef __CMSIS_GCC_H
  26:Drivers/CMSIS/Include/cmsis_gcc.h **** #define __CMSIS_GCC_H
  27:Drivers/CMSIS/Include/cmsis_gcc.h **** 
  28:Drivers/CMSIS/Include/cmsis_gcc.h **** /* ignore some GCC warnings */
  29:Drivers/CMSIS/Include/cmsis_gcc.h **** #pragma GCC diagnostic push
  30:Drivers/CMSIS/Include/cmsis_gcc.h **** #pragma GCC diagnostic ignored "-Wsign-conversion"
  31:Drivers/CMSIS/Include/cmsis_gcc.h **** #pragma GCC diagnostic ignored "-Wconversion"
  32:Drivers/CMSIS/Include/cmsis_gcc.h **** #pragma GCC diagnostic ignored "-Wunused-parameter"
  33:Drivers/CMSIS/Include/cmsis_gcc.h **** 
  34:Drivers/CMSIS/Include/cmsis_gcc.h **** /* Fallback for __has_builtin */
  35:Drivers/CMSIS/Include/cmsis_gcc.h **** #ifndef __has_builtin
  36:Drivers/CMSIS/Include/cmsis_gcc.h ****   #define __has_builtin(x) (0)
  37:Drivers/CMSIS/Include/cmsis_gcc.h **** #endif
  38:Drivers/CMSIS/Include/cmsis_gcc.h **** 
  39:Drivers/CMSIS/Include/cmsis_gcc.h **** /* CMSIS compiler specific defines */
  40:Drivers/CMSIS/Include/cmsis_gcc.h **** #ifndef   __ASM
  41:Drivers/CMSIS/Include/cmsis_gcc.h ****   #define __ASM                                  __asm
  42:Drivers/CMSIS/Include/cmsis_gcc.h **** #endif
  43:Drivers/CMSIS/Include/cmsis_gcc.h **** #ifndef   __INLINE
  44:Drivers/CMSIS/Include/cmsis_gcc.h ****   #define __INLINE                               inline
  45:Drivers/CMSIS/Include/cmsis_gcc.h **** #endif
  46:Drivers/CMSIS/Include/cmsis_gcc.h **** #ifndef   __STATIC_INLINE
  47:Drivers/CMSIS/Include/cmsis_gcc.h ****   #define __STATIC_INLINE                        static inline
  48:Drivers/CMSIS/Include/cmsis_gcc.h **** #endif
  49:Drivers/CMSIS/Include/cmsis_gcc.h **** #ifndef   __STATIC_FORCEINLINE                 
  50:Drivers/CMSIS/Include/cmsis_gcc.h ****   #define __STATIC_FORCEINLINE                   __attribute__((always_inline)) static inline
  51:Drivers/CMSIS/Include/cmsis_gcc.h **** #endif                                           
  52:Drivers/CMSIS/Include/cmsis_gcc.h **** #ifndef   __NO_RETURN
  53:Drivers/CMSIS/Include/cmsis_gcc.h ****   #define __NO_RETURN                            __attribute__((__noreturn__))
  54:Drivers/CMSIS/Include/cmsis_gcc.h **** #endif
  55:Drivers/CMSIS/Include/cmsis_gcc.h **** #ifndef   __USED
  56:Drivers/CMSIS/Include/cmsis_gcc.h ****   #define __USED                                 __attribute__((used))
  57:Drivers/CMSIS/Include/cmsis_gcc.h **** #endif
  58:Drivers/CMSIS/Include/cmsis_gcc.h **** #ifndef   __WEAK
  59:Drivers/CMSIS/Include/cmsis_gcc.h ****   #define __WEAK                                 __attribute__((weak))
  60:Drivers/CMSIS/Include/cmsis_gcc.h **** #endif
  61:Drivers/CMSIS/Include/cmsis_gcc.h **** #ifndef   __PACKED
  62:Drivers/CMSIS/Include/cmsis_gcc.h ****   #define __PACKED                               __attribute__((packed, aligned(1)))
  63:Drivers/CMSIS/Include/cmsis_gcc.h **** #endif
  64:Drivers/CMSIS/Include/cmsis_gcc.h **** #ifndef   __PACKED_STRUCT
  65:Drivers/CMSIS/Include/cmsis_gcc.h ****   #define __PACKED_STRUCT                        struct __attribute__((packed, aligned(1)))
  66:Drivers/CMSIS/Include/cmsis_gcc.h **** #endif
  67:Drivers/CMSIS/Include/cmsis_gcc.h **** #ifndef   __PACKED_UNION
  68:Drivers/CMSIS/Include/cmsis_gcc.h ****   #define __PACKED_UNION                         union __attribute__((packed, aligned(1)))
  69:Drivers/CMSIS/Include/cmsis_gcc.h **** #endif
  70:Drivers/CMSIS/Include/cmsis_gcc.h **** #ifndef   __UNALIGNED_UINT32        /* deprecated */
  71:Drivers/CMSIS/Include/cmsis_gcc.h ****   #pragma GCC diagnostic push
  72:Drivers/CMSIS/Include/cmsis_gcc.h ****   #pragma GCC diagnostic ignored "-Wpacked"
  73:Drivers/CMSIS/Include/cmsis_gcc.h ****   #pragma GCC diagnostic ignored "-Wattributes"
  74:Drivers/CMSIS/Include/cmsis_gcc.h ****   struct __attribute__((packed)) T_UINT32 { uint32_t v; };
ARM GAS  /tmp/ccnV5Q3c.s 			page 9


  75:Drivers/CMSIS/Include/cmsis_gcc.h ****   #pragma GCC diagnostic pop
  76:Drivers/CMSIS/Include/cmsis_gcc.h ****   #define __UNALIGNED_UINT32(x)                  (((struct T_UINT32 *)(x))->v)
  77:Drivers/CMSIS/Include/cmsis_gcc.h **** #endif
  78:Drivers/CMSIS/Include/cmsis_gcc.h **** #ifndef   __UNALIGNED_UINT16_WRITE
  79:Drivers/CMSIS/Include/cmsis_gcc.h ****   #pragma GCC diagnostic push
  80:Drivers/CMSIS/Include/cmsis_gcc.h ****   #pragma GCC diagnostic ignored "-Wpacked"
  81:Drivers/CMSIS/Include/cmsis_gcc.h ****   #pragma GCC diagnostic ignored "-Wattributes"
  82:Drivers/CMSIS/Include/cmsis_gcc.h ****   __PACKED_STRUCT T_UINT16_WRITE { uint16_t v; };
  83:Drivers/CMSIS/Include/cmsis_gcc.h ****   #pragma GCC diagnostic pop
  84:Drivers/CMSIS/Include/cmsis_gcc.h ****   #define __UNALIGNED_UINT16_WRITE(addr, val)    (void)((((struct T_UINT16_WRITE *)(void *)(addr))-
  85:Drivers/CMSIS/Include/cmsis_gcc.h **** #endif
  86:Drivers/CMSIS/Include/cmsis_gcc.h **** #ifndef   __UNALIGNED_UINT16_READ
  87:Drivers/CMSIS/Include/cmsis_gcc.h ****   #pragma GCC diagnostic push
  88:Drivers/CMSIS/Include/cmsis_gcc.h ****   #pragma GCC diagnostic ignored "-Wpacked"
  89:Drivers/CMSIS/Include/cmsis_gcc.h ****   #pragma GCC diagnostic ignored "-Wattributes"
  90:Drivers/CMSIS/Include/cmsis_gcc.h ****   __PACKED_STRUCT T_UINT16_READ { uint16_t v; };
  91:Drivers/CMSIS/Include/cmsis_gcc.h ****   #pragma GCC diagnostic pop
  92:Drivers/CMSIS/Include/cmsis_gcc.h ****   #define __UNALIGNED_UINT16_READ(addr)          (((const struct T_UINT16_READ *)(const void *)(add
  93:Drivers/CMSIS/Include/cmsis_gcc.h **** #endif
  94:Drivers/CMSIS/Include/cmsis_gcc.h **** #ifndef   __UNALIGNED_UINT32_WRITE
  95:Drivers/CMSIS/Include/cmsis_gcc.h ****   #pragma GCC diagnostic push
  96:Drivers/CMSIS/Include/cmsis_gcc.h ****   #pragma GCC diagnostic ignored "-Wpacked"
  97:Drivers/CMSIS/Include/cmsis_gcc.h ****   #pragma GCC diagnostic ignored "-Wattributes"
  98:Drivers/CMSIS/Include/cmsis_gcc.h ****   __PACKED_STRUCT T_UINT32_WRITE { uint32_t v; };
  99:Drivers/CMSIS/Include/cmsis_gcc.h ****   #pragma GCC diagnostic pop
 100:Drivers/CMSIS/Include/cmsis_gcc.h ****   #define __UNALIGNED_UINT32_WRITE(addr, val)    (void)((((struct T_UINT32_WRITE *)(void *)(addr))-
 101:Drivers/CMSIS/Include/cmsis_gcc.h **** #endif
 102:Drivers/CMSIS/Include/cmsis_gcc.h **** #ifndef   __UNALIGNED_UINT32_READ
 103:Drivers/CMSIS/Include/cmsis_gcc.h ****   #pragma GCC diagnostic push
 104:Drivers/CMSIS/Include/cmsis_gcc.h ****   #pragma GCC diagnostic ignored "-Wpacked"
 105:Drivers/CMSIS/Include/cmsis_gcc.h ****   #pragma GCC diagnostic ignored "-Wattributes"
 106:Drivers/CMSIS/Include/cmsis_gcc.h ****   __PACKED_STRUCT T_UINT32_READ { uint32_t v; };
 107:Drivers/CMSIS/Include/cmsis_gcc.h ****   #pragma GCC diagnostic pop
 108:Drivers/CMSIS/Include/cmsis_gcc.h ****   #define __UNALIGNED_UINT32_READ(addr)          (((const struct T_UINT32_READ *)(const void *)(add
 109:Drivers/CMSIS/Include/cmsis_gcc.h **** #endif
 110:Drivers/CMSIS/Include/cmsis_gcc.h **** #ifndef   __ALIGNED
 111:Drivers/CMSIS/Include/cmsis_gcc.h ****   #define __ALIGNED(x)                           __attribute__((aligned(x)))
 112:Drivers/CMSIS/Include/cmsis_gcc.h **** #endif
 113:Drivers/CMSIS/Include/cmsis_gcc.h **** #ifndef   __RESTRICT
 114:Drivers/CMSIS/Include/cmsis_gcc.h ****   #define __RESTRICT                             __restrict
 115:Drivers/CMSIS/Include/cmsis_gcc.h **** #endif
 116:Drivers/CMSIS/Include/cmsis_gcc.h **** 
 117:Drivers/CMSIS/Include/cmsis_gcc.h **** 
 118:Drivers/CMSIS/Include/cmsis_gcc.h **** /* ###########################  Core Function Access  ########################### */
 119:Drivers/CMSIS/Include/cmsis_gcc.h **** /** \ingroup  CMSIS_Core_FunctionInterface
 120:Drivers/CMSIS/Include/cmsis_gcc.h ****     \defgroup CMSIS_Core_RegAccFunctions CMSIS Core Register Access Functions
 121:Drivers/CMSIS/Include/cmsis_gcc.h ****   @{
 122:Drivers/CMSIS/Include/cmsis_gcc.h ****  */
 123:Drivers/CMSIS/Include/cmsis_gcc.h **** 
 124:Drivers/CMSIS/Include/cmsis_gcc.h **** /**
 125:Drivers/CMSIS/Include/cmsis_gcc.h ****   \brief   Enable IRQ Interrupts
 126:Drivers/CMSIS/Include/cmsis_gcc.h ****   \details Enables IRQ interrupts by clearing the I-bit in the CPSR.
 127:Drivers/CMSIS/Include/cmsis_gcc.h ****            Can only be executed in Privileged modes.
 128:Drivers/CMSIS/Include/cmsis_gcc.h ****  */
 129:Drivers/CMSIS/Include/cmsis_gcc.h **** __STATIC_FORCEINLINE void __enable_irq(void)
 130:Drivers/CMSIS/Include/cmsis_gcc.h **** {
 131:Drivers/CMSIS/Include/cmsis_gcc.h ****   __ASM volatile ("cpsie i" : : : "memory");
ARM GAS  /tmp/ccnV5Q3c.s 			page 10


 132:Drivers/CMSIS/Include/cmsis_gcc.h **** }
 133:Drivers/CMSIS/Include/cmsis_gcc.h **** 
 134:Drivers/CMSIS/Include/cmsis_gcc.h **** 
 135:Drivers/CMSIS/Include/cmsis_gcc.h **** /**
 136:Drivers/CMSIS/Include/cmsis_gcc.h ****   \brief   Disable IRQ Interrupts
 137:Drivers/CMSIS/Include/cmsis_gcc.h ****   \details Disables IRQ interrupts by setting the I-bit in the CPSR.
 138:Drivers/CMSIS/Include/cmsis_gcc.h ****            Can only be executed in Privileged modes.
 139:Drivers/CMSIS/Include/cmsis_gcc.h ****  */
 140:Drivers/CMSIS/Include/cmsis_gcc.h **** __STATIC_FORCEINLINE void __disable_irq(void)
 178              		.loc 2 140 27 view .LVU30
 179              	.LBB5:
 141:Drivers/CMSIS/Include/cmsis_gcc.h **** {
 142:Drivers/CMSIS/Include/cmsis_gcc.h ****   __ASM volatile ("cpsid i" : : : "memory");
 180              		.loc 2 142 3 view .LVU31
 181              		.syntax unified
 182              	@ 142 "Drivers/CMSIS/Include/cmsis_gcc.h" 1
 183 0000 72B6     		cpsid i
 184              	@ 0 "" 2
 185              		.thumb
 186              		.syntax unified
 187              	.L16:
 188              	.LBE5:
 189              	.LBE4:
 207:Core/Src/main.c ****   while (1)
 190              		.loc 1 207 3 discriminator 1 view .LVU32
 208:Core/Src/main.c ****   {
 209:Core/Src/main.c ****   }
 191              		.loc 1 209 3 discriminator 1 view .LVU33
 207:Core/Src/main.c ****   while (1)
 192              		.loc 1 207 9 discriminator 1 view .LVU34
 193 0002 FEE7     		b	.L16
 194              		.cfi_endproc
 195              	.LFE75:
 197              		.section	.text.SystemClock_Config,"ax",%progbits
 198              		.align	1
 199              		.global	SystemClock_Config
 200              		.syntax unified
 201              		.thumb
 202              		.thumb_func
 204              	SystemClock_Config:
 205              	.LFB71:
 125:Core/Src/main.c ****   RCC_OscInitTypeDef RCC_OscInitStruct = {0};
 206              		.loc 1 125 1 view -0
 207              		.cfi_startproc
 208              		@ args = 0, pretend = 0, frame = 64
 209              		@ frame_needed = 0, uses_anonymous_args = 0
 210 0000 00B5     		push	{lr}
 211              	.LCFI3:
 212              		.cfi_def_cfa_offset 4
 213              		.cfi_offset 14, -4
 214 0002 91B0     		sub	sp, sp, #68
 215              	.LCFI4:
 216              		.cfi_def_cfa_offset 72
 126:Core/Src/main.c ****   RCC_ClkInitTypeDef RCC_ClkInitStruct = {0};
 217              		.loc 1 126 3 view .LVU36
 126:Core/Src/main.c ****   RCC_ClkInitTypeDef RCC_ClkInitStruct = {0};
 218              		.loc 1 126 22 is_stmt 0 view .LVU37
ARM GAS  /tmp/ccnV5Q3c.s 			page 11


 219 0004 2822     		movs	r2, #40
 220 0006 0021     		movs	r1, #0
 221 0008 06A8     		add	r0, sp, #24
 222 000a FFF7FEFF 		bl	memset
 223              	.LVL13:
 127:Core/Src/main.c **** 
 224              		.loc 1 127 3 is_stmt 1 view .LVU38
 127:Core/Src/main.c **** 
 225              		.loc 1 127 22 is_stmt 0 view .LVU39
 226 000e 0023     		movs	r3, #0
 227 0010 0193     		str	r3, [sp, #4]
 228 0012 0293     		str	r3, [sp, #8]
 229 0014 0393     		str	r3, [sp, #12]
 230 0016 0493     		str	r3, [sp, #16]
 231 0018 0593     		str	r3, [sp, #20]
 132:Core/Src/main.c ****   RCC_OscInitStruct.HSEState = RCC_HSE_ON;
 232              		.loc 1 132 3 is_stmt 1 view .LVU40
 132:Core/Src/main.c ****   RCC_OscInitStruct.HSEState = RCC_HSE_ON;
 233              		.loc 1 132 36 is_stmt 0 view .LVU41
 234 001a 0122     		movs	r2, #1
 235 001c 0692     		str	r2, [sp, #24]
 133:Core/Src/main.c ****   RCC_OscInitStruct.HSEPredivValue = RCC_HSE_PREDIV_DIV1;
 236              		.loc 1 133 3 is_stmt 1 view .LVU42
 133:Core/Src/main.c ****   RCC_OscInitStruct.HSEPredivValue = RCC_HSE_PREDIV_DIV1;
 237              		.loc 1 133 30 is_stmt 0 view .LVU43
 238 001e 4FF48033 		mov	r3, #65536
 239 0022 0793     		str	r3, [sp, #28]
 134:Core/Src/main.c ****   RCC_OscInitStruct.HSIState = RCC_HSI_ON;
 240              		.loc 1 134 3 is_stmt 1 view .LVU44
 135:Core/Src/main.c ****   RCC_OscInitStruct.PLL.PLLState = RCC_PLL_ON;
 241              		.loc 1 135 3 view .LVU45
 135:Core/Src/main.c ****   RCC_OscInitStruct.PLL.PLLState = RCC_PLL_ON;
 242              		.loc 1 135 30 is_stmt 0 view .LVU46
 243 0024 0A92     		str	r2, [sp, #40]
 136:Core/Src/main.c ****   RCC_OscInitStruct.PLL.PLLSource = RCC_PLLSOURCE_HSE;
 244              		.loc 1 136 3 is_stmt 1 view .LVU47
 136:Core/Src/main.c ****   RCC_OscInitStruct.PLL.PLLSource = RCC_PLLSOURCE_HSE;
 245              		.loc 1 136 34 is_stmt 0 view .LVU48
 246 0026 0222     		movs	r2, #2
 247 0028 0D92     		str	r2, [sp, #52]
 137:Core/Src/main.c ****   RCC_OscInitStruct.PLL.PLLMUL = RCC_PLL_MUL9;
 248              		.loc 1 137 3 is_stmt 1 view .LVU49
 137:Core/Src/main.c ****   RCC_OscInitStruct.PLL.PLLMUL = RCC_PLL_MUL9;
 249              		.loc 1 137 35 is_stmt 0 view .LVU50
 250 002a 0E93     		str	r3, [sp, #56]
 138:Core/Src/main.c ****   if (HAL_RCC_OscConfig(&RCC_OscInitStruct) != HAL_OK)
 251              		.loc 1 138 3 is_stmt 1 view .LVU51
 138:Core/Src/main.c ****   if (HAL_RCC_OscConfig(&RCC_OscInitStruct) != HAL_OK)
 252              		.loc 1 138 32 is_stmt 0 view .LVU52
 253 002c 4FF4E013 		mov	r3, #1835008
 254 0030 0F93     		str	r3, [sp, #60]
 139:Core/Src/main.c ****   {
 255              		.loc 1 139 3 is_stmt 1 view .LVU53
 139:Core/Src/main.c ****   {
 256              		.loc 1 139 7 is_stmt 0 view .LVU54
 257 0032 06A8     		add	r0, sp, #24
 258 0034 FFF7FEFF 		bl	HAL_RCC_OscConfig
ARM GAS  /tmp/ccnV5Q3c.s 			page 12


 259              	.LVL14:
 139:Core/Src/main.c ****   {
 260              		.loc 1 139 6 view .LVU55
 261 0038 80B9     		cbnz	r0, .L21
 146:Core/Src/main.c ****                               |RCC_CLOCKTYPE_PCLK1|RCC_CLOCKTYPE_PCLK2;
 262              		.loc 1 146 3 is_stmt 1 view .LVU56
 146:Core/Src/main.c ****                               |RCC_CLOCKTYPE_PCLK1|RCC_CLOCKTYPE_PCLK2;
 263              		.loc 1 146 31 is_stmt 0 view .LVU57
 264 003a 0F23     		movs	r3, #15
 265 003c 0193     		str	r3, [sp, #4]
 148:Core/Src/main.c ****   RCC_ClkInitStruct.AHBCLKDivider = RCC_SYSCLK_DIV1;
 266              		.loc 1 148 3 is_stmt 1 view .LVU58
 148:Core/Src/main.c ****   RCC_ClkInitStruct.AHBCLKDivider = RCC_SYSCLK_DIV1;
 267              		.loc 1 148 34 is_stmt 0 view .LVU59
 268 003e 0221     		movs	r1, #2
 269 0040 0291     		str	r1, [sp, #8]
 149:Core/Src/main.c ****   RCC_ClkInitStruct.APB1CLKDivider = RCC_HCLK_DIV2;
 270              		.loc 1 149 3 is_stmt 1 view .LVU60
 149:Core/Src/main.c ****   RCC_ClkInitStruct.APB1CLKDivider = RCC_HCLK_DIV2;
 271              		.loc 1 149 35 is_stmt 0 view .LVU61
 272 0042 0023     		movs	r3, #0
 273 0044 0393     		str	r3, [sp, #12]
 150:Core/Src/main.c ****   RCC_ClkInitStruct.APB2CLKDivider = RCC_HCLK_DIV1;
 274              		.loc 1 150 3 is_stmt 1 view .LVU62
 150:Core/Src/main.c ****   RCC_ClkInitStruct.APB2CLKDivider = RCC_HCLK_DIV1;
 275              		.loc 1 150 36 is_stmt 0 view .LVU63
 276 0046 4FF48062 		mov	r2, #1024
 277 004a 0492     		str	r2, [sp, #16]
 151:Core/Src/main.c **** 
 278              		.loc 1 151 3 is_stmt 1 view .LVU64
 151:Core/Src/main.c **** 
 279              		.loc 1 151 36 is_stmt 0 view .LVU65
 280 004c 0593     		str	r3, [sp, #20]
 153:Core/Src/main.c ****   {
 281              		.loc 1 153 3 is_stmt 1 view .LVU66
 153:Core/Src/main.c ****   {
 282              		.loc 1 153 7 is_stmt 0 view .LVU67
 283 004e 01A8     		add	r0, sp, #4
 284 0050 FFF7FEFF 		bl	HAL_RCC_ClockConfig
 285              	.LVL15:
 153:Core/Src/main.c ****   {
 286              		.loc 1 153 6 view .LVU68
 287 0054 20B9     		cbnz	r0, .L22
 157:Core/Src/main.c **** 
 288              		.loc 1 157 1 view .LVU69
 289 0056 11B0     		add	sp, sp, #68
 290              	.LCFI5:
 291              		.cfi_remember_state
 292              		.cfi_def_cfa_offset 4
 293              		@ sp needed
 294 0058 5DF804FB 		ldr	pc, [sp], #4
 295              	.L21:
 296              	.LCFI6:
 297              		.cfi_restore_state
 141:Core/Src/main.c ****   }
 298              		.loc 1 141 5 is_stmt 1 view .LVU70
 299 005c FFF7FEFF 		bl	Error_Handler
ARM GAS  /tmp/ccnV5Q3c.s 			page 13


 300              	.LVL16:
 301              	.L22:
 155:Core/Src/main.c ****   }
 302              		.loc 1 155 5 view .LVU71
 303 0060 FFF7FEFF 		bl	Error_Handler
 304              	.LVL17:
 305              		.cfi_endproc
 306              	.LFE71:
 308              		.section	.text.main,"ax",%progbits
 309              		.align	1
 310              		.global	main
 311              		.syntax unified
 312              		.thumb
 313              		.thumb_func
 315              	main:
 316              	.LFB70:
  70:Core/Src/main.c **** 
 317              		.loc 1 70 1 view -0
 318              		.cfi_startproc
 319              		@ Volatile: function does not return.
 320              		@ args = 0, pretend = 0, frame = 0
 321              		@ frame_needed = 0, uses_anonymous_args = 0
 322 0000 08B5     		push	{r3, lr}
 323              	.LCFI7:
 324              		.cfi_def_cfa_offset 8
 325              		.cfi_offset 3, -8
 326              		.cfi_offset 14, -4
  79:Core/Src/main.c **** 
 327              		.loc 1 79 3 view .LVU73
 328 0002 FFF7FEFF 		bl	HAL_Init
 329              	.LVL18:
  86:Core/Src/main.c **** 
 330              		.loc 1 86 3 view .LVU74
 331 0006 FFF7FEFF 		bl	SystemClock_Config
 332              	.LVL19:
  93:Core/Src/main.c ****   MX_USART1_UART_Init();
 333              		.loc 1 93 3 view .LVU75
 334 000a FFF7FEFF 		bl	MX_GPIO_Init
 335              	.LVL20:
  94:Core/Src/main.c ****   MX_TIM4_Init();
 336              		.loc 1 94 3 view .LVU76
 337 000e FFF7FEFF 		bl	MX_USART1_UART_Init
 338              	.LVL21:
  95:Core/Src/main.c ****   HAL_TIM_IC_Start_IT(&htim4, TIM_CHANNEL_1);
 339              		.loc 1 95 3 view .LVU77
 340 0012 FFF7FEFF 		bl	MX_TIM4_Init
 341              	.LVL22:
  96:Core/Src/main.c ****   /* USER CODE BEGIN 2 */
 342              		.loc 1 96 3 view .LVU78
 343 0016 0021     		movs	r1, #0
 344 0018 0348     		ldr	r0, .L26
 345 001a FFF7FEFF 		bl	HAL_TIM_IC_Start_IT
 346              	.LVL23:
 102:Core/Src/main.c **** 
 347              		.loc 1 102 3 view .LVU79
 348 001e FFF7FEFF 		bl	MX_FREERTOS_Init
 349              	.LVL24:
ARM GAS  /tmp/ccnV5Q3c.s 			page 14


 105:Core/Src/main.c **** 
 350              		.loc 1 105 3 view .LVU80
 351 0022 FFF7FEFF 		bl	osKernelStart
 352              	.LVL25:
 353              	.L24:
 111:Core/Src/main.c ****   {
 354              		.loc 1 111 3 discriminator 1 view .LVU81
 116:Core/Src/main.c ****   /* USER CODE END 3 */
 355              		.loc 1 116 3 discriminator 1 view .LVU82
 111:Core/Src/main.c ****   {
 356              		.loc 1 111 9 discriminator 1 view .LVU83
 357 0026 FEE7     		b	.L24
 358              	.L27:
 359              		.align	2
 360              	.L26:
 361 0028 00000000 		.word	htim4
 362              		.cfi_endproc
 363              	.LFE70:
 365              		.global	new_read
 366              		.global	diff_ticks
 367              		.section	.bss.diff_ticks,"aw",%nobits
 368              		.align	2
 369              		.set	.LANCHOR0,. + 0
 372              	diff_ticks:
 373 0000 00000000 		.space	4
 374              		.section	.bss.new_read,"aw",%nobits
 375              		.set	.LANCHOR1,. + 0
 378              	new_read:
 379 0000 00       		.space	1
 380              		.text
 381              	.Letext0:
 382              		.file 3 "/home/santiago/gcc-arm-none-eabi-10.3-2021.10-x86_64-linux/gcc-arm-none-eabi-10.3-2021.10
 383              		.file 4 "/home/santiago/gcc-arm-none-eabi-10.3-2021.10-x86_64-linux/gcc-arm-none-eabi-10.3-2021.10
 384              		.file 5 "Drivers/CMSIS/Device/ST/STM32F1xx/Include/stm32f103xb.h"
 385              		.file 6 "Drivers/STM32F1xx_HAL_Driver/Inc/stm32f1xx_hal_def.h"
 386              		.file 7 "Drivers/STM32F1xx_HAL_Driver/Inc/stm32f1xx_hal_rcc.h"
 387              		.file 8 "Drivers/STM32F1xx_HAL_Driver/Inc/stm32f1xx_hal_rcc_ex.h"
 388              		.file 9 "Drivers/STM32F1xx_HAL_Driver/Inc/stm32f1xx_hal_dma.h"
 389              		.file 10 "Drivers/STM32F1xx_HAL_Driver/Inc/stm32f1xx_hal_tim.h"
 390              		.file 11 "Drivers/STM32F1xx_HAL_Driver/Inc/stm32f1xx_hal_uart.h"
 391              		.file 12 "Core/Inc/tim.h"
 392              		.file 13 "Core/Inc/usart.h"
 393              		.file 14 "Drivers/STM32F1xx_HAL_Driver/Inc/stm32f1xx_hal.h"
 394              		.file 15 "Core/Inc/gpio.h"
 395              		.file 16 "Middlewares/Third_Party/FreeRTOS/Source/CMSIS_RTOS/cmsis_os.h"
 396              		.file 17 "<built-in>"
ARM GAS  /tmp/ccnV5Q3c.s 			page 15


DEFINED SYMBOLS
                            *ABS*:0000000000000000 main.c
     /tmp/ccnV5Q3c.s:18     .text.HAL_TIM_IC_CaptureCallback:0000000000000000 $t
     /tmp/ccnV5Q3c.s:24     .text.HAL_TIM_IC_CaptureCallback:0000000000000000 HAL_TIM_IC_CaptureCallback
     /tmp/ccnV5Q3c.s:69     .text.HAL_TIM_IC_CaptureCallback:0000000000000020 $d
     /tmp/ccnV5Q3c.s:76     .text._write:0000000000000000 $t
     /tmp/ccnV5Q3c.s:82     .text._write:0000000000000000 _write
     /tmp/ccnV5Q3c.s:115    .text._write:0000000000000014 $d
     /tmp/ccnV5Q3c.s:120    .text.HAL_TIM_PeriodElapsedCallback:0000000000000000 $t
     /tmp/ccnV5Q3c.s:126    .text.HAL_TIM_PeriodElapsedCallback:0000000000000000 HAL_TIM_PeriodElapsedCallback
     /tmp/ccnV5Q3c.s:160    .text.Error_Handler:0000000000000000 $t
     /tmp/ccnV5Q3c.s:166    .text.Error_Handler:0000000000000000 Error_Handler
     /tmp/ccnV5Q3c.s:198    .text.SystemClock_Config:0000000000000000 $t
     /tmp/ccnV5Q3c.s:204    .text.SystemClock_Config:0000000000000000 SystemClock_Config
     /tmp/ccnV5Q3c.s:309    .text.main:0000000000000000 $t
     /tmp/ccnV5Q3c.s:315    .text.main:0000000000000000 main
     /tmp/ccnV5Q3c.s:361    .text.main:0000000000000028 $d
     /tmp/ccnV5Q3c.s:378    .bss.new_read:0000000000000000 new_read
     /tmp/ccnV5Q3c.s:372    .bss.diff_ticks:0000000000000000 diff_ticks
     /tmp/ccnV5Q3c.s:368    .bss.diff_ticks:0000000000000000 $d
     /tmp/ccnV5Q3c.s:379    .bss.new_read:0000000000000000 $d

UNDEFINED SYMBOLS
HAL_TIM_ReadCapturedValue
HAL_UART_Transmit
huart1
HAL_IncTick
memset
HAL_RCC_OscConfig
HAL_RCC_ClockConfig
HAL_Init
MX_GPIO_Init
MX_USART1_UART_Init
MX_TIM4_Init
HAL_TIM_IC_Start_IT
MX_FREERTOS_Init
osKernelStart
htim4
