Archive member included to satisfy reference by file (symbol)

/usr/lib/gcc/arm-none-eabi/13.2.1/../../../arm-none-eabi/lib/thumb/v7-m/nofp/libc_nano.a(libc_a-strlen-stub.o)
                              build/usart.o (strlen)
/usr/lib/gcc/arm-none-eabi/13.2.1/../../../arm-none-eabi/lib/thumb/v7-m/nofp/libc_nano.a(libc_a-init.o)
                              /usr/lib/gcc/arm-none-eabi/13.2.1/../../../arm-none-eabi/lib/thumb/v7-m/nofp/crt0.o (__libc_init_array)
/usr/lib/gcc/arm-none-eabi/13.2.1/../../../arm-none-eabi/lib/thumb/v7-m/nofp/libc_nano.a(libc_a-puts.o)
                              build/main.o (puts)
/usr/lib/gcc/arm-none-eabi/13.2.1/../../../arm-none-eabi/lib/thumb/v7-m/nofp/libc_nano.a(libc_a-findfp.o)
                              /usr/lib/gcc/arm-none-eabi/13.2.1/../../../arm-none-eabi/lib/thumb/v7-m/nofp/libc_nano.a(libc_a-puts.o) (__sinit)
/usr/lib/gcc/arm-none-eabi/13.2.1/../../../arm-none-eabi/lib/thumb/v7-m/nofp/libc_nano.a(libc_a-memset.o)
                              /usr/lib/gcc/arm-none-eabi/13.2.1/../../../arm-none-eabi/lib/thumb/v7-m/nofp/crt0.o (memset)
/usr/lib/gcc/arm-none-eabi/13.2.1/../../../arm-none-eabi/lib/thumb/v7-m/nofp/libc_nano.a(libc_a-fflush.o)
                              /usr/lib/gcc/arm-none-eabi/13.2.1/../../../arm-none-eabi/lib/thumb/v7-m/nofp/libc_nano.a(libc_a-findfp.o) (_fflush_r)
/usr/lib/gcc/arm-none-eabi/13.2.1/../../../arm-none-eabi/lib/thumb/v7-m/nofp/libc_nano.a(libc_a-errno.o)
                              build/sysmem.o (__errno)
/usr/lib/gcc/arm-none-eabi/13.2.1/../../../arm-none-eabi/lib/thumb/v7-m/nofp/libc_nano.a(libc_a-nano-vfprintf_float.o)
                              (_printf_float)
/usr/lib/gcc/arm-none-eabi/13.2.1/../../../arm-none-eabi/lib/thumb/v7-m/nofp/libc_nano.a(libc_a-mallocr.o)
                              /usr/lib/gcc/arm-none-eabi/13.2.1/../../../arm-none-eabi/lib/thumb/v7-m/nofp/libc_nano.a(libc_a-findfp.o) (_malloc_r)
/usr/lib/gcc/arm-none-eabi/13.2.1/../../../arm-none-eabi/lib/thumb/v7-m/nofp/libc_nano.a(libc_a-dtoa.o)
                              /usr/lib/gcc/arm-none-eabi/13.2.1/../../../arm-none-eabi/lib/thumb/v7-m/nofp/libc_nano.a(libc_a-nano-vfprintf_float.o) (_dtoa_r)
/usr/lib/gcc/arm-none-eabi/13.2.1/../../../arm-none-eabi/lib/thumb/v7-m/nofp/libc_nano.a(libc_a-freer.o)
                              /usr/lib/gcc/arm-none-eabi/13.2.1/../../../arm-none-eabi/lib/thumb/v7-m/nofp/libc_nano.a(libc_a-fflush.o) (_free_r)
/usr/lib/gcc/arm-none-eabi/13.2.1/../../../arm-none-eabi/lib/thumb/v7-m/nofp/libc_nano.a(libc_a-fwalk.o)
                              /usr/lib/gcc/arm-none-eabi/13.2.1/../../../arm-none-eabi/lib/thumb/v7-m/nofp/libc_nano.a(libc_a-findfp.o) (_fwalk_sglue)
/usr/lib/gcc/arm-none-eabi/13.2.1/../../../arm-none-eabi/lib/thumb/v7-m/nofp/libc_nano.a(libc_a-wsetup.o)
                              /usr/lib/gcc/arm-none-eabi/13.2.1/../../../arm-none-eabi/lib/thumb/v7-m/nofp/libc_nano.a(libc_a-puts.o) (__swsetup_r)
/usr/lib/gcc/arm-none-eabi/13.2.1/../../../arm-none-eabi/lib/thumb/v7-m/nofp/libc_nano.a(libc_a-memcpy.o)
                              build/queue.o (memcpy)
/usr/lib/gcc/arm-none-eabi/13.2.1/../../../arm-none-eabi/lib/thumb/v7-m/nofp/libc_nano.a(libc_a-malloc.o)
                              /usr/lib/gcc/arm-none-eabi/13.2.1/../../../arm-none-eabi/lib/thumb/v7-m/nofp/libc_nano.a(libc_a-dtoa.o) (malloc)
/usr/lib/gcc/arm-none-eabi/13.2.1/../../../arm-none-eabi/lib/thumb/v7-m/nofp/libc_nano.a(libc_a-nano-vfprintf_i.o)
                              /usr/lib/gcc/arm-none-eabi/13.2.1/../../../arm-none-eabi/lib/thumb/v7-m/nofp/libc_nano.a(libc_a-nano-vfprintf_float.o) (_printf_common)
/usr/lib/gcc/arm-none-eabi/13.2.1/../../../arm-none-eabi/lib/thumb/v7-m/nofp/libc_nano.a(libc_a-mlock.o)
                              /usr/lib/gcc/arm-none-eabi/13.2.1/../../../arm-none-eabi/lib/thumb/v7-m/nofp/libc_nano.a(libc_a-mallocr.o) (__malloc_lock)
/usr/lib/gcc/arm-none-eabi/13.2.1/../../../arm-none-eabi/lib/thumb/v7-m/nofp/libc_nano.a(libc_a-makebuf.o)
                              /usr/lib/gcc/arm-none-eabi/13.2.1/../../../arm-none-eabi/lib/thumb/v7-m/nofp/libc_nano.a(libc_a-wsetup.o) (__smakebuf_r)
/usr/lib/gcc/arm-none-eabi/13.2.1/../../../arm-none-eabi/lib/thumb/v7-m/nofp/libc_nano.a(libc_a-exit.o)
                              /usr/lib/gcc/arm-none-eabi/13.2.1/../../../arm-none-eabi/lib/thumb/v7-m/nofp/crt0.o (exit)
/usr/lib/gcc/arm-none-eabi/13.2.1/../../../arm-none-eabi/lib/thumb/v7-m/nofp/libc_nano.a(libc_a-atexit.o)
                              /usr/lib/gcc/arm-none-eabi/13.2.1/../../../arm-none-eabi/lib/thumb/v7-m/nofp/crt0.o (atexit)
/usr/lib/gcc/arm-none-eabi/13.2.1/../../../arm-none-eabi/lib/thumb/v7-m/nofp/libc_nano.a(libc_a-memchr-stub.o)
                              /usr/lib/gcc/arm-none-eabi/13.2.1/../../../arm-none-eabi/lib/thumb/v7-m/nofp/libc_nano.a(libc_a-nano-vfprintf_i.o) (memchr)
/usr/lib/gcc/arm-none-eabi/13.2.1/../../../arm-none-eabi/lib/thumb/v7-m/nofp/libc_nano.a(libc_a-printf.o)
[...]
Memory Configuration

Name             Origin             Length             Attributes
RAM              0x20000000         0x00005000         xrw
FLASH            0x08000000         0x00010000         xr
*default*        0x00000000         0xffffffff

Linker script and memory map

LOAD /usr/lib/gcc/arm-none-eabi/13.2.1/thumb/v7-m/nofp/crti.o
LOAD /usr/lib/gcc/arm-none-eabi/13.2.1/thumb/v7-m/nofp/crtbegin.o
LOAD /usr/lib/gcc/arm-none-eabi/13.2.1/../../../arm-none-eabi/lib/thumb/v7-m/nofp/crt0.o
LOAD build/main.o
LOAD build/gpio.o
LOAD build/freertos.o
LOAD build/i2c.o
LOAD build/features.o
LOAD build/usart.o
LOAD build/can_app.o
LOAD build/adxl345.o
LOAD build/stm32f1xx_it.o
LOAD build/stm32f1xx_hal_msp.o
LOAD build/stm32f1xx_hal_timebase_tim.o
LOAD build/stm32f1xx_hal_gpio_ex.o
LOAD build/stm32f1xx_hal_tim.o
LOAD build/stm32f1xx_hal_tim_ex.o
LOAD build/stm32f1xx_hal.o
LOAD build/stm32f1xx_hal_rcc.o
LOAD build/stm32f1xx_hal_rcc_ex.o
LOAD build/stm32f1xx_hal_gpio.o
LOAD build/stm32f1xx_hal_dma.o
LOAD build/stm32f1xx_hal_cortex.o
LOAD build/stm32f1xx_hal_pwr.o
LOAD build/stm32f1xx_hal_flash.o
LOAD build/stm32f1xx_hal_flash_ex.o
LOAD build/stm32f1xx_hal_exti.o
LOAD build/stm32f1xx_hal_i2c.o
LOAD build/stm32f1xx_hal_uart.o
LOAD build/system_stm32f1xx.o
LOAD build/croutine.o
LOAD build/event_groups.o
LOAD build/list.o
LOAD build/queue.o
LOAD build/stream_buffer.o
LOAD build/tasks.o
LOAD build/timers.o
LOAD build/cmsis_os.o
LOAD build/heap_4.o
LOAD build/port.o
LOAD build/sysmem.o
LOAD build/syscalls.o
LOAD build/can.o
LOAD build/stm32f1xx_hal_can.o
LOAD build/startup_stm32f103xb.o
LOAD /usr/lib/gcc/arm-none-eabi/13.2.1/../../../arm-none-eabi/lib/thumb/v7-m/nofp/libc_nano.a
LOAD /usr/lib/gcc/arm-none-eabi/13.2.1/../../../arm-none-eabi/lib/thumb/v7-m/nofp/libm.a
LOAD /usr/lib/gcc/arm-none-eabi/13.2.1/../../../arm-none-eabi/lib/thumb/v7-m/nofp/libnosys.a
START GROUP
LOAD /usr/lib/gcc/arm-none-eabi/13.2.1/thumb/v7-m/nofp/libgcc.a
LOAD /usr/lib/gcc/arm-none-eabi/13.2.1/../../../arm-none-eabi/lib/thumb/v7-m/nofp/libc_nano.a
END GROUP
START GROUP
LOAD /usr/lib/gcc/arm-none-eabi/13.2.1/thumb/v7-m/nofp/libgcc.a
LOAD /usr/lib/gcc/arm-none-eabi/13.2.1/../../../arm-none-eabi/lib/thumb/v7-m/nofp/libc_nano.a
END GROUP
LOAD /usr/lib/gcc/arm-none-eabi/13.2.1/thumb/v7-m/nofp/crtend.o
LOAD /usr/lib/gcc/arm-none-eabi/13.2.1/thumb/v7-m/nofp/crtn.o
                0x20005000                        _estack = (ORIGIN (RAM) + LENGTH (RAM))
                0x00000200                        _Min_Heap_Size = 0x200
                0x00000400                        _Min_Stack_Size = 0x400

.isr_vector     0x08000000      0x10c
                0x08000000                        . = ALIGN (0x4)
 *(.isr_vector)
 .isr_vector    0x08000000      0x10c build/startup_stm32f103xb.o
                0x08000000                g_pfnVectors
                0x0800010c                        . = ALIGN (0x4)

.text           0x08000110     0x7854
                0x08000110                        . = ALIGN (0x4)
 *(.text)
 .text          0x08000110       0x88 /usr/lib/gcc/arm-none-eabi/13.2.1/thumb/v7-m/nofp/crtbegin.o
 .text          0x08000198       0x5c /usr/lib/gcc/arm-none-eabi/13.2.1/../../../arm-none-eabi/lib/thumb/v7-m/nofp/libc_nano.a(libc_a-strlen-stub.o)
                0x08000198                strlen
 .text          0x080001f4       0x50 /usr/lib/gcc/arm-none-eabi/13.2.1/../../../arm-none-eabi/lib/thumb/v7-m/nofp/libc_nano.a(libc_a-init.o)
                0x080001f4                __libc_init_array
 .text          0x08000244       0x98 /usr/lib/gcc/arm-none-eabi/13.2.1/../../../arm-none-eabi/lib/thumb/v7-m/nofp/libc_nano.a(libc_a-puts.o)
                0x08000244                _puts_r
                0x080002cc                puts
 .text          0x080002dc      0x224 /usr/lib/gcc/arm-none-eabi/13.2.1/../../../arm-none-eabi/lib/thumb/v7-m/nofp/libc_nano.a(libc_a-findfp.o)
                0x0800040c                __sfp
                0x080004b0                __sinit
                0x080004d0                __sfp_lock_acquire
                0x080004d4                __sfp_lock_release
                0x080004d8                __fp_lock_all
                0x080004ec                __fp_unlock_all
 .text          0x08000500       0xa0 /usr/lib/gcc/arm-none-eabi/13.2.1/../../../arm-none-eabi/lib/thumb/v7-m/nofp/libc_nano.a(libc_a-memset.o)
                0x08000500                memset
 .text          0x080005a0      0x198 /usr/lib/gcc/arm-none-eabi/13.2.1/../../../arm-none-eabi/lib/thumb/v7-m/nofp/libc_nano.a(libc_a-fflush.o)
                0x080005a0                __sflush_r
                0x080006b4                _fflush_r
                0x080006ec                fflush
 .text          0x08000738        0xc /usr/lib/gcc/arm-none-eabi/13.2.1/../../../arm-none-eabi/lib/thumb/v7-m/nofp/libc_nano.a(libc_a-errno.o)
                0x08000738                __errno
 .text          0x08000744      0x6f4 /usr/lib/gcc/arm-none-eabi/13.2.1/../../../arm-none-eabi/lib/thumb/v7-m/nofp/libc_nano.a(libc_a-nano-vfprintf_float.o)
                0x08000744                __cvt
                0x0800086c                __exponent
                0x080008f4                _printf_float
 .text          0x08000e38      0x14c /usr/lib/gcc/arm-none-eabi/13.2.1/../../../arm-none-eabi/lib/thumb/v7-m/nofp/libc_nano.a(libc_a-mallocr.o)
                0x08000e84                _malloc_r
 *fill*         0x08000f84        0x4 
 .text          0x08000f88      0xff0 /usr/lib/gcc/arm-none-eabi/13.2.1/../../../arm-none-eabi/lib/thumb/v7-m/nofp/libc_nano.a(libc_a-dtoa.o)
                0x080010c4                _dtoa_r
 .text          0x08001f78       0xbc /usr/lib/gcc/arm-none-eabi/13.2.1/../../../arm-none-eabi/lib/thumb/v7-m/nofp/libc_nano.a(libc_a-freer.o)
                0x08001f78                _free_r
 .text          0x08002034       0x44 /usr/lib/gcc/arm-none-eabi/13.2.1/../../../arm-none-eabi/lib/thumb/v7-m/nofp/libc_nano.a(libc_a-fwalk.o)
                0x08002034                _fwalk_sglue
 .text          0x08002078       0xc4 /usr/lib/gcc/arm-none-eabi/13.2.1/../../../arm-none-eabi/lib/thumb/v7-m/nofp/libc_nano.a(libc_a-wsetup.o)
                0x08002078                __swsetup_r
 .text          0x0800213c       0xec /usr/lib/gcc/arm-none-eabi/13.2.1/../../../arm-none-eabi/lib/thumb/v7-m/nofp/libc_nano.a(libc_a-memcpy.o)
                0x0800213c                memcpy
 .text          0x08002228       0x20 /usr/lib/gcc/arm-none-eabi/13.2.1/../../../arm-none-eabi/lib/thumb/v7-m/nofp/libc_nano.a(libc_a-malloc.o)
                0x08002228                malloc
                0x08002238                free
 .text          0x08002248      0x3a8 /usr/lib/gcc/arm-none-eabi/13.2.1/../../../arm-none-eabi/lib/thumb/v7-m/nofp/libc_nano.a(libc_a-nano-vfprintf_i.o)
                0x08002248                _printf_common
                0x0800236c                _printf_i
 .text          0x080025f0        0x8 /usr/lib/gcc/arm-none-eabi/13.2.1/../../../arm-none-eabi/lib/thumb/v7-m/nofp/libc_nano.a(libc_a-mlock.o)
                0x080025f0                __malloc_lock
                0x080025f4                __malloc_unlock
 .text          0x080025f8      0x110 /usr/lib/gcc/arm-none-eabi/13.2.1/../../../arm-none-eabi/lib/thumb/v7-m/nofp/libc_nano.a(libc_a-makebuf.o)
                0x080025f8                __smakebuf_r
                0x080026bc                __swhatbuf_r
 .text          0x08002708       0x98 /usr/lib/gcc/arm-none-eabi/13.2.1/../../../arm-none-eabi/lib/thumb/v7-m/nofp/libc_nano.a(libc_a-memchr-stub.o)
                0x08002708                memchr
 .text          0x080027a0       0x48 /usr/lib/gcc/arm-none-eabi/13.2.1/../../../arm-none-eabi/lib/thumb/v7-m/nofp/libc_nano.a(libc_a-printf.o)
                0x080027a0                _printf_r
                0x080027a0                _iprintf_r
                0x080027c0                printf
                0x080027c0                iprintf
 .text          0x080027e8       0x24 /usr/lib/gcc/arm-none-eabi/13.2.1/../../../arm-none-eabi/lib/thumb/v7-m/nofp/libc_nano.a(libc_a-isattyr.o)
                0x080027e8                _isatty_r
 .text          0x0800280c      0x2ec /usr/lib/gcc/arm-none-eabi/13.2.1/../../../arm-none-eabi/lib/thumb/v7-m/nofp/libc_nano.a(libc_a-nano-vfprintf.o)
                0x08002834                __sfputs_r
                0x08002864                __sprint_r
                0x08002884                _vfiprintf_r
                0x08002884                _vfprintf_r
                0x08002adc                vfiprintf
                0x08002adc                vfprintf
 .text          0x08002af8       0x9c /usr/lib/gcc/arm-none-eabi/13.2.1/../../../arm-none-eabi/lib/thumb/v7-m/nofp/libc_nano.a(libc_a-wbuf.o)
                0x08002af8                __swbuf_r
                0x08002b80                __swbuf
 .text          0x08002b94       0x4c /usr/lib/gcc/arm-none-eabi/13.2.1/../../../arm-none-eabi/lib/thumb/v7-m/nofp/libc_nano.a(libc_a-assert.o)
                0x08002b94                __assert_func
                0x08002bd4                __assert
 .text          0x08002be0      0xad0 /usr/lib/gcc/arm-none-eabi/13.2.1/../../../arm-none-eabi/lib/thumb/v7-m/nofp/libc_nano.a(libc_a-mprec.o)
                0x08002be0                _Balloc
                0x08002c60                _Bfree
                0x08002ca8                __multadd
                0x08002d44                __s2b
                0x08002df4                __hi0bits
                0x08002e38                __lo0bits
                0x08002e94                __i2b
                0x08002ec0                __multiply
                0x08003024                __pow5mult
                0x08003104                __lshift
                0x080031ec                __mcmp
                0x0800322c                __mdiff
                0x080033a4                __ulp
                0x080033f4                __b2d
                0x080034a8                __d2b
                0x08003564                __ratio
                0x080035c0                _mprec_log10
                0x080035f8                __copybits
                0x08003658                __any_on
 .text          0x080036b0       0x24 /usr/lib/gcc/arm-none-eabi/13.2.1/../../../arm-none-eabi/lib/thumb/v7-m/nofp/libc_nano.a(libc_a-sbrkr.o)
                0x080036b0                _sbrk_r
 .text          0x080036d4       0x94 /usr/lib/gcc/arm-none-eabi/13.2.1/../../../arm-none-eabi/lib/thumb/v7-m/nofp/libc_nano.a(libc_a-stdio.o)
                0x080036d4                __sread
                0x080036f8                __seofread
                0x080036fc                __swrite
                0x0800373c                __sseek
                0x08003760                __sclose
 .text          0x08003768       0x14 /usr/lib/gcc/arm-none-eabi/13.2.1/../../../arm-none-eabi/lib/thumb/v7-m/nofp/libc_nano.a(libc_a-localeconv.o)
                0x08003768                __localeconv_l
                0x0800376c                _localeconv_r
                0x08003774                localeconv
 .text          0x0800377c      0x2ec /usr/lib/gcc/arm-none-eabi/13.2.1/../../../arm-none-eabi/lib/thumb/v7-m/nofp/libc_nano.a(libc_a-fvwrite.o)
                0x0800377c                __sfvwrite_r
 .text          0x08003a68       0x10 /usr/lib/gcc/arm-none-eabi/13.2.1/../../../arm-none-eabi/lib/thumb/v7-m/nofp/libc_nano.a(libc_a-abort.o)
                0x08003a68                abort
 .text          0x08003a78       0x24 /usr/lib/gcc/arm-none-eabi/13.2.1/../../../arm-none-eabi/lib/thumb/v7-m/nofp/libc_nano.a(libc_a-closer.o)
                0x08003a78                _close_r
 .text          0x08003a9c       0x28 /usr/lib/gcc/arm-none-eabi/13.2.1/../../../arm-none-eabi/lib/thumb/v7-m/nofp/libc_nano.a(libc_a-callocr.o)
                0x08003a9c                _calloc_r
 .text          0x08003ac4       0xfc /usr/lib/gcc/arm-none-eabi/13.2.1/../../../arm-none-eabi/lib/thumb/v7-m/nofp/libc_nano.a(libc_a-memmove.o)
                0x08003ac4                memmove
 .text          0x08003bc0       0x30 /usr/lib/gcc/arm-none-eabi/13.2.1/../../../arm-none-eabi/lib/thumb/v7-m/nofp/libc_nano.a(libc_a-wctomb_r.o)
                0x08003bc0                _wctomb_r
                0x08003bd4                __ascii_wctomb
 .text          0x08003bf0       0x2c /usr/lib/gcc/arm-none-eabi/13.2.1/../../../arm-none-eabi/lib/thumb/v7-m/nofp/libc_nano.a(libc_a-readr.o)
                0x08003bf0                _read_r
 .text          0x08003c1c       0x44 /usr/lib/gcc/arm-none-eabi/13.2.1/../../../arm-none-eabi/lib/thumb/v7-m/nofp/libc_nano.a(libc_a-fprintf.o)
                0x08003c1c                _fprintf_r
                0x08003c1c                _fiprintf_r
                0x08003c38                fprintf
                0x08003c38                fiprintf
 .text          0x08003c60       0x64 /usr/lib/gcc/arm-none-eabi/13.2.1/../../../arm-none-eabi/lib/thumb/v7-m/nofp/libc_nano.a(libc_a-reallocr.o)
                0x08003c60                _realloc_r
 .text          0x08003cc4       0x28 /usr/lib/gcc/arm-none-eabi/13.2.1/../../../arm-none-eabi/lib/thumb/v7-m/nofp/libc_nano.a(libc_a-fstatr.o)
                0x08003cc4                _fstat_r
 .text          0x08003cec       0x2c /usr/lib/gcc/arm-none-eabi/13.2.1/../../../arm-none-eabi/lib/thumb/v7-m/nofp/libc_nano.a(libc_a-lseekr.o)
                0x08003cec                _lseek_r
 .text          0x08003d18       0x2c /usr/lib/gcc/arm-none-eabi/13.2.1/../../../arm-none-eabi/lib/thumb/v7-m/nofp/libc_nano.a(libc_a-writer.o)
                0x08003d18                _write_r
 .text          0x08003d44       0x10 /usr/lib/gcc/arm-none-eabi/13.2.1/../../../arm-none-eabi/lib/thumb/v7-m/nofp/libc_nano.a(libc_a-msizer.o)
                0x08003d44                _malloc_usable_size_r
 .text          0x08003d54       0x40 /usr/lib/gcc/arm-none-eabi/13.2.1/../../../arm-none-eabi/lib/thumb/v7-m/nofp/libc_nano.a(libc_a-mbtowc_r.o)
                0x08003d54                _mbtowc_r
                0x08003d68                __ascii_mbtowc
 .text          0x08003d94      0x264 /usr/lib/gcc/arm-none-eabi/13.2.1/../../../arm-none-eabi/lib/thumb/v7-m/nofp/libc_nano.a(libc_a-signal.o)
                0x08003d94                _init_signal_r
                0x08003dc0                _signal_r
                0x08003e0c                _raise_r
                0x08003e5c                __sigtramp_r
                0x08003ec0                raise
                0x08003f14                signal
                0x08003f60                _init_signal
                0x08003f94                __sigtramp
 .text          0x08003ff8       0x2c /usr/lib/gcc/arm-none-eabi/13.2.1/../../../arm-none-eabi/lib/thumb/v7-m/nofp/libc_nano.a(libc_a-signalr.o)
                0x08003ff8                _kill_r
                0x08004020                _getpid_r
 .text          0x08004024      0x378 /usr/lib/gcc/arm-none-eabi/13.2.1/thumb/v7-m/nofp/libgcc.a(_arm_addsubdf3.o)
                0x08004024                __aeabi_drsub
                0x0800402c                __aeabi_dsub
                0x0800402c                __subdf3
                0x08004030                __adddf3
                0x08004030                __aeabi_dadd
                0x080042a8                __aeabi_ui2d
                0x080042a8                __floatunsidf
                0x080042c8                __floatsidf
                0x080042c8                __aeabi_i2d
                0x080042ec                __extendsfdf2
                0x080042ec                __aeabi_f2d
                0x08004330                __aeabi_ul2d
                0x08004330                __floatundidf
                0x08004340                __floatdidf
                0x08004340                __aeabi_l2d
 .text          0x0800439c      0x424 /usr/lib/gcc/arm-none-eabi/13.2.1/thumb/v7-m/nofp/libgcc.a(_arm_muldivdf3.o)
                0x0800439c                __aeabi_dmul
                0x0800439c                __muldf3
                0x080045f0                __aeabi_ddiv
                0x080045f0                __divdf3
 .text          0x080047c0      0x110 /usr/lib/gcc/arm-none-eabi/13.2.1/thumb/v7-m/nofp/libgcc.a(_arm_cmpdf2.o)
                0x080047c0                __gtdf2
                0x080047c0                __gedf2
                0x080047c8                __ltdf2
                0x080047c8                __ledf2
                0x080047d0                __cmpdf2
                0x080047d0                __eqdf2
                0x080047d0                __nedf2
                0x0800484c                __aeabi_cdrcmple
                0x0800485c                __aeabi_cdcmple
                0x0800485c                __aeabi_cdcmpeq
                0x0800486c                __aeabi_dcmpeq
                0x08004880                __aeabi_dcmplt
                0x08004894                __aeabi_dcmple
                0x080048a8                __aeabi_dcmpge
                0x080048bc                __aeabi_dcmpgt
 .text          0x080048d0       0x2c /usr/lib/gcc/arm-none-eabi/13.2.1/thumb/v7-m/nofp/libgcc.a(_arm_unorddf2.o)
                0x080048d0                __aeabi_dcmpun
                0x080048d0                __unorddf2
 .text          0x080048fc       0x50 /usr/lib/gcc/arm-none-eabi/13.2.1/thumb/v7-m/nofp/libgcc.a(_arm_fixdfsi.o)
                0x080048fc                __fixdfsi
                0x080048fc                __aeabi_d2iz
 *(.text*)
 .text.HAL_CAN_RxFifo0MsgPendingCallback
                0x0800494c       0x44 build/main.o
                0x0800494c                HAL_CAN_RxFifo0MsgPendingCallback
 .text.HAL_CAN_ErrorCallback
                0x08004990       0x70 build/main.o
                0x08004990                HAL_CAN_ErrorCallback
 .text.CAN_Filter_Init
                0x08004a00       0x40 build/main.o
                0x08004a00                CAN_Filter_Init
 .text._write   0x08004a40       0x18 build/main.o
                0x08004a40                _write
 .text.Error_Handler
                0x08004a58        0x4 build/main.o
                0x08004a58                Error_Handler
 .text.SystemClock_Config
                0x08004a5c       0x62 build/main.o
                0x08004a5c                SystemClock_Config
 *fill*         0x08004abe        0x2 
 .text.main     0x08004ac0       0x64 build/main.o
                0x08004ac0                main
 .text.MX_GPIO_Init
                0x08004b24       0x78 build/gpio.o
                0x08004b24                MX_GPIO_Init
 .text.CAN_Rx_Task
                0x08004b9c       0x6c build/freertos.o
                0x08004b9c                CAN_Rx_Task
 .text.vApplicationGetIdleTaskMemory
                0x08004c08       0x18 build/freertos.o
                0x08004c08                vApplicationGetIdleTaskMemory
 .text.MX_FREERTOS_Init
                0x08004c20       0x38 build/freertos.o
                0x08004c20                MX_FREERTOS_Init
 .text.MX_USART1_UART_Init
                0x08004c58       0x34 build/usart.o
                0x08004c58                MX_USART1_UART_Init
 .text.HAL_UART_MspInit
                0x08004c8c       0x78 build/usart.o
                0x08004c8c                HAL_UART_MspInit
 .text.NMI_Handler
                0x08004d04        0x2 build/stm32f1xx_it.o
                0x08004d04                NMI_Handler
 .text.HardFault_Handler
                0x08004d06        0x2 build/stm32f1xx_it.o
                0x08004d06                HardFault_Handler
 .text.MemManage_Handler
                0x08004d08        0x2 build/stm32f1xx_it.o
                0x08004d08                MemManage_Handler
 .text.BusFault_Handler
                0x08004d0a        0x2 build/stm32f1xx_it.o
                0x08004d0a                BusFault_Handler
 .text.UsageFault_Handler
                0x08004d0c        0x2 build/stm32f1xx_it.o
                0x08004d0c                UsageFault_Handler
 .text.DebugMon_Handler
                0x08004d0e        0x2 build/stm32f1xx_it.o
                0x08004d0e                DebugMon_Handler
 .text.TIM2_IRQHandler
                0x08004d10       0x10 build/stm32f1xx_it.o
                0x08004d10                TIM2_IRQHandler
 .text.USB_LP_CAN1_RX0_IRQHandler
                0x08004d20       0x10 build/stm32f1xx_it.o
                0x08004d20                USB_LP_CAN1_RX0_IRQHandler
 .text.HAL_MspInit
                0x08004d30       0x54 build/stm32f1xx_hal_msp.o
                0x08004d30                HAL_MspInit
 .text.HAL_InitTick
                0x08004d84       0xa0 build/stm32f1xx_hal_timebase_tim.o
                0x08004d84                HAL_InitTick
 .text.HAL_TIM_Base_MspInit
                0x08004e24        0x2 build/stm32f1xx_hal_tim.o
                0x08004e24                HAL_TIM_Base_MspInit
 *fill*         0x08004e26        0x2 
 .text.HAL_TIM_Base_Start_IT
                0x08004e28       0x68 build/stm32f1xx_hal_tim.o
                0x08004e28                HAL_TIM_Base_Start_IT
 .text.HAL_TIM_PeriodElapsedCallback
                0x08004e90        0x2 build/stm32f1xx_hal_tim.o
                0x08004e90                HAL_TIM_PeriodElapsedCallback
 .text.HAL_TIM_OC_DelayElapsedCallback
                0x08004e92        0x2 build/stm32f1xx_hal_tim.o
                0x08004e92                HAL_TIM_OC_DelayElapsedCallback
 .text.HAL_TIM_IC_CaptureCallback
                0x08004e94        0x2 build/stm32f1xx_hal_tim.o
                0x08004e94                HAL_TIM_IC_CaptureCallback
 .text.HAL_TIM_PWM_PulseFinishedCallback
                0x08004e96        0x2 build/stm32f1xx_hal_tim.o
                0x08004e96                HAL_TIM_PWM_PulseFinishedCallback
 .text.HAL_TIM_TriggerCallback
                0x08004e98        0x2 build/stm32f1xx_hal_tim.o
                0x08004e98                HAL_TIM_TriggerCallback
 .text.HAL_TIM_IRQHandler
                0x08004e9a      0x15e build/stm32f1xx_hal_tim.o
                0x08004e9a                HAL_TIM_IRQHandler
 .text.TIM_Base_SetConfig
                0x08004ff8       0x84 build/stm32f1xx_hal_tim.o
                0x08004ff8                TIM_Base_SetConfig
 .text.HAL_TIM_Base_Init
                0x0800507c       0x58 build/stm32f1xx_hal_tim.o
                0x0800507c                HAL_TIM_Base_Init
 .text.HAL_TIMEx_CommutCallback
                0x080050d4        0x2 build/stm32f1xx_hal_tim_ex.o
                0x080050d4                HAL_TIMEx_CommutCallback
 .text.HAL_TIMEx_BreakCallback
                0x080050d6        0x2 build/stm32f1xx_hal_tim_ex.o
                0x080050d6                HAL_TIMEx_BreakCallback
 .text.HAL_Init
                0x080050d8       0x24 build/stm32f1xx_hal.o
                0x080050d8                HAL_Init
 .text.HAL_GetTick
                0x080050fc        0xc build/stm32f1xx_hal.o
                0x080050fc                HAL_GetTick
 .text.RCC_Delay
                0x08005108       0x2c build/stm32f1xx_hal_rcc.o
 .text.HAL_RCC_OscConfig
                0x08005134      0x410 build/stm32f1xx_hal_rcc.o
                0x08005134                HAL_RCC_OscConfig
 .text.HAL_RCC_GetSysClockFreq
                0x08005544       0x54 build/stm32f1xx_hal_rcc.o
                0x08005544                HAL_RCC_GetSysClockFreq
 .text.HAL_RCC_ClockConfig
                0x08005598      0x16c build/stm32f1xx_hal_rcc.o
                0x08005598                HAL_RCC_ClockConfig
 .text.HAL_RCC_GetHCLKFreq
                0x08005704        0xc build/stm32f1xx_hal_rcc.o
                0x08005704                HAL_RCC_GetHCLKFreq
 .text.HAL_RCC_GetPCLK1Freq
                0x08005710       0x20 build/stm32f1xx_hal_rcc.o
                0x08005710                HAL_RCC_GetPCLK1Freq
 .text.HAL_RCC_GetPCLK2Freq
                0x08005730       0x20 build/stm32f1xx_hal_rcc.o
                0x08005730                HAL_RCC_GetPCLK2Freq
 .text.HAL_RCC_GetClockConfig
                0x08005750       0x3c build/stm32f1xx_hal_rcc.o
                0x08005750                HAL_RCC_GetClockConfig
 .text.HAL_GPIO_Init
                0x0800578c      0x21c build/stm32f1xx_hal_gpio.o
                0x0800578c                HAL_GPIO_Init
 .text.HAL_GPIO_WritePin
                0x080059a8        0xc build/stm32f1xx_hal_gpio.o
                0x080059a8                HAL_GPIO_WritePin
 .text.__NVIC_SetPriority
                0x080059b4       0x28 build/stm32f1xx_hal_cortex.o
 .text.NVIC_EncodePriority
                0x080059dc       0x3e build/stm32f1xx_hal_cortex.o
 *fill*         0x08005a1a        0x2 
 .text.HAL_NVIC_SetPriorityGrouping
                0x08005a1c       0x24 build/stm32f1xx_hal_cortex.o
                0x08005a1c                HAL_NVIC_SetPriorityGrouping
 .text.HAL_NVIC_SetPriority
                0x08005a40       0x20 build/stm32f1xx_hal_cortex.o
                0x08005a40                HAL_NVIC_SetPriority
 .text.HAL_NVIC_EnableIRQ
                0x08005a60       0x1c build/stm32f1xx_hal_cortex.o
                0x08005a60                HAL_NVIC_EnableIRQ
 .text.UART_EndRxTransfer
                0x08005a7c       0x5c build/stm32f1xx_hal_uart.o
 .text.UART_SetConfig
                0x08005ad8       0x94 build/stm32f1xx_hal_uart.o
 .text.UART_WaitOnFlagUntilTimeout
                0x08005b6c       0x86 build/stm32f1xx_hal_uart.o
 .text.HAL_UART_Init
                0x08005bf2       0x60 build/stm32f1xx_hal_uart.o
                0x08005bf2                HAL_UART_Init
 .text.HAL_UART_Transmit
                0x08005c52       0xcc build/stm32f1xx_hal_uart.o
                0x08005c52                HAL_UART_Transmit
 .text.SystemInit
                0x08005d1e        0x2 build/system_stm32f1xx.o
                0x08005d1e                SystemInit
 .text.vListInitialise
                0x08005d20       0x16 build/list.o
                0x08005d20                vListInitialise
 .text.vListInitialiseItem
                0x08005d36        0x6 build/list.o
                0x08005d36                vListInitialiseItem
 .text.vListInsertEnd
                0x08005d3c       0x16 build/list.o
                0x08005d3c                vListInsertEnd
 .text.vListInsert
                0x08005d52       0x32 build/list.o
                0x08005d52                vListInsert
 .text.uxListRemove
                0x08005d84       0x26 build/list.o
                0x08005d84                uxListRemove
 .text.prvIsQueueEmpty
                0x08005daa       0x1a build/queue.o
 .text.prvCopyDataToQueue
                0x08005dc4       0x76 build/queue.o
 .text.prvCopyDataFromQueue
                0x08005e3a       0x24 build/queue.o
 .text.prvUnlockQueue
                0x08005e5e       0x6e build/queue.o
 .text.xQueueGenericReset
                0x08005ecc       0x84 build/queue.o
                0x08005ecc                xQueueGenericReset
 .text.prvInitialiseNewQueue
                0x08005f50       0x1c build/queue.o
 .text.xQueueGenericCreate
                0x08005f6c       0x48 build/queue.o
                0x08005f6c                xQueueGenericCreate
 .text.xQueueGenericSendFromISR
                0x08005fb4       0xce build/queue.o
                0x08005fb4                xQueueGenericSendFromISR
 .text.xQueueReceive
                0x08006082      0x15e build/queue.o
                0x08006082                xQueueReceive
 .text.prvResetNextTaskUnblockTime
                0x080061e0       0x2c build/tasks.o
 .text.prvInitialiseNewTask
                0x0800620c       0x9c build/tasks.o
 .text.prvInitialiseTaskLists
                0x080062a8       0x68 build/tasks.o
 .text.prvAddNewTaskToReadyList
                0x08006310       0xa8 build/tasks.o
 .text.prvDeleteTCB
                0x080063b8       0x38 build/tasks.o
 .text.prvCheckTasksWaitingTermination
                0x080063f0       0x4c build/tasks.o
 .text.prvIdleTask
                0x0800643c       0x28 build/tasks.o
 .text.prvAddCurrentTaskToDelayedList
                0x08006464       0x98 build/tasks.o
 .text.xTaskCreateStatic
                0x080064fc       0x76 build/tasks.o
                0x080064fc                xTaskCreateStatic
 .text.xTaskCreate
                0x08006572       0x64 build/tasks.o
                0x08006572                xTaskCreate
 *fill*         0x080065d6        0x2 
 .text.vTaskStartScheduler
                0x080065d8       0x74 build/tasks.o
                0x080065d8                vTaskStartScheduler
 .text.vTaskSuspendAll
                0x0800664c       0x10 build/tasks.o
                0x0800664c                vTaskSuspendAll
 .text.xTaskIncrementTick
                0x0800665c      0x118 build/tasks.o
                0x0800665c                xTaskIncrementTick
 .text.xTaskResumeAll
                0x08006774       0xf8 build/tasks.o
                0x08006774                xTaskResumeAll
 .text.vTaskSwitchContext
                0x0800686c       0x98 build/tasks.o
                0x0800686c                vTaskSwitchContext
 .text.vTaskPlaceOnEventList
                0x08006904       0x30 build/tasks.o
                0x08006904                vTaskPlaceOnEventList
 .text.xTaskRemoveFromEventList
                0x08006934       0x8c build/tasks.o
                0x08006934                xTaskRemoveFromEventList
 .text.vTaskInternalSetTimeOutState
                0x080069c0       0x18 build/tasks.o
                0x080069c0                vTaskInternalSetTimeOutState
 .text.xTaskCheckForTimeOut
                0x080069d8       0x84 build/tasks.o
                0x080069d8                xTaskCheckForTimeOut
 .text.vTaskMissedYield
                0x08006a5c        0xc build/tasks.o
                0x08006a5c                vTaskMissedYield
 .text.xTaskGetSchedulerState
                0x08006a68       0x20 build/tasks.o
                0x08006a68                xTaskGetSchedulerState
 .text.xTaskPriorityDisinherit
                0x08006a88       0xb0 build/tasks.o
                0x08006a88                xTaskPriorityDisinherit
 .text.osKernelStart
                0x08006b38        0xa build/cmsis_os.o
                0x08006b38                osKernelStart
 *fill*         0x08006b42        0x2 
 .text.prvHeapInit
                0x08006b44       0x64 build/heap_4.o
 .text.prvInsertBlockIntoFreeList
                0x08006ba8       0x60 build/heap_4.o
 .text.pvPortMalloc
                0x08006c08      0x104 build/heap_4.o
                0x08006c08                pvPortMalloc
 .text.vPortFree
                0x08006d0c       0x7c build/heap_4.o
                0x08006d0c                vPortFree
 .text.prvTaskExitError
                0x08006d88       0x40 build/port.o
 .text.prvPortStartFirstTask
                0x08006dc8       0x20 build/port.o
 .text.pxPortInitialiseStack
                0x08006de8       0x24 build/port.o
                0x08006de8                pxPortInitialiseStack
 *fill*         0x08006e0c        0x4 
 .text.SVC_Handler
                0x08006e10       0x24 build/port.o
                0x08006e10                SVC_Handler
 .text.vPortEnterCritical
                0x08006e34       0x44 build/port.o
                0x08006e34                vPortEnterCritical
 .text.vPortExitCritical
                0x08006e78       0x2c build/port.o
                0x08006e78                vPortExitCritical
 *fill*         0x08006ea4        0xc 
 .text.PendSV_Handler
                0x08006eb0       0x44 build/port.o
                0x08006eb0                PendSV_Handler
 .text.SysTick_Handler
                0x08006ef4       0x2c build/port.o
                0x08006ef4                SysTick_Handler
 .text.vPortSetupTimerInterrupt
                0x08006f20       0x28 build/port.o
                0x08006f20                vPortSetupTimerInterrupt
 .text.xPortStartScheduler
                0x08006f48       0xc0 build/port.o
                0x08006f48                xPortStartScheduler
 .text.vPortValidateInterruptPriority
                0x08007008       0x5c build/port.o
                0x08007008                vPortValidateInterruptPriority
 .text._sbrk    0x08007064       0x48 build/sysmem.o
                0x08007064                _sbrk
 .text._getpid  0x080070ac        0x4 build/syscalls.o
                0x080070ac                _getpid
 .text._kill    0x080070b0       0x10 build/syscalls.o
                0x080070b0                _kill
 .text._exit    0x080070c0        0xc build/syscalls.o
                0x080070c0                _exit
 .text._read    0x080070cc       0x20 build/syscalls.o
                0x080070cc                _read
 .text._close   0x080070ec        0x6 build/syscalls.o
                0x080070ec                _close
 .text._fstat   0x080070f2        0xa build/syscalls.o
                0x080070f2                _fstat
 .text._isatty  0x080070fc        0x4 build/syscalls.o
                0x080070fc                _isatty
 .text._lseek   0x08007100        0x4 build/syscalls.o
                0x08007100                _lseek
 .text.MX_CAN_Init
                0x08007104       0x98 build/can.o
                0x08007104                MX_CAN_Init
 .text.HAL_CAN_MspInit
                0x0800719c       0xb8 build/can.o
                0x0800719c                HAL_CAN_MspInit
 .text.HAL_CAN_Init
                0x08007254      0x14c build/stm32f1xx_hal_can.o
                0x08007254                HAL_CAN_Init
 .text.HAL_CAN_ConfigFilter
                0x080073a0      0x10c build/stm32f1xx_hal_can.o
                0x080073a0                HAL_CAN_ConfigFilter
 .text.HAL_CAN_Start
                0x080074ac       0x5c build/stm32f1xx_hal_can.o
                0x080074ac                HAL_CAN_Start
 .text.HAL_CAN_GetRxMessage
                0x08007508      0x16a build/stm32f1xx_hal_can.o
                0x08007508                HAL_CAN_GetRxMessage
 .text.HAL_CAN_ActivateNotification
                0x08007672       0x24 build/stm32f1xx_hal_can.o
                0x08007672                HAL_CAN_ActivateNotification
 .text.HAL_CAN_TxMailbox0CompleteCallback
                0x08007696        0x2 build/stm32f1xx_hal_can.o
                0x08007696                HAL_CAN_TxMailbox0CompleteCallback
 .text.HAL_CAN_TxMailbox1CompleteCallback
                0x08007698        0x2 build/stm32f1xx_hal_can.o
                0x08007698                HAL_CAN_TxMailbox1CompleteCallback
 .text.HAL_CAN_TxMailbox2CompleteCallback
                0x0800769a        0x2 build/stm32f1xx_hal_can.o
                0x0800769a                HAL_CAN_TxMailbox2CompleteCallback
 .text.HAL_CAN_TxMailbox0AbortCallback
                0x0800769c        0x2 build/stm32f1xx_hal_can.o
                0x0800769c                HAL_CAN_TxMailbox0AbortCallback
 .text.HAL_CAN_TxMailbox1AbortCallback
                0x0800769e        0x2 build/stm32f1xx_hal_can.o
                0x0800769e                HAL_CAN_TxMailbox1AbortCallback
 .text.HAL_CAN_TxMailbox2AbortCallback
                0x080076a0        0x2 build/stm32f1xx_hal_can.o
                0x080076a0                HAL_CAN_TxMailbox2AbortCallback
 .text.HAL_CAN_RxFifo0FullCallback
                0x080076a2        0x2 build/stm32f1xx_hal_can.o
                0x080076a2                HAL_CAN_RxFifo0FullCallback
 .text.HAL_CAN_RxFifo1MsgPendingCallback
                0x080076a4        0x2 build/stm32f1xx_hal_can.o
                0x080076a4                HAL_CAN_RxFifo1MsgPendingCallback
 .text.HAL_CAN_RxFifo1FullCallback
                0x080076a6        0x2 build/stm32f1xx_hal_can.o
                0x080076a6                HAL_CAN_RxFifo1FullCallback
 .text.HAL_CAN_SleepCallback
                0x080076a8        0x2 build/stm32f1xx_hal_can.o
                0x080076a8                HAL_CAN_SleepCallback
 .text.HAL_CAN_WakeUpFromRxMsgCallback
                0x080076aa        0x2 build/stm32f1xx_hal_can.o
                0x080076aa                HAL_CAN_WakeUpFromRxMsgCallback
 .text.HAL_CAN_IRQHandler
                0x080076ac      0x250 build/stm32f1xx_hal_can.o
                0x080076ac                HAL_CAN_IRQHandler
 .text.HAL_CAN_GetError
                0x080078fc        0x4 build/stm32f1xx_hal_can.o
                0x080078fc                HAL_CAN_GetError
 .text.Reset_Handler
                0x08007900       0x48 build/startup_stm32f103xb.o
                0x08007900                Reset_Handler
 .text.Default_Handler
                0x08007948        0x2 build/startup_stm32f103xb.o
                0x08007948                RTC_Alarm_IRQHandler
                0x08007948                EXTI2_IRQHandler
                0x08007948                TIM1_CC_IRQHandler
                0x08007948                PVD_IRQHandler
                0x08007948                EXTI3_IRQHandler
                0x08007948                EXTI0_IRQHandler
                0x08007948                I2C2_EV_IRQHandler
                0x08007948                ADC1_2_IRQHandler
                0x08007948                SPI1_IRQHandler
                0x08007948                TAMPER_IRQHandler
                0x08007948                DMA1_Channel4_IRQHandler
                0x08007948                USART3_IRQHandler
                0x08007948                RTC_IRQHandler
                0x08007948                DMA1_Channel7_IRQHandler
                0x08007948                CAN1_RX1_IRQHandler
                0x08007948                TIM4_IRQHandler
                0x08007948                I2C1_EV_IRQHandler
                0x08007948                DMA1_Channel6_IRQHandler
                0x08007948                TIM3_IRQHandler
                0x08007948                RCC_IRQHandler
                0x08007948                TIM1_TRG_COM_IRQHandler
                0x08007948                DMA1_Channel1_IRQHandler
                0x08007948                Default_Handler
                0x08007948                EXTI15_10_IRQHandler
                0x08007948                EXTI9_5_IRQHandler
                0x08007948                SPI2_IRQHandler
                0x08007948                DMA1_Channel5_IRQHandler
                0x08007948                EXTI4_IRQHandler
                0x08007948                USB_HP_CAN1_TX_IRQHandler
                0x08007948                DMA1_Channel3_IRQHandler
                0x08007948                TIM1_UP_IRQHandler
                0x08007948                WWDG_IRQHandler
                0x08007948                TIM1_BRK_IRQHandler
                0x08007948                EXTI1_IRQHandler
                0x08007948                USART2_IRQHandler
                0x08007948                I2C2_ER_IRQHandler
                0x08007948                DMA1_Channel2_IRQHandler
                0x08007948                CAN1_SCE_IRQHandler
                0x08007948                FLASH_IRQHandler
                0x08007948                USART1_IRQHandler
                0x08007948                I2C1_ER_IRQHandler
                0x08007948                USBWakeUp_IRQHandler
 *(.glue_7)
 .glue_7        0x0800794a        0x0 linker stubs
 *(.glue_7t)
 .glue_7t       0x0800794a        0x0 linker stubs
 *(.eh_frame)
 *fill*         0x0800794a        0x2 
 .eh_frame      0x0800794c        0x0 /usr/lib/gcc/arm-none-eabi/13.2.1/thumb/v7-m/nofp/crtbegin.o
 *(.init)
 .init          0x0800794c        0x4 /usr/lib/gcc/arm-none-eabi/13.2.1/thumb/v7-m/nofp/crti.o
                0x0800794c                _init
 .init          0x08007950        0x8 /usr/lib/gcc/arm-none-eabi/13.2.1/thumb/v7-m/nofp/crtn.o
 *(.fini)
 .fini          0x08007958        0x4 /usr/lib/gcc/arm-none-eabi/13.2.1/thumb/v7-m/nofp/crti.o
                0x08007958                _fini
 .fini          0x0800795c        0x8 /usr/lib/gcc/arm-none-eabi/13.2.1/thumb/v7-m/nofp/crtn.o
                0x08007964                        . = ALIGN (0x4)
                0x08007964                        _etext = .

.vfp11_veneer   0x08007964        0x0
 .vfp11_veneer  0x08007964        0x0 linker stubs

.v4_bx          0x08007964        0x0
 .v4_bx         0x08007964        0x0 linker stubs

.iplt           0x08007964        0x0
 .iplt          0x08007964        0x0 /usr/lib/gcc/arm-none-eabi/13.2.1/thumb/v7-m/nofp/crtbegin.o

.rodata         0x08007968      0x504
                0x08007968                        . = ALIGN (0x4)
 *(.rodata)
 .rodata        0x08007968      0x128 /usr/lib/gcc/arm-none-eabi/13.2.1/../../../arm-none-eabi/lib/thumb/v7-m/nofp/libc_nano.a(libc_a-mprec.o)
                0x08007978                __mprec_tens
                0x08007a40                __mprec_tinytens
                0x08007a68                __mprec_bigtens
 .rodata        0x08007a90      0x101 /usr/lib/gcc/arm-none-eabi/13.2.1/../../../arm-none-eabi/lib/thumb/v7-m/nofp/libc_nano.a(libc_a-ctype_.o)
                0x08007a90                _ctype_
 *(.rodata*)
 *fill*         0x08007b91        0x3 
 .rodata.HAL_CAN_ErrorCallback.str1.4
                0x08007b94      0x2aa build/main.o
                                 0x74 (size before relaxing)
 .rodata.CAN_Filter_Init.str1.4
                0x08007e3e       0x23 build/main.o
 .rodata.main.str1.4
                0x08007e3e       0x6e build/main.o
 .rodata.CAN_Rx_Task.str1.4
                0x08007e3e       0x36 build/freertos.o
 .rodata.MX_FREERTOS_Init.str1.4
                0x08007e3e        0x7 build/freertos.o
 *fill*         0x08007e3e        0x2 
 .rodata.aPredivFactorTable.0
                0x08007e40        0x2 build/stm32f1xx_hal_rcc.o
 *fill*         0x08007e42        0x2 
 .rodata.aPLLMULFactorTable.1
                0x08007e44       0x10 build/stm32f1xx_hal_rcc.o
 .rodata.APBPrescTable
                0x08007e54        0x8 build/system_stm32f1xx.o
                0x08007e54                APBPrescTable
 .rodata.AHBPrescTable
                0x08007e5c       0x10 build/system_stm32f1xx.o
                0x08007e5c                AHBPrescTable
 .rodata.vTaskStartScheduler.str1.4
                0x08007e6c        0x5 build/tasks.o
 .rodata.MX_CAN_Init.str1.4
                0x08007e6c       0x23 build/can.o
 .rodata.str1.4
                0x08007e6c       0x12 /usr/lib/gcc/arm-none-eabi/13.2.1/../../../arm-none-eabi/lib/thumb/v7-m/nofp/libc_nano.a(libc_a-nano-vfprintf_float.o)
 .rodata.str1.4
                0x08007e6c       0x69 /usr/lib/gcc/arm-none-eabi/13.2.1/../../../arm-none-eabi/lib/thumb/v7-m/nofp/libc_nano.a(libc_a-dtoa.o)
 .rodata.str1.4
                0x08007e6c       0x25 /usr/lib/gcc/arm-none-eabi/13.2.1/../../../arm-none-eabi/lib/thumb/v7-m/nofp/libc_nano.a(libc_a-nano-vfprintf_i.o)
 .rodata.str1.4
                0x08007e6c       0x13 /usr/lib/gcc/arm-none-eabi/13.2.1/../../../arm-none-eabi/lib/thumb/v7-m/nofp/libc_nano.a(libc_a-nano-vfprintf.o)
 .rodata.str1.4
                0x08007e6c       0x43 /usr/lib/gcc/arm-none-eabi/13.2.1/../../../arm-none-eabi/lib/thumb/v7-m/nofp/libc_nano.a(libc_a-assert.o)
 .rodata.str1.4
                0x08007e6c       0x59 /usr/lib/gcc/arm-none-eabi/13.2.1/../../../arm-none-eabi/lib/thumb/v7-m/nofp/libc_nano.a(libc_a-mprec.o)
 .rodata.str1.4
                0x08007e6c       0x12 /usr/lib/gcc/arm-none-eabi/13.2.1/../../../arm-none-eabi/lib/thumb/v7-m/nofp/libc_nano.a(libc_a-locale.o)
                0x08007ed8                        . = ALIGN (0x4)

.ARM.extab      0x08007e6c        0x0
                0x08007e6c                        . = ALIGN (0x4)
 *(.ARM.extab* .gnu.linkonce.armextab.*)
                0x08007e6c                        . = ALIGN (0x4)

.ARM            0x08007e6c        0x8
                0x08007e6c                        . = ALIGN (0x4)
                0x08007e6c                        __exidx_start = .
 *(.ARM.exidx*)
 .ARM.exidx     0x08007e6c        0x8 /usr/lib/gcc/arm-none-eabi/13.2.1/../../../arm-none-eabi/lib/thumb/v7-m/nofp/libc_nano.a(libc_a-memcpy.o)
                0x08007e74                        __exidx_end = .
                0x08007e74                        . = ALIGN (0x4)

.preinit_array  0x08007e74        0x0
                0x08007e74                        . = ALIGN (0x4)
                0x08007e74                        PROVIDE (__preinit_array_start = .)
 *(.preinit_array*)
                0x08007e74                        PROVIDE (__preinit_array_end = .)
                0x08007e74                        . = ALIGN (0x4)

.init_array     0x08007e74        0x4
                0x08007e74                        . = ALIGN (0x4)
                0x08007e74                        PROVIDE (__init_array_start = .)
 *(SORT_BY_NAME(.init_array.*))
 *(.init_array*)
 .init_array    0x08007e74        0x4 /usr/lib/gcc/arm-none-eabi/13.2.1/thumb/v7-m/nofp/crtbegin.o
                0x08007e78                        PROVIDE (__init_array_end = .)
                0x08007e78                        . = ALIGN (0x4)

.fini_array     0x08007e78        0x4
                0x08007e78                        . = ALIGN (0x4)
                0x08007e78                        PROVIDE (__fini_array_start = .)
 *(SORT_BY_NAME(.fini_array.*))
 *(.fini_array*)
 .fini_array    0x08007e78        0x4 /usr/lib/gcc/arm-none-eabi/13.2.1/thumb/v7-m/nofp/crtbegin.o
                0x08007e7c                        PROVIDE (__fini_array_end = .)
                0x08007e7c                        . = ALIGN (0x4)
                0x08007e7c                        _sidata = LOADADDR (.data)

.rel.dyn        0x08007e7c        0x0
 .rel.iplt      0x08007e7c        0x0 /usr/lib/gcc/arm-none-eabi/13.2.1/thumb/v7-m/nofp/crtbegin.o

.data           0x20000000      0x1d4 load address 0x08007e7c
                0x20000000                        . = ALIGN (0x4)
                0x20000000                        _sdata = .
 *(.data)
 .data          0x20000000        0xc /usr/lib/gcc/arm-none-eabi/13.2.1/../../../arm-none-eabi/lib/thumb/v7-m/nofp/libc_nano.a(libc_a-findfp.o)
                0x20000000                __sglue
 .data          0x2000000c       0x50 /usr/lib/gcc/arm-none-eabi/13.2.1/../../../arm-none-eabi/lib/thumb/v7-m/nofp/libc_nano.a(libc_a-impure.o)
                0x2000000c                _impure_ptr
                0x20000010                _impure_data
 .data          0x2000005c      0x16c /usr/lib/gcc/arm-none-eabi/13.2.1/../../../arm-none-eabi/lib/thumb/v7-m/nofp/libc_nano.a(libc_a-locale.o)
                0x2000005c                __global_locale
 *(.data*)
 .data.uwTickPrio
                0x200001c8        0x4 build/stm32f1xx_hal.o
                0x200001c8                uwTickPrio
 .data.SystemCoreClock
                0x200001cc        0x4 build/system_stm32f1xx.o
                0x200001cc                SystemCoreClock
 .data.uxCriticalNesting
                0x200001d0        0x4 build/port.o
 *(.RamFunc)
 *(.RamFunc*)
                0x200001d4                        . = ALIGN (0x4)
                0x200001d4                        _edata = .

.tm_clone_table
                0x200001d4        0x0 load address 0x08008050
 .tm_clone_table
                0x200001d4        0x0 /usr/lib/gcc/arm-none-eabi/13.2.1/thumb/v7-m/nofp/crtbegin.o
 .tm_clone_table
                0x200001d4        0x0 /usr/lib/gcc/arm-none-eabi/13.2.1/thumb/v7-m/nofp/crtend.o

.igot.plt       0x200001d4        0x0 load address 0x08008050
 .igot.plt      0x200001d4        0x0 /usr/lib/gcc/arm-none-eabi/13.2.1/thumb/v7-m/nofp/crtbegin.o
                0x200001d4                        . = ALIGN (0x4)

.bss            0x200001d4     0x41d0 load address 0x08008050
                0x200001d4                        _sbss = .
                0x200001d4                        __bss_start__ = _sbss
 *(.bss)
 .bss           0x200001d4       0x1c /usr/lib/gcc/arm-none-eabi/13.2.1/thumb/v7-m/nofp/crtbegin.o
 .bss           0x200001f0      0x13c /usr/lib/gcc/arm-none-eabi/13.2.1/../../../arm-none-eabi/lib/thumb/v7-m/nofp/libc_nano.a(libc_a-findfp.o)
                0x200001f0                __sf
                0x20000328                __stdio_exit_handler
 .bss           0x2000032c        0x8 /usr/lib/gcc/arm-none-eabi/13.2.1/../../../arm-none-eabi/lib/thumb/v7-m/nofp/libc_nano.a(libc_a-mallocr.o)
                0x2000032c                __malloc_sbrk_start
                0x20000330                __malloc_free_list
 .bss           0x20000334        0x4 /usr/lib/gcc/arm-none-eabi/13.2.1/../../../arm-none-eabi/lib/thumb/v7-m/nofp/libc_nano.a(libc_a-reent.o)
                0x20000334                errno
 *(.bss*)
 .bss.xIdleStack
                0x20000338      0x200 build/freertos.o
 .bss.xIdleTaskTCBBuffer
                0x20000538       0x54 build/freertos.o
 .bss.canRxQueue
                0x2000058c        0x4 build/freertos.o
                0x2000058c                canRxQueue
 .bss.huart1    0x20000590       0x48 build/usart.o
                0x20000590                huart1
 .bss.htim2     0x200005d8       0x48 build/stm32f1xx_hal_timebase_tim.o
                0x200005d8                htim2
 .bss.uwTick    0x20000620        0x4 build/stm32f1xx_hal.o
                0x20000620                uwTick
 .bss.uxSchedulerSuspended
                0x20000624        0x4 build/tasks.o
 .bss.xIdleTaskHandle
                0x20000628        0x4 build/tasks.o
 .bss.xNextTaskUnblockTime
                0x2000062c        0x4 build/tasks.o
 .bss.uxTaskNumber
                0x20000630        0x4 build/tasks.o
 .bss.xNumOfOverflows
                0x20000634        0x4 build/tasks.o
 .bss.xYieldPending
                0x20000638        0x4 build/tasks.o
 .bss.xPendedTicks
                0x2000063c        0x4 build/tasks.o
 .bss.xSchedulerRunning
                0x20000640        0x4 build/tasks.o
 .bss.uxTopReadyPriority
                0x20000644        0x4 build/tasks.o
 .bss.xTickCount
                0x20000648        0x4 build/tasks.o
 .bss.uxCurrentNumberOfTasks
                0x2000064c        0x4 build/tasks.o
 .bss.xSuspendedTaskList
                0x20000650       0x14 build/tasks.o
 .bss.uxDeletedTasksWaitingCleanUp
                0x20000664        0x4 build/tasks.o
 .bss.xTasksWaitingTermination
                0x20000668       0x14 build/tasks.o
 .bss.xPendingReadyList
                0x2000067c       0x14 build/tasks.o
 .bss.pxOverflowDelayedTaskList
                0x20000690        0x4 build/tasks.o
 .bss.pxDelayedTaskList
                0x20000694        0x4 build/tasks.o
 .bss.xDelayedTaskList2
                0x20000698       0x14 build/tasks.o
 .bss.xDelayedTaskList1
                0x200006ac       0x14 build/tasks.o
 .bss.pxReadyTasksLists
                0x200006c0       0x8c build/tasks.o
 .bss.pxCurrentTCB
                0x2000074c        0x4 build/tasks.o
                0x2000074c                pxCurrentTCB
 .bss.xBlockAllocatedBit
                0x20000750        0x4 build/heap_4.o
 .bss.xNumberOfSuccessfulFrees
                0x20000754        0x4 build/heap_4.o
 .bss.xNumberOfSuccessfulAllocations
                0x20000758        0x4 build/heap_4.o
 .bss.xMinimumEverFreeBytesRemaining
                0x2000075c        0x4 build/heap_4.o
 .bss.xFreeBytesRemaining
                0x20000760        0x4 build/heap_4.o
 .bss.pxEnd     0x20000764        0x4 build/heap_4.o
 .bss.xStart    0x20000768        0x8 build/heap_4.o
 .bss.ucHeap    0x20000770     0x3c00 build/heap_4.o
 .bss.ulMaxPRIGROUPValue
                0x20004370        0x4 build/port.o
 .bss.ucMaxSysCallPriority
                0x20004374        0x1 build/port.o
 *fill*         0x20004375        0x3 
 .bss.__sbrk_heap_end
                0x20004378        0x4 build/sysmem.o
 .bss.hcan      0x2000437c       0x28 build/can.o
                0x2000437c                hcan
 *(COMMON)
                0x200043a4                        . = ALIGN (0x4)
                0x200043a4                        _ebss = .
                0x200043a4                        __bss_end__ = _ebss

._user_heap_stack
                0x200043a4      0x604 load address 0x08008050
                0x200043a8                        . = ALIGN (0x8)
 *fill*         0x200043a4        0x4 
                [!provide]                        PROVIDE (end = .)
                0x200043a8                        PROVIDE (_end = .)
                0x200045a8                        . = (. + _Min_Heap_Size)
 *fill*         0x200043a8      0x200 
                0x200049a8                        . = (. + _Min_Stack_Size)
 *fill*         0x200045a8      0x400 
                0x200049a8                        . = ALIGN (0x8)

/DISCARD/
 libc.a(*)
 libm.a(*)
 libgcc.a(*)
OUTPUT(build/aceleracion_freertos.elf elf32-littlearm)
LOAD linker stubs
LOAD /usr/lib/gcc/arm-none-eabi/13.2.1/../../../arm-none-eabi/lib/thumb/v7-m/nofp/libc.a
LOAD /usr/lib/gcc/arm-none-eabi/13.2.1/../../../arm-none-eabi/lib/thumb/v7-m/nofp/libm.a
LOAD /usr/lib/gcc/arm-none-eabi/13.2.1/thumb/v7-m/nofp/libgcc.a

.ARM.attributes
                0x00000000       0x29
 .ARM.attributes
                0x00000000       0x1d /usr/lib/gcc/arm-none-eabi/13.2.1/thumb/v7-m/nofp/crti.o
 .ARM.attributes
                0x0000001d       0x2d /usr/lib/gcc/arm-none-eabi/13.2.1/thumb/v7-m/nofp/crtbegin.o
 .ARM.attributes
                0x0000004a       0x2d build/main.o
 .ARM.attributes
                0x00000077       0x2d build/gpio.o
 .ARM.attributes
                0x000000a4       0x2d build/freertos.o
 .ARM.attributes
                0x000000d1       0x2d build/usart.o
 .ARM.attributes
                0x000000fe       0x2d build/stm32f1xx_it.o
 .ARM.attributes
                0x0000012b       0x2d build/stm32f1xx_hal_msp.o
 .ARM.attributes
                0x00000158       0x2d build/stm32f1xx_hal_timebase_tim.o
 .ARM.attributes
                0x00000185       0x2d build/stm32f1xx_hal_tim.o
 .ARM.attributes
                0x000001b2       0x2d build/stm32f1xx_hal_tim_ex.o
 .ARM.attributes
                0x000001df       0x2d build/stm32f1xx_hal.o
 .ARM.attributes
                0x0000020c       0x2d build/stm32f1xx_hal_rcc.o
 .ARM.attributes
                0x00000239       0x2d build/stm32f1xx_hal_gpio.o
 .ARM.attributes
                0x00000266       0x2d build/stm32f1xx_hal_cortex.o
 .ARM.attributes
                0x00000293       0x2d build/stm32f1xx_hal_uart.o
 .ARM.attributes
                0x000002c0       0x2d build/system_stm32f1xx.o
 .ARM.attributes
                0x000002ed       0x2d build/list.o
 .ARM.attributes
                0x0000031a       0x2d build/queue.o
 .ARM.attributes
                0x00000347       0x2d build/tasks.o
 .ARM.attributes
                0x00000374       0x2d build/cmsis_os.o
 .ARM.attributes
                0x000003a1       0x2d build/heap_4.o
 .ARM.attributes
                0x000003ce       0x2d build/port.o
 .ARM.attributes
                0x000003fb       0x2d build/sysmem.o
 .ARM.attributes
                0x00000428       0x2d build/syscalls.o
 .ARM.attributes
                0x00000455       0x2d build/can.o
 .ARM.attributes
                0x00000482       0x2d build/stm32f1xx_hal_can.o
 .ARM.attributes
                0x000004af       0x21 build/startup_stm32f103xb.o
 .ARM.attributes
                0x000004d0       0x2d /usr/lib/gcc/arm-none-eabi/13.2.1/../../../arm-none-eabi/lib/thumb/v7-m/nofp/libc_nano.a(libc_a-strlen-stub.o)
 .ARM.attributes
                0x000004fd       0x2d /usr/lib/gcc/arm-none-eabi/13.2.1/../../../arm-none-eabi/lib/thumb/v7-m/nofp/libc_nano.a(libc_a-init.o)
 .ARM.attributes
                0x0000052a       0x2d /usr/lib/gcc/arm-none-eabi/13.2.1/../../../arm-none-eabi/lib/thumb/v7-m/nofp/libc_nano.a(libc_a-puts.o)
 .ARM.attributes
                0x00000557       0x2d /usr/lib/gcc/arm-none-eabi/13.2.1/../../../arm-none-eabi/lib/thumb/v7-m/nofp/libc_nano.a(libc_a-findfp.o)
 .ARM.attributes
                0x00000584       0x2d /usr/lib/gcc/arm-none-eabi/13.2.1/../../../arm-none-eabi/lib/thumb/v7-m/nofp/libc_nano.a(libc_a-memset.o)
 .ARM.attributes
                0x000005b1       0x2d /usr/lib/gcc/arm-none-eabi/13.2.1/../../../arm-none-eabi/lib/thumb/v7-m/nofp/libc_nano.a(libc_a-fflush.o)
 .ARM.attributes
                0x000005de       0x2d /usr/lib/gcc/arm-none-eabi/13.2.1/../../../arm-none-eabi/lib/thumb/v7-m/nofp/libc_nano.a(libc_a-errno.o)
 .ARM.attributes
                0x0000060b       0x2d /usr/lib/gcc/arm-none-eabi/13.2.1/../../../arm-none-eabi/lib/thumb/v7-m/nofp/libc_nano.a(libc_a-nano-vfprintf_float.o)
 .ARM.attributes
                0x00000638       0x2d /usr/lib/gcc/arm-none-eabi/13.2.1/../../../arm-none-eabi/lib/thumb/v7-m/nofp/libc_nano.a(libc_a-mallocr.o)
 .ARM.attributes
                0x00000665       0x2d /usr/lib/gcc/arm-none-eabi/13.2.1/../../../arm-none-eabi/lib/thumb/v7-m/nofp/libc_nano.a(libc_a-dtoa.o)
 .ARM.attributes
                0x00000692       0x2d /usr/lib/gcc/arm-none-eabi/13.2.1/../../../arm-none-eabi/lib/thumb/v7-m/nofp/libc_nano.a(libc_a-freer.o)
 .ARM.attributes
                0x000006bf       0x2d /usr/lib/gcc/arm-none-eabi/13.2.1/../../../arm-none-eabi/lib/thumb/v7-m/nofp/libc_nano.a(libc_a-fwalk.o)
 .ARM.attributes
                0x000006ec       0x2d /usr/lib/gcc/arm-none-eabi/13.2.1/../../../arm-none-eabi/lib/thumb/v7-m/nofp/libc_nano.a(libc_a-wsetup.o)
 .ARM.attributes
                0x00000719       0x1b /usr/lib/gcc/arm-none-eabi/13.2.1/../../../arm-none-eabi/lib/thumb/v7-m/nofp/libc_nano.a(libc_a-memcpy.o)
 .ARM.attributes
                0x00000734       0x2d /usr/lib/gcc/arm-none-eabi/13.2.1/../../../arm-none-eabi/lib/thumb/v7-m/nofp/libc_nano.a(libc_a-malloc.o)
 .ARM.attributes
                0x00000761       0x2d /usr/lib/gcc/arm-none-eabi/13.2.1/../../../arm-none-eabi/lib/thumb/v7-m/nofp/libc_nano.a(libc_a-nano-vfprintf_i.o)
 .ARM.attributes
                0x0000078e       0x2d /usr/lib/gcc/arm-none-eabi/13.2.1/../../../arm-none-eabi/lib/thumb/v7-m/nofp/libc_nano.a(libc_a-mlock.o)
 .ARM.attributes
                0x000007bb       0x2d /usr/lib/gcc/arm-none-eabi/13.2.1/../../../arm-none-eabi/lib/thumb/v7-m/nofp/libc_nano.a(libc_a-makebuf.o)
 .ARM.attributes
                0x000007e8       0x2d /usr/lib/gcc/arm-none-eabi/13.2.1/../../../arm-none-eabi/lib/thumb/v7-m/nofp/libc_nano.a(libc_a-memchr-stub.o)
 .ARM.attributes
                0x00000815       0x2d /usr/lib/gcc/arm-none-eabi/13.2.1/../../../arm-none-eabi/lib/thumb/v7-m/nofp/libc_nano.a(libc_a-printf.o)
 .ARM.attributes
                0x00000842       0x2d /usr/lib/gcc/arm-none-eabi/13.2.1/../../../arm-none-eabi/lib/thumb/v7-m/nofp/libc_nano.a(libc_a-isattyr.o)
 .ARM.attributes
                0x0000086f       0x2d /usr/lib/gcc/arm-none-eabi/13.2.1/../../../arm-none-eabi/lib/thumb/v7-m/nofp/libc_nano.a(libc_a-nano-vfprintf.o)
 .ARM.attributes
                0x0000089c       0x2d /usr/lib/gcc/arm-none-eabi/13.2.1/../../../arm-none-eabi/lib/thumb/v7-m/nofp/libc_nano.a(libc_a-wbuf.o)
 .ARM.attributes
                0x000008c9       0x2d /usr/lib/gcc/arm-none-eabi/13.2.1/../../../arm-none-eabi/lib/thumb/v7-m/nofp/libc_nano.a(libc_a-assert.o)
 .ARM.attributes
                0x000008f6       0x2d /usr/lib/gcc/arm-none-eabi/13.2.1/../../../arm-none-eabi/lib/thumb/v7-m/nofp/libc_nano.a(libc_a-mprec.o)
 .ARM.attributes
                0x00000923       0x2d /usr/lib/gcc/arm-none-eabi/13.2.1/../../../arm-none-eabi/lib/thumb/v7-m/nofp/libc_nano.a(libc_a-sbrkr.o)
 .ARM.attributes
                0x00000950       0x2d /usr/lib/gcc/arm-none-eabi/13.2.1/../../../arm-none-eabi/lib/thumb/v7-m/nofp/libc_nano.a(libc_a-stdio.o)
 .ARM.attributes
                0x0000097d       0x2d /usr/lib/gcc/arm-none-eabi/13.2.1/../../../arm-none-eabi/lib/thumb/v7-m/nofp/libc_nano.a(libc_a-impure.o)
 .ARM.attributes
                0x000009aa       0x2d /usr/lib/gcc/arm-none-eabi/13.2.1/../../../arm-none-eabi/lib/thumb/v7-m/nofp/libc_nano.a(libc_a-localeconv.o)
 .ARM.attributes
                0x000009d7       0x2d /usr/lib/gcc/arm-none-eabi/13.2.1/../../../arm-none-eabi/lib/thumb/v7-m/nofp/libc_nano.a(libc_a-fvwrite.o)
 .ARM.attributes
                0x00000a04       0x2d /usr/lib/gcc/arm-none-eabi/13.2.1/../../../arm-none-eabi/lib/thumb/v7-m/nofp/libc_nano.a(libc_a-abort.o)
 .ARM.attributes
                0x00000a31       0x2d /usr/lib/gcc/arm-none-eabi/13.2.1/../../../arm-none-eabi/lib/thumb/v7-m/nofp/libc_nano.a(libc_a-closer.o)
 .ARM.attributes
                0x00000a5e       0x2d /usr/lib/gcc/arm-none-eabi/13.2.1/../../../arm-none-eabi/lib/thumb/v7-m/nofp/libc_nano.a(libc_a-callocr.o)
 .ARM.attributes
                0x00000a8b       0x2d /usr/lib/gcc/arm-none-eabi/13.2.1/../../../arm-none-eabi/lib/thumb/v7-m/nofp/libc_nano.a(libc_a-locale.o)
 .ARM.attributes
                0x00000ab8       0x2d /usr/lib/gcc/arm-none-eabi/13.2.1/../../../arm-none-eabi/lib/thumb/v7-m/nofp/libc_nano.a(libc_a-memmove.o)
 .ARM.attributes
                0x00000ae5       0x2d /usr/lib/gcc/arm-none-eabi/13.2.1/../../../arm-none-eabi/lib/thumb/v7-m/nofp/libc_nano.a(libc_a-wctomb_r.o)
 .ARM.attributes
                0x00000b12       0x2d /usr/lib/gcc/arm-none-eabi/13.2.1/../../../arm-none-eabi/lib/thumb/v7-m/nofp/libc_nano.a(libc_a-readr.o)
 .ARM.attributes
                0x00000b3f       0x2d /usr/lib/gcc/arm-none-eabi/13.2.1/../../../arm-none-eabi/lib/thumb/v7-m/nofp/libc_nano.a(libc_a-fprintf.o)
 .ARM.attributes
                0x00000b6c       0x2d /usr/lib/gcc/arm-none-eabi/13.2.1/../../../arm-none-eabi/lib/thumb/v7-m/nofp/libc_nano.a(libc_a-reent.o)
 .ARM.attributes
                0x00000b99       0x2d /usr/lib/gcc/arm-none-eabi/13.2.1/../../../arm-none-eabi/lib/thumb/v7-m/nofp/libc_nano.a(libc_a-reallocr.o)
 .ARM.attributes
                0x00000bc6       0x2d /usr/lib/gcc/arm-none-eabi/13.2.1/../../../arm-none-eabi/lib/thumb/v7-m/nofp/libc_nano.a(libc_a-fstatr.o)
 .ARM.attributes
                0x00000bf3       0x2d /usr/lib/gcc/arm-none-eabi/13.2.1/../../../arm-none-eabi/lib/thumb/v7-m/nofp/libc_nano.a(libc_a-lseekr.o)
 .ARM.attributes
                0x00000c20       0x2d /usr/lib/gcc/arm-none-eabi/13.2.1/../../../arm-none-eabi/lib/thumb/v7-m/nofp/libc_nano.a(libc_a-ctype_.o)
 .ARM.attributes
                0x00000c4d       0x2d /usr/lib/gcc/arm-none-eabi/13.2.1/../../../arm-none-eabi/lib/thumb/v7-m/nofp/libc_nano.a(libc_a-writer.o)
 .ARM.attributes
                0x00000c7a       0x2d /usr/lib/gcc/arm-none-eabi/13.2.1/../../../arm-none-eabi/lib/thumb/v7-m/nofp/libc_nano.a(libc_a-msizer.o)
 .ARM.attributes
                0x00000ca7       0x2d /usr/lib/gcc/arm-none-eabi/13.2.1/../../../arm-none-eabi/lib/thumb/v7-m/nofp/libc_nano.a(libc_a-mbtowc_r.o)
 .ARM.attributes
                0x00000cd4       0x2d /usr/lib/gcc/arm-none-eabi/13.2.1/../../../arm-none-eabi/lib/thumb/v7-m/nofp/libc_nano.a(libc_a-signal.o)
 .ARM.attributes
                0x00000d01       0x2d /usr/lib/gcc/arm-none-eabi/13.2.1/../../../arm-none-eabi/lib/thumb/v7-m/nofp/libc_nano.a(libc_a-signalr.o)
 .ARM.attributes
                0x00000d2e       0x1d /usr/lib/gcc/arm-none-eabi/13.2.1/thumb/v7-m/nofp/libgcc.a(_arm_addsubdf3.o)
 .ARM.attributes
                0x00000d4b       0x1d /usr/lib/gcc/arm-none-eabi/13.2.1/thumb/v7-m/nofp/libgcc.a(_arm_muldivdf3.o)
 .ARM.attributes
                0x00000d68       0x1d /usr/lib/gcc/arm-none-eabi/13.2.1/thumb/v7-m/nofp/libgcc.a(_arm_cmpdf2.o)
 .ARM.attributes
                0x00000d85       0x1d /usr/lib/gcc/arm-none-eabi/13.2.1/thumb/v7-m/nofp/libgcc.a(_arm_unorddf2.o)
 .ARM.attributes
                0x00000da2       0x1d /usr/lib/gcc/arm-none-eabi/13.2.1/thumb/v7-m/nofp/libgcc.a(_arm_fixdfsi.o)
 .ARM.attributes
                0x00000dbf       0x2d /usr/lib/gcc/arm-none-eabi/13.2.1/thumb/v7-m/nofp/crtend.o
 .ARM.attributes
                0x00000dec       0x1d /usr/lib/gcc/arm-none-eabi/13.2.1/thumb/v7-m/nofp/crtn.o

.comment        0x00000000       0x26
 .comment       0x00000000       0x26 /usr/lib/gcc/arm-none-eabi/13.2.1/thumb/v7-m/nofp/crtbegin.o
                                 0x27 (size before relaxing)
 .comment       0x00000026       0x27 build/main.o
 .comment       0x00000026       0x27 build/gpio.o
 .comment       0x00000026       0x27 build/freertos.o
 .comment       0x00000026       0x27 build/usart.o
 .comment       0x00000026       0x27 build/stm32f1xx_it.o
 .comment       0x00000026       0x27 build/stm32f1xx_hal_msp.o
 .comment       0x00000026       0x27 build/stm32f1xx_hal_timebase_tim.o
 .comment       0x00000026       0x27 build/stm32f1xx_hal_tim.o
 .comment       0x00000026       0x27 build/stm32f1xx_hal_tim_ex.o
 .comment       0x00000026       0x27 build/stm32f1xx_hal.o
 .comment       0x00000026       0x27 build/stm32f1xx_hal_rcc.o
 .comment       0x00000026       0x27 build/stm32f1xx_hal_gpio.o
 .comment       0x00000026       0x27 build/stm32f1xx_hal_cortex.o
 .comment       0x00000026       0x27 build/stm32f1xx_hal_uart.o
 .comment       0x00000026       0x27 build/system_stm32f1xx.o
 .comment       0x00000026       0x27 build/list.o
 .comment       0x00000026       0x27 build/queue.o
 .comment       0x00000026       0x27 build/tasks.o
 .comment       0x00000026       0x27 build/cmsis_os.o
 .comment       0x00000026       0x27 build/heap_4.o
 .comment       0x00000026       0x27 build/port.o
 .comment       0x00000026       0x27 build/sysmem.o
 .comment       0x00000026       0x27 build/syscalls.o
 .comment       0x00000026       0x27 build/can.o
 .comment       0x00000026       0x27 build/stm32f1xx_hal_can.o
 .comment       0x00000026       0x27 /usr/lib/gcc/arm-none-eabi/13.2.1/../../../arm-none-eabi/lib/thumb/v7-m/nofp/libc_nano.a(libc_a-strlen-stub.o)
 .comment       0x00000026       0x27 /usr/lib/gcc/arm-none-eabi/13.2.1/../../../arm-none-eabi/lib/thumb/v7-m/nofp/libc_nano.a(libc_a-init.o)
 .comment       0x00000026       0x27 /usr/lib/gcc/arm-none-eabi/13.2.1/../../../arm-none-eabi/lib/thumb/v7-m/nofp/libc_nano.a(libc_a-puts.o)
 .comment       0x00000026       0x27 /usr/lib/gcc/arm-none-eabi/13.2.1/../../../arm-none-eabi/lib/thumb/v7-m/nofp/libc_nano.a(libc_a-findfp.o)
 .comment       0x00000026       0x27 /usr/lib/gcc/arm-none-eabi/13.2.1/../../../arm-none-eabi/lib/thumb/v7-m/nofp/libc_nano.a(libc_a-memset.o)
 .comment       0x00000026       0x27 /usr/lib/gcc/arm-none-eabi/13.2.1/../../../arm-none-eabi/lib/thumb/v7-m/nofp/libc_nano.a(libc_a-fflush.o)
 .comment       0x00000026       0x27 /usr/lib/gcc/arm-none-eabi/13.2.1/../../../arm-none-eabi/lib/thumb/v7-m/nofp/libc_nano.a(libc_a-errno.o)
 .comment       0x00000026       0x27 /usr/lib/gcc/arm-none-eabi/13.2.1/../../../arm-none-eabi/lib/thumb/v7-m/nofp/libc_nano.a(libc_a-nano-vfprintf_float.o)
 .comment       0x00000026       0x27 /usr/lib/gcc/arm-none-eabi/13.2.1/../../../arm-none-eabi/lib/thumb/v7-m/nofp/libc_nano.a(libc_a-mallocr.o)
 .comment       0x00000026       0x27 /usr/lib/gcc/arm-none-eabi/13.2.1/../../../arm-none-eabi/lib/thumb/v7-m/nofp/libc_nano.a(libc_a-dtoa.o)
 .comment       0x00000026       0x27 /usr/lib/gcc/arm-none-eabi/13.2.1/../../../arm-none-eabi/lib/thumb/v7-m/nofp/libc_nano.a(libc_a-freer.o)
 .comment       0x00000026       0x27 /usr/lib/gcc/arm-none-eabi/13.2.1/../../../arm-none-eabi/lib/thumb/v7-m/nofp/libc_nano.a(libc_a-fwalk.o)
 .comment       0x00000026       0x27 /usr/lib/gcc/arm-none-eabi/13.2.1/../../../arm-none-eabi/lib/thumb/v7-m/nofp/libc_nano.a(libc_a-wsetup.o)
 .comment       0x00000026       0x27 /usr/lib/gcc/arm-none-eabi/13.2.1/../../../arm-none-eabi/lib/thumb/v7-m/nofp/libc_nano.a(libc_a-malloc.o)
 .comment       0x00000026       0x27 /usr/lib/gcc/arm-none-eabi/13.2.1/../../../arm-none-eabi/lib/thumb/v7-m/nofp/libc_nano.a(libc_a-nano-vfprintf_i.o)
 .comment       0x00000026       0x27 /usr/lib/gcc/arm-none-eabi/13.2.1/../../../arm-none-eabi/lib/thumb/v7-m/nofp/libc_nano.a(libc_a-mlock.o)
 .comment       0x00000026       0x27 /usr/lib/gcc/arm-none-eabi/13.2.1/../../../arm-none-eabi/lib/thumb/v7-m/nofp/libc_nano.a(libc_a-makebuf.o)
 .comment       0x00000026       0x27 /usr/lib/gcc/arm-none-eabi/13.2.1/../../../arm-none-eabi/lib/thumb/v7-m/nofp/libc_nano.a(libc_a-memchr-stub.o)
 .comment       0x00000026       0x27 /usr/lib/gcc/arm-none-eabi/13.2.1/../../../arm-none-eabi/lib/thumb/v7-m/nofp/libc_nano.a(libc_a-printf.o)
 .comment       0x00000026       0x27 /usr/lib/gcc/arm-none-eabi/13.2.1/../../../arm-none-eabi/lib/thumb/v7-m/nofp/libc_nano.a(libc_a-isattyr.o)
 .comment       0x00000026       0x27 /usr/lib/gcc/arm-none-eabi/13.2.1/../../../arm-none-eabi/lib/thumb/v7-m/nofp/libc_nano.a(libc_a-nano-vfprintf.o)
 .comment       0x00000026       0x27 /usr/lib/gcc/arm-none-eabi/13.2.1/../../../arm-none-eabi/lib/thumb/v7-m/nofp/libc_nano.a(libc_a-wbuf.o)
 .comment       0x00000026       0x27 /usr/lib/gcc/arm-none-eabi/13.2.1/../../../arm-none-eabi/lib/thumb/v7-m/nofp/libc_nano.a(libc_a-assert.o)
 .comment       0x00000026       0x27 /usr/lib/gcc/arm-none-eabi/13.2.1/../../../arm-none-eabi/lib/thumb/v7-m/nofp/libc_nano.a(libc_a-mprec.o)
 .comment       0x00000026       0x27 /usr/lib/gcc/arm-none-eabi/13.2.1/../../../arm-none-eabi/lib/thumb/v7-m/nofp/libc_nano.a(libc_a-sbrkr.o)
 .comment       0x00000026       0x27 /usr/lib/gcc/arm-none-eabi/13.2.1/../../../arm-none-eabi/lib/thumb/v7-m/nofp/libc_nano.a(libc_a-stdio.o)
 .comment       0x00000026       0x27 /usr/lib/gcc/arm-none-eabi/13.2.1/../../../arm-none-eabi/lib/thumb/v7-m/nofp/libc_nano.a(libc_a-impure.o)
 .comment       0x00000026       0x27 /usr/lib/gcc/arm-none-eabi/13.2.1/../../../arm-none-eabi/lib/thumb/v7-m/nofp/libc_nano.a(libc_a-localeconv.o)
 .comment       0x00000026       0x27 /usr/lib/gcc/arm-none-eabi/13.2.1/../../../arm-none-eabi/lib/thumb/v7-m/nofp/libc_nano.a(libc_a-fvwrite.o)
 .comment       0x00000026       0x27 /usr/lib/gcc/arm-none-eabi/13.2.1/../../../arm-none-eabi/lib/thumb/v7-m/nofp/libc_nano.a(libc_a-abort.o)
 .comment       0x00000026       0x27 /usr/lib/gcc/arm-none-eabi/13.2.1/../../../arm-none-eabi/lib/thumb/v7-m/nofp/libc_nano.a(libc_a-closer.o)
 .comment       0x00000026       0x27 /usr/lib/gcc/arm-none-eabi/13.2.1/../../../arm-none-eabi/lib/thumb/v7-m/nofp/libc_nano.a(libc_a-callocr.o)
 .comment       0x00000026       0x27 /usr/lib/gcc/arm-none-eabi/13.2.1/../../../arm-none-eabi/lib/thumb/v7-m/nofp/libc_nano.a(libc_a-locale.o)
 .comment       0x00000026       0x27 /usr/lib/gcc/arm-none-eabi/13.2.1/../../../arm-none-eabi/lib/thumb/v7-m/nofp/libc_nano.a(libc_a-memmove.o)
 .comment       0x00000026       0x27 /usr/lib/gcc/arm-none-eabi/13.2.1/../../../arm-none-eabi/lib/thumb/v7-m/nofp/libc_nano.a(libc_a-wctomb_r.o)
 .comment       0x00000026       0x27 /usr/lib/gcc/arm-none-eabi/13.2.1/../../../arm-none-eabi/lib/thumb/v7-m/nofp/libc_nano.a(libc_a-readr.o)
 .comment       0x00000026       0x27 /usr/lib/gcc/arm-none-eabi/13.2.1/../../../arm-none-eabi/lib/thumb/v7-m/nofp/libc_nano.a(libc_a-fprintf.o)
 .comment       0x00000026       0x27 /usr/lib/gcc/arm-none-eabi/13.2.1/../../../arm-none-eabi/lib/thumb/v7-m/nofp/libc_nano.a(libc_a-reent.o)
 .comment       0x00000026       0x27 /usr/lib/gcc/arm-none-eabi/13.2.1/../../../arm-none-eabi/lib/thumb/v7-m/nofp/libc_nano.a(libc_a-reallocr.o)
 .comment       0x00000026       0x27 /usr/lib/gcc/arm-none-eabi/13.2.1/../../../arm-none-eabi/lib/thumb/v7-m/nofp/libc_nano.a(libc_a-fstatr.o)
 .comment       0x00000026       0x27 /usr/lib/gcc/arm-none-eabi/13.2.1/../../../arm-none-eabi/lib/thumb/v7-m/nofp/libc_nano.a(libc_a-lseekr.o)
 .comment       0x00000026       0x27 /usr/lib/gcc/arm-none-eabi/13.2.1/../../../arm-none-eabi/lib/thumb/v7-m/nofp/libc_nano.a(libc_a-ctype_.o)
 .comment       0x00000026       0x27 /usr/lib/gcc/arm-none-eabi/13.2.1/../../../arm-none-eabi/lib/thumb/v7-m/nofp/libc_nano.a(libc_a-writer.o)
 .comment       0x00000026       0x27 /usr/lib/gcc/arm-none-eabi/13.2.1/../../../arm-none-eabi/lib/thumb/v7-m/nofp/libc_nano.a(libc_a-msizer.o)
 .comment       0x00000026       0x27 /usr/lib/gcc/arm-none-eabi/13.2.1/../../../arm-none-eabi/lib/thumb/v7-m/nofp/libc_nano.a(libc_a-mbtowc_r.o)
 .comment       0x00000026       0x27 /usr/lib/gcc/arm-none-eabi/13.2.1/../../../arm-none-eabi/lib/thumb/v7-m/nofp/libc_nano.a(libc_a-signal.o)
 .comment       0x00000026       0x27 /usr/lib/gcc/arm-none-eabi/13.2.1/../../../arm-none-eabi/lib/thumb/v7-m/nofp/libc_nano.a(libc_a-signalr.o)
 .comment       0x00000026       0x27 /usr/lib/gcc/arm-none-eabi/13.2.1/thumb/v7-m/nofp/crtend.o

.debug_info     0x00000000    0x3684c
 .debug_info    0x00000000     0x1379 build/main.o
 .debug_info    0x00001379      0x345 build/gpio.o
 .debug_info    0x000016be      0x688 build/freertos.o
 .debug_info    0x00001d46      0x9e2 build/usart.o
 .debug_info    0x00002728      0xbc7 build/stm32f1xx_it.o
 .debug_info    0x000032ef      0x3bd build/stm32f1xx_hal_msp.o
 .debug_info    0x000036ac      0xb50 build/stm32f1xx_hal_timebase_tim.o
 .debug_info    0x000041fc     0x412e build/stm32f1xx_hal_tim.o
 .debug_info    0x0000832a     0x1d37 build/stm32f1xx_hal_tim_ex.o
 .debug_info    0x0000a061      0x874 build/stm32f1xx_hal.o
 .debug_info    0x0000a8d5      0xaec build/stm32f1xx_hal_rcc.o
 .debug_info    0x0000b3c1      0x6bf build/stm32f1xx_hal_gpio.o
 .debug_info    0x0000ba80      0xe1b build/stm32f1xx_hal_cortex.o
 .debug_info    0x0000c89b     0x42eb build/stm32f1xx_hal_uart.o
 .debug_info    0x00010b86      0x256 build/system_stm32f1xx.o
 .debug_info    0x00010ddc      0x303 build/list.o
 .debug_info    0x000110df     0x24ab build/queue.o
 .debug_info    0x0001358a     0x2b00 build/tasks.o
 .debug_info    0x0001608a     0x26eb build/cmsis_os.o
 .debug_info    0x00018775      0x5f4 build/heap_4.o
 .debug_info    0x00018d69      0x54b build/port.o
 .debug_info    0x000192b4      0x174 build/sysmem.o
 .debug_info    0x00019428      0x853 build/syscalls.o
 .debug_info    0x00019c7b      0xabc build/can.o
 .debug_info    0x0001a737     0x136d build/stm32f1xx_hal_can.o
 .debug_info    0x0001baa4       0x30 build/startup_stm32f103xb.o
 .debug_info    0x0001bad4       0xbd /usr/lib/gcc/arm-none-eabi/13.2.1/../../../arm-none-eabi/lib/thumb/v7-m/nofp/libc_nano.a(libc_a-strlen-stub.o)
 .debug_info    0x0001bb91      0x10b /usr/lib/gcc/arm-none-eabi/13.2.1/../../../arm-none-eabi/lib/thumb/v7-m/nofp/libc_nano.a(libc_a-init.o)
 .debug_info    0x0001bc9c      0x905 /usr/lib/gcc/arm-none-eabi/13.2.1/../../../arm-none-eabi/lib/thumb/v7-m/nofp/libc_nano.a(libc_a-puts.o)
 .debug_info    0x0001c5a1      0xe8c /usr/lib/gcc/arm-none-eabi/13.2.1/../../../arm-none-eabi/lib/thumb/v7-m/nofp/libc_nano.a(libc_a-findfp.o)
 .debug_info    0x0001d42d      0x135 /usr/lib/gcc/arm-none-eabi/13.2.1/../../../arm-none-eabi/lib/thumb/v7-m/nofp/libc_nano.a(libc_a-memset.o)
 .debug_info    0x0001d562      0xa30 /usr/lib/gcc/arm-none-eabi/13.2.1/../../../arm-none-eabi/lib/thumb/v7-m/nofp/libc_nano.a(libc_a-fflush.o)
 .debug_info    0x0001df92      0x6f1 /usr/lib/gcc/arm-none-eabi/13.2.1/../../../arm-none-eabi/lib/thumb/v7-m/nofp/libc_nano.a(libc_a-errno.o)
 .debug_info    0x0001e683     0x13d2 /usr/lib/gcc/arm-none-eabi/13.2.1/../../../arm-none-eabi/lib/thumb/v7-m/nofp/libc_nano.a(libc_a-nano-vfprintf_float.o)
 .debug_info    0x0001fa55      0x9b6 /usr/lib/gcc/arm-none-eabi/13.2.1/../../../arm-none-eabi/lib/thumb/v7-m/nofp/libc_nano.a(libc_a-mallocr.o)
 .debug_info    0x0002040b     0x1943 /usr/lib/gcc/arm-none-eabi/13.2.1/../../../arm-none-eabi/lib/thumb/v7-m/nofp/libc_nano.a(libc_a-dtoa.o)
 .debug_info    0x00021d4e      0x87f /usr/lib/gcc/arm-none-eabi/13.2.1/../../../arm-none-eabi/lib/thumb/v7-m/nofp/libc_nano.a(libc_a-freer.o)
 .debug_info    0x000225cd      0x7c8 /usr/lib/gcc/arm-none-eabi/13.2.1/../../../arm-none-eabi/lib/thumb/v7-m/nofp/libc_nano.a(libc_a-fwalk.o)
 .debug_info    0x00022d95      0x7b1 /usr/lib/gcc/arm-none-eabi/13.2.1/../../../arm-none-eabi/lib/thumb/v7-m/nofp/libc_nano.a(libc_a-wsetup.o)
 .debug_info    0x00023546       0x33 /usr/lib/gcc/arm-none-eabi/13.2.1/../../../arm-none-eabi/lib/thumb/v7-m/nofp/libc_nano.a(libc_a-memcpy.o)
 .debug_info    0x00023579      0x796 /usr/lib/gcc/arm-none-eabi/13.2.1/../../../arm-none-eabi/lib/thumb/v7-m/nofp/libc_nano.a(libc_a-malloc.o)
 .debug_info    0x00023d0f      0xdd7 /usr/lib/gcc/arm-none-eabi/13.2.1/../../../arm-none-eabi/lib/thumb/v7-m/nofp/libc_nano.a(libc_a-nano-vfprintf_i.o)
 .debug_info    0x00024ae6      0x71c /usr/lib/gcc/arm-none-eabi/13.2.1/../../../arm-none-eabi/lib/thumb/v7-m/nofp/libc_nano.a(libc_a-mlock.o)
 .debug_info    0x00025202      0xbe6 /usr/lib/gcc/arm-none-eabi/13.2.1/../../../arm-none-eabi/lib/thumb/v7-m/nofp/libc_nano.a(libc_a-makebuf.o)
 .debug_info    0x00025de8      0x14a /usr/lib/gcc/arm-none-eabi/13.2.1/../../../arm-none-eabi/lib/thumb/v7-m/nofp/libc_nano.a(libc_a-memchr-stub.o)
 .debug_info    0x00025f32      0x837 /usr/lib/gcc/arm-none-eabi/13.2.1/../../../arm-none-eabi/lib/thumb/v7-m/nofp/libc_nano.a(libc_a-printf.o)
 .debug_info    0x00026769      0x752 /usr/lib/gcc/arm-none-eabi/13.2.1/../../../arm-none-eabi/lib/thumb/v7-m/nofp/libc_nano.a(libc_a-isattyr.o)
 .debug_info    0x00026ebb     0x108a /usr/lib/gcc/arm-none-eabi/13.2.1/../../../arm-none-eabi/lib/thumb/v7-m/nofp/libc_nano.a(libc_a-nano-vfprintf.o)
 .debug_info    0x00027f45      0x863 /usr/lib/gcc/arm-none-eabi/13.2.1/../../../arm-none-eabi/lib/thumb/v7-m/nofp/libc_nano.a(libc_a-wbuf.o)
 .debug_info    0x000287a8      0x825 /usr/lib/gcc/arm-none-eabi/13.2.1/../../../arm-none-eabi/lib/thumb/v7-m/nofp/libc_nano.a(libc_a-assert.o)
 .debug_info    0x00028fcd     0x1f12 /usr/lib/gcc/arm-none-eabi/13.2.1/../../../arm-none-eabi/lib/thumb/v7-m/nofp/libc_nano.a(libc_a-mprec.o)
 .debug_info    0x0002aedf      0x778 /usr/lib/gcc/arm-none-eabi/13.2.1/../../../arm-none-eabi/lib/thumb/v7-m/nofp/libc_nano.a(libc_a-sbrkr.o)
 .debug_info    0x0002b657      0xa80 /usr/lib/gcc/arm-none-eabi/13.2.1/../../../arm-none-eabi/lib/thumb/v7-m/nofp/libc_nano.a(libc_a-stdio.o)
 .debug_info    0x0002c0d7      0x70b /usr/lib/gcc/arm-none-eabi/13.2.1/../../../arm-none-eabi/lib/thumb/v7-m/nofp/libc_nano.a(libc_a-impure.o)
 .debug_info    0x0002c7e2      0xa0e /usr/lib/gcc/arm-none-eabi/13.2.1/../../../arm-none-eabi/lib/thumb/v7-m/nofp/libc_nano.a(libc_a-localeconv.o)
 .debug_info    0x0002d1f0      0xb1e /usr/lib/gcc/arm-none-eabi/13.2.1/../../../arm-none-eabi/lib/thumb/v7-m/nofp/libc_nano.a(libc_a-fvwrite.o)
 .debug_info    0x0002dd0e       0xd8 /usr/lib/gcc/arm-none-eabi/13.2.1/../../../arm-none-eabi/lib/thumb/v7-m/nofp/libc_nano.a(libc_a-abort.o)
 .debug_info    0x0002dde6      0x752 /usr/lib/gcc/arm-none-eabi/13.2.1/../../../arm-none-eabi/lib/thumb/v7-m/nofp/libc_nano.a(libc_a-closer.o)
 .debug_info    0x0002e538      0x7c9 /usr/lib/gcc/arm-none-eabi/13.2.1/../../../arm-none-eabi/lib/thumb/v7-m/nofp/libc_nano.a(libc_a-callocr.o)
 .debug_info    0x0002ed01      0xbb9 /usr/lib/gcc/arm-none-eabi/13.2.1/../../../arm-none-eabi/lib/thumb/v7-m/nofp/libc_nano.a(libc_a-locale.o)
 .debug_info    0x0002f8ba      0x148 /usr/lib/gcc/arm-none-eabi/13.2.1/../../../arm-none-eabi/lib/thumb/v7-m/nofp/libc_nano.a(libc_a-memmove.o)
 .debug_info    0x0002fa02      0xa70 /usr/lib/gcc/arm-none-eabi/13.2.1/../../../arm-none-eabi/lib/thumb/v7-m/nofp/libc_nano.a(libc_a-wctomb_r.o)
 .debug_info    0x00030472      0x7b5 /usr/lib/gcc/arm-none-eabi/13.2.1/../../../arm-none-eabi/lib/thumb/v7-m/nofp/libc_nano.a(libc_a-readr.o)
 .debug_info    0x00030c27      0x85d /usr/lib/gcc/arm-none-eabi/13.2.1/../../../arm-none-eabi/lib/thumb/v7-m/nofp/libc_nano.a(libc_a-fprintf.o)
 .debug_info    0x00031484      0x89f /usr/lib/gcc/arm-none-eabi/13.2.1/../../../arm-none-eabi/lib/thumb/v7-m/nofp/libc_nano.a(libc_a-reent.o)
 .debug_info    0x00031d23      0x8cd /usr/lib/gcc/arm-none-eabi/13.2.1/../../../arm-none-eabi/lib/thumb/v7-m/nofp/libc_nano.a(libc_a-reallocr.o)
 .debug_info    0x000325f0      0x977 /usr/lib/gcc/arm-none-eabi/13.2.1/../../../arm-none-eabi/lib/thumb/v7-m/nofp/libc_nano.a(libc_a-fstatr.o)
 .debug_info    0x00032f67      0x79e /usr/lib/gcc/arm-none-eabi/13.2.1/../../../arm-none-eabi/lib/thumb/v7-m/nofp/libc_nano.a(libc_a-lseekr.o)
 .debug_info    0x00033705       0xb9 /usr/lib/gcc/arm-none-eabi/13.2.1/../../../arm-none-eabi/lib/thumb/v7-m/nofp/libc_nano.a(libc_a-ctype_.o)
 .debug_info    0x000337be      0x7bb /usr/lib/gcc/arm-none-eabi/13.2.1/../../../arm-none-eabi/lib/thumb/v7-m/nofp/libc_nano.a(libc_a-writer.o)
 .debug_info    0x00033f79      0x78a /usr/lib/gcc/arm-none-eabi/13.2.1/../../../arm-none-eabi/lib/thumb/v7-m/nofp/libc_nano.a(libc_a-msizer.o)
 .debug_info    0x00034703      0xab0 /usr/lib/gcc/arm-none-eabi/13.2.1/../../../arm-none-eabi/lib/thumb/v7-m/nofp/libc_nano.a(libc_a-mbtowc_r.o)
 .debug_info    0x000351b3      0xc39 /usr/lib/gcc/arm-none-eabi/13.2.1/../../../arm-none-eabi/lib/thumb/v7-m/nofp/libc_nano.a(libc_a-signal.o)
 .debug_info    0x00035dec      0x7df /usr/lib/gcc/arm-none-eabi/13.2.1/../../../arm-none-eabi/lib/thumb/v7-m/nofp/libc_nano.a(libc_a-signalr.o)
 .debug_info    0x000365cb       0xd3 /usr/lib/gcc/arm-none-eabi/13.2.1/thumb/v7-m/nofp/libgcc.a(_arm_addsubdf3.o)
 .debug_info    0x0003669e       0x57 /usr/lib/gcc/arm-none-eabi/13.2.1/thumb/v7-m/nofp/libgcc.a(_arm_muldivdf3.o)
 .debug_info    0x000366f5       0xdf /usr/lib/gcc/arm-none-eabi/13.2.1/thumb/v7-m/nofp/libgcc.a(_arm_cmpdf2.o)
 .debug_info    0x000367d4       0x3c /usr/lib/gcc/arm-none-eabi/13.2.1/thumb/v7-m/nofp/libgcc.a(_arm_unorddf2.o)
 .debug_info    0x00036810       0x3c /usr/lib/gcc/arm-none-eabi/13.2.1/thumb/v7-m/nofp/libgcc.a(_arm_fixdfsi.o)

.debug_abbrev   0x00000000     0x9a57
 .debug_abbrev  0x00000000      0x2c9 build/main.o
 .debug_abbrev  0x000002c9      0x14e build/gpio.o
 .debug_abbrev  0x00000417      0x254 build/freertos.o
 .debug_abbrev  0x0000066b      0x21e build/usart.o
 .debug_abbrev  0x00000889      0x19d build/stm32f1xx_it.o
 .debug_abbrev  0x00000a26      0x136 build/stm32f1xx_hal_msp.o
 .debug_abbrev  0x00000b5c      0x22d build/stm32f1xx_hal_timebase_tim.o
 .debug_abbrev  0x00000d89      0x2bd build/stm32f1xx_hal_tim.o
 .debug_abbrev  0x00001046      0x2b7 build/stm32f1xx_hal_tim_ex.o
 .debug_abbrev  0x000012fd      0x232 build/stm32f1xx_hal.o
 .debug_abbrev  0x0000152f      0x2d6 build/stm32f1xx_hal_rcc.o
 .debug_abbrev  0x00001805      0x222 build/stm32f1xx_hal_gpio.o
 .debug_abbrev  0x00001a27      0x3aa build/stm32f1xx_hal_cortex.o
 .debug_abbrev  0x00001dd1      0x35f build/stm32f1xx_hal_uart.o
 .debug_abbrev  0x00002130      0x140 build/system_stm32f1xx.o
 .debug_abbrev  0x00002270      0x124 build/list.o
 .debug_abbrev  0x00002394      0x431 build/queue.o
 .debug_abbrev  0x000027c5      0x3dd build/tasks.o
 .debug_abbrev  0x00002ba2      0x3fb build/cmsis_os.o
 .debug_abbrev  0x00002f9d      0x27a build/heap_4.o
 .debug_abbrev  0x00003217      0x2c2 build/port.o
 .debug_abbrev  0x000034d9       0xeb build/sysmem.o
 .debug_abbrev  0x000035c4      0x1ea build/syscalls.o
 .debug_abbrev  0x000037ae      0x220 build/can.o
 .debug_abbrev  0x000039ce      0x255 build/stm32f1xx_hal_can.o
 .debug_abbrev  0x00003c23       0x1d build/startup_stm32f103xb.o
 .debug_abbrev  0x00003c40       0x78 /usr/lib/gcc/arm-none-eabi/13.2.1/../../../arm-none-eabi/lib/thumb/v7-m/nofp/libc_nano.a(libc_a-strlen-stub.o)
 .debug_abbrev  0x00003cb8       0xc9 /usr/lib/gcc/arm-none-eabi/13.2.1/../../../arm-none-eabi/lib/thumb/v7-m/nofp/libc_nano.a(libc_a-init.o)
 .debug_abbrev  0x00003d81      0x29c /usr/lib/gcc/arm-none-eabi/13.2.1/../../../arm-none-eabi/lib/thumb/v7-m/nofp/libc_nano.a(libc_a-puts.o)
 .debug_abbrev  0x0000401d      0x408 /usr/lib/gcc/arm-none-eabi/13.2.1/../../../arm-none-eabi/lib/thumb/v7-m/nofp/libc_nano.a(libc_a-findfp.o)
 .debug_abbrev  0x00004425       0xb7 /usr/lib/gcc/arm-none-eabi/13.2.1/../../../arm-none-eabi/lib/thumb/v7-m/nofp/libc_nano.a(libc_a-memset.o)
 .debug_abbrev  0x000044dc      0x2e1 /usr/lib/gcc/arm-none-eabi/13.2.1/../../../arm-none-eabi/lib/thumb/v7-m/nofp/libc_nano.a(libc_a-fflush.o)
 .debug_abbrev  0x000047bd      0x15e /usr/lib/gcc/arm-none-eabi/13.2.1/../../../arm-none-eabi/lib/thumb/v7-m/nofp/libc_nano.a(libc_a-errno.o)
 .debug_abbrev  0x0000491b      0x2ee /usr/lib/gcc/arm-none-eabi/13.2.1/../../../arm-none-eabi/lib/thumb/v7-m/nofp/libc_nano.a(libc_a-nano-vfprintf_float.o)
 .debug_abbrev  0x00004c09      0x24a /usr/lib/gcc/arm-none-eabi/13.2.1/../../../arm-none-eabi/lib/thumb/v7-m/nofp/libc_nano.a(libc_a-mallocr.o)
 .debug_abbrev  0x00004e53      0x333 /usr/lib/gcc/arm-none-eabi/13.2.1/../../../arm-none-eabi/lib/thumb/v7-m/nofp/libc_nano.a(libc_a-dtoa.o)
 .debug_abbrev  0x00005186      0x249 /usr/lib/gcc/arm-none-eabi/13.2.1/../../../arm-none-eabi/lib/thumb/v7-m/nofp/libc_nano.a(libc_a-freer.o)
 .debug_abbrev  0x000053cf      0x19b /usr/lib/gcc/arm-none-eabi/13.2.1/../../../arm-none-eabi/lib/thumb/v7-m/nofp/libc_nano.a(libc_a-fwalk.o)
 .debug_abbrev  0x0000556a      0x1e2 /usr/lib/gcc/arm-none-eabi/13.2.1/../../../arm-none-eabi/lib/thumb/v7-m/nofp/libc_nano.a(libc_a-wsetup.o)
 .debug_abbrev  0x0000574c       0x28 /usr/lib/gcc/arm-none-eabi/13.2.1/../../../arm-none-eabi/lib/thumb/v7-m/nofp/libc_nano.a(libc_a-memcpy.o)
 .debug_abbrev  0x00005774      0x1cf /usr/lib/gcc/arm-none-eabi/13.2.1/../../../arm-none-eabi/lib/thumb/v7-m/nofp/libc_nano.a(libc_a-malloc.o)
 .debug_abbrev  0x00005943      0x284 /usr/lib/gcc/arm-none-eabi/13.2.1/../../../arm-none-eabi/lib/thumb/v7-m/nofp/libc_nano.a(libc_a-nano-vfprintf_i.o)
 .debug_abbrev  0x00005bc7      0x192 /usr/lib/gcc/arm-none-eabi/13.2.1/../../../arm-none-eabi/lib/thumb/v7-m/nofp/libc_nano.a(libc_a-mlock.o)
 .debug_abbrev  0x00005d59      0x29d /usr/lib/gcc/arm-none-eabi/13.2.1/../../../arm-none-eabi/lib/thumb/v7-m/nofp/libc_nano.a(libc_a-makebuf.o)
 .debug_abbrev  0x00005ff6       0xc7 /usr/lib/gcc/arm-none-eabi/13.2.1/../../../arm-none-eabi/lib/thumb/v7-m/nofp/libc_nano.a(libc_a-memchr-stub.o)
 .debug_abbrev  0x000060bd      0x21a /usr/lib/gcc/arm-none-eabi/13.2.1/../../../arm-none-eabi/lib/thumb/v7-m/nofp/libc_nano.a(libc_a-printf.o)
 .debug_abbrev  0x000062d7      0x1b0 /usr/lib/gcc/arm-none-eabi/13.2.1/../../../arm-none-eabi/lib/thumb/v7-m/nofp/libc_nano.a(libc_a-isattyr.o)
 .debug_abbrev  0x00006487      0x36e /usr/lib/gcc/arm-none-eabi/13.2.1/../../../arm-none-eabi/lib/thumb/v7-m/nofp/libc_nano.a(libc_a-nano-vfprintf.o)
 .debug_abbrev  0x000067f5      0x236 /usr/lib/gcc/arm-none-eabi/13.2.1/../../../arm-none-eabi/lib/thumb/v7-m/nofp/libc_nano.a(libc_a-wbuf.o)
 .debug_abbrev  0x00006a2b      0x1ea /usr/lib/gcc/arm-none-eabi/13.2.1/../../../arm-none-eabi/lib/thumb/v7-m/nofp/libc_nano.a(libc_a-assert.o)
 .debug_abbrev  0x00006c15      0x493 /usr/lib/gcc/arm-none-eabi/13.2.1/../../../arm-none-eabi/lib/thumb/v7-m/nofp/libc_nano.a(libc_a-mprec.o)
 .debug_abbrev  0x000070a8      0x1da /usr/lib/gcc/arm-none-eabi/13.2.1/../../../arm-none-eabi/lib/thumb/v7-m/nofp/libc_nano.a(libc_a-sbrkr.o)
 .debug_abbrev  0x00007282      0x224 /usr/lib/gcc/arm-none-eabi/13.2.1/../../../arm-none-eabi/lib/thumb/v7-m/nofp/libc_nano.a(libc_a-stdio.o)
 .debug_abbrev  0x000074a6      0x149 /usr/lib/gcc/arm-none-eabi/13.2.1/../../../arm-none-eabi/lib/thumb/v7-m/nofp/libc_nano.a(libc_a-impure.o)
 .debug_abbrev  0x000075ef      0x22e /usr/lib/gcc/arm-none-eabi/13.2.1/../../../arm-none-eabi/lib/thumb/v7-m/nofp/libc_nano.a(libc_a-localeconv.o)
 .debug_abbrev  0x0000781d      0x224 /usr/lib/gcc/arm-none-eabi/13.2.1/../../../arm-none-eabi/lib/thumb/v7-m/nofp/libc_nano.a(libc_a-fvwrite.o)
 .debug_abbrev  0x00007a41       0x99 /usr/lib/gcc/arm-none-eabi/13.2.1/../../../arm-none-eabi/lib/thumb/v7-m/nofp/libc_nano.a(libc_a-abort.o)
 .debug_abbrev  0x00007ada      0x1b0 /usr/lib/gcc/arm-none-eabi/13.2.1/../../../arm-none-eabi/lib/thumb/v7-m/nofp/libc_nano.a(libc_a-closer.o)
 .debug_abbrev  0x00007c8a      0x1cd /usr/lib/gcc/arm-none-eabi/13.2.1/../../../arm-none-eabi/lib/thumb/v7-m/nofp/libc_nano.a(libc_a-callocr.o)
 .debug_abbrev  0x00007e57      0x29d /usr/lib/gcc/arm-none-eabi/13.2.1/../../../arm-none-eabi/lib/thumb/v7-m/nofp/libc_nano.a(libc_a-locale.o)
 .debug_abbrev  0x000080f4       0xc3 /usr/lib/gcc/arm-none-eabi/13.2.1/../../../arm-none-eabi/lib/thumb/v7-m/nofp/libc_nano.a(libc_a-memmove.o)
 .debug_abbrev  0x000081b7      0x201 /usr/lib/gcc/arm-none-eabi/13.2.1/../../../arm-none-eabi/lib/thumb/v7-m/nofp/libc_nano.a(libc_a-wctomb_r.o)
 .debug_abbrev  0x000083b8      0x1b0 /usr/lib/gcc/arm-none-eabi/13.2.1/../../../arm-none-eabi/lib/thumb/v7-m/nofp/libc_nano.a(libc_a-readr.o)
 .debug_abbrev  0x00008568      0x21d /usr/lib/gcc/arm-none-eabi/13.2.1/../../../arm-none-eabi/lib/thumb/v7-m/nofp/libc_nano.a(libc_a-fprintf.o)
 .debug_abbrev  0x00008785      0x1ee /usr/lib/gcc/arm-none-eabi/13.2.1/../../../arm-none-eabi/lib/thumb/v7-m/nofp/libc_nano.a(libc_a-reent.o)
 .debug_abbrev  0x00008973      0x20c /usr/lib/gcc/arm-none-eabi/13.2.1/../../../arm-none-eabi/lib/thumb/v7-m/nofp/libc_nano.a(libc_a-reallocr.o)
 .debug_abbrev  0x00008b7f      0x1c3 /usr/lib/gcc/arm-none-eabi/13.2.1/../../../arm-none-eabi/lib/thumb/v7-m/nofp/libc_nano.a(libc_a-fstatr.o)
 .debug_abbrev  0x00008d42      0x1c4 /usr/lib/gcc/arm-none-eabi/13.2.1/../../../arm-none-eabi/lib/thumb/v7-m/nofp/libc_nano.a(libc_a-lseekr.o)
 .debug_abbrev  0x00008f06       0x62 /usr/lib/gcc/arm-none-eabi/13.2.1/../../../arm-none-eabi/lib/thumb/v7-m/nofp/libc_nano.a(libc_a-ctype_.o)
 .debug_abbrev  0x00008f68      0x1b5 /usr/lib/gcc/arm-none-eabi/13.2.1/../../../arm-none-eabi/lib/thumb/v7-m/nofp/libc_nano.a(libc_a-writer.o)
 .debug_abbrev  0x0000911d      0x196 /usr/lib/gcc/arm-none-eabi/13.2.1/../../../arm-none-eabi/lib/thumb/v7-m/nofp/libc_nano.a(libc_a-msizer.o)
 .debug_abbrev  0x000092b3      0x208 /usr/lib/gcc/arm-none-eabi/13.2.1/../../../arm-none-eabi/lib/thumb/v7-m/nofp/libc_nano.a(libc_a-mbtowc_r.o)
 .debug_abbrev  0x000094bb      0x2d7 /usr/lib/gcc/arm-none-eabi/13.2.1/../../../arm-none-eabi/lib/thumb/v7-m/nofp/libc_nano.a(libc_a-signal.o)
 .debug_abbrev  0x00009792      0x1fd /usr/lib/gcc/arm-none-eabi/13.2.1/../../../arm-none-eabi/lib/thumb/v7-m/nofp/libc_nano.a(libc_a-signalr.o)
 .debug_abbrev  0x0000998f       0x28 /usr/lib/gcc/arm-none-eabi/13.2.1/thumb/v7-m/nofp/libgcc.a(_arm_addsubdf3.o)
 .debug_abbrev  0x000099b7       0x28 /usr/lib/gcc/arm-none-eabi/13.2.1/thumb/v7-m/nofp/libgcc.a(_arm_muldivdf3.o)
 .debug_abbrev  0x000099df       0x28 /usr/lib/gcc/arm-none-eabi/13.2.1/thumb/v7-m/nofp/libgcc.a(_arm_cmpdf2.o)
 .debug_abbrev  0x00009a07       0x28 /usr/lib/gcc/arm-none-eabi/13.2.1/thumb/v7-m/nofp/libgcc.a(_arm_unorddf2.o)
 .debug_abbrev  0x00009a2f       0x28 /usr/lib/gcc/arm-none-eabi/13.2.1/thumb/v7-m/nofp/libgcc.a(_arm_fixdfsi.o)

.debug_loc      0x00000000    0x16dd2
 .debug_loc     0x00000000      0x238 build/main.o
 .debug_loc     0x00000238       0x38 build/gpio.o
 .debug_loc     0x00000270       0xc9 build/freertos.o
 .debug_loc     0x00000339      0x178 build/usart.o
 .debug_loc     0x000004b1       0x40 build/stm32f1xx_it.o
 .debug_loc     0x000004f1       0x4d build/stm32f1xx_hal_msp.o
 .debug_loc     0x0000053e      0x179 build/stm32f1xx_hal_timebase_tim.o
 .debug_loc     0x000006b7     0x6168 build/stm32f1xx_hal_tim.o
 .debug_loc     0x0000681f     0x227b build/stm32f1xx_hal_tim_ex.o
 .debug_loc     0x00008a9a      0x1f9 build/stm32f1xx_hal.o
 .debug_loc     0x00008c93      0x7c6 build/stm32f1xx_hal_rcc.o
 .debug_loc     0x00009459      0x56c build/stm32f1xx_hal_gpio.o
 .debug_loc     0x000099c5      0x8b4 build/stm32f1xx_hal_cortex.o
 .debug_loc     0x0000a279     0x4ff4 build/stm32f1xx_hal_uart.o
 .debug_loc     0x0000f26d      0x11b build/system_stm32f1xx.o
 .debug_loc     0x0000f388       0xeb build/list.o
 .debug_loc     0x0000f473     0x1b24 build/queue.o
 .debug_loc     0x00010f97     0x23c1 build/tasks.o
 .debug_loc     0x00013358     0x1bc6 build/cmsis_os.o
 .debug_loc     0x00014f1e      0x51c build/heap_4.o
 .debug_loc     0x0001543a      0x172 build/port.o
 .debug_loc     0x000155ac       0x90 build/sysmem.o
 .debug_loc     0x0001563c      0x583 build/syscalls.o
 .debug_loc     0x00015bbf      0x158 build/can.o
 .debug_loc     0x00015d17     0x10bb build/stm32f1xx_hal_can.o

.debug_aranges  0x00000000     0x19f8
 .debug_aranges
                0x00000000       0x50 build/main.o
 .debug_aranges
                0x00000050       0x20 build/gpio.o
 .debug_aranges
                0x00000070       0x30 build/freertos.o
 .debug_aranges
                0x000000a0       0x38 build/usart.o
 .debug_aranges
                0x000000d8       0x58 build/stm32f1xx_it.o
 .debug_aranges
                0x00000130       0x20 build/stm32f1xx_hal_msp.o
 .debug_aranges
                0x00000150       0x30 build/stm32f1xx_hal_timebase_tim.o
 .debug_aranges
                0x00000180      0x3d0 build/stm32f1xx_hal_tim.o
 .debug_aranges
                0x00000550      0x168 build/stm32f1xx_hal_tim_ex.o
 .debug_aranges
                0x000006b8       0xe0 build/stm32f1xx_hal.o
 .debug_aranges
                0x00000798       0x90 build/stm32f1xx_hal_rcc.o
 .debug_aranges
                0x00000828       0x58 build/stm32f1xx_hal_gpio.o
 .debug_aranges
                0x00000880       0xc0 build/stm32f1xx_hal_cortex.o
 .debug_aranges
                0x00000940      0x208 build/stm32f1xx_hal_uart.o
 .debug_aranges
                0x00000b48       0x28 build/system_stm32f1xx.o
 .debug_aranges
                0x00000b70       0x40 build/list.o
 .debug_aranges
                0x00000bb0      0x108 build/queue.o
 .debug_aranges
                0x00000cb8      0x1b8 build/tasks.o
 .debug_aranges
                0x00000e70      0x1d8 build/cmsis_os.o
 .debug_aranges
                0x00001048       0x58 build/heap_4.o
 .debug_aranges
                0x000010a0       0x78 build/port.o
 .debug_aranges
                0x00001118       0x20 build/sysmem.o
 .debug_aranges
                0x00001138       0xa8 build/syscalls.o
 .debug_aranges
                0x000011e0       0x28 build/can.o
 .debug_aranges
                0x00001208      0x138 build/stm32f1xx_hal_can.o
 .debug_aranges
                0x00001340       0x28 build/startup_stm32f103xb.o
 .debug_aranges
                0x00001368       0x20 /usr/lib/gcc/arm-none-eabi/13.2.1/../../../arm-none-eabi/lib/thumb/v7-m/nofp/libc_nano.a(libc_a-strlen-stub.o)
 .debug_aranges
                0x00001388       0x20 /usr/lib/gcc/arm-none-eabi/13.2.1/../../../arm-none-eabi/lib/thumb/v7-m/nofp/libc_nano.a(libc_a-init.o)
 .debug_aranges
                0x000013a8       0x20 /usr/lib/gcc/arm-none-eabi/13.2.1/../../../arm-none-eabi/lib/thumb/v7-m/nofp/libc_nano.a(libc_a-puts.o)
 .debug_aranges
                0x000013c8       0x20 /usr/lib/gcc/arm-none-eabi/13.2.1/../../../arm-none-eabi/lib/thumb/v7-m/nofp/libc_nano.a(libc_a-findfp.o)
 .debug_aranges