ARM GAS  /tmp/ccKm2IKN.s 			page 1


   1              		.cpu cortex-m3
   2              		.arch armv7-m
   3              		.fpu softvfp
   4              		.eabi_attribute 20, 1
   5              		.eabi_attribute 21, 1
   6              		.eabi_attribute 23, 3
   7              		.eabi_attribute 24, 1
   8              		.eabi_attribute 25, 1
   9              		.eabi_attribute 26, 1
  10              		.eabi_attribute 30, 1
  11              		.eabi_attribute 34, 1
  12              		.eabi_attribute 18, 4
  13              		.file	"adc.c"
  14              		.text
  15              	.Ltext0:
  16              		.cfi_sections	.debug_frame
  17              		.file 1 "Core/Src/adc.c"
  18              		.section	.text.MX_ADC1_Init,"ax",%progbits
  19              		.align	1
  20              		.global	MX_ADC1_Init
  21              		.syntax unified
  22              		.thumb
  23              		.thumb_func
  25              	MX_ADC1_Init:
  26              	.LFB65:
   1:Core/Src/adc.c **** #include "main.h" 
   2:Core/Src/adc.c **** #include "adc.h"
   3:Core/Src/adc.c **** #include <stdint.h>
   4:Core/Src/adc.c **** 
   5:Core/Src/adc.c **** /* ADC handle */
   6:Core/Src/adc.c **** ADC_HandleTypeDef hadc1;
   7:Core/Src/adc.c **** 
   8:Core/Src/adc.c **** void MX_ADC1_Init(void)
   9:Core/Src/adc.c **** {
  27              		.loc 1 9 1 view -0
  28              		.cfi_startproc
  29              		@ args = 0, pretend = 0, frame = 16
  30              		@ frame_needed = 0, uses_anonymous_args = 0
  31 0000 30B5     		push	{r4, r5, lr}
  32              	.LCFI0:
  33              		.cfi_def_cfa_offset 12
  34              		.cfi_offset 4, -12
  35              		.cfi_offset 5, -8
  36              		.cfi_offset 14, -4
  37 0002 85B0     		sub	sp, sp, #20
  38              	.LCFI1:
  39              		.cfi_def_cfa_offset 32
  10:Core/Src/adc.c ****     ADC_ChannelConfTypeDef sConfig = {0};
  40              		.loc 1 10 5 view .LVU1
  41              		.loc 1 10 28 is_stmt 0 view .LVU2
  42 0004 0023     		movs	r3, #0
  43 0006 0193     		str	r3, [sp, #4]
  44 0008 0293     		str	r3, [sp, #8]
  45 000a 0393     		str	r3, [sp, #12]
  11:Core/Src/adc.c **** 
  12:Core/Src/adc.c ****     /* Habilitar clock ADC1 */
  13:Core/Src/adc.c ****     __HAL_RCC_ADC1_CLK_ENABLE();
ARM GAS  /tmp/ccKm2IKN.s 			page 2


  46              		.loc 1 13 5 is_stmt 1 view .LVU3
  47              	.LBB2:
  48              		.loc 1 13 5 view .LVU4
  49              		.loc 1 13 5 view .LVU5
  50 000c 124A     		ldr	r2, .L3
  51 000e 9169     		ldr	r1, [r2, #24]
  52 0010 41F40071 		orr	r1, r1, #512
  53 0014 9161     		str	r1, [r2, #24]
  54              		.loc 1 13 5 view .LVU6
  55 0016 9269     		ldr	r2, [r2, #24]
  56 0018 02F40072 		and	r2, r2, #512
  57 001c 0092     		str	r2, [sp]
  58              		.loc 1 13 5 view .LVU7
  59 001e 009A     		ldr	r2, [sp]
  60              	.LBE2:
  61              		.loc 1 13 5 view .LVU8
  14:Core/Src/adc.c **** 
  15:Core/Src/adc.c ****     /* Configuración básica ADC */
  16:Core/Src/adc.c ****     hadc1.Instance = ADC1;
  62              		.loc 1 16 5 view .LVU9
  63              		.loc 1 16 20 is_stmt 0 view .LVU10
  64 0020 0E4C     		ldr	r4, .L3+4
  65 0022 0F4A     		ldr	r2, .L3+8
  66 0024 2260     		str	r2, [r4]
  17:Core/Src/adc.c **** 
  18:Core/Src/adc.c ****     hadc1.Init.ScanConvMode = ADC_SCAN_DISABLE;
  67              		.loc 1 18 5 is_stmt 1 view .LVU11
  68              		.loc 1 18 29 is_stmt 0 view .LVU12
  69 0026 A360     		str	r3, [r4, #8]
  19:Core/Src/adc.c ****     hadc1.Init.ContinuousConvMode = DISABLE;
  70              		.loc 1 19 5 is_stmt 1 view .LVU13
  71              		.loc 1 19 35 is_stmt 0 view .LVU14
  72 0028 2373     		strb	r3, [r4, #12]
  20:Core/Src/adc.c ****     hadc1.Init.DiscontinuousConvMode = DISABLE;
  73              		.loc 1 20 5 is_stmt 1 view .LVU15
  74              		.loc 1 20 38 is_stmt 0 view .LVU16
  75 002a 2375     		strb	r3, [r4, #20]
  21:Core/Src/adc.c **** 
  22:Core/Src/adc.c ****     hadc1.Init.ExternalTrigConv = ADC_SOFTWARE_START;
  76              		.loc 1 22 5 is_stmt 1 view .LVU17
  77              		.loc 1 22 33 is_stmt 0 view .LVU18
  78 002c 4FF46022 		mov	r2, #917504
  79 0030 E261     		str	r2, [r4, #28]
  23:Core/Src/adc.c ****     hadc1.Init.DataAlign = ADC_DATAALIGN_RIGHT;
  80              		.loc 1 23 5 is_stmt 1 view .LVU19
  81              		.loc 1 23 26 is_stmt 0 view .LVU20
  82 0032 6360     		str	r3, [r4, #4]
  24:Core/Src/adc.c ****     hadc1.Init.NbrOfConversion = 1;
  83              		.loc 1 24 5 is_stmt 1 view .LVU21
  84              		.loc 1 24 32 is_stmt 0 view .LVU22
  85 0034 0125     		movs	r5, #1
  86 0036 2561     		str	r5, [r4, #16]
  25:Core/Src/adc.c **** 
  26:Core/Src/adc.c ****     HAL_ADC_Init(&hadc1);
  87              		.loc 1 26 5 is_stmt 1 view .LVU23
  88 0038 2046     		mov	r0, r4
  89 003a FFF7FEFF 		bl	HAL_ADC_Init
ARM GAS  /tmp/ccKm2IKN.s 			page 3


  90              	.LVL0:
  27:Core/Src/adc.c **** 
  28:Core/Src/adc.c ****     /* Canal (CAMBIAR SEGÚN PIN) */
  29:Core/Src/adc.c ****     sConfig.Channel = ADC_CHANNEL_1;   // PA1
  91              		.loc 1 29 5 view .LVU24
  92              		.loc 1 29 21 is_stmt 0 view .LVU25
  93 003e 0195     		str	r5, [sp, #4]
  30:Core/Src/adc.c ****     sConfig.Rank = ADC_REGULAR_RANK_1;
  94              		.loc 1 30 5 is_stmt 1 view .LVU26
  95              		.loc 1 30 18 is_stmt 0 view .LVU27
  96 0040 0295     		str	r5, [sp, #8]
  31:Core/Src/adc.c **** 
  32:Core/Src/adc.c ****     /* Sampling largo para LM35 */
  33:Core/Src/adc.c ****     sConfig.SamplingTime = ADC_SAMPLETIME_239CYCLES_5;
  97              		.loc 1 33 5 is_stmt 1 view .LVU28
  98              		.loc 1 33 26 is_stmt 0 view .LVU29
  99 0042 0723     		movs	r3, #7
 100 0044 0393     		str	r3, [sp, #12]
  34:Core/Src/adc.c **** 
  35:Core/Src/adc.c ****     HAL_ADC_ConfigChannel(&hadc1, &sConfig);
 101              		.loc 1 35 5 is_stmt 1 view .LVU30
 102 0046 01A9     		add	r1, sp, #4
 103 0048 2046     		mov	r0, r4
 104 004a FFF7FEFF 		bl	HAL_ADC_ConfigChannel
 105              	.LVL1:
  36:Core/Src/adc.c **** 
  37:Core/Src/adc.c ****     /* Calibración */
  38:Core/Src/adc.c ****     HAL_ADCEx_Calibration_Start(&hadc1);
 106              		.loc 1 38 5 view .LVU31
 107 004e 2046     		mov	r0, r4
 108 0050 FFF7FEFF 		bl	HAL_ADCEx_Calibration_Start
 109              	.LVL2:
  39:Core/Src/adc.c **** }
 110              		.loc 1 39 1 is_stmt 0 view .LVU32
 111 0054 05B0     		add	sp, sp, #20
 112              	.LCFI2:
 113              		.cfi_def_cfa_offset 12
 114              		@ sp needed
 115 0056 30BD     		pop	{r4, r5, pc}
 116              	.L4:
 117              		.align	2
 118              	.L3:
 119 0058 00100240 		.word	1073876992
 120 005c 00000000 		.word	hadc1
 121 0060 00240140 		.word	1073816576
 122              		.cfi_endproc
 123              	.LFE65:
 125              		.global	hadc1
 126              		.section	.bss.hadc1,"aw",%nobits
 127              		.align	2
 130              	hadc1:
 131 0000 00000000 		.space	48
 131      00000000 
 131      00000000 
 131      00000000 
 131      00000000 
 132              		.text
ARM GAS  /tmp/ccKm2IKN.s 			page 4


 133              	.Letext0:
 134              		.file 2 "Drivers/CMSIS/Device/ST/STM32F1xx/Include/stm32f103xb.h"
 135              		.file 3 "/usr/lib/gcc/arm-none-eabi/13.2.1/include/stdint.h"
 136              		.file 4 "Drivers/CMSIS/Device/ST/STM32F1xx/Include/stm32f1xx.h"
 137              		.file 5 "Drivers/STM32F1xx_HAL_Driver/Inc/stm32f1xx_hal_def.h"
 138              		.file 6 "Drivers/STM32F1xx_HAL_Driver/Inc/stm32f1xx_hal_dma.h"
 139              		.file 7 "Drivers/STM32F1xx_HAL_Driver/Inc/stm32f1xx_hal_adc.h"
 140              		.file 8 "Drivers/STM32F1xx_HAL_Driver/Inc/stm32f1xx_hal_adc_ex.h"
 141              		.file 9 "Core/Inc/adc.h"
ARM GAS  /tmp/ccKm2IKN.s 			page 5


DEFINED SYMBOLS
                            *ABS*:00000000 adc.c
     /tmp/ccKm2IKN.s:19     .text.MX_ADC1_Init:00000000 $t
     /tmp/ccKm2IKN.s:25     .text.MX_ADC1_Init:00000000 MX_ADC1_Init
     /tmp/ccKm2IKN.s:119    .text.MX_ADC1_Init:00000058 $d
     /tmp/ccKm2IKN.s:130    .bss.hadc1:00000000 hadc1
     /tmp/ccKm2IKN.s:127    .bss.hadc1:00000000 $d

UNDEFINED SYMBOLS
HAL_ADC_Init
HAL_ADC_ConfigChannel
HAL_ADCEx_Calibration_Start
