ARM GAS  /tmp/ccX4YWtG.s 			page 1


   1              		.cpu cortex-m3
   2              		.arch armv7-m
   3              		.fpu softvfp
   4              		.eabi_attribute 20, 1
   5              		.eabi_attribute 21, 1
   6              		.eabi_attribute 23, 3
   7              		.eabi_attribute 24, 1
   8              		.eabi_attribute 25, 1
   9              		.eabi_attribute 26, 1
  10              		.eabi_attribute 30, 1
  11              		.eabi_attribute 34, 1
  12              		.eabi_attribute 18, 4
  13              		.file	"adxl345.c"
  14              		.text
  15              	.Ltext0:
  16              		.cfi_sections	.debug_frame
  17              		.file 1 "Core/Src/adxl345.c"
  18              		.section	.text.ADXL345_Init,"ax",%progbits
  19              		.align	1
  20              		.global	ADXL345_Init
  21              		.syntax unified
  22              		.thumb
  23              		.thumb_func
  25              	ADXL345_Init:
  26              	.LVL0:
  27              	.LFB65:
   1:Core/Src/adxl345.c **** #include "adxl345.h"
   2:Core/Src/adxl345.c **** 
   3:Core/Src/adxl345.c **** static I2C_HandleTypeDef *adxl_i2c;
   4:Core/Src/adxl345.c **** 
   5:Core/Src/adxl345.c **** HAL_StatusTypeDef ADXL345_Init(I2C_HandleTypeDef *hi2c)
   6:Core/Src/adxl345.c **** {
  28              		.loc 1 6 1 view -0
  29              		.cfi_startproc
  30              		@ args = 0, pretend = 0, frame = 8
  31              		@ frame_needed = 0, uses_anonymous_args = 0
  32              		.loc 1 6 1 is_stmt 0 view .LVU1
  33 0000 2DE9F041 		push	{r4, r5, r6, r7, r8, lr}
  34              	.LCFI0:
  35              		.cfi_def_cfa_offset 24
  36              		.cfi_offset 4, -24
  37              		.cfi_offset 5, -20
  38              		.cfi_offset 6, -16
  39              		.cfi_offset 7, -12
  40              		.cfi_offset 8, -8
  41              		.cfi_offset 14, -4
  42 0004 86B0     		sub	sp, sp, #24
  43              	.LCFI1:
  44              		.cfi_def_cfa_offset 48
   7:Core/Src/adxl345.c ****     uint8_t data;
  45              		.loc 1 7 5 is_stmt 1 view .LVU2
   8:Core/Src/adxl345.c **** 
   9:Core/Src/adxl345.c ****     adxl_i2c = hi2c;
  46              		.loc 1 9 5 view .LVU3
  47              		.loc 1 9 14 is_stmt 0 view .LVU4
  48 0006 114D     		ldr	r5, .L3
  49 0008 2860     		str	r0, [r5]
ARM GAS  /tmp/ccX4YWtG.s 			page 2


  10:Core/Src/adxl345.c **** 
  11:Core/Src/adxl345.c ****     /* Modo medida */
  12:Core/Src/adxl345.c ****     data = 0x08;
  50              		.loc 1 12 5 is_stmt 1 view .LVU5
  51              		.loc 1 12 10 is_stmt 0 view .LVU6
  52 000a 4FF00808 		mov	r8, #8
  53 000e 8DF81780 		strb	r8, [sp, #23]
  13:Core/Src/adxl345.c ****     HAL_I2C_Mem_Write(adxl_i2c, ADXL345_ADDR,
  54              		.loc 1 13 5 is_stmt 1 view .LVU7
  55 0012 4FF0FF37 		mov	r7, #-1
  56 0016 0297     		str	r7, [sp, #8]
  57 0018 0124     		movs	r4, #1
  58 001a 0194     		str	r4, [sp, #4]
  59 001c 0DF11706 		add	r6, sp, #23
  60 0020 0096     		str	r6, [sp]
  61 0022 2346     		mov	r3, r4
  62 0024 2D22     		movs	r2, #45
  63 0026 A621     		movs	r1, #166
  64 0028 FFF7FEFF 		bl	HAL_I2C_Mem_Write
  65              	.LVL1:
  14:Core/Src/adxl345.c ****                       ADXL345_POWER_CTL,
  15:Core/Src/adxl345.c ****                       I2C_MEMADD_SIZE_8BIT,
  16:Core/Src/adxl345.c ****                       &data, 1, HAL_MAX_DELAY);
  17:Core/Src/adxl345.c **** 
  18:Core/Src/adxl345.c ****     /* ±2g, full resolution */
  19:Core/Src/adxl345.c ****     data = 0x08;
  66              		.loc 1 19 5 view .LVU8
  67              		.loc 1 19 10 is_stmt 0 view .LVU9
  68 002c 8DF81780 		strb	r8, [sp, #23]
  20:Core/Src/adxl345.c ****     HAL_I2C_Mem_Write(adxl_i2c, ADXL345_ADDR,
  69              		.loc 1 20 5 is_stmt 1 view .LVU10
  70 0030 0297     		str	r7, [sp, #8]
  71 0032 0194     		str	r4, [sp, #4]
  72 0034 0096     		str	r6, [sp]
  73 0036 2346     		mov	r3, r4
  74 0038 3122     		movs	r2, #49
  75 003a A621     		movs	r1, #166
  76 003c 2868     		ldr	r0, [r5]
  77 003e FFF7FEFF 		bl	HAL_I2C_Mem_Write
  78              	.LVL2:
  21:Core/Src/adxl345.c ****                       ADXL345_DATA_FORMAT,
  22:Core/Src/adxl345.c ****                       I2C_MEMADD_SIZE_8BIT,
  23:Core/Src/adxl345.c ****                       &data, 1, HAL_MAX_DELAY);
  24:Core/Src/adxl345.c **** 
  25:Core/Src/adxl345.c ****     return HAL_OK;
  79              		.loc 1 25 5 view .LVU11
  26:Core/Src/adxl345.c **** }
  80              		.loc 1 26 1 is_stmt 0 view .LVU12
  81 0042 0020     		movs	r0, #0
  82 0044 06B0     		add	sp, sp, #24
  83              	.LCFI2:
  84              		.cfi_def_cfa_offset 24
  85              		@ sp needed
  86 0046 BDE8F081 		pop	{r4, r5, r6, r7, r8, pc}
  87              	.L4:
  88 004a 00BF     		.align	2
  89              	.L3:
ARM GAS  /tmp/ccX4YWtG.s 			page 3


  90 004c 00000000 		.word	adxl_i2c
  91              		.cfi_endproc
  92              	.LFE65:
  94              		.section	.text.ADXL345_ReadXYZ,"ax",%progbits
  95              		.align	1
  96              		.global	ADXL345_ReadXYZ
  97              		.syntax unified
  98              		.thumb
  99              		.thumb_func
 101              	ADXL345_ReadXYZ:
 102              	.LVL3:
 103              	.LFB66:
  27:Core/Src/adxl345.c **** 
  28:Core/Src/adxl345.c **** HAL_StatusTypeDef ADXL345_ReadXYZ(int16_t *x, int16_t *y, int16_t *z)
  29:Core/Src/adxl345.c **** {
 104              		.loc 1 29 1 is_stmt 1 view -0
 105              		.cfi_startproc
 106              		@ args = 0, pretend = 0, frame = 8
 107              		@ frame_needed = 0, uses_anonymous_args = 0
 108              		.loc 1 29 1 is_stmt 0 view .LVU14
 109 0000 70B5     		push	{r4, r5, r6, lr}
 110              	.LCFI3:
 111              		.cfi_def_cfa_offset 16
 112              		.cfi_offset 4, -16
 113              		.cfi_offset 5, -12
 114              		.cfi_offset 6, -8
 115              		.cfi_offset 14, -4
 116 0002 86B0     		sub	sp, sp, #24
 117              	.LCFI4:
 118              		.cfi_def_cfa_offset 40
 119 0004 0646     		mov	r6, r0
 120 0006 0D46     		mov	r5, r1
 121 0008 1446     		mov	r4, r2
  30:Core/Src/adxl345.c ****     uint8_t buf[6];
 122              		.loc 1 30 5 is_stmt 1 view .LVU15
  31:Core/Src/adxl345.c **** 
  32:Core/Src/adxl345.c ****     HAL_I2C_Mem_Read(adxl_i2c, ADXL345_ADDR,
 123              		.loc 1 32 5 view .LVU16
 124 000a 4FF0FF33 		mov	r3, #-1
 125 000e 0293     		str	r3, [sp, #8]
 126 0010 0623     		movs	r3, #6
 127 0012 0193     		str	r3, [sp, #4]
 128 0014 04AB     		add	r3, sp, #16
 129 0016 0093     		str	r3, [sp]
 130 0018 0123     		movs	r3, #1
 131 001a 3222     		movs	r2, #50
 132              	.LVL4:
 133              		.loc 1 32 5 is_stmt 0 view .LVU17
 134 001c A621     		movs	r1, #166
 135              	.LVL5:
 136              		.loc 1 32 5 view .LVU18
 137 001e 0E48     		ldr	r0, .L7
 138              	.LVL6:
 139              		.loc 1 32 5 view .LVU19
 140 0020 0068     		ldr	r0, [r0]
 141 0022 FFF7FEFF 		bl	HAL_I2C_Mem_Read
 142              	.LVL7:
ARM GAS  /tmp/ccX4YWtG.s 			page 4


  33:Core/Src/adxl345.c ****                      ADXL345_DATAX0,
  34:Core/Src/adxl345.c ****                      I2C_MEMADD_SIZE_8BIT,
  35:Core/Src/adxl345.c ****                      buf, 6, HAL_MAX_DELAY);
  36:Core/Src/adxl345.c **** 
  37:Core/Src/adxl345.c ****     *x = (int16_t)((buf[1] << 8) | buf[0]);
 143              		.loc 1 37 5 is_stmt 1 view .LVU20
 144              		.loc 1 37 24 is_stmt 0 view .LVU21
 145 0026 9DF81120 		ldrb	r2, [sp, #17]	@ zero_extendqisi2
 146              		.loc 1 37 39 view .LVU22
 147 002a 9DF81030 		ldrb	r3, [sp, #16]	@ zero_extendqisi2
 148              		.loc 1 37 10 view .LVU23
 149 002e 43EA0223 		orr	r3, r3, r2, lsl #8
 150              		.loc 1 37 8 view .LVU24
 151 0032 3380     		strh	r3, [r6]	@ movhi
  38:Core/Src/adxl345.c ****     *y = (int16_t)((buf[3] << 8) | buf[2]);
 152              		.loc 1 38 5 is_stmt 1 view .LVU25
 153              		.loc 1 38 24 is_stmt 0 view .LVU26
 154 0034 9DF81320 		ldrb	r2, [sp, #19]	@ zero_extendqisi2
 155              		.loc 1 38 39 view .LVU27
 156 0038 9DF81230 		ldrb	r3, [sp, #18]	@ zero_extendqisi2
 157              		.loc 1 38 10 view .LVU28
 158 003c 43EA0223 		orr	r3, r3, r2, lsl #8
 159              		.loc 1 38 8 view .LVU29
 160 0040 2B80     		strh	r3, [r5]	@ movhi
  39:Core/Src/adxl345.c ****     *z = (int16_t)((buf[5] << 8) | buf[4]);
 161              		.loc 1 39 5 is_stmt 1 view .LVU30
 162              		.loc 1 39 24 is_stmt 0 view .LVU31
 163 0042 9DF81520 		ldrb	r2, [sp, #21]	@ zero_extendqisi2
 164              		.loc 1 39 39 view .LVU32
 165 0046 9DF81430 		ldrb	r3, [sp, #20]	@ zero_extendqisi2
 166              		.loc 1 39 10 view .LVU33
 167 004a 43EA0223 		orr	r3, r3, r2, lsl #8
 168              		.loc 1 39 8 view .LVU34
 169 004e 2380     		strh	r3, [r4]	@ movhi
  40:Core/Src/adxl345.c **** 
  41:Core/Src/adxl345.c ****     return HAL_OK;
 170              		.loc 1 41 5 is_stmt 1 view .LVU35
  42:Core/Src/adxl345.c **** }
 171              		.loc 1 42 1 is_stmt 0 view .LVU36
 172 0050 0020     		movs	r0, #0
 173 0052 06B0     		add	sp, sp, #24
 174              	.LCFI5:
 175              		.cfi_def_cfa_offset 16
 176              		@ sp needed
 177 0054 70BD     		pop	{r4, r5, r6, pc}
 178              	.LVL8:
 179              	.L8:
 180              		.loc 1 42 1 view .LVU37
 181 0056 00BF     		.align	2
 182              	.L7:
 183 0058 00000000 		.word	adxl_i2c
 184              		.cfi_endproc
 185              	.LFE66:
 187              		.section	.bss.adxl_i2c,"aw",%nobits
 188              		.align	2
 191              	adxl_i2c:
 192 0000 00000000 		.space	4
ARM GAS  /tmp/ccX4YWtG.s 			page 5


 193              		.text
 194              	.Letext0:
 195              		.file 2 "/usr/lib/gcc/arm-none-eabi/13.2.1/include/stdint.h"
 196              		.file 3 "Drivers/CMSIS/Device/ST/STM32F1xx/Include/stm32f103xb.h"
 197              		.file 4 "Drivers/STM32F1xx_HAL_Driver/Inc/stm32f1xx_hal_def.h"
 198              		.file 5 "Drivers/STM32F1xx_HAL_Driver/Inc/stm32f1xx_hal_dma.h"
 199              		.file 6 "Drivers/STM32F1xx_HAL_Driver/Inc/stm32f1xx_hal_i2c.h"
ARM GAS  /tmp/ccX4YWtG.s 			page 6


DEFINED SYMBOLS
                            *ABS*:00000000 adxl345.c
     /tmp/ccX4YWtG.s:19     .text.ADXL345_Init:00000000 $t
     /tmp/ccX4YWtG.s:25     .text.ADXL345_Init:00000000 ADXL345_Init
     /tmp/ccX4YWtG.s:90     .text.ADXL345_Init:0000004c $d
     /tmp/ccX4YWtG.s:191    .bss.adxl_i2c:00000000 adxl_i2c
     /tmp/ccX4YWtG.s:95     .text.ADXL345_ReadXYZ:00000000 $t
     /tmp/ccX4YWtG.s:101    .text.ADXL345_ReadXYZ:00000000 ADXL345_ReadXYZ
     /tmp/ccX4YWtG.s:183    .text.ADXL345_ReadXYZ:00000058 $d
     /tmp/ccX4YWtG.s:188    .bss.adxl_i2c:00000000 $d

UNDEFINED SYMBOLS
HAL_I2C_Mem_Write
HAL_I2C_Mem_Read
