ARM GAS  /tmp/ccFPgOvc.s 			page 1


   1              		.cpu cortex-m3
   2              		.arch armv7-m
   3              		.fpu softvfp
   4              		.eabi_attribute 20, 1
   5              		.eabi_attribute 21, 1
   6              		.eabi_attribute 23, 3
   7              		.eabi_attribute 24, 1
   8              		.eabi_attribute 25, 1
   9              		.eabi_attribute 26, 1
  10              		.eabi_attribute 30, 1
  11              		.eabi_attribute 34, 1
  12              		.eabi_attribute 18, 4
  13              		.file	"can_app.c"
  14              		.text
  15              	.Ltext0:
  16              		.cfi_sections	.debug_frame
  17              		.file 1 "Core/Src/can_app.c"
  18              		.section	.rodata.CAN_SendFloat.str1.4,"aMS",%progbits,1
  19              		.align	2
  20              	.LC0:
  21 0000 5B43414E 		.ascii	"[CAN TX] ERROR al enviar ID=0x%03X\015\012\000"
  21      2054585D 
  21      20455252 
  21      4F522061 
  21      6C20656E 
  22              		.section	.text.CAN_SendFloat,"ax",%progbits
  23              		.align	1
  24              		.global	CAN_SendFloat
  25              		.syntax unified
  26              		.thumb
  27              		.thumb_func
  29              	CAN_SendFloat:
  30              	.LVL0:
  31              	.LFB68:
   1:Core/Src/can_app.c **** #include "can.h"
   2:Core/Src/can_app.c **** #include "can_app.h"
   3:Core/Src/can_app.c **** #include <stdio.h>
   4:Core/Src/can_app.c **** 
   5:Core/Src/can_app.c **** extern CAN_HandleTypeDef hcan;
   6:Core/Src/can_app.c **** 
   7:Core/Src/can_app.c **** void CAN_SendFloat(uint16_t id, float value)
   8:Core/Src/can_app.c **** {
  32              		.loc 1 8 1 view -0
  33              		.cfi_startproc
  34              		@ args = 0, pretend = 0, frame = 32
  35              		@ frame_needed = 0, uses_anonymous_args = 0
  36              		.loc 1 8 1 is_stmt 0 view .LVU1
  37 0000 10B5     		push	{r4, lr}
  38              	.LCFI0:
  39              		.cfi_def_cfa_offset 8
  40              		.cfi_offset 4, -8
  41              		.cfi_offset 14, -4
  42 0002 88B0     		sub	sp, sp, #32
  43              	.LCFI1:
  44              		.cfi_def_cfa_offset 40
  45 0004 0446     		mov	r4, r0
   9:Core/Src/can_app.c ****     CAN_TxHeaderTypeDef TxHeader;
ARM GAS  /tmp/ccFPgOvc.s 			page 2


  46              		.loc 1 9 5 is_stmt 1 view .LVU2
  10:Core/Src/can_app.c ****     uint32_t TxMailbox;
  47              		.loc 1 10 5 view .LVU3
  11:Core/Src/can_app.c **** 
  12:Core/Src/can_app.c ****     union {
  48              		.loc 1 12 5 view .LVU4
  13:Core/Src/can_app.c ****         float f;
  14:Core/Src/can_app.c ****         uint8_t bytes[4];
  15:Core/Src/can_app.c ****     } data;
  16:Core/Src/can_app.c **** 
  17:Core/Src/can_app.c ****     data.f = value;
  49              		.loc 1 17 5 view .LVU5
  50              		.loc 1 17 12 is_stmt 0 view .LVU6
  51 0006 0091     		str	r1, [sp]	@ float
  18:Core/Src/can_app.c **** 
  19:Core/Src/can_app.c ****     TxHeader.StdId = id;
  52              		.loc 1 19 5 is_stmt 1 view .LVU7
  53              		.loc 1 19 20 is_stmt 0 view .LVU8
  54 0008 0290     		str	r0, [sp, #8]
  20:Core/Src/can_app.c ****     TxHeader.RTR = CAN_RTR_DATA;
  55              		.loc 1 20 5 is_stmt 1 view .LVU9
  56              		.loc 1 20 18 is_stmt 0 view .LVU10
  57 000a 0023     		movs	r3, #0
  58 000c 0593     		str	r3, [sp, #20]
  21:Core/Src/can_app.c ****     TxHeader.IDE = CAN_ID_STD;
  59              		.loc 1 21 5 is_stmt 1 view .LVU11
  60              		.loc 1 21 18 is_stmt 0 view .LVU12
  61 000e 0493     		str	r3, [sp, #16]
  22:Core/Src/can_app.c ****     TxHeader.DLC = 4;
  62              		.loc 1 22 5 is_stmt 1 view .LVU13
  63              		.loc 1 22 18 is_stmt 0 view .LVU14
  64 0010 0422     		movs	r2, #4
  65 0012 0692     		str	r2, [sp, #24]
  23:Core/Src/can_app.c ****     TxHeader.TransmitGlobalTime = DISABLE;
  66              		.loc 1 23 5 is_stmt 1 view .LVU15
  67              		.loc 1 23 33 is_stmt 0 view .LVU16
  68 0014 8DF81C30 		strb	r3, [sp, #28]
  24:Core/Src/can_app.c **** 
  25:Core/Src/can_app.c ****     /* Esperar mailbox libre */
  26:Core/Src/can_app.c ****     while (HAL_CAN_GetTxMailboxesFreeLevel(&hcan) == 0)
  69              		.loc 1 26 5 is_stmt 1 view .LVU17
  70              	.LVL1:
  71              	.L2:
  27:Core/Src/can_app.c ****     {
  28:Core/Src/can_app.c ****         //taskYIELD();   // o osDelay(1)
  29:Core/Src/can_app.c ****     }
  72              		.loc 1 29 5 view .LVU18
  26:Core/Src/can_app.c ****     {
  73              		.loc 1 26 51 discriminator 1 view .LVU19
  26:Core/Src/can_app.c ****     {
  74              		.loc 1 26 12 is_stmt 0 discriminator 1 view .LVU20
  75 0018 0948     		ldr	r0, .L6
  76 001a FFF7FEFF 		bl	HAL_CAN_GetTxMailboxesFreeLevel
  77              	.LVL2:
  26:Core/Src/can_app.c ****     {
  78              		.loc 1 26 51 discriminator 1 view .LVU21
  79 001e 0028     		cmp	r0, #0
ARM GAS  /tmp/ccFPgOvc.s 			page 3


  80 0020 FAD0     		beq	.L2
  30:Core/Src/can_app.c **** 
  31:Core/Src/can_app.c ****     if (HAL_CAN_AddTxMessage(&hcan, &TxHeader, data.bytes, &TxMailbox) == HAL_OK)
  81              		.loc 1 31 5 is_stmt 1 view .LVU22
  82              		.loc 1 31 9 is_stmt 0 view .LVU23
  83 0022 01AB     		add	r3, sp, #4
  84 0024 6A46     		mov	r2, sp
  85 0026 02A9     		add	r1, sp, #8
  86 0028 0548     		ldr	r0, .L6
  87 002a FFF7FEFF 		bl	HAL_CAN_AddTxMessage
  88              	.LVL3:
  89              		.loc 1 31 8 discriminator 1 view .LVU24
  90 002e 08B9     		cbnz	r0, .L5
  91              	.L1:
  32:Core/Src/can_app.c ****     {
  33:Core/Src/can_app.c ****         //printf(
  34:Core/Src/can_app.c ****         //    "[CAN SEND] ID=0x%03X  DLC=%d  DATA=%02X %02X %02X %02X  (%.3f)\r\n",
  35:Core/Src/can_app.c ****         //    id,
  36:Core/Src/can_app.c ****         //    TxHeader.DLC,
  37:Core/Src/can_app.c ****         //    data.bytes[0],
  38:Core/Src/can_app.c ****         //    data.bytes[1],
  39:Core/Src/can_app.c ****         //    data.bytes[2],
  40:Core/Src/can_app.c ****         //    data.bytes[3],
  41:Core/Src/can_app.c ****         //    value
  42:Core/Src/can_app.c ****         //);
  43:Core/Src/can_app.c ****     }
  44:Core/Src/can_app.c ****     else
  45:Core/Src/can_app.c ****     {
  46:Core/Src/can_app.c ****         printf("[CAN TX] ERROR al enviar ID=0x%03X\r\n", id);
  47:Core/Src/can_app.c ****     }
  48:Core/Src/can_app.c **** }
  92              		.loc 1 48 1 view .LVU25
  93 0030 08B0     		add	sp, sp, #32
  94              	.LCFI2:
  95              		.cfi_remember_state
  96              		.cfi_def_cfa_offset 8
  97              		@ sp needed
  98 0032 10BD     		pop	{r4, pc}
  99              	.LVL4:
 100              	.L5:
 101              	.LCFI3:
 102              		.cfi_restore_state
  46:Core/Src/can_app.c ****     }
 103              		.loc 1 46 9 is_stmt 1 view .LVU26
 104 0034 2146     		mov	r1, r4
 105 0036 0348     		ldr	r0, .L6+4
 106 0038 FFF7FEFF 		bl	printf
 107              	.LVL5:
 108              		.loc 1 48 1 is_stmt 0 view .LVU27
 109 003c F8E7     		b	.L1
 110              	.L7:
 111 003e 00BF     		.align	2
 112              	.L6:
 113 0040 00000000 		.word	hcan
 114 0044 00000000 		.word	.LC0
 115              		.cfi_endproc
 116              	.LFE68:
ARM GAS  /tmp/ccFPgOvc.s 			page 4


 118              		.text
 119              	.Letext0:
 120              		.file 2 "/usr/lib/gcc/arm-none-eabi/13.2.1/include/stdint.h"
 121              		.file 3 "Drivers/CMSIS/Device/ST/STM32F1xx/Include/stm32f103xb.h"
 122              		.file 4 "Drivers/CMSIS/Device/ST/STM32F1xx/Include/stm32f1xx.h"
 123              		.file 5 "Drivers/STM32F1xx_HAL_Driver/Inc/stm32f1xx_hal_def.h"
 124              		.file 6 "Drivers/STM32F1xx_HAL_Driver/Inc/stm32f1xx_hal_can.h"
 125              		.file 7 "/usr/include/newlib/stdio.h"
 126              		.file 8 "Core/Inc/can.h"
ARM GAS  /tmp/ccFPgOvc.s 			page 5


DEFINED SYMBOLS
                            *ABS*:00000000 can_app.c
     /tmp/ccFPgOvc.s:19     .rodata.CAN_SendFloat.str1.4:00000000 $d
     /tmp/ccFPgOvc.s:23     .text.CAN_SendFloat:00000000 $t
     /tmp/ccFPgOvc.s:29     .text.CAN_SendFloat:00000000 CAN_SendFloat
     /tmp/ccFPgOvc.s:113    .text.CAN_SendFloat:00000040 $d

UNDEFINED SYMBOLS
HAL_CAN_GetTxMailboxesFreeLevel
HAL_CAN_AddTxMessage
printf
hcan
