ARM GAS  /tmp/ccD0ifIO.s 			page 1


   1              		.cpu cortex-m3
   2              		.arch armv7-m
   3              		.fpu softvfp
   4              		.eabi_attribute 20, 1
   5              		.eabi_attribute 21, 1
   6              		.eabi_attribute 23, 3
   7              		.eabi_attribute 24, 1
   8              		.eabi_attribute 25, 1
   9              		.eabi_attribute 26, 1
  10              		.eabi_attribute 30, 1
  11              		.eabi_attribute 34, 1
  12              		.eabi_attribute 18, 4
  13              		.file	"adc.c"
  14              		.text
  15              	.Ltext0:
  16              		.cfi_sections	.debug_frame
  17              		.section	.text.MX_ADC1_Init,"ax",%progbits
  18              		.align	1
  19              		.global	MX_ADC1_Init
  20              		.syntax unified
  21              		.thumb
  22              		.thumb_func
  24              	MX_ADC1_Init:
  25              	.LFB65:
  26              		.file 1 "Core/Src/adc.c"
   1:Core/Src/adc.c **** /* USER CODE BEGIN Header */
   2:Core/Src/adc.c **** /**
   3:Core/Src/adc.c ****   ******************************************************************************
   4:Core/Src/adc.c ****   * @file    adc.c
   5:Core/Src/adc.c ****   * @brief   This file provides code for the configuration
   6:Core/Src/adc.c ****   *          of the ADC instances.
   7:Core/Src/adc.c ****   ******************************************************************************
   8:Core/Src/adc.c ****   * @attention
   9:Core/Src/adc.c ****   *
  10:Core/Src/adc.c ****   * Copyright (c) 2026 STMicroelectronics.
  11:Core/Src/adc.c ****   * All rights reserved.
  12:Core/Src/adc.c ****   *
  13:Core/Src/adc.c ****   * This software is licensed under terms that can be found in the LICENSE file
  14:Core/Src/adc.c ****   * in the root directory of this software component.
  15:Core/Src/adc.c ****   * If no LICENSE file comes with this software, it is provided AS-IS.
  16:Core/Src/adc.c ****   *
  17:Core/Src/adc.c ****   ******************************************************************************
  18:Core/Src/adc.c ****   */
  19:Core/Src/adc.c **** /* USER CODE END Header */
  20:Core/Src/adc.c **** /* Includes ------------------------------------------------------------------*/
  21:Core/Src/adc.c **** #include "adc.h"
  22:Core/Src/adc.c **** 
  23:Core/Src/adc.c **** /* USER CODE BEGIN 0 */
  24:Core/Src/adc.c **** 
  25:Core/Src/adc.c **** /* USER CODE END 0 */
  26:Core/Src/adc.c **** 
  27:Core/Src/adc.c **** ADC_HandleTypeDef hadc1;
  28:Core/Src/adc.c **** ADC_HandleTypeDef hadc2;
  29:Core/Src/adc.c **** 
  30:Core/Src/adc.c **** /* ADC1 init function */
  31:Core/Src/adc.c **** void MX_ADC1_Init(void)
  32:Core/Src/adc.c **** {
ARM GAS  /tmp/ccD0ifIO.s 			page 2


  27              		.loc 1 32 1 view -0
  28              		.cfi_startproc
  29              		@ args = 0, pretend = 0, frame = 16
  30              		@ frame_needed = 0, uses_anonymous_args = 0
  31 0000 00B5     		push	{lr}
  32              	.LCFI0:
  33              		.cfi_def_cfa_offset 4
  34              		.cfi_offset 14, -4
  35 0002 85B0     		sub	sp, sp, #20
  36              	.LCFI1:
  37              		.cfi_def_cfa_offset 24
  33:Core/Src/adc.c **** 
  34:Core/Src/adc.c ****   /* USER CODE BEGIN ADC1_Init 0 */
  35:Core/Src/adc.c **** 
  36:Core/Src/adc.c ****   /* USER CODE END ADC1_Init 0 */
  37:Core/Src/adc.c **** 
  38:Core/Src/adc.c ****   ADC_ChannelConfTypeDef sConfig = {0};
  38              		.loc 1 38 3 view .LVU1
  39              		.loc 1 38 26 is_stmt 0 view .LVU2
  40 0004 0023     		movs	r3, #0
  41 0006 0193     		str	r3, [sp, #4]
  42 0008 0293     		str	r3, [sp, #8]
  43 000a 0393     		str	r3, [sp, #12]
  39:Core/Src/adc.c **** 
  40:Core/Src/adc.c ****   /* USER CODE BEGIN ADC1_Init 1 */
  41:Core/Src/adc.c **** 
  42:Core/Src/adc.c ****   /* USER CODE END ADC1_Init 1 */
  43:Core/Src/adc.c **** 
  44:Core/Src/adc.c ****   /** Common config
  45:Core/Src/adc.c ****   */
  46:Core/Src/adc.c ****   hadc1.Instance = ADC1;
  44              		.loc 1 46 3 is_stmt 1 view .LVU3
  45              		.loc 1 46 18 is_stmt 0 view .LVU4
  46 000c 1148     		ldr	r0, .L7
  47 000e 124A     		ldr	r2, .L7+4
  48 0010 0260     		str	r2, [r0]
  47:Core/Src/adc.c ****   hadc1.Init.ScanConvMode = ADC_SCAN_DISABLE;
  49              		.loc 1 47 3 is_stmt 1 view .LVU5
  50              		.loc 1 47 27 is_stmt 0 view .LVU6
  51 0012 8360     		str	r3, [r0, #8]
  48:Core/Src/adc.c ****   hadc1.Init.ContinuousConvMode = DISABLE;
  52              		.loc 1 48 3 is_stmt 1 view .LVU7
  53              		.loc 1 48 33 is_stmt 0 view .LVU8
  54 0014 0373     		strb	r3, [r0, #12]
  49:Core/Src/adc.c ****   hadc1.Init.DiscontinuousConvMode = DISABLE;
  55              		.loc 1 49 3 is_stmt 1 view .LVU9
  56              		.loc 1 49 36 is_stmt 0 view .LVU10
  57 0016 0375     		strb	r3, [r0, #20]
  50:Core/Src/adc.c ****   hadc1.Init.ExternalTrigConv = ADC_SOFTWARE_START;
  58              		.loc 1 50 3 is_stmt 1 view .LVU11
  59              		.loc 1 50 31 is_stmt 0 view .LVU12
  60 0018 4FF46022 		mov	r2, #917504
  61 001c C261     		str	r2, [r0, #28]
  51:Core/Src/adc.c ****   hadc1.Init.DataAlign = ADC_DATAALIGN_RIGHT;
  62              		.loc 1 51 3 is_stmt 1 view .LVU13
  63              		.loc 1 51 24 is_stmt 0 view .LVU14
  64 001e 4360     		str	r3, [r0, #4]
ARM GAS  /tmp/ccD0ifIO.s 			page 3


  52:Core/Src/adc.c ****   hadc1.Init.NbrOfConversion = 1;
  65              		.loc 1 52 3 is_stmt 1 view .LVU15
  66              		.loc 1 52 30 is_stmt 0 view .LVU16
  67 0020 0123     		movs	r3, #1
  68 0022 0361     		str	r3, [r0, #16]
  53:Core/Src/adc.c ****   if (HAL_ADC_Init(&hadc1) != HAL_OK)
  69              		.loc 1 53 3 is_stmt 1 view .LVU17
  70              		.loc 1 53 7 is_stmt 0 view .LVU18
  71 0024 FFF7FEFF 		bl	HAL_ADC_Init
  72              	.LVL0:
  73              		.loc 1 53 6 view .LVU19
  74 0028 68B9     		cbnz	r0, .L5
  75              	.L2:
  54:Core/Src/adc.c ****   {
  55:Core/Src/adc.c ****     Error_Handler();
  56:Core/Src/adc.c ****   }
  57:Core/Src/adc.c **** 
  58:Core/Src/adc.c ****   /** Configure Regular Channel
  59:Core/Src/adc.c ****   */
  60:Core/Src/adc.c ****   sConfig.Channel = ADC_CHANNEL_0;
  76              		.loc 1 60 3 is_stmt 1 view .LVU20
  77              		.loc 1 60 19 is_stmt 0 view .LVU21
  78 002a 0023     		movs	r3, #0
  79 002c 0193     		str	r3, [sp, #4]
  61:Core/Src/adc.c ****   sConfig.Rank = ADC_REGULAR_RANK_1;
  80              		.loc 1 61 3 is_stmt 1 view .LVU22
  81              		.loc 1 61 16 is_stmt 0 view .LVU23
  82 002e 0123     		movs	r3, #1
  83 0030 0293     		str	r3, [sp, #8]
  62:Core/Src/adc.c ****   sConfig.SamplingTime = ADC_SAMPLETIME_55CYCLES_5;
  84              		.loc 1 62 3 is_stmt 1 view .LVU24
  85              		.loc 1 62 24 is_stmt 0 view .LVU25
  86 0032 0523     		movs	r3, #5
  87 0034 0393     		str	r3, [sp, #12]
  63:Core/Src/adc.c ****   if (HAL_ADC_ConfigChannel(&hadc1, &sConfig) != HAL_OK)
  88              		.loc 1 63 3 is_stmt 1 view .LVU26
  89              		.loc 1 63 7 is_stmt 0 view .LVU27
  90 0036 01A9     		add	r1, sp, #4
  91 0038 0648     		ldr	r0, .L7
  92 003a FFF7FEFF 		bl	HAL_ADC_ConfigChannel
  93              	.LVL1:
  94              		.loc 1 63 6 view .LVU28
  95 003e 28B9     		cbnz	r0, .L6
  96              	.L1:
  64:Core/Src/adc.c ****   {
  65:Core/Src/adc.c ****     Error_Handler();
  66:Core/Src/adc.c ****   }
  67:Core/Src/adc.c ****   /* USER CODE BEGIN ADC1_Init 2 */
  68:Core/Src/adc.c **** 
  69:Core/Src/adc.c ****   /* USER CODE END ADC1_Init 2 */
  70:Core/Src/adc.c **** 
  71:Core/Src/adc.c **** }
  97              		.loc 1 71 1 view .LVU29
  98 0040 05B0     		add	sp, sp, #20
  99              	.LCFI2:
 100              		.cfi_remember_state
 101              		.cfi_def_cfa_offset 4
ARM GAS  /tmp/ccD0ifIO.s 			page 4


 102              		@ sp needed
 103 0042 5DF804FB 		ldr	pc, [sp], #4
 104              	.L5:
 105              	.LCFI3:
 106              		.cfi_restore_state
  55:Core/Src/adc.c ****   }
 107              		.loc 1 55 5 is_stmt 1 view .LVU30
 108 0046 FFF7FEFF 		bl	Error_Handler
 109              	.LVL2:
 110 004a EEE7     		b	.L2
 111              	.L6:
  65:Core/Src/adc.c ****   }
 112              		.loc 1 65 5 view .LVU31
 113 004c FFF7FEFF 		bl	Error_Handler
 114              	.LVL3:
 115              		.loc 1 71 1 is_stmt 0 view .LVU32
 116 0050 F6E7     		b	.L1
 117              	.L8:
 118 0052 00BF     		.align	2
 119              	.L7:
 120 0054 00000000 		.word	.LANCHOR0
 121 0058 00240140 		.word	1073816576
 122              		.cfi_endproc
 123              	.LFE65:
 125              		.section	.text.MX_ADC2_Init,"ax",%progbits
 126              		.align	1
 127              		.global	MX_ADC2_Init
 128              		.syntax unified
 129              		.thumb
 130              		.thumb_func
 132              	MX_ADC2_Init:
 133              	.LFB66:
  72:Core/Src/adc.c **** /* ADC2 init function */
  73:Core/Src/adc.c **** void MX_ADC2_Init(void)
  74:Core/Src/adc.c **** {
 134              		.loc 1 74 1 is_stmt 1 view -0
 135              		.cfi_startproc
 136              		@ args = 0, pretend = 0, frame = 16
 137              		@ frame_needed = 0, uses_anonymous_args = 0
 138 0000 00B5     		push	{lr}
 139              	.LCFI4:
 140              		.cfi_def_cfa_offset 4
 141              		.cfi_offset 14, -4
 142 0002 85B0     		sub	sp, sp, #20
 143              	.LCFI5:
 144              		.cfi_def_cfa_offset 24
  75:Core/Src/adc.c **** 
  76:Core/Src/adc.c ****   /* USER CODE BEGIN ADC2_Init 0 */
  77:Core/Src/adc.c **** 
  78:Core/Src/adc.c ****   /* USER CODE END ADC2_Init 0 */
  79:Core/Src/adc.c **** 
  80:Core/Src/adc.c ****   ADC_ChannelConfTypeDef sConfig = {0};
 145              		.loc 1 80 3 view .LVU34
 146              		.loc 1 80 26 is_stmt 0 view .LVU35
 147 0004 0023     		movs	r3, #0
 148 0006 0193     		str	r3, [sp, #4]
 149 0008 0293     		str	r3, [sp, #8]
ARM GAS  /tmp/ccD0ifIO.s 			page 5


 150 000a 0393     		str	r3, [sp, #12]
  81:Core/Src/adc.c **** 
  82:Core/Src/adc.c ****   /* USER CODE BEGIN ADC2_Init 1 */
  83:Core/Src/adc.c **** 
  84:Core/Src/adc.c ****   /* USER CODE END ADC2_Init 1 */
  85:Core/Src/adc.c **** 
  86:Core/Src/adc.c ****   /** Common config
  87:Core/Src/adc.c ****   */
  88:Core/Src/adc.c ****   hadc2.Instance = ADC2;
 151              		.loc 1 88 3 is_stmt 1 view .LVU36
 152              		.loc 1 88 18 is_stmt 0 view .LVU37
 153 000c 1048     		ldr	r0, .L15
 154 000e 114A     		ldr	r2, .L15+4
 155 0010 0260     		str	r2, [r0]
  89:Core/Src/adc.c ****   hadc2.Init.ScanConvMode = ADC_SCAN_DISABLE;
 156              		.loc 1 89 3 is_stmt 1 view .LVU38
 157              		.loc 1 89 27 is_stmt 0 view .LVU39
 158 0012 8360     		str	r3, [r0, #8]
  90:Core/Src/adc.c ****   hadc2.Init.ContinuousConvMode = DISABLE;
 159              		.loc 1 90 3 is_stmt 1 view .LVU40
 160              		.loc 1 90 33 is_stmt 0 view .LVU41
 161 0014 0373     		strb	r3, [r0, #12]
  91:Core/Src/adc.c ****   hadc2.Init.DiscontinuousConvMode = DISABLE;
 162              		.loc 1 91 3 is_stmt 1 view .LVU42
 163              		.loc 1 91 36 is_stmt 0 view .LVU43
 164 0016 0375     		strb	r3, [r0, #20]
  92:Core/Src/adc.c ****   hadc2.Init.ExternalTrigConv = ADC_SOFTWARE_START;
 165              		.loc 1 92 3 is_stmt 1 view .LVU44
 166              		.loc 1 92 31 is_stmt 0 view .LVU45
 167 0018 4FF46022 		mov	r2, #917504
 168 001c C261     		str	r2, [r0, #28]
  93:Core/Src/adc.c ****   hadc2.Init.DataAlign = ADC_DATAALIGN_RIGHT;
 169              		.loc 1 93 3 is_stmt 1 view .LVU46
 170              		.loc 1 93 24 is_stmt 0 view .LVU47
 171 001e 4360     		str	r3, [r0, #4]
  94:Core/Src/adc.c ****   hadc2.Init.NbrOfConversion = 1;
 172              		.loc 1 94 3 is_stmt 1 view .LVU48
 173              		.loc 1 94 30 is_stmt 0 view .LVU49
 174 0020 0123     		movs	r3, #1
 175 0022 0361     		str	r3, [r0, #16]
  95:Core/Src/adc.c ****   if (HAL_ADC_Init(&hadc2) != HAL_OK)
 176              		.loc 1 95 3 is_stmt 1 view .LVU50
 177              		.loc 1 95 7 is_stmt 0 view .LVU51
 178 0024 FFF7FEFF 		bl	HAL_ADC_Init
 179              	.LVL4:
 180              		.loc 1 95 6 view .LVU52
 181 0028 60B9     		cbnz	r0, .L13
 182              	.L10:
  96:Core/Src/adc.c ****   {
  97:Core/Src/adc.c ****     Error_Handler();
  98:Core/Src/adc.c ****   }
  99:Core/Src/adc.c **** 
 100:Core/Src/adc.c ****   /** Configure Regular Channel
 101:Core/Src/adc.c ****   */
 102:Core/Src/adc.c ****   sConfig.Channel = ADC_CHANNEL_1;
 183              		.loc 1 102 3 is_stmt 1 view .LVU53
 184              		.loc 1 102 19 is_stmt 0 view .LVU54
ARM GAS  /tmp/ccD0ifIO.s 			page 6


 185 002a 0123     		movs	r3, #1
 186 002c 0193     		str	r3, [sp, #4]
 103:Core/Src/adc.c ****   sConfig.Rank = ADC_REGULAR_RANK_1;
 187              		.loc 1 103 3 is_stmt 1 view .LVU55
 188              		.loc 1 103 16 is_stmt 0 view .LVU56
 189 002e 0293     		str	r3, [sp, #8]
 104:Core/Src/adc.c ****   sConfig.SamplingTime = ADC_SAMPLETIME_239CYCLES_5;
 190              		.loc 1 104 3 is_stmt 1 view .LVU57
 191              		.loc 1 104 24 is_stmt 0 view .LVU58
 192 0030 0723     		movs	r3, #7
 193 0032 0393     		str	r3, [sp, #12]
 105:Core/Src/adc.c ****   if (HAL_ADC_ConfigChannel(&hadc2, &sConfig) != HAL_OK)
 194              		.loc 1 105 3 is_stmt 1 view .LVU59
 195              		.loc 1 105 7 is_stmt 0 view .LVU60
 196 0034 01A9     		add	r1, sp, #4
 197 0036 0648     		ldr	r0, .L15
 198 0038 FFF7FEFF 		bl	HAL_ADC_ConfigChannel
 199              	.LVL5:
 200              		.loc 1 105 6 view .LVU61
 201 003c 28B9     		cbnz	r0, .L14
 202              	.L9:
 106:Core/Src/adc.c ****   {
 107:Core/Src/adc.c ****     Error_Handler();
 108:Core/Src/adc.c ****   }
 109:Core/Src/adc.c ****   /* USER CODE BEGIN ADC2_Init 2 */
 110:Core/Src/adc.c **** 
 111:Core/Src/adc.c ****   /* USER CODE END ADC2_Init 2 */
 112:Core/Src/adc.c **** 
 113:Core/Src/adc.c **** }
 203              		.loc 1 113 1 view .LVU62
 204 003e 05B0     		add	sp, sp, #20
 205              	.LCFI6:
 206              		.cfi_remember_state
 207              		.cfi_def_cfa_offset 4
 208              		@ sp needed
 209 0040 5DF804FB 		ldr	pc, [sp], #4
 210              	.L13:
 211              	.LCFI7:
 212              		.cfi_restore_state
  97:Core/Src/adc.c ****   }
 213              		.loc 1 97 5 is_stmt 1 view .LVU63
 214 0044 FFF7FEFF 		bl	Error_Handler
 215              	.LVL6:
 216 0048 EFE7     		b	.L10
 217              	.L14:
 107:Core/Src/adc.c ****   }
 218              		.loc 1 107 5 view .LVU64
 219 004a FFF7FEFF 		bl	Error_Handler
 220              	.LVL7:
 221              		.loc 1 113 1 is_stmt 0 view .LVU65
 222 004e F6E7     		b	.L9
 223              	.L16:
 224              		.align	2
 225              	.L15:
 226 0050 00000000 		.word	.LANCHOR1
 227 0054 00280140 		.word	1073817600
 228              		.cfi_endproc
ARM GAS  /tmp/ccD0ifIO.s 			page 7


 229              	.LFE66:
 231              		.section	.text.HAL_ADC_MspInit,"ax",%progbits
 232              		.align	1
 233              		.global	HAL_ADC_MspInit
 234              		.syntax unified
 235              		.thumb
 236              		.thumb_func
 238              	HAL_ADC_MspInit:
 239              	.LVL8:
 240              	.LFB67:
 114:Core/Src/adc.c **** 
 115:Core/Src/adc.c **** void HAL_ADC_MspInit(ADC_HandleTypeDef* adcHandle)
 116:Core/Src/adc.c **** {
 241              		.loc 1 116 1 is_stmt 1 view -0
 242              		.cfi_startproc
 243              		@ args = 0, pretend = 0, frame = 32
 244              		@ frame_needed = 0, uses_anonymous_args = 0
 245              		.loc 1 116 1 is_stmt 0 view .LVU67
 246 0000 00B5     		push	{lr}
 247              	.LCFI8:
 248              		.cfi_def_cfa_offset 4
 249              		.cfi_offset 14, -4
 250 0002 89B0     		sub	sp, sp, #36
 251              	.LCFI9:
 252              		.cfi_def_cfa_offset 40
 117:Core/Src/adc.c **** 
 118:Core/Src/adc.c ****   GPIO_InitTypeDef GPIO_InitStruct = {0};
 253              		.loc 1 118 3 is_stmt 1 view .LVU68
 254              		.loc 1 118 20 is_stmt 0 view .LVU69
 255 0004 0023     		movs	r3, #0
 256 0006 0493     		str	r3, [sp, #16]
 257 0008 0593     		str	r3, [sp, #20]
 258 000a 0693     		str	r3, [sp, #24]
 259 000c 0793     		str	r3, [sp, #28]
 119:Core/Src/adc.c ****   if(adcHandle->Instance==ADC1)
 260              		.loc 1 119 3 is_stmt 1 view .LVU70
 261              		.loc 1 119 15 is_stmt 0 view .LVU71
 262 000e 0368     		ldr	r3, [r0]
 263              		.loc 1 119 5 view .LVU72
 264 0010 284A     		ldr	r2, .L23
 265 0012 9342     		cmp	r3, r2
 266 0014 05D0     		beq	.L21
 120:Core/Src/adc.c ****   {
 121:Core/Src/adc.c ****   /* USER CODE BEGIN ADC1_MspInit 0 */
 122:Core/Src/adc.c **** 
 123:Core/Src/adc.c ****   /* USER CODE END ADC1_MspInit 0 */
 124:Core/Src/adc.c ****     /* ADC1 clock enable */
 125:Core/Src/adc.c ****     __HAL_RCC_ADC1_CLK_ENABLE();
 126:Core/Src/adc.c **** 
 127:Core/Src/adc.c ****     __HAL_RCC_GPIOA_CLK_ENABLE();
 128:Core/Src/adc.c ****     /**ADC1 GPIO Configuration
 129:Core/Src/adc.c ****     PA0-WKUP     ------> ADC1_IN0
 130:Core/Src/adc.c ****     */
 131:Core/Src/adc.c ****     GPIO_InitStruct.Pin = GPIO_PIN_0;
 132:Core/Src/adc.c ****     GPIO_InitStruct.Mode = GPIO_MODE_ANALOG;
 133:Core/Src/adc.c ****     HAL_GPIO_Init(GPIOA, &GPIO_InitStruct);
 134:Core/Src/adc.c **** 
ARM GAS  /tmp/ccD0ifIO.s 			page 8


 135:Core/Src/adc.c ****     /* ADC1 interrupt Init */
 136:Core/Src/adc.c ****     HAL_NVIC_SetPriority(ADC1_2_IRQn, 5, 0);
 137:Core/Src/adc.c ****     HAL_NVIC_EnableIRQ(ADC1_2_IRQn);
 138:Core/Src/adc.c ****   /* USER CODE BEGIN ADC1_MspInit 1 */
 139:Core/Src/adc.c **** 
 140:Core/Src/adc.c ****   /* USER CODE END ADC1_MspInit 1 */
 141:Core/Src/adc.c ****   }
 142:Core/Src/adc.c ****   else if(adcHandle->Instance==ADC2)
 267              		.loc 1 142 8 is_stmt 1 view .LVU73
 268              		.loc 1 142 10 is_stmt 0 view .LVU74
 269 0016 284A     		ldr	r2, .L23+4
 270 0018 9342     		cmp	r3, r2
 271 001a 26D0     		beq	.L22
 272              	.LVL9:
 273              	.L17:
 143:Core/Src/adc.c ****   {
 144:Core/Src/adc.c ****   /* USER CODE BEGIN ADC2_MspInit 0 */
 145:Core/Src/adc.c **** 
 146:Core/Src/adc.c ****   /* USER CODE END ADC2_MspInit 0 */
 147:Core/Src/adc.c ****     /* ADC2 clock enable */
 148:Core/Src/adc.c ****     __HAL_RCC_ADC2_CLK_ENABLE();
 149:Core/Src/adc.c **** 
 150:Core/Src/adc.c ****     __HAL_RCC_GPIOA_CLK_ENABLE();
 151:Core/Src/adc.c ****     /**ADC2 GPIO Configuration
 152:Core/Src/adc.c ****     PA1     ------> ADC2_IN1
 153:Core/Src/adc.c ****     */
 154:Core/Src/adc.c ****     GPIO_InitStruct.Pin = GPIO_PIN_1;
 155:Core/Src/adc.c ****     GPIO_InitStruct.Mode = GPIO_MODE_ANALOG;
 156:Core/Src/adc.c ****     HAL_GPIO_Init(GPIOA, &GPIO_InitStruct);
 157:Core/Src/adc.c **** 
 158:Core/Src/adc.c ****     /* ADC2 interrupt Init */
 159:Core/Src/adc.c ****     HAL_NVIC_SetPriority(ADC1_2_IRQn, 5, 0);
 160:Core/Src/adc.c ****     HAL_NVIC_EnableIRQ(ADC1_2_IRQn);
 161:Core/Src/adc.c ****   /* USER CODE BEGIN ADC2_MspInit 1 */
 162:Core/Src/adc.c **** 
 163:Core/Src/adc.c ****   /* USER CODE END ADC2_MspInit 1 */
 164:Core/Src/adc.c ****   }
 165:Core/Src/adc.c **** }
 274              		.loc 1 165 1 view .LVU75
 275 001c 09B0     		add	sp, sp, #36
 276              	.LCFI10:
 277              		.cfi_remember_state
 278              		.cfi_def_cfa_offset 4
 279              		@ sp needed
 280 001e 5DF804FB 		ldr	pc, [sp], #4
 281              	.LVL10:
 282              	.L21:
 283              	.LCFI11:
 284              		.cfi_restore_state
 125:Core/Src/adc.c **** 
 285              		.loc 1 125 5 is_stmt 1 view .LVU76
 286              	.LBB2:
 125:Core/Src/adc.c **** 
 287              		.loc 1 125 5 view .LVU77
 125:Core/Src/adc.c **** 
 288              		.loc 1 125 5 view .LVU78
 289 0022 264B     		ldr	r3, .L23+8
ARM GAS  /tmp/ccD0ifIO.s 			page 9


 290 0024 9A69     		ldr	r2, [r3, #24]
 291 0026 42F40072 		orr	r2, r2, #512
 292 002a 9A61     		str	r2, [r3, #24]
 125:Core/Src/adc.c **** 
 293              		.loc 1 125 5 view .LVU79
 294 002c 9A69     		ldr	r2, [r3, #24]
 295 002e 02F40072 		and	r2, r2, #512
 296 0032 0092     		str	r2, [sp]
 125:Core/Src/adc.c **** 
 297              		.loc 1 125 5 view .LVU80
 298 0034 009A     		ldr	r2, [sp]
 299              	.LBE2:
 125:Core/Src/adc.c **** 
 300              		.loc 1 125 5 view .LVU81
 127:Core/Src/adc.c ****     /**ADC1 GPIO Configuration
 301              		.loc 1 127 5 view .LVU82
 302              	.LBB3:
 127:Core/Src/adc.c ****     /**ADC1 GPIO Configuration
 303              		.loc 1 127 5 view .LVU83
 127:Core/Src/adc.c ****     /**ADC1 GPIO Configuration
 304              		.loc 1 127 5 view .LVU84
 305 0036 9A69     		ldr	r2, [r3, #24]
 306 0038 42F00402 		orr	r2, r2, #4
 307 003c 9A61     		str	r2, [r3, #24]
 127:Core/Src/adc.c ****     /**ADC1 GPIO Configuration
 308              		.loc 1 127 5 view .LVU85
 309 003e 9B69     		ldr	r3, [r3, #24]
 310 0040 03F00403 		and	r3, r3, #4
 311 0044 0193     		str	r3, [sp, #4]
 127:Core/Src/adc.c ****     /**ADC1 GPIO Configuration
 312              		.loc 1 127 5 view .LVU86
 313 0046 019B     		ldr	r3, [sp, #4]
 314              	.LBE3:
 127:Core/Src/adc.c ****     /**ADC1 GPIO Configuration
 315              		.loc 1 127 5 view .LVU87
 131:Core/Src/adc.c ****     GPIO_InitStruct.Mode = GPIO_MODE_ANALOG;
 316              		.loc 1 131 5 view .LVU88
 131:Core/Src/adc.c ****     GPIO_InitStruct.Mode = GPIO_MODE_ANALOG;
 317              		.loc 1 131 25 is_stmt 0 view .LVU89
 318 0048 0123     		movs	r3, #1
 319 004a 0493     		str	r3, [sp, #16]
 132:Core/Src/adc.c ****     HAL_GPIO_Init(GPIOA, &GPIO_InitStruct);
 320              		.loc 1 132 5 is_stmt 1 view .LVU90
 132:Core/Src/adc.c ****     HAL_GPIO_Init(GPIOA, &GPIO_InitStruct);
 321              		.loc 1 132 26 is_stmt 0 view .LVU91
 322 004c 0323     		movs	r3, #3
 323 004e 0593     		str	r3, [sp, #20]
 133:Core/Src/adc.c **** 
 324              		.loc 1 133 5 is_stmt 1 view .LVU92
 325 0050 04A9     		add	r1, sp, #16
 326 0052 1B48     		ldr	r0, .L23+12
 327              	.LVL11:
 133:Core/Src/adc.c **** 
 328              		.loc 1 133 5 is_stmt 0 view .LVU93
 329 0054 FFF7FEFF 		bl	HAL_GPIO_Init
 330              	.LVL12:
 136:Core/Src/adc.c ****     HAL_NVIC_EnableIRQ(ADC1_2_IRQn);
ARM GAS  /tmp/ccD0ifIO.s 			page 10


 331              		.loc 1 136 5 is_stmt 1 view .LVU94
 332 0058 0022     		movs	r2, #0
 333 005a 0521     		movs	r1, #5
 334 005c 1220     		movs	r0, #18
 335 005e FFF7FEFF 		bl	HAL_NVIC_SetPriority
 336              	.LVL13:
 137:Core/Src/adc.c ****   /* USER CODE BEGIN ADC1_MspInit 1 */
 337              		.loc 1 137 5 view .LVU95
 338 0062 1220     		movs	r0, #18
 339 0064 FFF7FEFF 		bl	HAL_NVIC_EnableIRQ
 340              	.LVL14:
 341 0068 D8E7     		b	.L17
 342              	.LVL15:
 343              	.L22:
 148:Core/Src/adc.c **** 
 344              		.loc 1 148 5 view .LVU96
 345              	.LBB4:
 148:Core/Src/adc.c **** 
 346              		.loc 1 148 5 view .LVU97
 148:Core/Src/adc.c **** 
 347              		.loc 1 148 5 view .LVU98
 348 006a 144B     		ldr	r3, .L23+8
 349 006c 9A69     		ldr	r2, [r3, #24]
 350 006e 42F48062 		orr	r2, r2, #1024
 351 0072 9A61     		str	r2, [r3, #24]
 148:Core/Src/adc.c **** 
 352              		.loc 1 148 5 view .LVU99
 353 0074 9A69     		ldr	r2, [r3, #24]
 354 0076 02F48062 		and	r2, r2, #1024
 355 007a 0292     		str	r2, [sp, #8]
 148:Core/Src/adc.c **** 
 356              		.loc 1 148 5 view .LVU100
 357 007c 029A     		ldr	r2, [sp, #8]
 358              	.LBE4:
 148:Core/Src/adc.c **** 
 359              		.loc 1 148 5 view .LVU101
 150:Core/Src/adc.c ****     /**ADC2 GPIO Configuration
 360              		.loc 1 150 5 view .LVU102
 361              	.LBB5:
 150:Core/Src/adc.c ****     /**ADC2 GPIO Configuration
 362              		.loc 1 150 5 view .LVU103
 150:Core/Src/adc.c ****     /**ADC2 GPIO Configuration
 363              		.loc 1 150 5 view .LVU104
 364 007e 9A69     		ldr	r2, [r3, #24]
 365 0080 42F00402 		orr	r2, r2, #4
 366 0084 9A61     		str	r2, [r3, #24]
 150:Core/Src/adc.c ****     /**ADC2 GPIO Configuration
 367              		.loc 1 150 5 view .LVU105
 368 0086 9B69     		ldr	r3, [r3, #24]
 369 0088 03F00403 		and	r3, r3, #4
 370 008c 0393     		str	r3, [sp, #12]
 150:Core/Src/adc.c ****     /**ADC2 GPIO Configuration
 371              		.loc 1 150 5 view .LVU106
 372 008e 039B     		ldr	r3, [sp, #12]
 373              	.LBE5:
 150:Core/Src/adc.c ****     /**ADC2 GPIO Configuration
 374              		.loc 1 150 5 view .LVU107
ARM GAS  /tmp/ccD0ifIO.s 			page 11


 154:Core/Src/adc.c ****     GPIO_InitStruct.Mode = GPIO_MODE_ANALOG;
 375              		.loc 1 154 5 view .LVU108
 154:Core/Src/adc.c ****     GPIO_InitStruct.Mode = GPIO_MODE_ANALOG;
 376              		.loc 1 154 25 is_stmt 0 view .LVU109
 377 0090 0223     		movs	r3, #2
 378 0092 0493     		str	r3, [sp, #16]
 155:Core/Src/adc.c ****     HAL_GPIO_Init(GPIOA, &GPIO_InitStruct);
 379              		.loc 1 155 5 is_stmt 1 view .LVU110
 155:Core/Src/adc.c ****     HAL_GPIO_Init(GPIOA, &GPIO_InitStruct);
 380              		.loc 1 155 26 is_stmt 0 view .LVU111
 381 0094 0323     		movs	r3, #3
 382 0096 0593     		str	r3, [sp, #20]
 156:Core/Src/adc.c **** 
 383              		.loc 1 156 5 is_stmt 1 view .LVU112
 384 0098 04A9     		add	r1, sp, #16
 385 009a 0948     		ldr	r0, .L23+12
 386              	.LVL16:
 156:Core/Src/adc.c **** 
 387              		.loc 1 156 5 is_stmt 0 view .LVU113
 388 009c FFF7FEFF 		bl	HAL_GPIO_Init
 389              	.LVL17:
 159:Core/Src/adc.c ****     HAL_NVIC_EnableIRQ(ADC1_2_IRQn);
 390              		.loc 1 159 5 is_stmt 1 view .LVU114
 391 00a0 0022     		movs	r2, #0
 392 00a2 0521     		movs	r1, #5
 393 00a4 1220     		movs	r0, #18
 394 00a6 FFF7FEFF 		bl	HAL_NVIC_SetPriority
 395              	.LVL18:
 160:Core/Src/adc.c ****   /* USER CODE BEGIN ADC2_MspInit 1 */
 396              		.loc 1 160 5 view .LVU115
 397 00aa 1220     		movs	r0, #18
 398 00ac FFF7FEFF 		bl	HAL_NVIC_EnableIRQ
 399              	.LVL19:
 400              		.loc 1 165 1 is_stmt 0 view .LVU116
 401 00b0 B4E7     		b	.L17
 402              	.L24:
 403 00b2 00BF     		.align	2
 404              	.L23:
 405 00b4 00240140 		.word	1073816576
 406 00b8 00280140 		.word	1073817600
 407 00bc 00100240 		.word	1073876992
 408 00c0 00080140 		.word	1073809408
 409              		.cfi_endproc
 410              	.LFE67:
 412              		.section	.text.HAL_ADC_MspDeInit,"ax",%progbits
 413              		.align	1
 414              		.global	HAL_ADC_MspDeInit
 415              		.syntax unified
 416              		.thumb
 417              		.thumb_func
 419              	HAL_ADC_MspDeInit:
 420              	.LVL20:
 421              	.LFB68:
 166:Core/Src/adc.c **** 
 167:Core/Src/adc.c **** void HAL_ADC_MspDeInit(ADC_HandleTypeDef* adcHandle)
 168:Core/Src/adc.c **** {
 422              		.loc 1 168 1 is_stmt 1 view -0
ARM GAS  /tmp/ccD0ifIO.s 			page 12


 423              		.cfi_startproc
 424              		@ args = 0, pretend = 0, frame = 0
 425              		@ frame_needed = 0, uses_anonymous_args = 0
 426              		.loc 1 168 1 is_stmt 0 view .LVU118
 427 0000 08B5     		push	{r3, lr}
 428              	.LCFI12:
 429              		.cfi_def_cfa_offset 8
 430              		.cfi_offset 3, -8
 431              		.cfi_offset 14, -4
 169:Core/Src/adc.c **** 
 170:Core/Src/adc.c ****   if(adcHandle->Instance==ADC1)
 432              		.loc 1 170 3 is_stmt 1 view .LVU119
 433              		.loc 1 170 15 is_stmt 0 view .LVU120
 434 0002 0368     		ldr	r3, [r0]
 435              		.loc 1 170 5 view .LVU121
 436 0004 0E4A     		ldr	r2, .L31
 437 0006 9342     		cmp	r3, r2
 438 0008 03D0     		beq	.L29
 171:Core/Src/adc.c ****   {
 172:Core/Src/adc.c ****   /* USER CODE BEGIN ADC1_MspDeInit 0 */
 173:Core/Src/adc.c **** 
 174:Core/Src/adc.c ****   /* USER CODE END ADC1_MspDeInit 0 */
 175:Core/Src/adc.c ****     /* Peripheral clock disable */
 176:Core/Src/adc.c ****     __HAL_RCC_ADC1_CLK_DISABLE();
 177:Core/Src/adc.c **** 
 178:Core/Src/adc.c ****     /**ADC1 GPIO Configuration
 179:Core/Src/adc.c ****     PA0-WKUP     ------> ADC1_IN0
 180:Core/Src/adc.c ****     */
 181:Core/Src/adc.c ****     HAL_GPIO_DeInit(GPIOA, GPIO_PIN_0);
 182:Core/Src/adc.c **** 
 183:Core/Src/adc.c ****     /* ADC1 interrupt Deinit */
 184:Core/Src/adc.c ****   /* USER CODE BEGIN ADC1:ADC1_2_IRQn disable */
 185:Core/Src/adc.c ****     /**
 186:Core/Src/adc.c ****     * Uncomment the line below to disable the "ADC1_2_IRQn" interrupt
 187:Core/Src/adc.c ****     * Be aware, disabling shared interrupt may affect other IPs
 188:Core/Src/adc.c ****     */
 189:Core/Src/adc.c ****     /* HAL_NVIC_DisableIRQ(ADC1_2_IRQn); */
 190:Core/Src/adc.c ****   /* USER CODE END ADC1:ADC1_2_IRQn disable */
 191:Core/Src/adc.c **** 
 192:Core/Src/adc.c ****   /* USER CODE BEGIN ADC1_MspDeInit 1 */
 193:Core/Src/adc.c **** 
 194:Core/Src/adc.c ****   /* USER CODE END ADC1_MspDeInit 1 */
 195:Core/Src/adc.c ****   }
 196:Core/Src/adc.c ****   else if(adcHandle->Instance==ADC2)
 439              		.loc 1 196 8 is_stmt 1 view .LVU122
 440              		.loc 1 196 10 is_stmt 0 view .LVU123
 441 000a 0E4A     		ldr	r2, .L31+4
 442 000c 9342     		cmp	r3, r2
 443 000e 0BD0     		beq	.L30
 444              	.LVL21:
 445              	.L25:
 197:Core/Src/adc.c ****   {
 198:Core/Src/adc.c ****   /* USER CODE BEGIN ADC2_MspDeInit 0 */
 199:Core/Src/adc.c **** 
 200:Core/Src/adc.c ****   /* USER CODE END ADC2_MspDeInit 0 */
 201:Core/Src/adc.c ****     /* Peripheral clock disable */
 202:Core/Src/adc.c ****     __HAL_RCC_ADC2_CLK_DISABLE();
ARM GAS  /tmp/ccD0ifIO.s 			page 13


 203:Core/Src/adc.c **** 
 204:Core/Src/adc.c ****     /**ADC2 GPIO Configuration
 205:Core/Src/adc.c ****     PA1     ------> ADC2_IN1
 206:Core/Src/adc.c ****     */
 207:Core/Src/adc.c ****     HAL_GPIO_DeInit(GPIOA, GPIO_PIN_1);
 208:Core/Src/adc.c **** 
 209:Core/Src/adc.c ****     /* ADC2 interrupt Deinit */
 210:Core/Src/adc.c ****   /* USER CODE BEGIN ADC2:ADC1_2_IRQn disable */
 211:Core/Src/adc.c ****     /**
 212:Core/Src/adc.c ****     * Uncomment the line below to disable the "ADC1_2_IRQn" interrupt
 213:Core/Src/adc.c ****     * Be aware, disabling shared interrupt may affect other IPs
 214:Core/Src/adc.c ****     */
 215:Core/Src/adc.c ****     /* HAL_NVIC_DisableIRQ(ADC1_2_IRQn); */
 216:Core/Src/adc.c ****   /* USER CODE END ADC2:ADC1_2_IRQn disable */
 217:Core/Src/adc.c **** 
 218:Core/Src/adc.c ****   /* USER CODE BEGIN ADC2_MspDeInit 1 */
 219:Core/Src/adc.c **** 
 220:Core/Src/adc.c ****   /* USER CODE END ADC2_MspDeInit 1 */
 221:Core/Src/adc.c ****   }
 222:Core/Src/adc.c **** }
 446              		.loc 1 222 1 view .LVU124
 447 0010 08BD     		pop	{r3, pc}
 448              	.LVL22:
 449              	.L29:
 176:Core/Src/adc.c **** 
 450              		.loc 1 176 5 is_stmt 1 view .LVU125
 451 0012 02F56C42 		add	r2, r2, #60416
 452 0016 9369     		ldr	r3, [r2, #24]
 453 0018 23F40073 		bic	r3, r3, #512
 454 001c 9361     		str	r3, [r2, #24]
 181:Core/Src/adc.c **** 
 455              		.loc 1 181 5 view .LVU126
 456 001e 0121     		movs	r1, #1
 457 0020 0948     		ldr	r0, .L31+8
 458              	.LVL23:
 181:Core/Src/adc.c **** 
 459              		.loc 1 181 5 is_stmt 0 view .LVU127
 460 0022 FFF7FEFF 		bl	HAL_GPIO_DeInit
 461              	.LVL24:
 462 0026 F3E7     		b	.L25
 463              	.LVL25:
 464              	.L30:
 202:Core/Src/adc.c **** 
 465              		.loc 1 202 5 is_stmt 1 view .LVU128
 466 0028 02F56842 		add	r2, r2, #59392
 467 002c 9369     		ldr	r3, [r2, #24]
 468 002e 23F48063 		bic	r3, r3, #1024
 469 0032 9361     		str	r3, [r2, #24]
 207:Core/Src/adc.c **** 
 470              		.loc 1 207 5 view .LVU129
 471 0034 0221     		movs	r1, #2
 472 0036 0448     		ldr	r0, .L31+8
 473              	.LVL26:
 207:Core/Src/adc.c **** 
 474              		.loc 1 207 5 is_stmt 0 view .LVU130
 475 0038 FFF7FEFF 		bl	HAL_GPIO_DeInit
 476              	.LVL27:
ARM GAS  /tmp/ccD0ifIO.s 			page 14


 477              		.loc 1 222 1 view .LVU131
 478 003c E8E7     		b	.L25
 479              	.L32:
 480 003e 00BF     		.align	2
 481              	.L31:
 482 0040 00240140 		.word	1073816576
 483 0044 00280140 		.word	1073817600
 484 0048 00080140 		.word	1073809408
 485              		.cfi_endproc
 486              	.LFE68:
 488              		.global	hadc2
 489              		.global	hadc1
 490              		.section	.bss.hadc1,"aw",%nobits
 491              		.align	2
 492              		.set	.LANCHOR0,. + 0
 495              	hadc1:
 496 0000 00000000 		.space	48
 496      00000000 
 496      00000000 
 496      00000000 
 496      00000000 
 497              		.section	.bss.hadc2,"aw",%nobits
 498              		.align	2
 499              		.set	.LANCHOR1,. + 0
 502              	hadc2:
 503 0000 00000000 		.space	48
 503      00000000 
 503      00000000 
 503      00000000 
 503      00000000 
 504              		.text
 505              	.Letext0:
 506              		.file 2 "/home/santiago/gcc-arm-none-eabi-10.3-2021.10-x86_64-linux/gcc-arm-none-eabi-10.3-2021.10
 507              		.file 3 "/home/santiago/gcc-arm-none-eabi-10.3-2021.10-x86_64-linux/gcc-arm-none-eabi-10.3-2021.10
 508              		.file 4 "Drivers/CMSIS/Device/ST/STM32F1xx/Include/stm32f103xb.h"
 509              		.file 5 "Drivers/CMSIS/Device/ST/STM32F1xx/Include/stm32f1xx.h"
 510              		.file 6 "Drivers/STM32F1xx_HAL_Driver/Inc/stm32f1xx_hal_def.h"
 511              		.file 7 "Drivers/STM32F1xx_HAL_Driver/Inc/stm32f1xx_hal_gpio.h"
 512              		.file 8 "Drivers/STM32F1xx_HAL_Driver/Inc/stm32f1xx_hal_dma.h"
 513              		.file 9 "Drivers/STM32F1xx_HAL_Driver/Inc/stm32f1xx_hal_adc.h"
 514              		.file 10 "Core/Inc/adc.h"
 515              		.file 11 "Drivers/STM32F1xx_HAL_Driver/Inc/stm32f1xx_hal_cortex.h"
 516              		.file 12 "Core/Inc/main.h"
ARM GAS  /tmp/ccD0ifIO.s 			page 15


DEFINED SYMBOLS
                            *ABS*:0000000000000000 adc.c
     /tmp/ccD0ifIO.s:18     .text.MX_ADC1_Init:0000000000000000 $t
     /tmp/ccD0ifIO.s:24     .text.MX_ADC1_Init:0000000000000000 MX_ADC1_Init
     /tmp/ccD0ifIO.s:120    .text.MX_ADC1_Init:0000000000000054 $d
     /tmp/ccD0ifIO.s:126    .text.MX_ADC2_Init:0000000000000000 $t
     /tmp/ccD0ifIO.s:132    .text.MX_ADC2_Init:0000000000000000 MX_ADC2_Init
     /tmp/ccD0ifIO.s:226    .text.MX_ADC2_Init:0000000000000050 $d
     /tmp/ccD0ifIO.s:232    .text.HAL_ADC_MspInit:0000000000000000 $t
     /tmp/ccD0ifIO.s:238    .text.HAL_ADC_MspInit:0000000000000000 HAL_ADC_MspInit
     /tmp/ccD0ifIO.s:405    .text.HAL_ADC_MspInit:00000000000000b4 $d
     /tmp/ccD0ifIO.s:413    .text.HAL_ADC_MspDeInit:0000000000000000 $t
     /tmp/ccD0ifIO.s:419    .text.HAL_ADC_MspDeInit:0000000000000000 HAL_ADC_MspDeInit
     /tmp/ccD0ifIO.s:482    .text.HAL_ADC_MspDeInit:0000000000000040 $d
     /tmp/ccD0ifIO.s:502    .bss.hadc2:0000000000000000 hadc2
     /tmp/ccD0ifIO.s:495    .bss.hadc1:0000000000000000 hadc1
     /tmp/ccD0ifIO.s:491    .bss.hadc1:0000000000000000 $d
     /tmp/ccD0ifIO.s:498    .bss.hadc2:0000000000000000 $d

UNDEFINED SYMBOLS
HAL_ADC_Init
HAL_ADC_ConfigChannel
Error_Handler
HAL_GPIO_Init
HAL_NVIC_SetPriority
HAL_NVIC_EnableIRQ
HAL_GPIO_DeInit
