ARM GAS  /tmp/ccAac1hk.s 			page 1


   1              		.cpu cortex-m3
   2              		.arch armv7-m
   3              		.fpu softvfp
   4              		.eabi_attribute 20, 1
   5              		.eabi_attribute 21, 1
   6              		.eabi_attribute 23, 3
   7              		.eabi_attribute 24, 1
   8              		.eabi_attribute 25, 1
   9              		.eabi_attribute 26, 1
  10              		.eabi_attribute 30, 1
  11              		.eabi_attribute 34, 1
  12              		.eabi_attribute 18, 4
  13              		.file	"tim.c"
  14              		.text
  15              	.Ltext0:
  16              		.cfi_sections	.debug_frame
  17              		.section	.text.MX_TIM3_Init,"ax",%progbits
  18              		.align	1
  19              		.global	MX_TIM3_Init
  20              		.syntax unified
  21              		.thumb
  22              		.thumb_func
  24              	MX_TIM3_Init:
  25              	.LFB65:
  26              		.file 1 "Core/Src/tim.c"
   1:Core/Src/tim.c **** /* USER CODE BEGIN Header */
   2:Core/Src/tim.c **** /**
   3:Core/Src/tim.c ****   ******************************************************************************
   4:Core/Src/tim.c ****   * @file    tim.c
   5:Core/Src/tim.c ****   * @brief   This file provides code for the configuration
   6:Core/Src/tim.c ****   *          of the TIM instances.
   7:Core/Src/tim.c ****   ******************************************************************************
   8:Core/Src/tim.c ****   * @attention
   9:Core/Src/tim.c ****   *
  10:Core/Src/tim.c ****   * Copyright (c) 2026 STMicroelectronics.
  11:Core/Src/tim.c ****   * All rights reserved.
  12:Core/Src/tim.c ****   *
  13:Core/Src/tim.c ****   * This software is licensed under terms that can be found in the LICENSE file
  14:Core/Src/tim.c ****   * in the root directory of this software component.
  15:Core/Src/tim.c ****   * If no LICENSE file comes with this software, it is provided AS-IS.
  16:Core/Src/tim.c ****   *
  17:Core/Src/tim.c ****   ******************************************************************************
  18:Core/Src/tim.c ****   */
  19:Core/Src/tim.c **** /* USER CODE END Header */
  20:Core/Src/tim.c **** /* Includes ------------------------------------------------------------------*/
  21:Core/Src/tim.c **** #include "tim.h"
  22:Core/Src/tim.c **** 
  23:Core/Src/tim.c **** /* USER CODE BEGIN 0 */
  24:Core/Src/tim.c **** 
  25:Core/Src/tim.c **** /* USER CODE END 0 */
  26:Core/Src/tim.c **** 
  27:Core/Src/tim.c **** TIM_HandleTypeDef htim3;
  28:Core/Src/tim.c **** 
  29:Core/Src/tim.c **** /* TIM3 init function */
  30:Core/Src/tim.c **** void MX_TIM3_Init(void)
  31:Core/Src/tim.c **** {
  27              		.loc 1 31 1 view -0
ARM GAS  /tmp/ccAac1hk.s 			page 2


  28              		.cfi_startproc
  29              		@ args = 0, pretend = 0, frame = 24
  30              		@ frame_needed = 0, uses_anonymous_args = 0
  31 0000 00B5     		push	{lr}
  32              	.LCFI0:
  33              		.cfi_def_cfa_offset 4
  34              		.cfi_offset 14, -4
  35 0002 87B0     		sub	sp, sp, #28
  36              	.LCFI1:
  37              		.cfi_def_cfa_offset 32
  32:Core/Src/tim.c **** 
  33:Core/Src/tim.c ****   /* USER CODE BEGIN TIM3_Init 0 */
  34:Core/Src/tim.c **** 
  35:Core/Src/tim.c ****   /* USER CODE END TIM3_Init 0 */
  36:Core/Src/tim.c **** 
  37:Core/Src/tim.c ****   TIM_ClockConfigTypeDef sClockSourceConfig = {0};
  38              		.loc 1 37 3 view .LVU1
  39              		.loc 1 37 26 is_stmt 0 view .LVU2
  40 0004 0023     		movs	r3, #0
  41 0006 0293     		str	r3, [sp, #8]
  42 0008 0393     		str	r3, [sp, #12]
  43 000a 0493     		str	r3, [sp, #16]
  44 000c 0593     		str	r3, [sp, #20]
  38:Core/Src/tim.c ****   TIM_MasterConfigTypeDef sMasterConfig = {0};
  45              		.loc 1 38 3 is_stmt 1 view .LVU3
  46              		.loc 1 38 27 is_stmt 0 view .LVU4
  47 000e 0093     		str	r3, [sp]
  48 0010 0193     		str	r3, [sp, #4]
  39:Core/Src/tim.c **** 
  40:Core/Src/tim.c ****   /* USER CODE BEGIN TIM3_Init 1 */
  41:Core/Src/tim.c **** 
  42:Core/Src/tim.c ****   /* USER CODE END TIM3_Init 1 */
  43:Core/Src/tim.c ****   htim3.Instance = TIM3;
  49              		.loc 1 43 3 is_stmt 1 view .LVU5
  50              		.loc 1 43 18 is_stmt 0 view .LVU6
  51 0012 1648     		ldr	r0, .L9
  52 0014 164A     		ldr	r2, .L9+4
  53 0016 0260     		str	r2, [r0]
  44:Core/Src/tim.c ****   htim3.Init.Prescaler = 71;
  54              		.loc 1 44 3 is_stmt 1 view .LVU7
  55              		.loc 1 44 24 is_stmt 0 view .LVU8
  56 0018 4722     		movs	r2, #71
  57 001a 4260     		str	r2, [r0, #4]
  45:Core/Src/tim.c ****   htim3.Init.CounterMode = TIM_COUNTERMODE_UP;
  58              		.loc 1 45 3 is_stmt 1 view .LVU9
  59              		.loc 1 45 26 is_stmt 0 view .LVU10
  60 001c 8360     		str	r3, [r0, #8]
  46:Core/Src/tim.c ****   htim3.Init.Period = 999;
  61              		.loc 1 46 3 is_stmt 1 view .LVU11
  62              		.loc 1 46 21 is_stmt 0 view .LVU12
  63 001e 40F2E732 		movw	r2, #999
  64 0022 C260     		str	r2, [r0, #12]
  47:Core/Src/tim.c ****   htim3.Init.ClockDivision = TIM_CLOCKDIVISION_DIV1;
  65              		.loc 1 47 3 is_stmt 1 view .LVU13
  66              		.loc 1 47 28 is_stmt 0 view .LVU14
  67 0024 0361     		str	r3, [r0, #16]
  48:Core/Src/tim.c ****   htim3.Init.AutoReloadPreload = TIM_AUTORELOAD_PRELOAD_ENABLE;
ARM GAS  /tmp/ccAac1hk.s 			page 3


  68              		.loc 1 48 3 is_stmt 1 view .LVU15
  69              		.loc 1 48 32 is_stmt 0 view .LVU16
  70 0026 8023     		movs	r3, #128
  71 0028 8361     		str	r3, [r0, #24]
  49:Core/Src/tim.c ****   if (HAL_TIM_Base_Init(&htim3) != HAL_OK)
  72              		.loc 1 49 3 is_stmt 1 view .LVU17
  73              		.loc 1 49 7 is_stmt 0 view .LVU18
  74 002a FFF7FEFF 		bl	HAL_TIM_Base_Init
  75              	.LVL0:
  76              		.loc 1 49 6 view .LVU19
  77 002e 98B9     		cbnz	r0, .L6
  78              	.L2:
  50:Core/Src/tim.c ****   {
  51:Core/Src/tim.c ****     Error_Handler();
  52:Core/Src/tim.c ****   }
  53:Core/Src/tim.c ****   sClockSourceConfig.ClockSource = TIM_CLOCKSOURCE_INTERNAL;
  79              		.loc 1 53 3 is_stmt 1 view .LVU20
  80              		.loc 1 53 34 is_stmt 0 view .LVU21
  81 0030 4FF48053 		mov	r3, #4096
  82 0034 0293     		str	r3, [sp, #8]
  54:Core/Src/tim.c ****   if (HAL_TIM_ConfigClockSource(&htim3, &sClockSourceConfig) != HAL_OK)
  83              		.loc 1 54 3 is_stmt 1 view .LVU22
  84              		.loc 1 54 7 is_stmt 0 view .LVU23
  85 0036 02A9     		add	r1, sp, #8
  86 0038 0C48     		ldr	r0, .L9
  87 003a FFF7FEFF 		bl	HAL_TIM_ConfigClockSource
  88              	.LVL1:
  89              		.loc 1 54 6 view .LVU24
  90 003e 70B9     		cbnz	r0, .L7
  91              	.L3:
  55:Core/Src/tim.c ****   {
  56:Core/Src/tim.c ****     Error_Handler();
  57:Core/Src/tim.c ****   }
  58:Core/Src/tim.c ****   sMasterConfig.MasterOutputTrigger = TIM_TRGO_UPDATE;
  92              		.loc 1 58 3 is_stmt 1 view .LVU25
  93              		.loc 1 58 37 is_stmt 0 view .LVU26
  94 0040 2023     		movs	r3, #32
  95 0042 0093     		str	r3, [sp]
  59:Core/Src/tim.c ****   sMasterConfig.MasterSlaveMode = TIM_MASTERSLAVEMODE_ENABLE;
  96              		.loc 1 59 3 is_stmt 1 view .LVU27
  97              		.loc 1 59 33 is_stmt 0 view .LVU28
  98 0044 8023     		movs	r3, #128
  99 0046 0193     		str	r3, [sp, #4]
  60:Core/Src/tim.c ****   if (HAL_TIMEx_MasterConfigSynchronization(&htim3, &sMasterConfig) != HAL_OK)
 100              		.loc 1 60 3 is_stmt 1 view .LVU29
 101              		.loc 1 60 7 is_stmt 0 view .LVU30
 102 0048 6946     		mov	r1, sp
 103 004a 0848     		ldr	r0, .L9
 104 004c FFF7FEFF 		bl	HAL_TIMEx_MasterConfigSynchronization
 105              	.LVL2:
 106              		.loc 1 60 6 view .LVU31
 107 0050 40B9     		cbnz	r0, .L8
 108              	.L1:
  61:Core/Src/tim.c ****   {
  62:Core/Src/tim.c ****     Error_Handler();
  63:Core/Src/tim.c ****   }
  64:Core/Src/tim.c ****   /* USER CODE BEGIN TIM3_Init 2 */
ARM GAS  /tmp/ccAac1hk.s 			page 4


  65:Core/Src/tim.c **** 
  66:Core/Src/tim.c ****   /* USER CODE END TIM3_Init 2 */
  67:Core/Src/tim.c **** 
  68:Core/Src/tim.c **** }
 109              		.loc 1 68 1 view .LVU32
 110 0052 07B0     		add	sp, sp, #28
 111              	.LCFI2:
 112              		.cfi_remember_state
 113              		.cfi_def_cfa_offset 4
 114              		@ sp needed
 115 0054 5DF804FB 		ldr	pc, [sp], #4
 116              	.L6:
 117              	.LCFI3:
 118              		.cfi_restore_state
  51:Core/Src/tim.c ****   }
 119              		.loc 1 51 5 is_stmt 1 view .LVU33
 120 0058 FFF7FEFF 		bl	Error_Handler
 121              	.LVL3:
 122 005c E8E7     		b	.L2
 123              	.L7:
  56:Core/Src/tim.c ****   }
 124              		.loc 1 56 5 view .LVU34
 125 005e FFF7FEFF 		bl	Error_Handler
 126              	.LVL4:
 127 0062 EDE7     		b	.L3
 128              	.L8:
  62:Core/Src/tim.c ****   }
 129              		.loc 1 62 5 view .LVU35
 130 0064 FFF7FEFF 		bl	Error_Handler
 131              	.LVL5:
 132              		.loc 1 68 1 is_stmt 0 view .LVU36
 133 0068 F3E7     		b	.L1
 134              	.L10:
 135 006a 00BF     		.align	2
 136              	.L9:
 137 006c 00000000 		.word	.LANCHOR0
 138 0070 00040040 		.word	1073742848
 139              		.cfi_endproc
 140              	.LFE65:
 142              		.section	.text.HAL_TIM_Base_MspInit,"ax",%progbits
 143              		.align	1
 144              		.global	HAL_TIM_Base_MspInit
 145              		.syntax unified
 146              		.thumb
 147              		.thumb_func
 149              	HAL_TIM_Base_MspInit:
 150              	.LVL6:
 151              	.LFB66:
  69:Core/Src/tim.c **** 
  70:Core/Src/tim.c **** void HAL_TIM_Base_MspInit(TIM_HandleTypeDef* tim_baseHandle)
  71:Core/Src/tim.c **** {
 152              		.loc 1 71 1 is_stmt 1 view -0
 153              		.cfi_startproc
 154              		@ args = 0, pretend = 0, frame = 8
 155              		@ frame_needed = 0, uses_anonymous_args = 0
 156              		@ link register save eliminated.
  72:Core/Src/tim.c **** 
ARM GAS  /tmp/ccAac1hk.s 			page 5


  73:Core/Src/tim.c ****   if(tim_baseHandle->Instance==TIM3)
 157              		.loc 1 73 3 view .LVU38
 158              		.loc 1 73 20 is_stmt 0 view .LVU39
 159 0000 0268     		ldr	r2, [r0]
 160              		.loc 1 73 5 view .LVU40
 161 0002 094B     		ldr	r3, .L18
 162 0004 9A42     		cmp	r2, r3
 163 0006 00D0     		beq	.L17
 164 0008 7047     		bx	lr
 165              	.L17:
  71:Core/Src/tim.c **** 
 166              		.loc 1 71 1 view .LVU41
 167 000a 82B0     		sub	sp, sp, #8
 168              	.LCFI4:
 169              		.cfi_def_cfa_offset 8
  74:Core/Src/tim.c ****   {
  75:Core/Src/tim.c ****   /* USER CODE BEGIN TIM3_MspInit 0 */
  76:Core/Src/tim.c **** 
  77:Core/Src/tim.c ****   /* USER CODE END TIM3_MspInit 0 */
  78:Core/Src/tim.c ****     /* TIM3 clock enable */
  79:Core/Src/tim.c ****     __HAL_RCC_TIM3_CLK_ENABLE();
 170              		.loc 1 79 5 is_stmt 1 view .LVU42
 171              	.LBB2:
 172              		.loc 1 79 5 view .LVU43
 173              		.loc 1 79 5 view .LVU44
 174 000c 03F50333 		add	r3, r3, #134144
 175 0010 DA69     		ldr	r2, [r3, #28]
 176 0012 42F00202 		orr	r2, r2, #2
 177 0016 DA61     		str	r2, [r3, #28]
 178              		.loc 1 79 5 view .LVU45
 179 0018 DB69     		ldr	r3, [r3, #28]
 180 001a 03F00203 		and	r3, r3, #2
 181 001e 0193     		str	r3, [sp, #4]
 182              		.loc 1 79 5 view .LVU46
 183 0020 019B     		ldr	r3, [sp, #4]
 184              	.LBE2:
 185              		.loc 1 79 5 view .LVU47
  80:Core/Src/tim.c ****   /* USER CODE BEGIN TIM3_MspInit 1 */
  81:Core/Src/tim.c **** 
  82:Core/Src/tim.c ****   /* USER CODE END TIM3_MspInit 1 */
  83:Core/Src/tim.c ****   }
  84:Core/Src/tim.c **** }
 186              		.loc 1 84 1 is_stmt 0 view .LVU48
 187 0022 02B0     		add	sp, sp, #8
 188              	.LCFI5:
 189              		.cfi_def_cfa_offset 0
 190              		@ sp needed
 191 0024 7047     		bx	lr
 192              	.L19:
 193 0026 00BF     		.align	2
 194              	.L18:
 195 0028 00040040 		.word	1073742848
 196              		.cfi_endproc
 197              	.LFE66:
 199              		.section	.text.HAL_TIM_Base_MspDeInit,"ax",%progbits
 200              		.align	1
 201              		.global	HAL_TIM_Base_MspDeInit
ARM GAS  /tmp/ccAac1hk.s 			page 6


 202              		.syntax unified
 203              		.thumb
 204              		.thumb_func
 206              	HAL_TIM_Base_MspDeInit:
 207              	.LVL7:
 208              	.LFB67:
  85:Core/Src/tim.c **** 
  86:Core/Src/tim.c **** void HAL_TIM_Base_MspDeInit(TIM_HandleTypeDef* tim_baseHandle)
  87:Core/Src/tim.c **** {
 209              		.loc 1 87 1 is_stmt 1 view -0
 210              		.cfi_startproc
 211              		@ args = 0, pretend = 0, frame = 0
 212              		@ frame_needed = 0, uses_anonymous_args = 0
 213              		@ link register save eliminated.
  88:Core/Src/tim.c **** 
  89:Core/Src/tim.c ****   if(tim_baseHandle->Instance==TIM3)
 214              		.loc 1 89 3 view .LVU50
 215              		.loc 1 89 20 is_stmt 0 view .LVU51
 216 0000 0268     		ldr	r2, [r0]
 217              		.loc 1 89 5 view .LVU52
 218 0002 054B     		ldr	r3, .L23
 219 0004 9A42     		cmp	r2, r3
 220 0006 00D0     		beq	.L22
 221              	.L20:
  90:Core/Src/tim.c ****   {
  91:Core/Src/tim.c ****   /* USER CODE BEGIN TIM3_MspDeInit 0 */
  92:Core/Src/tim.c **** 
  93:Core/Src/tim.c ****   /* USER CODE END TIM3_MspDeInit 0 */
  94:Core/Src/tim.c ****     /* Peripheral clock disable */
  95:Core/Src/tim.c ****     __HAL_RCC_TIM3_CLK_DISABLE();
  96:Core/Src/tim.c ****   /* USER CODE BEGIN TIM3_MspDeInit 1 */
  97:Core/Src/tim.c **** 
  98:Core/Src/tim.c ****   /* USER CODE END TIM3_MspDeInit 1 */
  99:Core/Src/tim.c ****   }
 100:Core/Src/tim.c **** }
 222              		.loc 1 100 1 view .LVU53
 223 0008 7047     		bx	lr
 224              	.L22:
  95:Core/Src/tim.c ****   /* USER CODE BEGIN TIM3_MspDeInit 1 */
 225              		.loc 1 95 5 is_stmt 1 view .LVU54
 226 000a 044A     		ldr	r2, .L23+4
 227 000c D369     		ldr	r3, [r2, #28]
 228 000e 23F00203 		bic	r3, r3, #2
 229 0012 D361     		str	r3, [r2, #28]
 230              		.loc 1 100 1 is_stmt 0 view .LVU55
 231 0014 F8E7     		b	.L20
 232              	.L24:
 233 0016 00BF     		.align	2
 234              	.L23:
 235 0018 00040040 		.word	1073742848
 236 001c 00100240 		.word	1073876992
 237              		.cfi_endproc
 238              	.LFE67:
 240              		.global	htim3
 241              		.section	.bss.htim3,"aw",%nobits
 242              		.align	2
 243              		.set	.LANCHOR0,. + 0
ARM GAS  /tmp/ccAac1hk.s 			page 7


 246              	htim3:
 247 0000 00000000 		.space	72
 247      00000000 
 247      00000000 
 247      00000000 
 247      00000000 
 248              		.text
 249              	.Letext0:
 250              		.file 2 "/home/santiago/gcc-arm-none-eabi-10.3-2021.10-x86_64-linux/gcc-arm-none-eabi-10.3-2021.10
 251              		.file 3 "/home/santiago/gcc-arm-none-eabi-10.3-2021.10-x86_64-linux/gcc-arm-none-eabi-10.3-2021.10
 252              		.file 4 "Drivers/CMSIS/Device/ST/STM32F1xx/Include/stm32f103xb.h"
 253              		.file 5 "Drivers/STM32F1xx_HAL_Driver/Inc/stm32f1xx_hal_def.h"
 254              		.file 6 "Drivers/STM32F1xx_HAL_Driver/Inc/stm32f1xx_hal_dma.h"
 255              		.file 7 "Drivers/STM32F1xx_HAL_Driver/Inc/stm32f1xx_hal_tim.h"
 256              		.file 8 "Drivers/STM32F1xx_HAL_Driver/Inc/stm32f1xx_hal_tim_ex.h"
 257              		.file 9 "Core/Inc/main.h"
 258              		.file 10 "Core/Inc/tim.h"
ARM GAS  /tmp/ccAac1hk.s 			page 8


DEFINED SYMBOLS
                            *ABS*:0000000000000000 tim.c
     /tmp/ccAac1hk.s:18     .text.MX_TIM3_Init:0000000000000000 $t
     /tmp/ccAac1hk.s:24     .text.MX_TIM3_Init:0000000000000000 MX_TIM3_Init
     /tmp/ccAac1hk.s:137    .text.MX_TIM3_Init:000000000000006c $d
     /tmp/ccAac1hk.s:143    .text.HAL_TIM_Base_MspInit:0000000000000000 $t
     /tmp/ccAac1hk.s:149    .text.HAL_TIM_Base_MspInit:0000000000000000 HAL_TIM_Base_MspInit
     /tmp/ccAac1hk.s:195    .text.HAL_TIM_Base_MspInit:0000000000000028 $d
     /tmp/ccAac1hk.s:200    .text.HAL_TIM_Base_MspDeInit:0000000000000000 $t
     /tmp/ccAac1hk.s:206    .text.HAL_TIM_Base_MspDeInit:0000000000000000 HAL_TIM_Base_MspDeInit
     /tmp/ccAac1hk.s:235    .text.HAL_TIM_Base_MspDeInit:0000000000000018 $d
     /tmp/ccAac1hk.s:246    .bss.htim3:0000000000000000 htim3
     /tmp/ccAac1hk.s:242    .bss.htim3:0000000000000000 $d

UNDEFINED SYMBOLS
HAL_TIM_Base_Init
HAL_TIM_ConfigClockSource
HAL_TIMEx_MasterConfigSynchronization
Error_Handler
